-- The C compiler identification is GNU 11.4.0
-- The CXX compiler identification is GNU 11.4.0
-- Detecting C compiler ABI info
-- Detecting C compiler ABI info - done
-- Check for working C compiler: /usr/bin/cc - skipped
-- Detecting C compile features
-- Detecting C compile features - done
-- Detecting CXX compiler ABI info
-- Detecting CXX compiler ABI info - done
-- Check for working CXX compiler: /usr/bin/c++ - skipped
-- Detecting CXX compile features
-- Detecting CXX compile features - done
-- Found ament_cmake: 1.3.14 (/opt/ros/humble/share/ament_cmake/cmake)
-- Found Python3: /usr/bin/python3 (found version "3.10.12") found components: Interpreter 
-- Found rosidl_default_generators: 1.2.1 (/opt/ros/humble/share/rosidl_default_generators/cmake)
-- Using all available rosidl_typesupport_c: rosidl_typesupport_fastrtps_c;rosidl_typesupport_introspection_c
-- Found rosidl_adapter: 3.1.8 (/opt/ros/humble/share/rosidl_adapter/cmake)
-- Using all available rosidl_typesupport_cpp: rosidl_typesupport_fastrtps_cpp;rosidl_typesupport_introspection_cpp
-- Found ament_cmake_ros: 0.10.0 (/opt/ros/humble/share/ament_cmake_ros/cmake)
-- Using all available rosidl_typesupport_c: rosidl_typesupport_fastrtps_c;rosidl_typesupport_introspection_c
-- Using all available rosidl_typesupport_cpp: rosidl_typesupport_fastrtps_cpp;rosidl_typesupport_introspection_cpp
-- Found PythonInterp: /usr/bin/python3 (found suitable version "3.10.12", minimum required is "3.6") 
-- Found python_cmake_module: 0.10.0 (/opt/ros/humble/share/python_cmake_module/cmake)
-- Found PythonLibs: /usr/lib/aarch64-linux-gnu/libpython3.10.so (found suitable version "3.10.12", minimum required is "3.5") 
-- Using PYTHON_EXECUTABLE: /usr/bin/python3
-- Using PYTHON_INCLUDE_DIRS: /usr/include/python3.10
-- Using PYTHON_LIBRARIES: /usr/lib/aarch64-linux-gnu/libpython3.10.so
-- Found PythonExtra: .so  
-- Configuring done
-- Generating done
-- Build files have been written to: /home/a-baja/abajaws/build/radar_interfaces
[  3%] [34m[1mGenerating C code for ROS interfaces[0m
[  6%] [34m[1mGenerating Rust code for ROS interfaces[0m
[  9%] [34m[1mGenerating C++ code for ROS interfaces[0m
[  9%] Built target ament_cmake_python_copy_radar_interfaces
[  9%] Built target radar_interfaces__rs
[  9%] Built target radar_interfaces__cpp
running egg_info
creating radar_interfaces.egg-info
writing radar_interfaces.egg-info/PKG-INFO
writing dependency_links to radar_interfaces.egg-info/dependency_links.txt
writing top-level names to radar_interfaces.egg-info/top_level.txt
writing manifest file 'radar_interfaces.egg-info/SOURCES.txt'
reading manifest file 'radar_interfaces.egg-info/SOURCES.txt'
writing manifest file 'radar_interfaces.egg-info/SOURCES.txt'
[ 12%] [32mBuilding C object CMakeFiles/radar_interfaces__rosidl_generator_c.dir/rosidl_generator_c/radar_interfaces/msg/detail/radar_message__functions.c.o[0m
[ 21%] [34m[1mGenerating C++ type support for eProsima Fast-RTPS[0m
[ 21%] [34m[1mGenerating C++ type support dispatch for ROS interfaces[0m
[ 21%] [34m[1mGenerating C++ introspection for ROS interfaces[0m
[ 21%] Built target ament_cmake_python_build_radar_interfaces_egg
[ 25%] [32m[1mLinking C shared library libradar_interfaces__rosidl_generator_c.so[0m
[ 25%] Built target radar_interfaces__rosidl_generator_c
[ 34%] [34m[1mGenerating C introspection for ROS interfaces[0m
[ 34%] [34m[1mGenerating C type support for eProsima Fast-RTPS[0m
[ 34%] [34m[1mGenerating C type support dispatch for ROS interfaces[0m
[ 37%] [32mBuilding CXX object CMakeFiles/radar_interfaces__rosidl_typesupport_cpp.dir/rosidl_typesupport_cpp/radar_interfaces/msg/radar_message__type_support.cpp.o[0m
[ 40%] [32mBuilding CXX object CMakeFiles/radar_interfaces__rosidl_typesupport_introspection_cpp.dir/rosidl_typesupport_introspection_cpp/radar_interfaces/msg/detail/radar_message__type_support.cpp.o[0m
[ 43%] [32mBuilding CXX object CMakeFiles/radar_interfaces__rosidl_typesupport_fastrtps_cpp.dir/rosidl_typesupport_fastrtps_cpp/radar_interfaces/msg/detail/dds_fastrtps/radar_message__type_support.cpp.o[0m
[ 46%] [32mBuilding CXX object CMakeFiles/radar_interfaces__rosidl_typesupport_c.dir/rosidl_typesupport_c/radar_interfaces/msg/radar_message__type_support.cpp.o[0m
[ 50%] [32mBuilding C object CMakeFiles/radar_interfaces__rosidl_typesupport_introspection_c.dir/rosidl_typesupport_introspection_c/radar_interfaces/msg/detail/radar_message__type_support.c.o[0m
[ 53%] [32m[1mLinking CXX shared library libradar_interfaces__rosidl_typesupport_c.so[0m
[ 56%] [32mBuilding CXX object CMakeFiles/radar_interfaces__rosidl_typesupport_fastrtps_c.dir/rosidl_typesupport_fastrtps_c/radar_interfaces/msg/detail/radar_message__type_support_c.cpp.o[0m
[ 59%] [32m[1mLinking C shared library libradar_interfaces__rosidl_typesupport_introspection_c.so[0m
[ 59%] Built target radar_interfaces__rosidl_typesupport_c
[ 59%] Built target radar_interfaces__rosidl_typesupport_introspection_c
[ 62%] [32m[1mLinking CXX shared library libradar_interfaces__rosidl_typesupport_cpp.so[0m
[ 62%] Built target radar_interfaces__rosidl_typesupport_cpp
[ 65%] [32m[1mLinking CXX shared library libradar_interfaces__rosidl_typesupport_introspection_cpp.so[0m
[ 65%] Built target radar_interfaces__rosidl_typesupport_introspection_cpp
[ 68%] [32m[1mLinking CXX shared library libradar_interfaces__rosidl_typesupport_fastrtps_cpp.so[0m
[ 71%] [32m[1mLinking CXX shared library libradar_interfaces__rosidl_typesupport_fastrtps_c.so[0m
[ 71%] Built target radar_interfaces__rosidl_typesupport_fastrtps_cpp
[ 71%] Built target radar_interfaces__rosidl_typesupport_fastrtps_c
[ 71%] Built target radar_interfaces
[ 75%] [34m[1mGenerating Python code for ROS interfaces[0m
[ 75%] Built target radar_interfaces__py
[ 78%] [32mBuilding C object CMakeFiles/radar_interfaces__rosidl_generator_py.dir/rosidl_generator_py/radar_interfaces/msg/_radar_message_s.c.o[0m
[ 81%] [32m[1mLinking C shared library rosidl_generator_py/radar_interfaces/libradar_interfaces__rosidl_generator_py.so[0m
[ 81%] Built target radar_interfaces__rosidl_generator_py
[ 87%] [32mBuilding C object CMakeFiles/radar_interfaces__rosidl_typesupport_c__pyext.dir/rosidl_generator_py/radar_interfaces/_radar_interfaces_s.ep.rosidl_typesupport_c.c.o[0m
[ 87%] [32mBuilding C object CMakeFiles/radar_interfaces__rosidl_typesupport_fastrtps_c__pyext.dir/rosidl_generator_py/radar_interfaces/_radar_interfaces_s.ep.rosidl_typesupport_fastrtps_c.c.o[0m
[ 90%] [32mBuilding C object CMakeFiles/radar_interfaces__rosidl_typesupport_introspection_c__pyext.dir/rosidl_generator_py/radar_interfaces/_radar_interfaces_s.ep.rosidl_typesupport_introspection_c.c.o[0m
[ 93%] [32m[1mLinking C shared library rosidl_generator_py/radar_interfaces/radar_interfaces_s__rosidl_typesupport_c.cpython-310-aarch64-linux-gnu.so[0m
[ 96%] [32m[1mLinking C shared library rosidl_generator_py/radar_interfaces/radar_interfaces_s__rosidl_typesupport_fastrtps_c.cpython-310-aarch64-linux-gnu.so[0m
[100%] [32m[1mLinking C shared library rosidl_generator_py/radar_interfaces/radar_interfaces_s__rosidl_typesupport_introspection_c.cpython-310-aarch64-linux-gnu.so[0m
[100%] Built target radar_interfaces__rosidl_typesupport_c__pyext
[100%] Built target radar_interfaces__rosidl_typesupport_introspection_c__pyext
[100%] Built target radar_interfaces__rosidl_typesupport_fastrtps_c__pyext
-- Install configuration: ""
-- Installing: /home/a-baja/abajaws/install/radar_interfaces/share/ament_index/resource_index/rosidl_interfaces/radar_interfaces
-- Installing: /home/a-baja/abajaws/install/radar_interfaces/include/radar_interfaces/radar_interfaces
-- Installing: /home/a-baja/abajaws/install/radar_interfaces/include/radar_interfaces/radar_interfaces/msg
-- Installing: /home/a-baja/abajaws/install/radar_interfaces/include/radar_interfaces/radar_interfaces/msg/rosidl_generator_c__visibility_control.h
-- Installing: /home/a-baja/abajaws/install/radar_interfaces/include/radar_interfaces/radar_interfaces/msg/radar_message.h
-- Installing: /home/a-baja/abajaws/install/radar_interfaces/include/radar_interfaces/radar_interfaces/msg/detail
-- Installing: /home/a-baja/abajaws/install/radar_interfaces/include/radar_interfaces/radar_interfaces/msg/detail/radar_message__type_support.h
-- Installing: /home/a-baja/abajaws/install/radar_interfaces/include/radar_interfaces/radar_interfaces/msg/detail/radar_message__functions.h
-- Installing: /home/a-baja/abajaws/install/radar_interfaces/include/radar_interfaces/radar_interfaces/msg/detail/radar_message__functions.c
-- Installing: /home/a-baja/abajaws/install/radar_interfaces/include/radar_interfaces/radar_interfaces/msg/detail/radar_message__struct.h
-- Installing: /home/a-baja/abajaws/install/radar_interfaces/share/radar_interfaces/environment/library_path.sh
-- Installing: /home/a-baja/abajaws/install/radar_interfaces/share/radar_interfaces/environment/library_path.dsv
-- Installing: /home/a-baja/abajaws/install/radar_interfaces/lib/libradar_interfaces__rosidl_generator_c.so
-- Set runtime path of "/home/a-baja/abajaws/install/radar_interfaces/lib/libradar_interfaces__rosidl_generator_c.so" to ""
-- Up-to-date: /home/a-baja/abajaws/install/radar_interfaces/include/radar_interfaces/radar_interfaces
-- Up-to-date: /home/a-baja/abajaws/install/radar_interfaces/include/radar_interfaces/radar_interfaces/msg
-- Installing: /home/a-baja/abajaws/install/radar_interfaces/include/radar_interfaces/radar_interfaces/msg/rosidl_typesupport_fastrtps_c__visibility_control.h
-- Up-to-date: /home/a-baja/abajaws/install/radar_interfaces/include/radar_interfaces/radar_interfaces/msg/detail
-- Installing: /home/a-baja/abajaws/install/radar_interfaces/include/radar_interfaces/radar_interfaces/msg/detail/radar_message__rosidl_typesupport_fastrtps_c.h
-- Installing: /home/a-baja/abajaws/install/radar_interfaces/lib/libradar_interfaces__rosidl_typesupport_fastrtps_c.so
-- Set runtime path of "/home/a-baja/abajaws/install/radar_interfaces/lib/libradar_interfaces__rosidl_typesupport_fastrtps_c.so" to ""
-- Up-to-date: /home/a-baja/abajaws/install/radar_interfaces/include/radar_interfaces/radar_interfaces
-- Up-to-date: /home/a-baja/abajaws/install/radar_interfaces/include/radar_interfaces/radar_interfaces/msg
-- Installing: /home/a-baja/abajaws/install/radar_interfaces/include/radar_interfaces/radar_interfaces/msg/rosidl_typesupport_introspection_c__visibility_control.h
-- Up-to-date: /home/a-baja/abajaws/install/radar_interfaces/include/radar_interfaces/radar_interfaces/msg/detail
-- Installing: /home/a-baja/abajaws/install/radar_interfaces/include/radar_interfaces/radar_interfaces/msg/detail/radar_message__type_support.c
-- Installing: /home/a-baja/abajaws/install/radar_interfaces/include/radar_interfaces/radar_interfaces/msg/detail/radar_message__rosidl_typesupport_introspection_c.h
-- Installing: /home/a-baja/abajaws/install/radar_interfaces/lib/libradar_interfaces__rosidl_typesupport_introspection_c.so
-- Set runtime path of "/home/a-baja/abajaws/install/radar_interfaces/lib/libradar_interfaces__rosidl_typesupport_introspection_c.so" to ""
-- Installing: /home/a-baja/abajaws/install/radar_interfaces/lib/libradar_interfaces__rosidl_typesupport_c.so
-- Set runtime path of "/home/a-baja/abajaws/install/radar_interfaces/lib/libradar_interfaces__rosidl_typesupport_c.so" to ""
-- Up-to-date: /home/a-baja/abajaws/install/radar_interfaces/include/radar_interfaces/radar_interfaces
-- Up-to-date: /home/a-baja/abajaws/install/radar_interfaces/include/radar_interfaces/radar_interfaces/msg
-- Installing: /home/a-baja/abajaws/install/radar_interfaces/include/radar_interfaces/radar_interfaces/msg/rosidl_generator_cpp__visibility_control.hpp
-- Installing: /home/a-baja/abajaws/install/radar_interfaces/include/radar_interfaces/radar_interfaces/msg/radar_message.hpp
-- Up-to-date: /home/a-baja/abajaws/install/radar_interfaces/include/radar_interfaces/radar_interfaces/msg/detail
-- Installing: /home/a-baja/abajaws/install/radar_interfaces/include/radar_interfaces/radar_interfaces/msg/detail/radar_message__builder.hpp
-- Installing: /home/a-baja/abajaws/install/radar_interfaces/include/radar_interfaces/radar_interfaces/msg/detail/radar_message__struct.hpp
-- Installing: /home/a-baja/abajaws/install/radar_interfaces/include/radar_interfaces/radar_interfaces/msg/detail/radar_message__traits.hpp
-- Installing: /home/a-baja/abajaws/install/radar_interfaces/include/radar_interfaces/radar_interfaces/msg/detail/radar_message__type_support.hpp
-- Up-to-date: /home/a-baja/abajaws/install/radar_interfaces/include/radar_interfaces/radar_interfaces
-- Up-to-date: /home/a-baja/abajaws/install/radar_interfaces/include/radar_interfaces/radar_interfaces/msg
-- Installing: /home/a-baja/abajaws/install/radar_interfaces/include/radar_interfaces/radar_interfaces/msg/rosidl_typesupport_fastrtps_cpp__visibility_control.h
-- Up-to-date: /home/a-baja/abajaws/install/radar_interfaces/include/radar_interfaces/radar_interfaces/msg/detail
-- Installing: /home/a-baja/abajaws/install/radar_interfaces/include/radar_interfaces/radar_interfaces/msg/detail/dds_fastrtps
-- Installing: /home/a-baja/abajaws/install/radar_interfaces/include/radar_interfaces/radar_interfaces/msg/detail/radar_message__rosidl_typesupport_fastrtps_cpp.hpp
-- Installing: /home/a-baja/abajaws/install/radar_interfaces/lib/libradar_interfaces__rosidl_typesupport_fastrtps_cpp.so
-- Set runtime path of "/home/a-baja/abajaws/install/radar_interfaces/lib/libradar_interfaces__rosidl_typesupport_fastrtps_cpp.so" to ""
-- Up-to-date: /home/a-baja/abajaws/install/radar_interfaces/include/radar_interfaces/radar_interfaces
-- Up-to-date: /home/a-baja/abajaws/install/radar_interfaces/include/radar_interfaces/radar_interfaces/msg
-- Up-to-date: /home/a-baja/abajaws/install/radar_interfaces/include/radar_interfaces/radar_interfaces/msg/detail
-- Installing: /home/a-baja/abajaws/install/radar_interfaces/include/radar_interfaces/radar_interfaces/msg/detail/radar_message__type_support.cpp
-- Installing: /home/a-baja/abajaws/install/radar_interfaces/include/radar_interfaces/radar_interfaces/msg/detail/radar_message__rosidl_typesupport_introspection_cpp.hpp
-- Installing: /home/a-baja/abajaws/install/radar_interfaces/lib/libradar_interfaces__rosidl_typesupport_introspection_cpp.so
-- Set runtime path of "/home/a-baja/abajaws/install/radar_interfaces/lib/libradar_interfaces__rosidl_typesupport_introspection_cpp.so" to ""
-- Installing: /home/a-baja/abajaws/install/radar_interfaces/lib/libradar_interfaces__rosidl_typesupport_cpp.so
-- Set runtime path of "/home/a-baja/abajaws/install/radar_interfaces/lib/libradar_interfaces__rosidl_typesupport_cpp.so" to ""
-- Installing: /home/a-baja/abajaws/install/radar_interfaces/share/radar_interfaces/environment/pythonpath.sh
-- Installing: /home/a-baja/abajaws/install/radar_interfaces/share/radar_interfaces/environment/pythonpath.dsv
-- Installing: /home/a-baja/abajaws/install/radar_interfaces/local/lib/python3.10/dist-packages/radar_interfaces-0.0.0-py3.10.egg-info
-- Installing: /home/a-baja/abajaws/install/radar_interfaces/local/lib/python3.10/dist-packages/radar_interfaces-0.0.0-py3.10.egg-info/PKG-INFO
-- Installing: /home/a-baja/abajaws/install/radar_interfaces/local/lib/python3.10/dist-packages/radar_interfaces-0.0.0-py3.10.egg-info/SOURCES.txt
-- Installing: /home/a-baja/abajaws/install/radar_interfaces/local/lib/python3.10/dist-packages/radar_interfaces-0.0.0-py3.10.egg-info/dependency_links.txt
-- Installing: /home/a-baja/abajaws/install/radar_interfaces/local/lib/python3.10/dist-packages/radar_interfaces-0.0.0-py3.10.egg-info/top_level.txt
-- Installing: /home/a-baja/abajaws/install/radar_interfaces/local/lib/python3.10/dist-packages/radar_interfaces
-- Installing: /home/a-baja/abajaws/install/radar_interfaces/local/lib/python3.10/dist-packages/radar_interfaces/__init__.py
-- Installing: /home/a-baja/abajaws/install/radar_interfaces/local/lib/python3.10/dist-packages/radar_interfaces/_radar_interfaces_s.ep.rosidl_typesupport_c.c
-- Installing: /home/a-baja/abajaws/install/radar_interfaces/local/lib/python3.10/dist-packages/radar_interfaces/radar_interfaces_s__rosidl_typesupport_fastrtps_c.cpython-310-aarch64-linux-gnu.so
-- Installing: /home/a-baja/abajaws/install/radar_interfaces/local/lib/python3.10/dist-packages/radar_interfaces/libradar_interfaces__rosidl_generator_py.so
-- Installing: /home/a-baja/abajaws/install/radar_interfaces/local/lib/python3.10/dist-packages/radar_interfaces/_radar_interfaces_s.ep.rosidl_typesupport_fastrtps_c.c
-- Installing: /home/a-baja/abajaws/install/radar_interfaces/local/lib/python3.10/dist-packages/radar_interfaces/radar_interfaces_s__rosidl_typesupport_introspection_c.cpython-310-aarch64-linux-gnu.so
-- Installing: /home/a-baja/abajaws/install/radar_interfaces/local/lib/python3.10/dist-packages/radar_interfaces/_radar_interfaces_s.ep.rosidl_typesupport_introspection_c.c
-- Installing: /home/a-baja/abajaws/install/radar_interfaces/local/lib/python3.10/dist-packages/radar_interfaces/msg
-- Installing: /home/a-baja/abajaws/install/radar_interfaces/local/lib/python3.10/dist-packages/radar_interfaces/msg/__init__.py
-- Installing: /home/a-baja/abajaws/install/radar_interfaces/local/lib/python3.10/dist-packages/radar_interfaces/msg/_radar_message_s.c
-- Installing: /home/a-baja/abajaws/install/radar_interfaces/local/lib/python3.10/dist-packages/radar_interfaces/msg/_radar_message.py
-- Installing: /home/a-baja/abajaws/install/radar_interfaces/local/lib/python3.10/dist-packages/radar_interfaces/radar_interfaces_s__rosidl_typesupport_c.cpython-310-aarch64-linux-gnu.so
Listing '/home/a-baja/abajaws/install/radar_interfaces/local/lib/python3.10/dist-packages/radar_interfaces'...
Compiling '/home/a-baja/abajaws/install/radar_interfaces/local/lib/python3.10/dist-packages/radar_interfaces/__init__.py'...
Listing '/home/a-baja/abajaws/install/radar_interfaces/local/lib/python3.10/dist-packages/radar_interfaces/msg'...
Compiling '/home/a-baja/abajaws/install/radar_interfaces/local/lib/python3.10/dist-packages/radar_interfaces/msg/__init__.py'...
Compiling '/home/a-baja/abajaws/install/radar_interfaces/local/lib/python3.10/dist-packages/radar_interfaces/msg/_radar_message.py'...
-- Installing: /home/a-baja/abajaws/install/radar_interfaces/local/lib/python3.10/dist-packages/radar_interfaces/radar_interfaces_s__rosidl_typesupport_fastrtps_c.cpython-310-aarch64-linux-gnu.so
-- Set runtime path of "/home/a-baja/abajaws/install/radar_interfaces/local/lib/python3.10/dist-packages/radar_interfaces/radar_interfaces_s__rosidl_typesupport_fastrtps_c.cpython-310-aarch64-linux-gnu.so" to ""
-- Installing: /home/a-baja/abajaws/install/radar_interfaces/local/lib/python3.10/dist-packages/radar_interfaces/radar_interfaces_s__rosidl_typesupport_introspection_c.cpython-310-aarch64-linux-gnu.so
-- Set runtime path of "/home/a-baja/abajaws/install/radar_interfaces/local/lib/python3.10/dist-packages/radar_interfaces/radar_interfaces_s__rosidl_typesupport_introspection_c.cpython-310-aarch64-linux-gnu.so" to ""
-- Installing: /home/a-baja/abajaws/install/radar_interfaces/local/lib/python3.10/dist-packages/radar_interfaces/radar_interfaces_s__rosidl_typesupport_c.cpython-310-aarch64-linux-gnu.so
-- Set runtime path of "/home/a-baja/abajaws/install/radar_interfaces/local/lib/python3.10/dist-packages/radar_interfaces/radar_interfaces_s__rosidl_typesupport_c.cpython-310-aarch64-linux-gnu.so" to ""
-- Installing: /home/a-baja/abajaws/install/radar_interfaces/lib/libradar_interfaces__rosidl_generator_py.so
-- Set runtime path of "/home/a-baja/abajaws/install/radar_interfaces/lib/libradar_interfaces__rosidl_generator_py.so" to ""
-- Installing: /home/a-baja/abajaws/install/radar_interfaces/share/ament_index/resource_index/rust_packages/radar_interfaces
-- Installing: /home/a-baja/abajaws/install/radar_interfaces/share/radar_interfaces/rust
-- Installing: /home/a-baja/abajaws/install/radar_interfaces/share/radar_interfaces/rust/build.rs
-- Installing: /home/a-baja/abajaws/install/radar_interfaces/share/radar_interfaces/rust/src
-- Installing: /home/a-baja/abajaws/install/radar_interfaces/share/radar_interfaces/rust/src/msg.rs
-- Installing: /home/a-baja/abajaws/install/radar_interfaces/share/radar_interfaces/rust/src/lib.rs
-- Installing: /home/a-baja/abajaws/install/radar_interfaces/share/radar_interfaces/rust/src/msg
-- Installing: /home/a-baja/abajaws/install/radar_interfaces/share/radar_interfaces/rust/src/msg/rmw.rs
-- Installing: /home/a-baja/abajaws/install/radar_interfaces/share/radar_interfaces/rust/Cargo.toml
-- Installing: /home/a-baja/abajaws/install/radar_interfaces/share/radar_interfaces/msg/RadarMessage.idl
-- Installing: /home/a-baja/abajaws/install/radar_interfaces/share/radar_interfaces/msg/RadarMessage.msg
-- Installing: /home/a-baja/abajaws/install/radar_interfaces/share/ament_index/resource_index/package_run_dependencies/radar_interfaces
-- Installing: /home/a-baja/abajaws/install/radar_interfaces/share/ament_index/resource_index/parent_prefix_path/radar_interfaces
-- Installing: /home/a-baja/abajaws/install/radar_interfaces/share/radar_interfaces/environment/ament_prefix_path.sh
-- Installing: /home/a-baja/abajaws/install/radar_interfaces/share/radar_interfaces/environment/ament_prefix_path.dsv
-- Installing: /home/a-baja/abajaws/install/radar_interfaces/share/radar_interfaces/environment/path.sh
-- Installing: /home/a-baja/abajaws/install/radar_interfaces/share/radar_interfaces/environment/path.dsv
-- Installing: /home/a-baja/abajaws/install/radar_interfaces/share/radar_interfaces/local_setup.bash
-- Installing: /home/a-baja/abajaws/install/radar_interfaces/share/radar_interfaces/local_setup.sh
-- Installing: /home/a-baja/abajaws/install/radar_interfaces/share/radar_interfaces/local_setup.zsh
-- Installing: /home/a-baja/abajaws/install/radar_interfaces/share/radar_interfaces/local_setup.dsv
-- Installing: /home/a-baja/abajaws/install/radar_interfaces/share/radar_interfaces/package.dsv
-- Installing: /home/a-baja/abajaws/install/radar_interfaces/share/ament_index/resource_index/packages/radar_interfaces
-- Installing: /home/a-baja/abajaws/install/radar_interfaces/share/radar_interfaces/cmake/export_radar_interfaces__rosidl_generator_cExport.cmake
-- Installing: /home/a-baja/abajaws/install/radar_interfaces/share/radar_interfaces/cmake/export_radar_interfaces__rosidl_generator_cExport-noconfig.cmake
-- Installing: /home/a-baja/abajaws/install/radar_interfaces/share/radar_interfaces/cmake/export_radar_interfaces__rosidl_typesupport_fastrtps_cExport.cmake
-- Installing: /home/a-baja/abajaws/install/radar_interfaces/share/radar_interfaces/cmake/export_radar_interfaces__rosidl_typesupport_fastrtps_cExport-noconfig.cmake
-- Installing: /home/a-baja/abajaws/install/radar_interfaces/share/radar_interfaces/cmake/radar_interfaces__rosidl_typesupport_introspection_cExport.cmake
-- Installing: /home/a-baja/abajaws/install/radar_interfaces/share/radar_interfaces/cmake/radar_interfaces__rosidl_typesupport_introspection_cExport-noconfig.cmake
-- Installing: /home/a-baja/abajaws/install/radar_interfaces/share/radar_interfaces/cmake/radar_interfaces__rosidl_typesupport_cExport.cmake
-- Installing: /home/a-baja/abajaws/install/radar_interfaces/share/radar_interfaces/cmake/radar_interfaces__rosidl_typesupport_cExport-noconfig.cmake
-- Installing: /home/a-baja/abajaws/install/radar_interfaces/share/radar_interfaces/cmake/export_radar_interfaces__rosidl_generator_cppExport.cmake
-- Installing: /home/a-baja/abajaws/install/radar_interfaces/share/radar_interfaces/cmake/export_radar_interfaces__rosidl_typesupport_fastrtps_cppExport.cmake
-- Installing: /home/a-baja/abajaws/install/radar_interfaces/share/radar_interfaces/cmake/export_radar_interfaces__rosidl_typesupport_fastrtps_cppExport-noconfig.cmake
-- Installing: /home/a-baja/abajaws/install/radar_interfaces/share/radar_interfaces/cmake/radar_interfaces__rosidl_typesupport_introspection_cppExport.cmake
-- Installing: /home/a-baja/abajaws/install/radar_interfaces/share/radar_interfaces/cmake/radar_interfaces__rosidl_typesupport_introspection_cppExport-noconfig.cmake
-- Installing: /home/a-baja/abajaws/install/radar_interfaces/share/radar_interfaces/cmake/radar_interfaces__rosidl_typesupport_cppExport.cmake
-- Installing: /home/a-baja/abajaws/install/radar_interfaces/share/radar_interfaces/cmake/radar_interfaces__rosidl_typesupport_cppExport-noconfig.cmake
-- Installing: /home/a-baja/abajaws/install/radar_interfaces/share/radar_interfaces/cmake/export_radar_interfaces__rosidl_generator_pyExport.cmake
-- Installing: /home/a-baja/abajaws/install/radar_interfaces/share/radar_interfaces/cmake/export_radar_interfaces__rosidl_generator_pyExport-noconfig.cmake
-- Installing: /home/a-baja/abajaws/install/radar_interfaces/share/radar_interfaces/cmake/rosidl_cmake-extras.cmake
-- Installing: /home/a-baja/abajaws/install/radar_interfaces/share/radar_interfaces/cmake/ament_cmake_export_include_directories-extras.cmake
-- Installing: /home/a-baja/abajaws/install/radar_interfaces/share/radar_interfaces/cmake/ament_cmake_export_libraries-extras.cmake
-- Installing: /home/a-baja/abajaws/install/radar_interfaces/share/radar_interfaces/cmake/ament_cmake_export_targets-extras.cmake
-- Installing: /home/a-baja/abajaws/install/radar_interfaces/share/radar_interfaces/cmake/rosidl_cmake_export_typesupport_targets-extras.cmake
-- Installing: /home/a-baja/abajaws/install/radar_interfaces/share/radar_interfaces/cmake/ament_cmake_export_dependencies-extras.cmake
-- Installing: /home/a-baja/abajaws/install/radar_interfaces/share/radar_interfaces/cmake/rosidl_cmake_export_typesupport_libraries-extras.cmake
-- Installing: /home/a-baja/abajaws/install/radar_interfaces/share/radar_interfaces/cmake/radar_interfacesConfig.cmake
-- Installing: /home/a-baja/abajaws/install/radar_interfaces/share/radar_interfaces/cmake/radar_interfacesConfig-version.cmake
-- Installing: /home/a-baja/abajaws/install/radar_interfaces/share/radar_interfaces/package.xml
