[0.017s] Invoking command in '/home/a-baja/abajaws/build/radar_interfaces': CMAKE_PREFIX_PATH=/opt/ros/humble /usr/bin/cmake /home/a-baja/abajaws/src/radar_interfaces -DCMAKE_INSTALL_PREFIX=/home/a-baja/abajaws/install/radar_interfaces
[0.169s] -- The C compiler identification is GNU 11.4.0
[0.286s] -- The CXX compiler identification is GNU 11.4.0
[0.304s] -- Detecting C compiler ABI info
[0.418s] -- Detecting C compiler ABI info - done
[0.442s] -- Check for working C compiler: /usr/bin/cc - skipped
[0.442s] -- Detecting C compile features
[0.443s] -- Detecting C compile features - done
[0.450s] -- Detecting CXX compiler ABI info
[0.593s] -- Detecting CXX compiler ABI info - done
[0.618s] -- Check for working CXX compiler: /usr/bin/c++ - skipped
[0.619s] -- Detecting CXX compile features
[0.620s] -- Detecting CXX compile features - done
[0.628s] -- Found ament_cmake: 1.3.14 (/opt/ros/humble/share/ament_cmake/cmake)
[0.901s] -- Found Python3: /usr/bin/python3 (found version "3.10.12") found components: Interpreter 
[1.067s] -- Found rosidl_default_generators: 1.2.1 (/opt/ros/humble/share/rosidl_default_generators/cmake)
[1.074s] -- Using all available rosidl_typesupport_c: rosidl_typesupport_fastrtps_c;rosidl_typesupport_introspection_c
[1.086s] -- Found rosidl_adapter: 3.1.8 (/opt/ros/humble/share/rosidl_adapter/cmake)
[1.156s] -- Using all available rosidl_typesupport_cpp: rosidl_typesupport_fastrtps_cpp;rosidl_typesupport_introspection_cpp
[1.633s] -- Found ament_cmake_ros: 0.10.0 (/opt/ros/humble/share/ament_cmake_ros/cmake)
[1.959s] -- Using all available rosidl_typesupport_c: rosidl_typesupport_fastrtps_c;rosidl_typesupport_introspection_c
[2.398s] -- Using all available rosidl_typesupport_cpp: rosidl_typesupport_fastrtps_cpp;rosidl_typesupport_introspection_cpp
[2.442s] -- Found PythonInterp: /usr/bin/python3 (found suitable version "3.10.12", minimum required is "3.6") 
[2.446s] -- Found python_cmake_module: 0.10.0 (/opt/ros/humble/share/python_cmake_module/cmake)
[2.502s] -- Found PythonLibs: /usr/lib/aarch64-linux-gnu/libpython3.10.so (found suitable version "3.10.12", minimum required is "3.5") 
[2.503s] -- Using PYTHON_EXECUTABLE: /usr/bin/python3
[2.503s] -- Using PYTHON_INCLUDE_DIRS: /usr/include/python3.10
[2.503s] -- Using PYTHON_LIBRARIES: /usr/lib/aarch64-linux-gnu/libpython3.10.so
[2.542s] -- Found PythonExtra: .so  
[2.741s] -- Configuring done
[2.812s] -- Generating done
[2.830s] -- Build files have been written to: /home/a-baja/abajaws/build/radar_interfaces
[2.848s] Invoked command in '/home/a-baja/abajaws/build/radar_interfaces' returned '0': CMAKE_PREFIX_PATH=/opt/ros/humble /usr/bin/cmake /home/a-baja/abajaws/src/radar_interfaces -DCMAKE_INSTALL_PREFIX=/home/a-baja/abajaws/install/radar_interfaces
[2.852s] Invoking command in '/home/a-baja/abajaws/build/radar_interfaces': CMAKE_PREFIX_PATH=/opt/ros/humble /usr/bin/cmake --build /home/a-baja/abajaws/build/radar_interfaces -- -j6 -l6
[2.919s] [  3%] [34m[1mGenerating C code for ROS interfaces[0m
[2.934s] [  6%] [34m[1mGenerating Rust code for ROS interfaces[0m
[2.934s] [  9%] [34m[1mGenerating C++ code for ROS interfaces[0m
[2.950s] [  9%] Built target ament_cmake_python_copy_radar_interfaces
[3.332s] [  9%] Built target radar_interfaces__rs
[3.362s] [  9%] Built target radar_interfaces__cpp
[3.363s] running egg_info
[3.364s] creating radar_interfaces.egg-info
[3.364s] writing radar_interfaces.egg-info/PKG-INFO
[3.364s] writing dependency_links to radar_interfaces.egg-info/dependency_links.txt
[3.365s] writing top-level names to radar_interfaces.egg-info/top_level.txt
[3.365s] writing manifest file 'radar_interfaces.egg-info/SOURCES.txt'
[3.370s] reading manifest file 'radar_interfaces.egg-info/SOURCES.txt'
[3.371s] writing manifest file 'radar_interfaces.egg-info/SOURCES.txt'
[3.373s] [ 12%] [32mBuilding C object CMakeFiles/radar_interfaces__rosidl_generator_c.dir/rosidl_generator_c/radar_interfaces/msg/detail/radar_message__functions.c.o[0m
[3.378s] [ 21%] [34m[1mGenerating C++ type support for eProsima Fast-RTPS[0m
[3.378s] [ 21%] [34m[1mGenerating C++ type support dispatch for ROS interfaces[0m
[3.378s] [ 21%] [34m[1mGenerating C++ introspection for ROS interfaces[0m
[3.445s] [ 21%] Built target ament_cmake_python_build_radar_interfaces_egg
[3.476s] [ 25%] [32m[1mLinking C shared library libradar_interfaces__rosidl_generator_c.so[0m
[3.532s] [ 25%] Built target radar_interfaces__rosidl_generator_c
[3.548s] [ 34%] [34m[1mGenerating C introspection for ROS interfaces[0m
[3.548s] [ 34%] [34m[1mGenerating C type support for eProsima Fast-RTPS[0m
[3.549s] [ 34%] [34m[1mGenerating C type support dispatch for ROS interfaces[0m
[3.759s] [ 37%] [32mBuilding CXX object CMakeFiles/radar_interfaces__rosidl_typesupport_cpp.dir/rosidl_typesupport_cpp/radar_interfaces/msg/radar_message__type_support.cpp.o[0m
[3.778s] [ 40%] [32mBuilding CXX object CMakeFiles/radar_interfaces__rosidl_typesupport_introspection_cpp.dir/rosidl_typesupport_introspection_cpp/radar_interfaces/msg/detail/radar_message__type_support.cpp.o[0m
[3.819s] [ 43%] [32mBuilding CXX object CMakeFiles/radar_interfaces__rosidl_typesupport_fastrtps_cpp.dir/rosidl_typesupport_fastrtps_cpp/radar_interfaces/msg/detail/dds_fastrtps/radar_message__type_support.cpp.o[0m
[3.940s] [ 46%] [32mBuilding CXX object CMakeFiles/radar_interfaces__rosidl_typesupport_c.dir/rosidl_typesupport_c/radar_interfaces/msg/radar_message__type_support.cpp.o[0m
[3.964s] [ 50%] [32mBuilding C object CMakeFiles/radar_interfaces__rosidl_typesupport_introspection_c.dir/rosidl_typesupport_introspection_c/radar_interfaces/msg/detail/radar_message__type_support.c.o[0m
[3.993s] [ 53%] [32m[1mLinking CXX shared library libradar_interfaces__rosidl_typesupport_c.so[0m
[4.007s] [ 56%] [32mBuilding CXX object CMakeFiles/radar_interfaces__rosidl_typesupport_fastrtps_c.dir/rosidl_typesupport_fastrtps_c/radar_interfaces/msg/detail/radar_message__type_support_c.cpp.o[0m
[4.024s] [ 59%] [32m[1mLinking C shared library libradar_interfaces__rosidl_typesupport_introspection_c.so[0m
[4.060s] [ 59%] Built target radar_interfaces__rosidl_typesupport_c
[4.073s] [ 59%] Built target radar_interfaces__rosidl_typesupport_introspection_c
[4.258s] [ 62%] [32m[1mLinking CXX shared library libradar_interfaces__rosidl_typesupport_cpp.so[0m
[4.318s] [ 62%] Built target radar_interfaces__rosidl_typesupport_cpp
[4.441s] [ 65%] [32m[1mLinking CXX shared library libradar_interfaces__rosidl_typesupport_introspection_cpp.so[0m
[4.500s] [ 65%] Built target radar_interfaces__rosidl_typesupport_introspection_cpp
[4.530s] [ 68%] [32m[1mLinking CXX shared library libradar_interfaces__rosidl_typesupport_fastrtps_cpp.so[0m
[4.585s] [ 71%] [32m[1mLinking CXX shared library libradar_interfaces__rosidl_typesupport_fastrtps_c.so[0m
[4.668s] [ 71%] Built target radar_interfaces__rosidl_typesupport_fastrtps_cpp
[4.714s] [ 71%] Built target radar_interfaces__rosidl_typesupport_fastrtps_c
[4.748s] [ 71%] Built target radar_interfaces
[4.784s] [ 75%] [34m[1mGenerating Python code for ROS interfaces[0m
[5.264s] [ 75%] Built target radar_interfaces__py
[5.300s] [ 78%] [32mBuilding C object CMakeFiles/radar_interfaces__rosidl_generator_py.dir/rosidl_generator_py/radar_interfaces/msg/_radar_message_s.c.o[0m
[5.493s] [ 81%] [32m[1mLinking C shared library rosidl_generator_py/radar_interfaces/libradar_interfaces__rosidl_generator_py.so[0m
[5.564s] [ 81%] Built target radar_interfaces__rosidl_generator_py
[5.596s] [ 87%] [32mBuilding C object CMakeFiles/radar_interfaces__rosidl_typesupport_c__pyext.dir/rosidl_generator_py/radar_interfaces/_radar_interfaces_s.ep.rosidl_typesupport_c.c.o[0m
[5.596s] [ 87%] [32mBuilding C object CMakeFiles/radar_interfaces__rosidl_typesupport_fastrtps_c__pyext.dir/rosidl_generator_py/radar_interfaces/_radar_interfaces_s.ep.rosidl_typesupport_fastrtps_c.c.o[0m
[5.604s] [ 90%] [32mBuilding C object CMakeFiles/radar_interfaces__rosidl_typesupport_introspection_c__pyext.dir/rosidl_generator_py/radar_interfaces/_radar_interfaces_s.ep.rosidl_typesupport_introspection_c.c.o[0m
[5.741s] [ 93%] [32m[1mLinking C shared library rosidl_generator_py/radar_interfaces/radar_interfaces_s__rosidl_typesupport_c.cpython-310-aarch64-linux-gnu.so[0m
[5.745s] [ 96%] [32m[1mLinking C shared library rosidl_generator_py/radar_interfaces/radar_interfaces_s__rosidl_typesupport_fastrtps_c.cpython-310-aarch64-linux-gnu.so[0m
[5.747s] [100%] [32m[1mLinking C shared library rosidl_generator_py/radar_interfaces/radar_interfaces_s__rosidl_typesupport_introspection_c.cpython-310-aarch64-linux-gnu.so[0m
[5.796s] [100%] Built target radar_interfaces__rosidl_typesupport_c__pyext
[5.798s] [100%] Built target radar_interfaces__rosidl_typesupport_introspection_c__pyext
[5.799s] [100%] Built target radar_interfaces__rosidl_typesupport_fastrtps_c__pyext
[5.824s] Invoked command in '/home/a-baja/abajaws/build/radar_interfaces' returned '0': CMAKE_PREFIX_PATH=/opt/ros/humble /usr/bin/cmake --build /home/a-baja/abajaws/build/radar_interfaces -- -j6 -l6
[5.845s] Invoking command in '/home/a-baja/abajaws/build/radar_interfaces': CMAKE_PREFIX_PATH=/opt/ros/humble /usr/bin/cmake --install /home/a-baja/abajaws/build/radar_interfaces
[5.860s] -- Install configuration: ""
[5.861s] -- Installing: /home/a-baja/abajaws/install/radar_interfaces/share/ament_index/resource_index/rosidl_interfaces/radar_interfaces
[5.861s] -- Installing: /home/a-baja/abajaws/install/radar_interfaces/include/radar_interfaces/radar_interfaces
[5.862s] -- Installing: /home/a-baja/abajaws/install/radar_interfaces/include/radar_interfaces/radar_interfaces/msg
[5.862s] -- Installing: /home/a-baja/abajaws/install/radar_interfaces/include/radar_interfaces/radar_interfaces/msg/rosidl_generator_c__visibility_control.h
[5.863s] -- Installing: /home/a-baja/abajaws/install/radar_interfaces/include/radar_interfaces/radar_interfaces/msg/radar_message.h
[5.863s] -- Installing: /home/a-baja/abajaws/install/radar_interfaces/include/radar_interfaces/radar_interfaces/msg/detail
[5.863s] -- Installing: /home/a-baja/abajaws/install/radar_interfaces/include/radar_interfaces/radar_interfaces/msg/detail/radar_message__type_support.h
[5.864s] -- Installing: /home/a-baja/abajaws/install/radar_interfaces/include/radar_interfaces/radar_interfaces/msg/detail/radar_message__functions.h
[5.864s] -- Installing: /home/a-baja/abajaws/install/radar_interfaces/include/radar_interfaces/radar_interfaces/msg/detail/radar_message__functions.c
[5.864s] -- Installing: /home/a-baja/abajaws/install/radar_interfaces/include/radar_interfaces/radar_interfaces/msg/detail/radar_message__struct.h
[5.864s] -- Installing: /home/a-baja/abajaws/install/radar_interfaces/share/radar_interfaces/environment/library_path.sh
[5.865s] -- Installing: /home/a-baja/abajaws/install/radar_interfaces/share/radar_interfaces/environment/library_path.dsv
[5.865s] -- Installing: /home/a-baja/abajaws/install/radar_interfaces/lib/libradar_interfaces__rosidl_generator_c.so
[5.865s] -- Set runtime path of "/home/a-baja/abajaws/install/radar_interfaces/lib/libradar_interfaces__rosidl_generator_c.so" to ""
[5.866s] -- Up-to-date: /home/a-baja/abajaws/install/radar_interfaces/include/radar_interfaces/radar_interfaces
[5.866s] -- Up-to-date: /home/a-baja/abajaws/install/radar_interfaces/include/radar_interfaces/radar_interfaces/msg
[5.866s] -- Installing: /home/a-baja/abajaws/install/radar_interfaces/include/radar_interfaces/radar_interfaces/msg/rosidl_typesupport_fastrtps_c__visibility_control.h
[5.867s] -- Up-to-date: /home/a-baja/abajaws/install/radar_interfaces/include/radar_interfaces/radar_interfaces/msg/detail
[5.867s] -- Installing: /home/a-baja/abajaws/install/radar_interfaces/include/radar_interfaces/radar_interfaces/msg/detail/radar_message__rosidl_typesupport_fastrtps_c.h
[5.867s] -- Installing: /home/a-baja/abajaws/install/radar_interfaces/lib/libradar_interfaces__rosidl_typesupport_fastrtps_c.so
[5.867s] -- Set runtime path of "/home/a-baja/abajaws/install/radar_interfaces/lib/libradar_interfaces__rosidl_typesupport_fastrtps_c.so" to ""
[5.868s] -- Up-to-date: /home/a-baja/abajaws/install/radar_interfaces/include/radar_interfaces/radar_interfaces
[5.868s] -- Up-to-date: /home/a-baja/abajaws/install/radar_interfaces/include/radar_interfaces/radar_interfaces/msg
[5.868s] -- Installing: /home/a-baja/abajaws/install/radar_interfaces/include/radar_interfaces/radar_interfaces/msg/rosidl_typesupport_introspection_c__visibility_control.h
[5.869s] -- Up-to-date: /home/a-baja/abajaws/install/radar_interfaces/include/radar_interfaces/radar_interfaces/msg/detail
[5.869s] -- Installing: /home/a-baja/abajaws/install/radar_interfaces/include/radar_interfaces/radar_interfaces/msg/detail/radar_message__type_support.c
[5.869s] -- Installing: /home/a-baja/abajaws/install/radar_interfaces/include/radar_interfaces/radar_interfaces/msg/detail/radar_message__rosidl_typesupport_introspection_c.h
[5.869s] -- Installing: /home/a-baja/abajaws/install/radar_interfaces/lib/libradar_interfaces__rosidl_typesupport_introspection_c.so
[5.871s] -- Set runtime path of "/home/a-baja/abajaws/install/radar_interfaces/lib/libradar_interfaces__rosidl_typesupport_introspection_c.so" to ""
[5.871s] -- Installing: /home/a-baja/abajaws/install/radar_interfaces/lib/libradar_interfaces__rosidl_typesupport_c.so
[5.871s] -- Set runtime path of "/home/a-baja/abajaws/install/radar_interfaces/lib/libradar_interfaces__rosidl_typesupport_c.so" to ""
[5.872s] -- Up-to-date: /home/a-baja/abajaws/install/radar_interfaces/include/radar_interfaces/radar_interfaces
[5.872s] -- Up-to-date: /home/a-baja/abajaws/install/radar_interfaces/include/radar_interfaces/radar_interfaces/msg
[5.872s] -- Installing: /home/a-baja/abajaws/install/radar_interfaces/include/radar_interfaces/radar_interfaces/msg/rosidl_generator_cpp__visibility_control.hpp
[5.872s] -- Installing: /home/a-baja/abajaws/install/radar_interfaces/include/radar_interfaces/radar_interfaces/msg/radar_message.hpp
[5.873s] -- Up-to-date: /home/a-baja/abajaws/install/radar_interfaces/include/radar_interfaces/radar_interfaces/msg/detail
[5.873s] -- Installing: /home/a-baja/abajaws/install/radar_interfaces/include/radar_interfaces/radar_interfaces/msg/detail/radar_message__builder.hpp
[5.873s] -- Installing: /home/a-baja/abajaws/install/radar_interfaces/include/radar_interfaces/radar_interfaces/msg/detail/radar_message__struct.hpp
[5.874s] -- Installing: /home/a-baja/abajaws/install/radar_interfaces/include/radar_interfaces/radar_interfaces/msg/detail/radar_message__traits.hpp
[5.874s] -- Installing: /home/a-baja/abajaws/install/radar_interfaces/include/radar_interfaces/radar_interfaces/msg/detail/radar_message__type_support.hpp
[5.874s] -- Up-to-date: /home/a-baja/abajaws/install/radar_interfaces/include/radar_interfaces/radar_interfaces
[5.875s] -- Up-to-date: /home/a-baja/abajaws/install/radar_interfaces/include/radar_interfaces/radar_interfaces/msg
[5.875s] -- Installing: /home/a-baja/abajaws/install/radar_interfaces/include/radar_interfaces/radar_interfaces/msg/rosidl_typesupport_fastrtps_cpp__visibility_control.h
[5.875s] -- Up-to-date: /home/a-baja/abajaws/install/radar_interfaces/include/radar_interfaces/radar_interfaces/msg/detail
[5.875s] -- Installing: /home/a-baja/abajaws/install/radar_interfaces/include/radar_interfaces/radar_interfaces/msg/detail/dds_fastrtps
[5.876s] -- Installing: /home/a-baja/abajaws/install/radar_interfaces/include/radar_interfaces/radar_interfaces/msg/detail/radar_message__rosidl_typesupport_fastrtps_cpp.hpp
[5.876s] -- Installing: /home/a-baja/abajaws/install/radar_interfaces/lib/libradar_interfaces__rosidl_typesupport_fastrtps_cpp.so
[5.876s] -- Set runtime path of "/home/a-baja/abajaws/install/radar_interfaces/lib/libradar_interfaces__rosidl_typesupport_fastrtps_cpp.so" to ""
[5.877s] -- Up-to-date: /home/a-baja/abajaws/install/radar_interfaces/include/radar_interfaces/radar_interfaces
[5.877s] -- Up-to-date: /home/a-baja/abajaws/install/radar_interfaces/include/radar_interfaces/radar_interfaces/msg
[5.877s] -- Up-to-date: /home/a-baja/abajaws/install/radar_interfaces/include/radar_interfaces/radar_interfaces/msg/detail
[5.877s] -- Installing: /home/a-baja/abajaws/install/radar_interfaces/include/radar_interfaces/radar_interfaces/msg/detail/radar_message__type_support.cpp
[5.878s] -- Installing: /home/a-baja/abajaws/install/radar_interfaces/include/radar_interfaces/radar_interfaces/msg/detail/radar_message__rosidl_typesupport_introspection_cpp.hpp
[5.878s] -- Installing: /home/a-baja/abajaws/install/radar_interfaces/lib/libradar_interfaces__rosidl_typesupport_introspection_cpp.so
[5.878s] -- Set runtime path of "/home/a-baja/abajaws/install/radar_interfaces/lib/libradar_interfaces__rosidl_typesupport_introspection_cpp.so" to ""
[5.878s] -- Installing: /home/a-baja/abajaws/install/radar_interfaces/lib/libradar_interfaces__rosidl_typesupport_cpp.so
[5.878s] -- Set runtime path of "/home/a-baja/abajaws/install/radar_interfaces/lib/libradar_interfaces__rosidl_typesupport_cpp.so" to ""
[5.879s] -- Installing: /home/a-baja/abajaws/install/radar_interfaces/share/radar_interfaces/environment/pythonpath.sh
[5.879s] -- Installing: /home/a-baja/abajaws/install/radar_interfaces/share/radar_interfaces/environment/pythonpath.dsv
[5.879s] -- Installing: /home/a-baja/abajaws/install/radar_interfaces/local/lib/python3.10/dist-packages/radar_interfaces-0.0.0-py3.10.egg-info
[5.879s] -- Installing: /home/a-baja/abajaws/install/radar_interfaces/local/lib/python3.10/dist-packages/radar_interfaces-0.0.0-py3.10.egg-info/PKG-INFO
[5.880s] -- Installing: /home/a-baja/abajaws/install/radar_interfaces/local/lib/python3.10/dist-packages/radar_interfaces-0.0.0-py3.10.egg-info/SOURCES.txt
[5.880s] -- Installing: /home/a-baja/abajaws/install/radar_interfaces/local/lib/python3.10/dist-packages/radar_interfaces-0.0.0-py3.10.egg-info/dependency_links.txt
[5.880s] -- Installing: /home/a-baja/abajaws/install/radar_interfaces/local/lib/python3.10/dist-packages/radar_interfaces-0.0.0-py3.10.egg-info/top_level.txt
[5.880s] -- Installing: /home/a-baja/abajaws/install/radar_interfaces/local/lib/python3.10/dist-packages/radar_interfaces
[5.880s] -- Installing: /home/a-baja/abajaws/install/radar_interfaces/local/lib/python3.10/dist-packages/radar_interfaces/__init__.py
[5.881s] -- Installing: /home/a-baja/abajaws/install/radar_interfaces/local/lib/python3.10/dist-packages/radar_interfaces/_radar_interfaces_s.ep.rosidl_typesupport_c.c
[5.881s] -- Installing: /home/a-baja/abajaws/install/radar_interfaces/local/lib/python3.10/dist-packages/radar_interfaces/radar_interfaces_s__rosidl_typesupport_fastrtps_c.cpython-310-aarch64-linux-gnu.so
[5.881s] -- Installing: /home/a-baja/abajaws/install/radar_interfaces/local/lib/python3.10/dist-packages/radar_interfaces/libradar_interfaces__rosidl_generator_py.so
[5.881s] -- Installing: /home/a-baja/abajaws/install/radar_interfaces/local/lib/python3.10/dist-packages/radar_interfaces/_radar_interfaces_s.ep.rosidl_typesupport_fastrtps_c.c
[5.882s] -- Installing: /home/a-baja/abajaws/install/radar_interfaces/local/lib/python3.10/dist-packages/radar_interfaces/radar_interfaces_s__rosidl_typesupport_introspection_c.cpython-310-aarch64-linux-gnu.so
[5.882s] -- Installing: /home/a-baja/abajaws/install/radar_interfaces/local/lib/python3.10/dist-packages/radar_interfaces/_radar_interfaces_s.ep.rosidl_typesupport_introspection_c.c
[5.882s] -- Installing: /home/a-baja/abajaws/install/radar_interfaces/local/lib/python3.10/dist-packages/radar_interfaces/msg
[5.882s] -- Installing: /home/a-baja/abajaws/install/radar_interfaces/local/lib/python3.10/dist-packages/radar_interfaces/msg/__init__.py
[5.883s] -- Installing: /home/a-baja/abajaws/install/radar_interfaces/local/lib/python3.10/dist-packages/radar_interfaces/msg/_radar_message_s.c
[5.883s] -- Installing: /home/a-baja/abajaws/install/radar_interfaces/local/lib/python3.10/dist-packages/radar_interfaces/msg/_radar_message.py
[5.883s] -- Installing: /home/a-baja/abajaws/install/radar_interfaces/local/lib/python3.10/dist-packages/radar_interfaces/radar_interfaces_s__rosidl_typesupport_c.cpython-310-aarch64-linux-gnu.so
[5.936s] Listing '/home/a-baja/abajaws/install/radar_interfaces/local/lib/python3.10/dist-packages/radar_interfaces'...
[5.937s] Compiling '/home/a-baja/abajaws/install/radar_interfaces/local/lib/python3.10/dist-packages/radar_interfaces/__init__.py'...
[5.937s] Listing '/home/a-baja/abajaws/install/radar_interfaces/local/lib/python3.10/dist-packages/radar_interfaces/msg'...
[5.937s] Compiling '/home/a-baja/abajaws/install/radar_interfaces/local/lib/python3.10/dist-packages/radar_interfaces/msg/__init__.py'...
[5.937s] Compiling '/home/a-baja/abajaws/install/radar_interfaces/local/lib/python3.10/dist-packages/radar_interfaces/msg/_radar_message.py'...
[5.946s] -- Installing: /home/a-baja/abajaws/install/radar_interfaces/local/lib/python3.10/dist-packages/radar_interfaces/radar_interfaces_s__rosidl_typesupport_fastrtps_c.cpython-310-aarch64-linux-gnu.so
[5.947s] -- Set runtime path of "/home/a-baja/abajaws/install/radar_interfaces/local/lib/python3.10/dist-packages/radar_interfaces/radar_interfaces_s__rosidl_typesupport_fastrtps_c.cpython-310-aarch64-linux-gnu.so" to ""
[5.947s] -- Installing: /home/a-baja/abajaws/install/radar_interfaces/local/lib/python3.10/dist-packages/radar_interfaces/radar_interfaces_s__rosidl_typesupport_introspection_c.cpython-310-aarch64-linux-gnu.so
[5.947s] -- Set runtime path of "/home/a-baja/abajaws/install/radar_interfaces/local/lib/python3.10/dist-packages/radar_interfaces/radar_interfaces_s__rosidl_typesupport_introspection_c.cpython-310-aarch64-linux-gnu.so" to ""
[5.948s] -- Installing: /home/a-baja/abajaws/install/radar_interfaces/local/lib/python3.10/dist-packages/radar_interfaces/radar_interfaces_s__rosidl_typesupport_c.cpython-310-aarch64-linux-gnu.so
[5.948s] -- Set runtime path of "/home/a-baja/abajaws/install/radar_interfaces/local/lib/python3.10/dist-packages/radar_interfaces/radar_interfaces_s__rosidl_typesupport_c.cpython-310-aarch64-linux-gnu.so" to ""
[5.948s] -- Installing: /home/a-baja/abajaws/install/radar_interfaces/lib/libradar_interfaces__rosidl_generator_py.so
[5.949s] -- Set runtime path of "/home/a-baja/abajaws/install/radar_interfaces/lib/libradar_interfaces__rosidl_generator_py.so" to ""
[5.949s] -- Installing: /home/a-baja/abajaws/install/radar_interfaces/share/ament_index/resource_index/rust_packages/radar_interfaces
[5.949s] -- Installing: /home/a-baja/abajaws/install/radar_interfaces/share/radar_interfaces/rust
[5.949s] -- Installing: /home/a-baja/abajaws/install/radar_interfaces/share/radar_interfaces/rust/build.rs
[5.950s] -- Installing: /home/a-baja/abajaws/install/radar_interfaces/share/radar_interfaces/rust/src
[5.950s] -- Installing: /home/a-baja/abajaws/install/radar_interfaces/share/radar_interfaces/rust/src/msg.rs
[5.950s] -- Installing: /home/a-baja/abajaws/install/radar_interfaces/share/radar_interfaces/rust/src/lib.rs
[5.951s] -- Installing: /home/a-baja/abajaws/install/radar_interfaces/share/radar_interfaces/rust/src/msg
[5.951s] -- Installing: /home/a-baja/abajaws/install/radar_interfaces/share/radar_interfaces/rust/src/msg/rmw.rs
[5.951s] -- Installing: /home/a-baja/abajaws/install/radar_interfaces/share/radar_interfaces/rust/Cargo.toml
[5.952s] -- Installing: /home/a-baja/abajaws/install/radar_interfaces/share/radar_interfaces/msg/RadarMessage.idl
[5.952s] -- Installing: /home/a-baja/abajaws/install/radar_interfaces/share/radar_interfaces/msg/RadarMessage.msg
[5.952s] -- Installing: /home/a-baja/abajaws/install/radar_interfaces/share/ament_index/resource_index/package_run_dependencies/radar_interfaces
[5.952s] -- Installing: /home/a-baja/abajaws/install/radar_interfaces/share/ament_index/resource_index/parent_prefix_path/radar_interfaces
[5.953s] -- Installing: /home/a-baja/abajaws/install/radar_interfaces/share/radar_interfaces/environment/ament_prefix_path.sh
[5.953s] -- Installing: /home/a-baja/abajaws/install/radar_interfaces/share/radar_interfaces/environment/ament_prefix_path.dsv
[5.953s] -- Installing: /home/a-baja/abajaws/install/radar_interfaces/share/radar_interfaces/environment/path.sh
[5.953s] -- Installing: /home/a-baja/abajaws/install/radar_interfaces/share/radar_interfaces/environment/path.dsv
[5.954s] -- Installing: /home/a-baja/abajaws/install/radar_interfaces/share/radar_interfaces/local_setup.bash
[5.954s] -- Installing: /home/a-baja/abajaws/install/radar_interfaces/share/radar_interfaces/local_setup.sh
[5.954s] -- Installing: /home/a-baja/abajaws/install/radar_interfaces/share/radar_interfaces/local_setup.zsh
[5.955s] -- Installing: /home/a-baja/abajaws/install/radar_interfaces/share/radar_interfaces/local_setup.dsv
[5.955s] -- Installing: /home/a-baja/abajaws/install/radar_interfaces/share/radar_interfaces/package.dsv
[5.955s] -- Installing: /home/a-baja/abajaws/install/radar_interfaces/share/ament_index/resource_index/packages/radar_interfaces
[5.955s] -- Installing: /home/a-baja/abajaws/install/radar_interfaces/share/radar_interfaces/cmake/export_radar_interfaces__rosidl_generator_cExport.cmake
[5.956s] -- Installing: /home/a-baja/abajaws/install/radar_interfaces/share/radar_interfaces/cmake/export_radar_interfaces__rosidl_generator_cExport-noconfig.cmake
[5.956s] -- Installing: /home/a-baja/abajaws/install/radar_interfaces/share/radar_interfaces/cmake/export_radar_interfaces__rosidl_typesupport_fastrtps_cExport.cmake
[5.956s] -- Installing: /home/a-baja/abajaws/install/radar_interfaces/share/radar_interfaces/cmake/export_radar_interfaces__rosidl_typesupport_fastrtps_cExport-noconfig.cmake
[5.957s] -- Installing: /home/a-baja/abajaws/install/radar_interfaces/share/radar_interfaces/cmake/radar_interfaces__rosidl_typesupport_introspection_cExport.cmake
[5.957s] -- Installing: /home/a-baja/abajaws/install/radar_interfaces/share/radar_interfaces/cmake/radar_interfaces__rosidl_typesupport_introspection_cExport-noconfig.cmake
[5.957s] -- Installing: /home/a-baja/abajaws/install/radar_interfaces/share/radar_interfaces/cmake/radar_interfaces__rosidl_typesupport_cExport.cmake
[5.957s] -- Installing: /home/a-baja/abajaws/install/radar_interfaces/share/radar_interfaces/cmake/radar_interfaces__rosidl_typesupport_cExport-noconfig.cmake
[5.958s] -- Installing: /home/a-baja/abajaws/install/radar_interfaces/share/radar_interfaces/cmake/export_radar_interfaces__rosidl_generator_cppExport.cmake
[5.958s] -- Installing: /home/a-baja/abajaws/install/radar_interfaces/share/radar_interfaces/cmake/export_radar_interfaces__rosidl_typesupport_fastrtps_cppExport.cmake
[5.958s] -- Installing: /home/a-baja/abajaws/install/radar_interfaces/share/radar_interfaces/cmake/export_radar_interfaces__rosidl_typesupport_fastrtps_cppExport-noconfig.cmake
[5.959s] -- Installing: /home/a-baja/abajaws/install/radar_interfaces/share/radar_interfaces/cmake/radar_interfaces__rosidl_typesupport_introspection_cppExport.cmake
[5.959s] -- Installing: /home/a-baja/abajaws/install/radar_interfaces/share/radar_interfaces/cmake/radar_interfaces__rosidl_typesupport_introspection_cppExport-noconfig.cmake
[5.959s] -- Installing: /home/a-baja/abajaws/install/radar_interfaces/share/radar_interfaces/cmake/radar_interfaces__rosidl_typesupport_cppExport.cmake
[5.959s] -- Installing: /home/a-baja/abajaws/install/radar_interfaces/share/radar_interfaces/cmake/radar_interfaces__rosidl_typesupport_cppExport-noconfig.cmake
[5.960s] -- Installing: /home/a-baja/abajaws/install/radar_interfaces/share/radar_interfaces/cmake/export_radar_interfaces__rosidl_generator_pyExport.cmake
[5.960s] -- Installing: /home/a-baja/abajaws/install/radar_interfaces/share/radar_interfaces/cmake/export_radar_interfaces__rosidl_generator_pyExport-noconfig.cmake
[5.960s] -- Installing: /home/a-baja/abajaws/install/radar_interfaces/share/radar_interfaces/cmake/rosidl_cmake-extras.cmake
[5.961s] -- Installing: /home/a-baja/abajaws/install/radar_interfaces/share/radar_interfaces/cmake/ament_cmake_export_include_directories-extras.cmake
[5.961s] -- Installing: /home/a-baja/abajaws/install/radar_interfaces/share/radar_interfaces/cmake/ament_cmake_export_libraries-extras.cmake
[5.961s] -- Installing: /home/a-baja/abajaws/install/radar_interfaces/share/radar_interfaces/cmake/ament_cmake_export_targets-extras.cmake
[5.961s] -- Installing: /home/a-baja/abajaws/install/radar_interfaces/share/radar_interfaces/cmake/rosidl_cmake_export_typesupport_targets-extras.cmake
[5.962s] -- Installing: /home/a-baja/abajaws/install/radar_interfaces/share/radar_interfaces/cmake/ament_cmake_export_dependencies-extras.cmake
[5.962s] -- Installing: /home/a-baja/abajaws/install/radar_interfaces/share/radar_interfaces/cmake/rosidl_cmake_export_typesupport_libraries-extras.cmake
[5.962s] -- Installing: /home/a-baja/abajaws/install/radar_interfaces/share/radar_interfaces/cmake/radar_interfacesConfig.cmake
[5.963s] -- Installing: /home/a-baja/abajaws/install/radar_interfaces/share/radar_interfaces/cmake/radar_interfacesConfig-version.cmake
[5.963s] -- Installing: /home/a-baja/abajaws/install/radar_interfaces/share/radar_interfaces/package.xml
[5.967s] Invoked command in '/home/a-baja/abajaws/build/radar_interfaces' returned '0': CMAKE_PREFIX_PATH=/opt/ros/humble /usr/bin/cmake --install /home/a-baja/abajaws/build/radar_interfaces
