[1.167s] Invoking command in '/home/a-baja/abajaws/src/a021vehicle': LD_LIBRARY_PATH=/home/a-baja/abajaws/install/radar_interfaces/lib:/opt/ros/humble/opt/rviz_ogre_vendor/lib:/opt/ros/humble/lib/aarch64-linux-gnu:/opt/ros/humble/lib:/usr/local/cuda-12.6/lib64 PYTHONPATH=/home/a-baja/abajaws/build/a021vehicle/prefix_override:/usr/lib/python3/dist-packages/colcon_core/task/python/colcon_distutils_commands:/home/a-baja/abajaws/install/a021vehicle/lib/python3.10/site-packages:${PYTHONPATH} /usr/bin/python3 -W ignore:setup.py install is deprecated -W ignore:easy_install command is deprecated setup.py egg_info --egg-base ../../build/a021vehicle build --build-base /home/a-baja/abajaws/build/a021vehicle/build install --record /home/a-baja/abajaws/build/a021vehicle/install.log --single-version-externally-managed install_data
[1.572s] running egg_info
[1.573s] writing ../../build/a021vehicle/a021vehicle.egg-info/PKG-INFO
[1.573s] writing dependency_links to ../../build/a021vehicle/a021vehicle.egg-info/dependency_links.txt
[1.573s] writing entry points to ../../build/a021vehicle/a021vehicle.egg-info/entry_points.txt
[1.574s] writing requirements to ../../build/a021vehicle/a021vehicle.egg-info/requires.txt
[1.575s] writing top-level names to ../../build/a021vehicle/a021vehicle.egg-info/top_level.txt
[1.578s] reading manifest file '../../build/a021vehicle/a021vehicle.egg-info/SOURCES.txt'
[1.580s] writing manifest file '../../build/a021vehicle/a021vehicle.egg-info/SOURCES.txt'
[1.580s] running build
[1.581s] running build_py
[1.585s] running install
[1.586s] running install_lib
[1.592s] running install_data
[1.592s] running install_egg_info
[1.595s] removing '/home/a-baja/abajaws/install/a021vehicle/lib/python3.10/site-packages/a021vehicle-0.0.0-py3.10.egg-info' (and everything under it)
[1.596s] Copying ../../build/a021vehicle/a021vehicle.egg-info to /home/a-baja/abajaws/install/a021vehicle/lib/python3.10/site-packages/a021vehicle-0.0.0-py3.10.egg-info
[1.597s] running install_scripts
[1.633s] Installing esp_bridge script to /home/a-baja/abajaws/install/a021vehicle/lib/a021vehicle
[1.633s] Installing radar_data script to /home/a-baja/abajaws/install/a021vehicle/lib/a021vehicle
[1.633s] Installing radar_node script to /home/a-baja/abajaws/install/a021vehicle/lib/a021vehicle
[1.634s] Installing receiver_node script to /home/a-baja/abajaws/install/a021vehicle/lib/a021vehicle
[1.634s] Installing vehiclecontrol script to /home/a-baja/abajaws/install/a021vehicle/lib/a021vehicle
[1.635s] writing list of installed files to '/home/a-baja/abajaws/build/a021vehicle/install.log'
[1.706s] Invoked command in '/home/a-baja/abajaws/src/a021vehicle' returned '0': LD_LIBRARY_PATH=/home/a-baja/abajaws/install/radar_interfaces/lib:/opt/ros/humble/opt/rviz_ogre_vendor/lib:/opt/ros/humble/lib/aarch64-linux-gnu:/opt/ros/humble/lib:/usr/local/cuda-12.6/lib64 PYTHONPATH=/home/a-baja/abajaws/build/a021vehicle/prefix_override:/usr/lib/python3/dist-packages/colcon_core/task/python/colcon_distutils_commands:/home/a-baja/abajaws/install/a021vehicle/lib/python3.10/site-packages:${PYTHONPATH} /usr/bin/python3 -W ignore:setup.py install is deprecated -W ignore:easy_install command is deprecated setup.py egg_info --egg-base ../../build/a021vehicle build --build-base /home/a-baja/abajaws/build/a021vehicle/build install --record /home/a-baja/abajaws/build/a021vehicle/install.log --single-version-externally-managed install_data
