[0.022s] Invoking command in '/home/a-baja/abajaws/build/radar_interfaces': CMAKE_PREFIX_PATH=${CMAKE_PREFIX_PATH}:/home/a-baja/abajaws/install/a021vehicle:/opt/ros/humble NX_CONNECTION=192.168.55.100 49365 192.168.55.1 4000 /usr/bin/cmake --build /home/a-baja/abajaws/build/radar_interfaces -- -j6 -l6
[0.153s] [  9%] Built target radar_interfaces__rosidl_generator_c
[0.169s] [ 12%] Built target radar_interfaces__rs
[0.175s] [ 15%] Built target radar_interfaces__cpp
[0.225s] [ 25%] Built target radar_interfaces__rosidl_typesupport_introspection_c
[0.240s] [ 34%] Built target radar_interfaces__rosidl_typesupport_fastrtps_c
[0.242s] [ 34%] Built target ament_cmake_python_symlink_radar_interfaces
[0.271s] [ 43%] Built target radar_interfaces__rosidl_typesupport_introspection_cpp
[0.290s] [ 53%] Built target radar_interfaces__rosidl_typesupport_cpp
[0.318s] [ 62%] Built target radar_interfaces__rosidl_typesupport_fastrtps_cpp
[0.329s] [ 71%] Built target radar_interfaces__rosidl_typesupport_c
[0.385s] [ 71%] Built target radar_interfaces
[0.423s] [ 75%] Built target radar_interfaces__py
[0.488s] [ 81%] Built target radar_interfaces__rosidl_generator_py
[0.530s] [ 87%] Built target radar_interfaces__rosidl_typesupport_fastrtps_c__pyext
[0.583s] [ 93%] Built target radar_interfaces__rosidl_typesupport_c__pyext
[0.629s] [100%] Built target radar_interfaces__rosidl_typesupport_introspection_c__pyext
[0.722s] running egg_info
[0.723s] writing radar_interfaces.egg-info/PKG-INFO
[0.724s] writing dependency_links to radar_interfaces.egg-info/dependency_links.txt
[0.724s] writing top-level names to radar_interfaces.egg-info/top_level.txt
[0.730s] reading manifest file 'radar_interfaces.egg-info/SOURCES.txt'
[0.731s] writing manifest file 'radar_interfaces.egg-info/SOURCES.txt'
[0.812s] [100%] Built target ament_cmake_python_build_radar_interfaces_egg
[0.835s] Invoked command in '/home/a-baja/abajaws/build/radar_interfaces' returned '0': CMAKE_PREFIX_PATH=${CMAKE_PREFIX_PATH}:/home/a-baja/abajaws/install/a021vehicle:/opt/ros/humble NX_CONNECTION=192.168.55.100 49365 192.168.55.1 4000 /usr/bin/cmake --build /home/a-baja/abajaws/build/radar_interfaces -- -j6 -l6
[0.860s] Invoking command in '/home/a-baja/abajaws/build/radar_interfaces': CMAKE_PREFIX_PATH=${CMAKE_PREFIX_PATH}:/home/a-baja/abajaws/install/a021vehicle:/opt/ros/humble NX_CONNECTION=192.168.55.100 49365 192.168.55.1 4000 /usr/bin/cmake --install /home/a-baja/abajaws/build/radar_interfaces
[0.877s] -- Install configuration: ""
[0.878s] -- Execute custom install script
[0.878s] -- Up-to-date symlink: /home/a-baja/abajaws/install/radar_interfaces/share/ament_index/resource_index/rosidl_interfaces/radar_interfaces
[0.879s] -- Up-to-date symlink: /home/a-baja/abajaws/install/radar_interfaces/include/radar_interfaces/radar_interfaces/msg/detail/radar_message__functions.h
[0.879s] -- Up-to-date symlink: /home/a-baja/abajaws/install/radar_interfaces/include/radar_interfaces/radar_interfaces/msg/detail/radar_message__struct.h
[0.879s] -- Up-to-date symlink: /home/a-baja/abajaws/install/radar_interfaces/include/radar_interfaces/radar_interfaces/msg/detail/radar_message__type_support.h
[0.879s] -- Up-to-date symlink: /home/a-baja/abajaws/install/radar_interfaces/include/radar_interfaces/radar_interfaces/msg/radar_message.h
[0.879s] -- Up-to-date symlink: /home/a-baja/abajaws/install/radar_interfaces/include/radar_interfaces/radar_interfaces/msg/rosidl_generator_c__visibility_control.h
[0.880s] -- Up-to-date symlink: /home/a-baja/abajaws/install/radar_interfaces/share/radar_interfaces/environment/library_path.sh
[0.880s] -- Up-to-date symlink: /home/a-baja/abajaws/install/radar_interfaces/share/radar_interfaces/environment/library_path.dsv
[0.881s] -- Up-to-date symlink: /home/a-baja/abajaws/install/radar_interfaces/include/radar_interfaces/radar_interfaces/msg/detail/radar_message__rosidl_typesupport_fastrtps_c.h
[0.881s] -- Up-to-date symlink: /home/a-baja/abajaws/install/radar_interfaces/include/radar_interfaces/radar_interfaces/msg/rosidl_typesupport_fastrtps_c__visibility_control.h
[0.882s] -- Up-to-date symlink: /home/a-baja/abajaws/install/radar_interfaces/include/radar_interfaces/radar_interfaces/msg/detail/radar_message__rosidl_typesupport_introspection_c.h
[0.882s] -- Up-to-date symlink: /home/a-baja/abajaws/install/radar_interfaces/include/radar_interfaces/radar_interfaces/msg/rosidl_typesupport_introspection_c__visibility_control.h
[0.882s] -- Up-to-date symlink: /home/a-baja/abajaws/install/radar_interfaces/include/radar_interfaces/radar_interfaces/msg/detail/radar_message__builder.hpp
[0.882s] -- Up-to-date symlink: /home/a-baja/abajaws/install/radar_interfaces/include/radar_interfaces/radar_interfaces/msg/detail/radar_message__struct.hpp
[0.883s] -- Up-to-date symlink: /home/a-baja/abajaws/install/radar_interfaces/include/radar_interfaces/radar_interfaces/msg/detail/radar_message__traits.hpp
[0.883s] -- Up-to-date symlink: /home/a-baja/abajaws/install/radar_interfaces/include/radar_interfaces/radar_interfaces/msg/detail/radar_message__type_support.hpp
[0.883s] -- Up-to-date symlink: /home/a-baja/abajaws/install/radar_interfaces/include/radar_interfaces/radar_interfaces/msg/radar_message.hpp
[0.883s] -- Up-to-date symlink: /home/a-baja/abajaws/install/radar_interfaces/include/radar_interfaces/radar_interfaces/msg/rosidl_generator_cpp__visibility_control.hpp
[0.884s] -- Up-to-date symlink: /home/a-baja/abajaws/install/radar_interfaces/include/radar_interfaces/radar_interfaces/msg/detail/radar_message__rosidl_typesupport_fastrtps_cpp.hpp
[0.884s] -- Up-to-date symlink: /home/a-baja/abajaws/install/radar_interfaces/include/radar_interfaces/radar_interfaces/msg/rosidl_typesupport_fastrtps_cpp__visibility_control.h
[0.885s] -- Up-to-date symlink: /home/a-baja/abajaws/install/radar_interfaces/include/radar_interfaces/radar_interfaces/msg/detail/radar_message__rosidl_typesupport_introspection_cpp.hpp
[0.886s] -- Up-to-date symlink: /home/a-baja/abajaws/install/radar_interfaces/share/radar_interfaces/environment/pythonpath.sh
[0.886s] -- Up-to-date symlink: /home/a-baja/abajaws/install/radar_interfaces/share/radar_interfaces/environment/pythonpath.dsv
[0.887s] -- Up-to-date symlink: /home/a-baja/abajaws/install/radar_interfaces/local/lib/python3.10/dist-packages/radar_interfaces-0.0.0-py3.10.egg-info/PKG-INFO
[0.887s] -- Up-to-date symlink: /home/a-baja/abajaws/install/radar_interfaces/local/lib/python3.10/dist-packages/radar_interfaces-0.0.0-py3.10.egg-info/SOURCES.txt
[0.887s] -- Up-to-date symlink: /home/a-baja/abajaws/install/radar_interfaces/local/lib/python3.10/dist-packages/radar_interfaces-0.0.0-py3.10.egg-info/dependency_links.txt
[0.887s] -- Up-to-date symlink: /home/a-baja/abajaws/install/radar_interfaces/local/lib/python3.10/dist-packages/radar_interfaces-0.0.0-py3.10.egg-info/top_level.txt
[0.888s] -- Up-to-date symlink: /home/a-baja/abajaws/install/radar_interfaces/local/lib/python3.10/dist-packages/radar_interfaces/__init__.py
[0.888s] -- Up-to-date symlink: /home/a-baja/abajaws/install/radar_interfaces/local/lib/python3.10/dist-packages/radar_interfaces/_radar_interfaces_s.ep.rosidl_typesupport_c.c
[0.888s] -- Up-to-date symlink: /home/a-baja/abajaws/install/radar_interfaces/local/lib/python3.10/dist-packages/radar_interfaces/_radar_interfaces_s.ep.rosidl_typesupport_fastrtps_c.c
[0.889s] -- Up-to-date symlink: /home/a-baja/abajaws/install/radar_interfaces/local/lib/python3.10/dist-packages/radar_interfaces/_radar_interfaces_s.ep.rosidl_typesupport_introspection_c.c
[0.889s] -- Up-to-date symlink: /home/a-baja/abajaws/install/radar_interfaces/local/lib/python3.10/dist-packages/radar_interfaces/libradar_interfaces__rosidl_generator_py.so
[0.889s] -- Up-to-date symlink: /home/a-baja/abajaws/install/radar_interfaces/local/lib/python3.10/dist-packages/radar_interfaces/msg/__init__.py
[0.889s] -- Up-to-date symlink: /home/a-baja/abajaws/install/radar_interfaces/local/lib/python3.10/dist-packages/radar_interfaces/msg/_radar_message.py
[0.889s] -- Up-to-date symlink: /home/a-baja/abajaws/install/radar_interfaces/local/lib/python3.10/dist-packages/radar_interfaces/msg/_radar_message_s.c
[0.889s] -- Up-to-date symlink: /home/a-baja/abajaws/install/radar_interfaces/local/lib/python3.10/dist-packages/radar_interfaces/radar_interfaces_s__rosidl_typesupport_c.cpython-310-aarch64-linux-gnu.so
[0.890s] -- Up-to-date symlink: /home/a-baja/abajaws/install/radar_interfaces/local/lib/python3.10/dist-packages/radar_interfaces/radar_interfaces_s__rosidl_typesupport_fastrtps_c.cpython-310-aarch64-linux-gnu.so
[0.890s] -- Up-to-date symlink: /home/a-baja/abajaws/install/radar_interfaces/local/lib/python3.10/dist-packages/radar_interfaces/radar_interfaces_s__rosidl_typesupport_introspection_c.cpython-310-aarch64-linux-gnu.so
[0.890s] -- Up-to-date symlink: /home/a-baja/abajaws/install/radar_interfaces/local/lib/python3.10/dist-packages/radar_interfaces/radar_interfaces_s__rosidl_typesupport_fastrtps_c.cpython-310-aarch64-linux-gnu.so
[0.890s] -- Up-to-date symlink: /home/a-baja/abajaws/install/radar_interfaces/local/lib/python3.10/dist-packages/radar_interfaces/radar_interfaces_s__rosidl_typesupport_introspection_c.cpython-310-aarch64-linux-gnu.so
[0.891s] -- Up-to-date symlink: /home/a-baja/abajaws/install/radar_interfaces/local/lib/python3.10/dist-packages/radar_interfaces/radar_interfaces_s__rosidl_typesupport_c.cpython-310-aarch64-linux-gnu.so
[0.891s] -- Up-to-date symlink: /home/a-baja/abajaws/install/radar_interfaces/share/ament_index/resource_index/rust_packages/radar_interfaces
[0.892s] -- Up-to-date symlink: /home/a-baja/abajaws/install/radar_interfaces/share/radar_interfaces/rust/Cargo.toml
[0.892s] -- Up-to-date symlink: /home/a-baja/abajaws/install/radar_interfaces/share/radar_interfaces/rust/build.rs
[0.892s] -- Up-to-date symlink: /home/a-baja/abajaws/install/radar_interfaces/share/radar_interfaces/rust/src/lib.rs
[0.892s] -- Up-to-date symlink: /home/a-baja/abajaws/install/radar_interfaces/share/radar_interfaces/rust/src/msg.rs
[0.892s] -- Up-to-date symlink: /home/a-baja/abajaws/install/radar_interfaces/share/radar_interfaces/rust/src/msg/rmw.rs
[0.892s] -- Up-to-date symlink: /home/a-baja/abajaws/install/radar_interfaces/share/radar_interfaces/msg/RadarMessage.idl
[0.893s] -- Up-to-date symlink: /home/a-baja/abajaws/install/radar_interfaces/share/radar_interfaces/msg/RadarMessage.msg
[0.893s] -- Up-to-date symlink: /home/a-baja/abajaws/install/radar_interfaces/share/ament_index/resource_index/package_run_dependencies/radar_interfaces
[0.893s] -- Up-to-date symlink: /home/a-baja/abajaws/install/radar_interfaces/share/ament_index/resource_index/parent_prefix_path/radar_interfaces
[0.893s] -- Up-to-date symlink: /home/a-baja/abajaws/install/radar_interfaces/share/radar_interfaces/environment/ament_prefix_path.sh
[0.893s] -- Up-to-date symlink: /home/a-baja/abajaws/install/radar_interfaces/share/radar_interfaces/environment/ament_prefix_path.dsv
[0.894s] -- Up-to-date symlink: /home/a-baja/abajaws/install/radar_interfaces/share/radar_interfaces/environment/path.sh
[0.895s] -- Up-to-date symlink: /home/a-baja/abajaws/install/radar_interfaces/share/radar_interfaces/environment/path.dsv
[0.896s] -- Up-to-date symlink: /home/a-baja/abajaws/install/radar_interfaces/share/radar_interfaces/local_setup.bash
[0.896s] -- Up-to-date symlink: /home/a-baja/abajaws/install/radar_interfaces/share/radar_interfaces/local_setup.sh
[0.896s] -- Up-to-date symlink: /home/a-baja/abajaws/install/radar_interfaces/share/radar_interfaces/local_setup.zsh
[0.896s] -- Up-to-date symlink: /home/a-baja/abajaws/install/radar_interfaces/share/radar_interfaces/local_setup.dsv
[0.896s] -- Symlinking: /home/a-baja/abajaws/install/radar_interfaces/share/radar_interfaces/package.dsv
[0.912s] -- Up-to-date symlink: /home/a-baja/abajaws/install/radar_interfaces/share/ament_index/resource_index/packages/radar_interfaces
[0.912s] -- Up-to-date symlink: /home/a-baja/abajaws/install/radar_interfaces/share/radar_interfaces/cmake/rosidl_cmake-extras.cmake
[0.913s] -- Up-to-date symlink: /home/a-baja/abajaws/install/radar_interfaces/share/radar_interfaces/cmake/ament_cmake_export_include_directories-extras.cmake
[0.913s] -- Up-to-date symlink: /home/a-baja/abajaws/install/radar_interfaces/share/radar_interfaces/cmake/ament_cmake_export_libraries-extras.cmake
[0.913s] -- Up-to-date symlink: /home/a-baja/abajaws/install/radar_interfaces/share/radar_interfaces/cmake/ament_cmake_export_targets-extras.cmake
[0.913s] -- Up-to-date symlink: /home/a-baja/abajaws/install/radar_interfaces/share/radar_interfaces/cmake/rosidl_cmake_export_typesupport_targets-extras.cmake
[0.913s] -- Up-to-date symlink: /home/a-baja/abajaws/install/radar_interfaces/share/radar_interfaces/cmake/ament_cmake_export_dependencies-extras.cmake
[0.913s] -- Up-to-date symlink: /home/a-baja/abajaws/install/radar_interfaces/share/radar_interfaces/cmake/rosidl_cmake_export_typesupport_libraries-extras.cmake
[0.913s] -- Up-to-date symlink: /home/a-baja/abajaws/install/radar_interfaces/share/radar_interfaces/cmake/radar_interfacesConfig.cmake
[0.914s] -- Up-to-date symlink: /home/a-baja/abajaws/install/radar_interfaces/share/radar_interfaces/cmake/radar_interfacesConfig-version.cmake
[0.914s] -- Up-to-date symlink: /home/a-baja/abajaws/install/radar_interfaces/share/radar_interfaces/package.xml
[0.914s] -- Up-to-date: /home/a-baja/abajaws/install/radar_interfaces/lib/libradar_interfaces__rosidl_generator_c.so
[0.915s] -- Up-to-date: /home/a-baja/abajaws/install/radar_interfaces/lib/libradar_interfaces__rosidl_typesupport_fastrtps_c.so
[0.916s] -- Up-to-date: /home/a-baja/abajaws/install/radar_interfaces/lib/libradar_interfaces__rosidl_typesupport_introspection_c.so
[0.916s] -- Up-to-date: /home/a-baja/abajaws/install/radar_interfaces/lib/libradar_interfaces__rosidl_typesupport_c.so
[0.916s] -- Up-to-date: /home/a-baja/abajaws/install/radar_interfaces/lib/libradar_interfaces__rosidl_typesupport_fastrtps_cpp.so
[0.916s] -- Up-to-date: /home/a-baja/abajaws/install/radar_interfaces/lib/libradar_interfaces__rosidl_typesupport_introspection_cpp.so
[0.916s] -- Up-to-date: /home/a-baja/abajaws/install/radar_interfaces/lib/libradar_interfaces__rosidl_typesupport_cpp.so
[0.979s] Listing '/home/a-baja/abajaws/install/radar_interfaces/local/lib/python3.10/dist-packages/radar_interfaces'...
[0.979s] Listing '/home/a-baja/abajaws/install/radar_interfaces/local/lib/python3.10/dist-packages/radar_interfaces/msg'...
[0.990s] -- Up-to-date: /home/a-baja/abajaws/install/radar_interfaces/lib/libradar_interfaces__rosidl_generator_py.so
[0.990s] -- Up-to-date: /home/a-baja/abajaws/install/radar_interfaces/share/radar_interfaces/cmake/export_radar_interfaces__rosidl_generator_cExport.cmake
[0.990s] -- Up-to-date: /home/a-baja/abajaws/install/radar_interfaces/share/radar_interfaces/cmake/export_radar_interfaces__rosidl_generator_cExport-noconfig.cmake
[0.991s] -- Up-to-date: /home/a-baja/abajaws/install/radar_interfaces/share/radar_interfaces/cmake/export_radar_interfaces__rosidl_typesupport_fastrtps_cExport.cmake
[0.991s] -- Up-to-date: /home/a-baja/abajaws/install/radar_interfaces/share/radar_interfaces/cmake/export_radar_interfaces__rosidl_typesupport_fastrtps_cExport-noconfig.cmake
[0.991s] -- Up-to-date: /home/a-baja/abajaws/install/radar_interfaces/share/radar_interfaces/cmake/radar_interfaces__rosidl_typesupport_introspection_cExport.cmake
[0.991s] -- Up-to-date: /home/a-baja/abajaws/install/radar_interfaces/share/radar_interfaces/cmake/radar_interfaces__rosidl_typesupport_introspection_cExport-noconfig.cmake
[0.991s] -- Up-to-date: /home/a-baja/abajaws/install/radar_interfaces/share/radar_interfaces/cmake/radar_interfaces__rosidl_typesupport_cExport.cmake
[0.991s] -- Up-to-date: /home/a-baja/abajaws/install/radar_interfaces/share/radar_interfaces/cmake/radar_interfaces__rosidl_typesupport_cExport-noconfig.cmake
[0.991s] -- Up-to-date: /home/a-baja/abajaws/install/radar_interfaces/share/radar_interfaces/cmake/export_radar_interfaces__rosidl_generator_cppExport.cmake
[0.991s] -- Up-to-date: /home/a-baja/abajaws/install/radar_interfaces/share/radar_interfaces/cmake/export_radar_interfaces__rosidl_typesupport_fastrtps_cppExport.cmake
[0.992s] -- Up-to-date: /home/a-baja/abajaws/install/radar_interfaces/share/radar_interfaces/cmake/export_radar_interfaces__rosidl_typesupport_fastrtps_cppExport-noconfig.cmake
[0.992s] -- Up-to-date: /home/a-baja/abajaws/install/radar_interfaces/share/radar_interfaces/cmake/radar_interfaces__rosidl_typesupport_introspection_cppExport.cmake
[0.992s] -- Up-to-date: /home/a-baja/abajaws/install/radar_interfaces/share/radar_interfaces/cmake/radar_interfaces__rosidl_typesupport_introspection_cppExport-noconfig.cmake
[0.992s] -- Up-to-date: /home/a-baja/abajaws/install/radar_interfaces/share/radar_interfaces/cmake/radar_interfaces__rosidl_typesupport_cppExport.cmake
[0.992s] -- Up-to-date: /home/a-baja/abajaws/install/radar_interfaces/share/radar_interfaces/cmake/radar_interfaces__rosidl_typesupport_cppExport-noconfig.cmake
[0.992s] -- Up-to-date: /home/a-baja/abajaws/install/radar_interfaces/share/radar_interfaces/cmake/export_radar_interfaces__rosidl_generator_pyExport.cmake
[0.992s] -- Up-to-date: /home/a-baja/abajaws/install/radar_interfaces/share/radar_interfaces/cmake/export_radar_interfaces__rosidl_generator_pyExport-noconfig.cmake
[1.000s] Invoked command in '/home/a-baja/abajaws/build/radar_interfaces' returned '0': CMAKE_PREFIX_PATH=${CMAKE_PREFIX_PATH}:/home/a-baja/abajaws/install/a021vehicle:/opt/ros/humble NX_CONNECTION=192.168.55.100 49365 192.168.55.1 4000 /usr/bin/cmake --install /home/a-baja/abajaws/build/radar_interfaces
