/home/a-baja/abajaws/src/install/a021vehicle/lib/python3.10/site-packages/a021vehicle/__init__.py
/home/a-baja/abajaws/src/install/a021vehicle/lib/python3.10/site-packages/a021vehicle/usbcan.py
/home/a-baja/abajaws/src/install/a021vehicle/lib/python3.10/site-packages/a021vehicle/vehiclecontrol.py
/home/a-baja/abajaws/src/install/a021vehicle/lib/python3.10/site-packages/a021vehicle/radar_data_1 copy.py
/home/a-baja/abajaws/src/install/a021vehicle/lib/python3.10/site-packages/a021vehicle/radar_receiver.py
/home/a-baja/abajaws/src/install/a021vehicle/lib/python3.10/site-packages/a021vehicle/rawradar.py
/home/a-baja/abajaws/src/install/a021vehicle/lib/python3.10/site-packages/a021vehicle/ros_esp_bridge.py
/home/a-baja/abajaws/src/install/a021vehicle/lib/python3.10/site-packages/a021vehicle/radar_data copy.py
/home/a-baja/abajaws/src/install/a021vehicle/lib/python3.10/site-packages/a021vehicle/radar_data.py
/home/a-baja/abajaws/src/install/a021vehicle/lib/python3.10/site-packages/a021vehicle/archives-code/vehiclecontrol_0 copy.py
/home/a-baja/abajaws/src/install/a021vehicle/lib/python3.10/site-packages/a021vehicle/archives-code/__init__.py
/home/a-baja/abajaws/src/install/a021vehicle/lib/python3.10/site-packages/a021vehicle/archives-code/usbcan.py
/home/a-baja/abajaws/src/install/a021vehicle/lib/python3.10/site-packages/a021vehicle/archives-code/rawradar_0.py
/home/a-baja/abajaws/src/install/a021vehicle/lib/python3.10/site-packages/a021vehicle/archives-code/vehiclecontrol.py
/home/a-baja/abajaws/src/install/a021vehicle/lib/python3.10/site-packages/a021vehicle/archives-code/radar.py
/home/a-baja/abajaws/src/install/a021vehicle/lib/python3.10/site-packages/a021vehicle/archives-code/vehiclecontrol_2.py
/home/a-baja/abajaws/src/install/a021vehicle/lib/python3.10/site-packages/a021vehicle/archives-code/radar_spi_bridge_0.py
/home/a-baja/abajaws/src/install/a021vehicle/lib/python3.10/site-packages/a021vehicle/archives-code/radar_data_1 copy.py
/home/a-baja/abajaws/src/install/a021vehicle/lib/python3.10/site-packages/a021vehicle/archives-code/radar_data_6.py
/home/a-baja/abajaws/src/install/a021vehicle/lib/python3.10/site-packages/a021vehicle/archives-code/radar_receiver.py
/home/a-baja/abajaws/src/install/a021vehicle/lib/python3.10/site-packages/a021vehicle/archives-code/radar_data_0.py
/home/a-baja/abajaws/src/install/a021vehicle/lib/python3.10/site-packages/a021vehicle/archives-code/radar_data_3.py
/home/a-baja/abajaws/src/install/a021vehicle/lib/python3.10/site-packages/a021vehicle/archives-code/radar_spi_bridge.py
/home/a-baja/abajaws/src/install/a021vehicle/lib/python3.10/site-packages/a021vehicle/archives-code/vehiclecontrol_2 copy.py
/home/a-baja/abajaws/src/install/a021vehicle/lib/python3.10/site-packages/a021vehicle/archives-code/radar_data_1.py
/home/a-baja/abajaws/src/install/a021vehicle/lib/python3.10/site-packages/a021vehicle/archives-code/vehiclecontrol_1.py
/home/a-baja/abajaws/src/install/a021vehicle/lib/python3.10/site-packages/a021vehicle/archives-code/rawradar.py
/home/a-baja/abajaws/src/install/a021vehicle/lib/python3.10/site-packages/a021vehicle/archives-code/ros_esp_bridge.py
/home/a-baja/abajaws/src/install/a021vehicle/lib/python3.10/site-packages/a021vehicle/archives-code/radar_data copy.py
/home/a-baja/abajaws/src/install/a021vehicle/lib/python3.10/site-packages/a021vehicle/archives-code/vehiclecontrol_0.py
/home/a-baja/abajaws/src/install/a021vehicle/lib/python3.10/site-packages/a021vehicle/archives-code/radar_data_4.py
/home/a-baja/abajaws/src/install/a021vehicle/lib/python3.10/site-packages/a021vehicle/archives-code/radar_data.py
/home/a-baja/abajaws/src/install/a021vehicle/lib/python3.10/site-packages/a021vehicle/archives-code/vehiclecontrol_4.py
/home/a-baja/abajaws/src/install/a021vehicle/lib/python3.10/site-packages/a021vehicle/archives-code/radar_data_5.py
/home/a-baja/abajaws/src/install/a021vehicle/lib/python3.10/site-packages/a021vehicle/archives-code/radar_data_2.py
/home/a-baja/abajaws/src/install/a021vehicle/lib/python3.10/site-packages/a021vehicle/__pycache__/__init__.cpython-310.pyc
/home/a-baja/abajaws/src/install/a021vehicle/lib/python3.10/site-packages/a021vehicle/__pycache__/usbcan.cpython-310.pyc
/home/a-baja/abajaws/src/install/a021vehicle/lib/python3.10/site-packages/a021vehicle/__pycache__/vehiclecontrol.cpython-310.pyc
/home/a-baja/abajaws/src/install/a021vehicle/lib/python3.10/site-packages/a021vehicle/__pycache__/radar_data_1 copy.cpython-310.pyc
/home/a-baja/abajaws/src/install/a021vehicle/lib/python3.10/site-packages/a021vehicle/__pycache__/radar_receiver.cpython-310.pyc
/home/a-baja/abajaws/src/install/a021vehicle/lib/python3.10/site-packages/a021vehicle/__pycache__/rawradar.cpython-310.pyc
/home/a-baja/abajaws/src/install/a021vehicle/lib/python3.10/site-packages/a021vehicle/__pycache__/ros_esp_bridge.cpython-310.pyc
/home/a-baja/abajaws/src/install/a021vehicle/lib/python3.10/site-packages/a021vehicle/__pycache__/radar_data copy.cpython-310.pyc
/home/a-baja/abajaws/src/install/a021vehicle/lib/python3.10/site-packages/a021vehicle/__pycache__/radar_data.cpython-310.pyc
/home/a-baja/abajaws/src/install/a021vehicle/lib/python3.10/site-packages/a021vehicle/archives-code/__pycache__/vehiclecontrol_0 copy.cpython-310.pyc
/home/a-baja/abajaws/src/install/a021vehicle/lib/python3.10/site-packages/a021vehicle/archives-code/__pycache__/__init__.cpython-310.pyc
/home/a-baja/abajaws/src/install/a021vehicle/lib/python3.10/site-packages/a021vehicle/archives-code/__pycache__/usbcan.cpython-310.pyc
/home/a-baja/abajaws/src/install/a021vehicle/lib/python3.10/site-packages/a021vehicle/archives-code/__pycache__/rawradar_0.cpython-310.pyc
/home/a-baja/abajaws/src/install/a021vehicle/lib/python3.10/site-packages/a021vehicle/archives-code/__pycache__/vehiclecontrol.cpython-310.pyc
/home/a-baja/abajaws/src/install/a021vehicle/lib/python3.10/site-packages/a021vehicle/archives-code/__pycache__/radar.cpython-310.pyc
/home/a-baja/abajaws/src/install/a021vehicle/lib/python3.10/site-packages/a021vehicle/archives-code/__pycache__/vehiclecontrol_2.cpython-310.pyc
/home/a-baja/abajaws/src/install/a021vehicle/lib/python3.10/site-packages/a021vehicle/archives-code/__pycache__/radar_spi_bridge_0.cpython-310.pyc
/home/a-baja/abajaws/src/install/a021vehicle/lib/python3.10/site-packages/a021vehicle/archives-code/__pycache__/radar_data_1 copy.cpython-310.pyc
/home/a-baja/abajaws/src/install/a021vehicle/lib/python3.10/site-packages/a021vehicle/archives-code/__pycache__/radar_data_6.cpython-310.pyc
/home/a-baja/abajaws/src/install/a021vehicle/lib/python3.10/site-packages/a021vehicle/archives-code/__pycache__/radar_receiver.cpython-310.pyc
/home/a-baja/abajaws/src/install/a021vehicle/lib/python3.10/site-packages/a021vehicle/archives-code/__pycache__/radar_data_0.cpython-310.pyc
/home/a-baja/abajaws/src/install/a021vehicle/lib/python3.10/site-packages/a021vehicle/archives-code/__pycache__/radar_data_3.cpython-310.pyc
/home/a-baja/abajaws/src/install/a021vehicle/lib/python3.10/site-packages/a021vehicle/archives-code/__pycache__/radar_spi_bridge.cpython-310.pyc
/home/a-baja/abajaws/src/install/a021vehicle/lib/python3.10/site-packages/a021vehicle/archives-code/__pycache__/vehiclecontrol_2 copy.cpython-310.pyc
/home/a-baja/abajaws/src/install/a021vehicle/lib/python3.10/site-packages/a021vehicle/archives-code/__pycache__/radar_data_1.cpython-310.pyc
/home/a-baja/abajaws/src/install/a021vehicle/lib/python3.10/site-packages/a021vehicle/archives-code/__pycache__/vehiclecontrol_1.cpython-310.pyc
/home/a-baja/abajaws/src/install/a021vehicle/lib/python3.10/site-packages/a021vehicle/archives-code/__pycache__/rawradar.cpython-310.pyc
/home/a-baja/abajaws/src/install/a021vehicle/lib/python3.10/site-packages/a021vehicle/archives-code/__pycache__/ros_esp_bridge.cpython-310.pyc
/home/a-baja/abajaws/src/install/a021vehicle/lib/python3.10/site-packages/a021vehicle/archives-code/__pycache__/radar_data copy.cpython-310.pyc
/home/a-baja/abajaws/src/install/a021vehicle/lib/python3.10/site-packages/a021vehicle/archives-code/__pycache__/vehiclecontrol_0.cpython-310.pyc
/home/a-baja/abajaws/src/install/a021vehicle/lib/python3.10/site-packages/a021vehicle/archives-code/__pycache__/radar_data_4.cpython-310.pyc
/home/a-baja/abajaws/src/install/a021vehicle/lib/python3.10/site-packages/a021vehicle/archives-code/__pycache__/radar_data.cpython-310.pyc
/home/a-baja/abajaws/src/install/a021vehicle/lib/python3.10/site-packages/a021vehicle/archives-code/__pycache__/vehiclecontrol_4.cpython-310.pyc
/home/a-baja/abajaws/src/install/a021vehicle/lib/python3.10/site-packages/a021vehicle/archives-code/__pycache__/radar_data_5.cpython-310.pyc
/home/a-baja/abajaws/src/install/a021vehicle/lib/python3.10/site-packages/a021vehicle/archives-code/__pycache__/radar_data_2.cpython-310.pyc
/home/a-baja/abajaws/src/install/a021vehicle/share/ament_index/resource_index/packages/a021vehicle
/home/a-baja/abajaws/src/install/a021vehicle/share/a021vehicle/package.xml
/home/a-baja/abajaws/src/install/a021vehicle/share/a021vehicle/launch/vehicle_launch.py
/home/a-baja/abajaws/src/install/a021vehicle/lib/python3.10/site-packages/a021vehicle-0.0.0-py3.10.egg-info/PKG-INFO
/home/a-baja/abajaws/src/install/a021vehicle/lib/python3.10/site-packages/a021vehicle-0.0.0-py3.10.egg-info/SOURCES.txt
/home/a-baja/abajaws/src/install/a021vehicle/lib/python3.10/site-packages/a021vehicle-0.0.0-py3.10.egg-info/entry_points.txt
/home/a-baja/abajaws/src/install/a021vehicle/lib/python3.10/site-packages/a021vehicle-0.0.0-py3.10.egg-info/dependency_links.txt
/home/a-baja/abajaws/src/install/a021vehicle/lib/python3.10/site-packages/a021vehicle-0.0.0-py3.10.egg-info/top_level.txt
/home/a-baja/abajaws/src/install/a021vehicle/lib/python3.10/site-packages/a021vehicle-0.0.0-py3.10.egg-info/not-zip-safe
/home/a-baja/abajaws/src/install/a021vehicle/lib/python3.10/site-packages/a021vehicle-0.0.0-py3.10.egg-info/requires.txt
/home/a-baja/abajaws/src/install/a021vehicle/lib/a021vehicle/esp_bridge
/home/a-baja/abajaws/src/install/a021vehicle/lib/a021vehicle/radar_data
/home/a-baja/abajaws/src/install/a021vehicle/lib/a021vehicle/radar_node
/home/a-baja/abajaws/src/install/a021vehicle/lib/a021vehicle/receiver_node
/home/a-baja/abajaws/src/install/a021vehicle/lib/a021vehicle/vehiclecontrol
