[1.398s] Invoking command in '/home/a-baja/abajaws/src/a021vehicle': LD_LIBRARY_PATH=/home/a-baja/abajaws/install/radar_interfaces/lib:/opt/ros/humble/opt/rviz_ogre_vendor/lib:/opt/ros/humble/lib/aarch64-linux-gnu:/opt/ros/humble/lib:/usr/local/cuda-12.6/lib64 NX_CONNECTION=192.168.55.100 49365 192.168.55.1 4000 PYTHONPATH=/home/a-baja/abajaws/build/a021vehicle/prefix_override:/usr/lib/python3/dist-packages/colcon_core/task/python/colcon_distutils_commands:/home/a-baja/abajaws/install/a021vehicle/lib/python3.10/site-packages:${PYTHONPATH} /usr/bin/python3 -W ignore:setup.py install is deprecated -W ignore:easy_install command is deprecated setup.py egg_info --egg-base ../../build/a021vehicle build --build-base /home/a-baja/abajaws/build/a021vehicle/build install --record /home/a-baja/abajaws/build/a021vehicle/install.log --single-version-externally-managed install_data
[1.894s] running egg_info
[1.896s] writing ../../build/a021vehicle/a021vehicle.egg-info/PKG-INFO
[1.896s] writing dependency_links to ../../build/a021vehicle/a021vehicle.egg-info/dependency_links.txt
[1.897s] writing entry points to ../../build/a021vehicle/a021vehicle.egg-info/entry_points.txt
[1.897s] writing requirements to ../../build/a021vehicle/a021vehicle.egg-info/requires.txt
[1.897s] writing top-level names to ../../build/a021vehicle/a021vehicle.egg-info/top_level.txt
[1.902s] reading manifest file '../../build/a021vehicle/a021vehicle.egg-info/SOURCES.txt'
[1.904s] writing manifest file '../../build/a021vehicle/a021vehicle.egg-info/SOURCES.txt'
[1.905s] running build
[1.905s] running build_py
[1.908s] copying a021vehicle/vehiclecontrol.py -> /home/a-baja/abajaws/build/a021vehicle/build/lib/a021vehicle
[1.912s] running install
[1.913s] running install_lib
[1.915s] copying /home/a-baja/abajaws/build/a021vehicle/build/lib/a021vehicle/vehiclecontrol.py -> /home/a-baja/abajaws/install/a021vehicle/lib/python3.10/site-packages/a021vehicle
[1.919s] byte-compiling /home/a-baja/abajaws/install/a021vehicle/lib/python3.10/site-packages/a021vehicle/vehiclecontrol.py to vehiclecontrol.cpython-310.pyc
[1.923s] running install_data
[1.924s] running install_egg_info
[1.929s] removing '/home/a-baja/abajaws/install/a021vehicle/lib/python3.10/site-packages/a021vehicle-0.0.0-py3.10.egg-info' (and everything under it)
[1.930s] Copying ../../build/a021vehicle/a021vehicle.egg-info to /home/a-baja/abajaws/install/a021vehicle/lib/python3.10/site-packages/a021vehicle-0.0.0-py3.10.egg-info
[1.933s] running install_scripts
[1.976s] Installing esp_bridge script to /home/a-baja/abajaws/install/a021vehicle/lib/a021vehicle
[1.977s] Installing radar_data script to /home/a-baja/abajaws/install/a021vehicle/lib/a021vehicle
[1.977s] Installing radar_node script to /home/a-baja/abajaws/install/a021vehicle/lib/a021vehicle
[1.978s] Installing receiver_node script to /home/a-baja/abajaws/install/a021vehicle/lib/a021vehicle
[1.979s] Installing vehiclecontrol script to /home/a-baja/abajaws/install/a021vehicle/lib/a021vehicle
[1.981s] writing list of installed files to '/home/a-baja/abajaws/build/a021vehicle/install.log'
[2.072s] Invoked command in '/home/a-baja/abajaws/src/a021vehicle' returned '0': LD_LIBRARY_PATH=/home/a-baja/abajaws/install/radar_interfaces/lib:/opt/ros/humble/opt/rviz_ogre_vendor/lib:/opt/ros/humble/lib/aarch64-linux-gnu:/opt/ros/humble/lib:/usr/local/cuda-12.6/lib64 NX_CONNECTION=192.168.55.100 49365 192.168.55.1 4000 PYTHONPATH=/home/a-baja/abajaws/build/a021vehicle/prefix_override:/usr/lib/python3/dist-packages/colcon_core/task/python/colcon_distutils_commands:/home/a-baja/abajaws/install/a021vehicle/lib/python3.10/site-packages:${PYTHONPATH} /usr/bin/python3 -W ignore:setup.py install is deprecated -W ignore:easy_install command is deprecated setup.py egg_info --egg-base ../../build/a021vehicle build --build-base /home/a-baja/abajaws/build/a021vehicle/build install --record /home/a-baja/abajaws/build/a021vehicle/install.log --single-version-externally-managed install_data
