[0.017s] Invoking command in '/home/a-baja/abajaws/build/radar_interfaces': CMAKE_PREFIX_PATH=${CMAKE_PREFIX_PATH}:/home/a-baja/abajaws/install/a021vehicle:/opt/ros/humble /usr/bin/cmake /home/a-baja/abajaws/src/radar_interfaces -DAMENT_CMAKE_SYMLINK_INSTALL=1 -DCMAKE_INSTALL_PREFIX=/home/a-baja/abajaws/install/radar_interfaces
[0.058s] -- Found ament_cmake: 1.3.14 (/opt/ros/humble/share/ament_cmake/cmake)
[0.280s] -- Override CMake install command with custom implementation using symlinks instead of copying resources
[0.304s] -- Found rosidl_default_generators: 1.2.1 (/opt/ros/humble/share/rosidl_default_generators/cmake)
[0.308s] -- Using all available rosidl_typesupport_c: rosidl_typesupport_fastrtps_c;rosidl_typesupport_introspection_c
[0.315s] -- Found rosidl_adapter: 3.1.8 (/opt/ros/humble/share/rosidl_adapter/cmake)
[0.374s] -- Using all available rosidl_typesupport_cpp: rosidl_typesupport_fastrtps_cpp;rosidl_typesupport_introspection_cpp
[0.863s] -- Found ament_cmake_ros: 0.10.0 (/opt/ros/humble/share/ament_cmake_ros/cmake)
[1.218s] -- Using all available rosidl_typesupport_c: rosidl_typesupport_fastrtps_c;rosidl_typesupport_introspection_c
[1.669s] -- Using all available rosidl_typesupport_cpp: rosidl_typesupport_fastrtps_cpp;rosidl_typesupport_introspection_cpp
[1.714s] -- Found python_cmake_module: 0.10.0 (/opt/ros/humble/share/python_cmake_module/cmake)
[1.760s] -- Using PYTHON_EXECUTABLE: /usr/bin/python3
[1.760s] -- Using PYTHON_INCLUDE_DIRS: /usr/include/python3.10
[1.761s] -- Using PYTHON_LIBRARIES: /usr/lib/aarch64-linux-gnu/libpython3.10.so
[1.931s] -- Configuring done
[2.000s] -- Generating done
[2.018s] -- Build files have been written to: /home/a-baja/abajaws/build/radar_interfaces
[2.034s] Invoked command in '/home/a-baja/abajaws/build/radar_interfaces' returned '0': CMAKE_PREFIX_PATH=${CMAKE_PREFIX_PATH}:/home/a-baja/abajaws/install/a021vehicle:/opt/ros/humble /usr/bin/cmake /home/a-baja/abajaws/src/radar_interfaces -DAMENT_CMAKE_SYMLINK_INSTALL=1 -DCMAKE_INSTALL_PREFIX=/home/a-baja/abajaws/install/radar_interfaces
[2.039s] Invoking command in '/home/a-baja/abajaws/build/radar_interfaces': CMAKE_PREFIX_PATH=${CMAKE_PREFIX_PATH}:/home/a-baja/abajaws/install/a021vehicle:/opt/ros/humble /usr/bin/cmake --build /home/a-baja/abajaws/build/radar_interfaces -- -j6 -l6
[2.109s] [35m[1mConsolidate compiler generated dependencies of target radar_interfaces__rosidl_generator_c[0m
[2.126s] failed to create symbolic link '/home/a-baja/abajaws/build/radar_interfaces/ament_cmake_python/radar_interfaces/radar_interfaces' because existing path cannot be removed: Is a directory
[2.126s] [  3%] Built target radar_interfaces__cpp
[2.127s] gmake[2]: *** [CMakeFiles/ament_cmake_python_symlink_radar_interfaces.dir/build.make:70: CMakeFiles/ament_cmake_python_symlink_radar_interfaces] Error 1
[2.127s] gmake[1]: *** [CMakeFiles/Makefile2:440: CMakeFiles/ament_cmake_python_symlink_radar_interfaces.dir/all] Error 2
[2.127s] gmake[1]: *** Waiting for unfinished jobs....
[2.129s] [ 12%] Built target radar_interfaces__rosidl_generator_c
[2.130s] [ 15%] Built target radar_interfaces__rs
[2.134s] gmake: *** [Makefile:146: all] Error 2
[2.140s] Invoked command in '/home/a-baja/abajaws/build/radar_interfaces' returned '2': CMAKE_PREFIX_PATH=${CMAKE_PREFIX_PATH}:/home/a-baja/abajaws/install/a021vehicle:/opt/ros/humble /usr/bin/cmake --build /home/a-baja/abajaws/build/radar_interfaces -- -j6 -l6
