[0.167s] DEBUG:colcon:Command line arguments: ['/usr/bin/colcon', 'build', '--symlink-install']
[0.167s] DEBUG:colcon:Parsed command line arguments: Namespace(log_base=None, log_level=None, verb_name='build', build_base='build', install_base='install', merge_install=False, symlink_install=True, test_result_base=None, continue_on_error=False, executor='parallel', parallel_workers=6, event_handlers=None, ignore_user_meta=False, metas=['./colcon.meta'], base_paths=['.'], packages_ignore=None, packages_ignore_regex=None, paths=None, packages_up_to=None, packages_up_to_regex=None, packages_above=None, packages_above_and_dependencies=None, packages_above_depth=None, packages_select_by_dep=None, packages_skip_by_dep=None, packages_skip_up_to=None, packages_select_build_failed=False, packages_skip_build_finished=False, packages_select_test_failures=False, packages_skip_test_passed=False, packages_select=None, packages_skip=None, packages_select_regex=None, packages_skip_regex=None, packages_start=None, packages_end=None, allow_overriding=[], cmake_args=None, cmake_target=None, cmake_target_skip_unavailable=False, cmake_clean_cache=False, cmake_clean_first=False, cmake_force_configure=False, ament_cmake_args=None, catkin_cmake_args=None, catkin_skip_building_tests=False, verb_parser=<colcon_defaults.argument_parser.defaults.DefaultArgumentsDecorator object at 0xffff8dbb34c0>, verb_extension=<colcon_core.verb.build.BuildVerb object at 0xffff8dbb3070>, main=<bound method BuildVerb.main of <colcon_core.verb.build.BuildVerb object at 0xffff8dbb3070>>)
[0.498s] Level 1:colcon.colcon_core.package_discovery:discover_packages(colcon_meta) check parameters
[0.499s] Level 1:colcon.colcon_core.package_discovery:discover_packages(recursive) check parameters
[0.499s] Level 1:colcon.colcon_core.package_discovery:discover_packages(ignore) check parameters
[0.499s] Level 1:colcon.colcon_core.package_discovery:discover_packages(path) check parameters
[0.499s] Level 1:colcon.colcon_core.package_discovery:discover_packages(colcon_meta) discover
[0.499s] Level 1:colcon.colcon_core.package_discovery:discover_packages(recursive) discover
[0.499s] INFO:colcon.colcon_core.package_discovery:Crawling recursively for packages in '/home/a-baja/abajaws'
[0.499s] Level 1:colcon.colcon_core.package_identification:_identify(.) by extensions ['ignore', 'ignore_ament_install']
[0.499s] Level 1:colcon.colcon_core.package_identification:_identify(.) by extension 'ignore'
[0.499s] Level 1:colcon.colcon_core.package_identification:_identify(.) by extension 'ignore_ament_install'
[0.500s] Level 1:colcon.colcon_core.package_identification:_identify(.) by extensions ['colcon_pkg']
[0.500s] Level 1:colcon.colcon_core.package_identification:_identify(.) by extension 'colcon_pkg'
[0.500s] Level 1:colcon.colcon_core.package_identification:_identify(.) by extensions ['colcon_meta']
[0.500s] Level 1:colcon.colcon_core.package_identification:_identify(.) by extension 'colcon_meta'
[0.500s] Level 1:colcon.colcon_core.package_identification:_identify(.) by extensions ['ros']
[0.500s] Level 1:colcon.colcon_core.package_identification:_identify(.) by extension 'ros'
[0.520s] Level 1:colcon.colcon_core.package_identification:_identify(.) by extensions ['cmake', 'python']
[0.520s] Level 1:colcon.colcon_core.package_identification:_identify(.) by extension 'cmake'
[0.520s] Level 1:colcon.colcon_core.package_identification:_identify(.) by extension 'python'
[0.520s] Level 1:colcon.colcon_core.package_identification:_identify(.) by extensions ['python_setup_py']
[0.520s] Level 1:colcon.colcon_core.package_identification:_identify(.) by extension 'python_setup_py'
[0.521s] Level 1:colcon.colcon_core.package_identification:_identify(build) by extensions ['ignore', 'ignore_ament_install']
[0.521s] Level 1:colcon.colcon_core.package_identification:_identify(build) by extension 'ignore'
[0.521s] Level 1:colcon.colcon_core.package_identification:_identify(build) ignored
[0.521s] Level 1:colcon.colcon_core.package_identification:_identify(install) by extensions ['ignore', 'ignore_ament_install']
[0.521s] Level 1:colcon.colcon_core.package_identification:_identify(install) by extension 'ignore'
[0.521s] Level 1:colcon.colcon_core.package_identification:_identify(install) ignored
[0.521s] Level 1:colcon.colcon_core.package_identification:_identify(log) by extensions ['ignore', 'ignore_ament_install']
[0.522s] Level 1:colcon.colcon_core.package_identification:_identify(log) by extension 'ignore'
[0.522s] Level 1:colcon.colcon_core.package_identification:_identify(log) ignored
[0.522s] Level 1:colcon.colcon_core.package_identification:_identify(src) by extensions ['ignore', 'ignore_ament_install']
[0.522s] Level 1:colcon.colcon_core.package_identification:_identify(src) by extension 'ignore'
[0.522s] Level 1:colcon.colcon_core.package_identification:_identify(src) by extension 'ignore_ament_install'
[0.522s] Level 1:colcon.colcon_core.package_identification:_identify(src) by extensions ['colcon_pkg']
[0.522s] Level 1:colcon.colcon_core.package_identification:_identify(src) by extension 'colcon_pkg'
[0.523s] Level 1:colcon.colcon_core.package_identification:_identify(src) by extensions ['colcon_meta']
[0.523s] Level 1:colcon.colcon_core.package_identification:_identify(src) by extension 'colcon_meta'
[0.523s] Level 1:colcon.colcon_core.package_identification:_identify(src) by extensions ['ros']
[0.523s] Level 1:colcon.colcon_core.package_identification:_identify(src) by extension 'ros'
[0.523s] Level 1:colcon.colcon_core.package_identification:_identify(src) by extensions ['cmake', 'python']
[0.523s] Level 1:colcon.colcon_core.package_identification:_identify(src) by extension 'cmake'
[0.523s] Level 1:colcon.colcon_core.package_identification:_identify(src) by extension 'python'
[0.523s] Level 1:colcon.colcon_core.package_identification:_identify(src) by extensions ['python_setup_py']
[0.523s] Level 1:colcon.colcon_core.package_identification:_identify(src) by extension 'python_setup_py'
[0.523s] Level 1:colcon.colcon_core.package_identification:_identify(src/a021vehicle) by extensions ['ignore', 'ignore_ament_install']
[0.524s] Level 1:colcon.colcon_core.package_identification:_identify(src/a021vehicle) by extension 'ignore'
[0.524s] Level 1:colcon.colcon_core.package_identification:_identify(src/a021vehicle) by extension 'ignore_ament_install'
[0.524s] Level 1:colcon.colcon_core.package_identification:_identify(src/a021vehicle) by extensions ['colcon_pkg']
[0.524s] Level 1:colcon.colcon_core.package_identification:_identify(src/a021vehicle) by extension 'colcon_pkg'
[0.524s] Level 1:colcon.colcon_core.package_identification:_identify(src/a021vehicle) by extensions ['colcon_meta']
[0.524s] Level 1:colcon.colcon_core.package_identification:_identify(src/a021vehicle) by extension 'colcon_meta'
[0.524s] Level 1:colcon.colcon_core.package_identification:_identify(src/a021vehicle) by extensions ['ros']
[0.524s] Level 1:colcon.colcon_core.package_identification:_identify(src/a021vehicle) by extension 'ros'
[0.529s] DEBUG:colcon.colcon_core.package_identification:Package 'src/a021vehicle' with type 'ros.ament_python' and name 'a021vehicle'
[0.529s] Level 1:colcon.colcon_core.package_identification:_identify(src/radar_interfaces) by extensions ['ignore', 'ignore_ament_install']
[0.529s] Level 1:colcon.colcon_core.package_identification:_identify(src/radar_interfaces) by extension 'ignore'
[0.529s] Level 1:colcon.colcon_core.package_identification:_identify(src/radar_interfaces) by extension 'ignore_ament_install'
[0.529s] Level 1:colcon.colcon_core.package_identification:_identify(src/radar_interfaces) by extensions ['colcon_pkg']
[0.529s] Level 1:colcon.colcon_core.package_identification:_identify(src/radar_interfaces) by extension 'colcon_pkg'
[0.529s] Level 1:colcon.colcon_core.package_identification:_identify(src/radar_interfaces) by extensions ['colcon_meta']
[0.529s] Level 1:colcon.colcon_core.package_identification:_identify(src/radar_interfaces) by extension 'colcon_meta'
[0.530s] Level 1:colcon.colcon_core.package_identification:_identify(src/radar_interfaces) by extensions ['ros']
[0.530s] Level 1:colcon.colcon_core.package_identification:_identify(src/radar_interfaces) by extension 'ros'
[0.531s] DEBUG:colcon.colcon_core.package_identification:Package 'src/radar_interfaces' with type 'ros.ament_cmake' and name 'radar_interfaces'
[0.531s] Level 1:colcon.colcon_core.package_discovery:discover_packages(recursive) using defaults
[0.531s] Level 1:colcon.colcon_core.package_discovery:discover_packages(ignore) discover
[0.531s] Level 1:colcon.colcon_core.package_discovery:discover_packages(ignore) using defaults
[0.531s] Level 1:colcon.colcon_core.package_discovery:discover_packages(path) discover
[0.531s] Level 1:colcon.colcon_core.package_discovery:discover_packages(path) using defaults
[0.596s] Level 1:colcon.colcon_core.package_discovery:discover_packages(prefix_path) check parameters
[0.596s] Level 1:colcon.colcon_core.package_discovery:discover_packages(prefix_path) discover
[0.601s] DEBUG:colcon.colcon_installed_package_information.package_discovery:Found 273 installed packages in /opt/ros/humble
[0.603s] Level 1:colcon.colcon_core.package_discovery:discover_packages(prefix_path) using defaults
[0.662s] Level 5:colcon.colcon_core.verb:set package 'radar_interfaces' build argument 'cmake_args' from command line to 'None'
[0.662s] Level 5:colcon.colcon_core.verb:set package 'radar_interfaces' build argument 'cmake_target' from command line to 'None'
[0.662s] Level 5:colcon.colcon_core.verb:set package 'radar_interfaces' build argument 'cmake_target_skip_unavailable' from command line to 'False'
[0.662s] Level 5:colcon.colcon_core.verb:set package 'radar_interfaces' build argument 'cmake_clean_cache' from command line to 'False'
[0.662s] Level 5:colcon.colcon_core.verb:set package 'radar_interfaces' build argument 'cmake_clean_first' from command line to 'False'
[0.662s] Level 5:colcon.colcon_core.verb:set package 'radar_interfaces' build argument 'cmake_force_configure' from command line to 'False'
[0.662s] Level 5:colcon.colcon_core.verb:set package 'radar_interfaces' build argument 'ament_cmake_args' from command line to 'None'
[0.662s] Level 5:colcon.colcon_core.verb:set package 'radar_interfaces' build argument 'catkin_cmake_args' from command line to 'None'
[0.662s] Level 5:colcon.colcon_core.verb:set package 'radar_interfaces' build argument 'catkin_skip_building_tests' from command line to 'False'
[0.662s] DEBUG:colcon.colcon_core.verb:Building package 'radar_interfaces' with the following arguments: {'ament_cmake_args': None, 'build_base': '/home/a-baja/abajaws/build/radar_interfaces', 'catkin_cmake_args': None, 'catkin_skip_building_tests': False, 'cmake_args': None, 'cmake_clean_cache': False, 'cmake_clean_first': False, 'cmake_force_configure': False, 'cmake_target': None, 'cmake_target_skip_unavailable': False, 'install_base': '/home/a-baja/abajaws/install/radar_interfaces', 'merge_install': False, 'path': '/home/a-baja/abajaws/src/radar_interfaces', 'symlink_install': True, 'test_result_base': None}
[0.663s] Level 5:colcon.colcon_core.verb:set package 'a021vehicle' build argument 'cmake_args' from command line to 'None'
[0.663s] Level 5:colcon.colcon_core.verb:set package 'a021vehicle' build argument 'cmake_target' from command line to 'None'
[0.663s] Level 5:colcon.colcon_core.verb:set package 'a021vehicle' build argument 'cmake_target_skip_unavailable' from command line to 'False'
[0.663s] Level 5:colcon.colcon_core.verb:set package 'a021vehicle' build argument 'cmake_clean_cache' from command line to 'False'
[0.663s] Level 5:colcon.colcon_core.verb:set package 'a021vehicle' build argument 'cmake_clean_first' from command line to 'False'
[0.663s] Level 5:colcon.colcon_core.verb:set package 'a021vehicle' build argument 'cmake_force_configure' from command line to 'False'
[0.663s] Level 5:colcon.colcon_core.verb:set package 'a021vehicle' build argument 'ament_cmake_args' from command line to 'None'
[0.663s] Level 5:colcon.colcon_core.verb:set package 'a021vehicle' build argument 'catkin_cmake_args' from command line to 'None'
[0.663s] Level 5:colcon.colcon_core.verb:set package 'a021vehicle' build argument 'catkin_skip_building_tests' from command line to 'False'
[0.663s] DEBUG:colcon.colcon_core.verb:Building package 'a021vehicle' with the following arguments: {'ament_cmake_args': None, 'build_base': '/home/a-baja/abajaws/build/a021vehicle', 'catkin_cmake_args': None, 'catkin_skip_building_tests': False, 'cmake_args': None, 'cmake_clean_cache': False, 'cmake_clean_first': False, 'cmake_force_configure': False, 'cmake_target': None, 'cmake_target_skip_unavailable': False, 'install_base': '/home/a-baja/abajaws/install/a021vehicle', 'merge_install': False, 'path': '/home/a-baja/abajaws/src/a021vehicle', 'symlink_install': True, 'test_result_base': None}
[0.663s] INFO:colcon.colcon_core.executor:Executing jobs using 'parallel' executor
[0.665s] DEBUG:colcon.colcon_parallel_executor.executor.parallel:run_until_complete
[0.666s] INFO:colcon.colcon_ros.task.ament_cmake.build:Building ROS package in '/home/a-baja/abajaws/src/radar_interfaces' with build type 'ament_cmake'
[0.666s] INFO:colcon.colcon_cmake.task.cmake.build:Building CMake package in '/home/a-baja/abajaws/src/radar_interfaces'
[0.674s] INFO:colcon.colcon_core.plugin_system:Skipping extension 'colcon_core.shell.bat': Not used on non-Windows systems
[0.675s] INFO:colcon.colcon_core.shell:Skip shell extension 'powershell' for command environment: Not usable outside of PowerShell
[0.675s] DEBUG:colcon.colcon_core.shell:Skip shell extension 'dsv' for command environment
[0.684s] DEBUG:colcon.colcon_core.event_handler.log_command:Invoking command in '/home/a-baja/abajaws/build/radar_interfaces': CMAKE_PREFIX_PATH=/opt/ros/humble /usr/bin/cmake /home/a-baja/abajaws/src/radar_interfaces -DAMENT_CMAKE_SYMLINK_INSTALL=1 -DCMAKE_INSTALL_PREFIX=/home/a-baja/abajaws/install/radar_interfaces
[3.504s] DEBUG:colcon.colcon_core.event_handler.log_command:Invoked command in '/home/a-baja/abajaws/build/radar_interfaces' returned '0': CMAKE_PREFIX_PATH=/opt/ros/humble /usr/bin/cmake /home/a-baja/abajaws/src/radar_interfaces -DAMENT_CMAKE_SYMLINK_INSTALL=1 -DCMAKE_INSTALL_PREFIX=/home/a-baja/abajaws/install/radar_interfaces
[3.508s] DEBUG:colcon.colcon_core.event_handler.log_command:Invoking command in '/home/a-baja/abajaws/build/radar_interfaces': CMAKE_PREFIX_PATH=/opt/ros/humble /usr/bin/cmake --build /home/a-baja/abajaws/build/radar_interfaces -- -j6 -l6
[6.467s] DEBUG:colcon.colcon_core.event_handler.log_command:Invoked command in '/home/a-baja/abajaws/build/radar_interfaces' returned '0': CMAKE_PREFIX_PATH=/opt/ros/humble /usr/bin/cmake --build /home/a-baja/abajaws/build/radar_interfaces -- -j6 -l6
[6.486s] DEBUG:colcon.colcon_core.event_handler.log_command:Invoking command in '/home/a-baja/abajaws/build/radar_interfaces': CMAKE_PREFIX_PATH=/opt/ros/humble /usr/bin/cmake --install /home/a-baja/abajaws/build/radar_interfaces
[7.655s] Level 1:colcon.colcon_core.environment:create_environment_scripts_only(radar_interfaces)
[7.656s] DEBUG:colcon.colcon_core.event_handler.log_command:Invoked command in '/home/a-baja/abajaws/build/radar_interfaces' returned '0': CMAKE_PREFIX_PATH=/opt/ros/humble /usr/bin/cmake --install /home/a-baja/abajaws/build/radar_interfaces
[7.664s] Level 1:colcon.colcon_core.environment:checking '/home/a-baja/abajaws/install/radar_interfaces' for CMake module files
[7.666s] Level 1:colcon.colcon_core.environment:checking '/home/a-baja/abajaws/install/radar_interfaces' for CMake config files
[7.668s] Level 1:colcon.colcon_core.shell:create_environment_hook('radar_interfaces', 'cmake_prefix_path')
[7.669s] INFO:colcon.colcon_core.shell:Creating environment hook '/home/a-baja/abajaws/install/radar_interfaces/share/radar_interfaces/hook/cmake_prefix_path.ps1'
[7.672s] INFO:colcon.colcon_core.shell:Creating environment descriptor '/home/a-baja/abajaws/install/radar_interfaces/share/radar_interfaces/hook/cmake_prefix_path.dsv'
[7.673s] INFO:colcon.colcon_core.shell:Creating environment hook '/home/a-baja/abajaws/install/radar_interfaces/share/radar_interfaces/hook/cmake_prefix_path.sh'
[7.675s] Level 1:colcon.colcon_core.environment:checking '/home/a-baja/abajaws/install/radar_interfaces/lib'
[7.676s] Level 1:colcon.colcon_core.shell:create_environment_hook('radar_interfaces', 'ld_library_path_lib')
[7.676s] INFO:colcon.colcon_core.shell:Creating environment hook '/home/a-baja/abajaws/install/radar_interfaces/share/radar_interfaces/hook/ld_library_path_lib.ps1'
[7.677s] INFO:colcon.colcon_core.shell:Creating environment descriptor '/home/a-baja/abajaws/install/radar_interfaces/share/radar_interfaces/hook/ld_library_path_lib.dsv'
[7.678s] INFO:colcon.colcon_core.shell:Creating environment hook '/home/a-baja/abajaws/install/radar_interfaces/share/radar_interfaces/hook/ld_library_path_lib.sh'
[7.679s] Level 1:colcon.colcon_core.environment:checking '/home/a-baja/abajaws/install/radar_interfaces/bin'
[7.679s] Level 1:colcon.colcon_core.environment:checking '/home/a-baja/abajaws/install/radar_interfaces/lib/pkgconfig/radar_interfaces.pc'
[7.680s] Level 1:colcon.colcon_core.environment:checking '/home/a-baja/abajaws/install/radar_interfaces/lib/python3.10/site-packages'
[7.682s] Level 1:colcon.colcon_core.environment:checking '/home/a-baja/abajaws/install/radar_interfaces/bin'
[7.683s] INFO:colcon.colcon_core.shell:Creating package script '/home/a-baja/abajaws/install/radar_interfaces/share/radar_interfaces/package.ps1'
[7.685s] INFO:colcon.colcon_core.shell:Creating package descriptor '/home/a-baja/abajaws/install/radar_interfaces/share/radar_interfaces/package.dsv'
[7.687s] INFO:colcon.colcon_core.shell:Creating package script '/home/a-baja/abajaws/install/radar_interfaces/share/radar_interfaces/package.sh'
[7.689s] INFO:colcon.colcon_core.shell:Creating package script '/home/a-baja/abajaws/install/radar_interfaces/share/radar_interfaces/package.bash'
[7.690s] INFO:colcon.colcon_core.shell:Creating package script '/home/a-baja/abajaws/install/radar_interfaces/share/radar_interfaces/package.zsh'
[7.692s] Level 1:colcon.colcon_core.environment:create_file_with_runtime_dependencies(/home/a-baja/abajaws/install/radar_interfaces/share/colcon-core/packages/radar_interfaces)
[7.695s] Level 1:colcon.colcon_core.environment:create_environment_scripts_only(radar_interfaces)
[7.695s] Level 1:colcon.colcon_core.environment:checking '/home/a-baja/abajaws/install/radar_interfaces' for CMake module files
[7.697s] Level 1:colcon.colcon_core.environment:checking '/home/a-baja/abajaws/install/radar_interfaces' for CMake config files
[7.700s] Level 1:colcon.colcon_core.shell:create_environment_hook('radar_interfaces', 'cmake_prefix_path')
[7.701s] INFO:colcon.colcon_core.shell:Creating environment hook '/home/a-baja/abajaws/install/radar_interfaces/share/radar_interfaces/hook/cmake_prefix_path.ps1'
[7.702s] INFO:colcon.colcon_core.shell:Creating environment descriptor '/home/a-baja/abajaws/install/radar_interfaces/share/radar_interfaces/hook/cmake_prefix_path.dsv'
[7.703s] INFO:colcon.colcon_core.shell:Creating environment hook '/home/a-baja/abajaws/install/radar_interfaces/share/radar_interfaces/hook/cmake_prefix_path.sh'
[7.704s] Level 1:colcon.colcon_core.environment:checking '/home/a-baja/abajaws/install/radar_interfaces/lib'
[7.704s] Level 1:colcon.colcon_core.shell:create_environment_hook('radar_interfaces', 'ld_library_path_lib')
[7.704s] INFO:colcon.colcon_core.shell:Creating environment hook '/home/a-baja/abajaws/install/radar_interfaces/share/radar_interfaces/hook/ld_library_path_lib.ps1'
[7.705s] INFO:colcon.colcon_core.shell:Creating environment descriptor '/home/a-baja/abajaws/install/radar_interfaces/share/radar_interfaces/hook/ld_library_path_lib.dsv'
[7.706s] INFO:colcon.colcon_core.shell:Creating environment hook '/home/a-baja/abajaws/install/radar_interfaces/share/radar_interfaces/hook/ld_library_path_lib.sh'
[7.707s] Level 1:colcon.colcon_core.environment:checking '/home/a-baja/abajaws/install/radar_interfaces/bin'
[7.707s] Level 1:colcon.colcon_core.environment:checking '/home/a-baja/abajaws/install/radar_interfaces/lib/pkgconfig/radar_interfaces.pc'
[7.708s] Level 1:colcon.colcon_core.environment:checking '/home/a-baja/abajaws/install/radar_interfaces/lib/python3.10/site-packages'
[7.709s] Level 1:colcon.colcon_core.environment:checking '/home/a-baja/abajaws/install/radar_interfaces/bin'
[7.709s] INFO:colcon.colcon_core.shell:Creating package script '/home/a-baja/abajaws/install/radar_interfaces/share/radar_interfaces/package.ps1'
[7.711s] INFO:colcon.colcon_core.shell:Creating package descriptor '/home/a-baja/abajaws/install/radar_interfaces/share/radar_interfaces/package.dsv'
[7.712s] INFO:colcon.colcon_core.shell:Creating package script '/home/a-baja/abajaws/install/radar_interfaces/share/radar_interfaces/package.sh'
[7.713s] INFO:colcon.colcon_core.shell:Creating package script '/home/a-baja/abajaws/install/radar_interfaces/share/radar_interfaces/package.bash'
[7.713s] INFO:colcon.colcon_core.shell:Creating package script '/home/a-baja/abajaws/install/radar_interfaces/share/radar_interfaces/package.zsh'
[7.714s] Level 1:colcon.colcon_core.environment:create_file_with_runtime_dependencies(/home/a-baja/abajaws/install/radar_interfaces/share/colcon-core/packages/radar_interfaces)
[7.715s] INFO:colcon.colcon_ros.task.ament_python.build:Building ROS package in '/home/a-baja/abajaws/src/a021vehicle' with build type 'ament_python'
[7.716s] Level 1:colcon.colcon_core.shell:create_environment_hook('a021vehicle', 'ament_prefix_path')
[7.716s] INFO:colcon.colcon_core.shell:Creating environment hook '/home/a-baja/abajaws/install/a021vehicle/share/a021vehicle/hook/ament_prefix_path.ps1'
[7.718s] INFO:colcon.colcon_core.shell:Creating environment descriptor '/home/a-baja/abajaws/install/a021vehicle/share/a021vehicle/hook/ament_prefix_path.dsv'
[7.719s] INFO:colcon.colcon_core.shell:Creating environment hook '/home/a-baja/abajaws/install/a021vehicle/share/a021vehicle/hook/ament_prefix_path.sh'
[7.720s] INFO:colcon.colcon_core.shell:Skip shell extension 'powershell' for command environment: Not usable outside of PowerShell
[7.720s] DEBUG:colcon.colcon_core.shell:Skip shell extension 'dsv' for command environment
[8.164s] INFO:colcon.colcon_core.task.python.build:Building Python package in '/home/a-baja/abajaws/src/a021vehicle'
[8.165s] INFO:colcon.colcon_core.shell:Skip shell extension 'powershell' for command environment: Not usable outside of PowerShell
[8.165s] DEBUG:colcon.colcon_core.shell:Skip shell extension 'dsv' for command environment
[8.827s] DEBUG:colcon.colcon_core.event_handler.log_command:Invoking command in '/home/a-baja/abajaws/build/a021vehicle': AMENT_PREFIX_PATH=/home/a-baja/abajaws/install/radar_interfaces:${AMENT_PREFIX_PATH} CMAKE_PREFIX_PATH=/home/a-baja/abajaws/install/radar_interfaces LD_LIBRARY_PATH=/home/a-baja/abajaws/install/radar_interfaces/lib:/opt/ros/humble/opt/rviz_ogre_vendor/lib:/opt/ros/humble/lib/aarch64-linux-gnu:/opt/ros/humble/lib:/usr/local/cuda-12.6/lib64 PYTHONPATH=/home/a-baja/abajaws/build/a021vehicle/prefix_override:/usr/lib/python3/dist-packages/colcon_core/task/python/colcon_distutils_commands:/home/a-baja/abajaws/install/a021vehicle/lib/python3.10/site-packages:/home/a-baja/abajaws/install/radar_interfaces/local/lib/python3.10/dist-packages:${PYTHONPATH} /usr/bin/python3 -W ignore:setup.py install is deprecated -W ignore:easy_install command is deprecated setup.py develop --editable --build-directory /home/a-baja/abajaws/build/a021vehicle/build --no-deps symlink_data
[9.662s] Level 1:colcon.colcon_core.shell:create_environment_hook('a021vehicle', 'pythonpath_develop')
[9.663s] INFO:colcon.colcon_core.shell:Creating environment hook '/home/a-baja/abajaws/build/a021vehicle/share/a021vehicle/hook/pythonpath_develop.ps1'
[9.664s] DEBUG:colcon.colcon_core.event_handler.log_command:Invoked command in '/home/a-baja/abajaws/build/a021vehicle' returned '0': AMENT_PREFIX_PATH=/home/a-baja/abajaws/install/radar_interfaces:${AMENT_PREFIX_PATH} CMAKE_PREFIX_PATH=/home/a-baja/abajaws/install/radar_interfaces LD_LIBRARY_PATH=/home/a-baja/abajaws/install/radar_interfaces/lib:/opt/ros/humble/opt/rviz_ogre_vendor/lib:/opt/ros/humble/lib/aarch64-linux-gnu:/opt/ros/humble/lib:/usr/local/cuda-12.6/lib64 PYTHONPATH=/home/a-baja/abajaws/build/a021vehicle/prefix_override:/usr/lib/python3/dist-packages/colcon_core/task/python/colcon_distutils_commands:/home/a-baja/abajaws/install/a021vehicle/lib/python3.10/site-packages:/home/a-baja/abajaws/install/radar_interfaces/local/lib/python3.10/dist-packages:${PYTHONPATH} /usr/bin/python3 -W ignore:setup.py install is deprecated -W ignore:easy_install command is deprecated setup.py develop --editable --build-directory /home/a-baja/abajaws/build/a021vehicle/build --no-deps symlink_data
[9.666s] INFO:colcon.colcon_core.shell:Creating environment descriptor '/home/a-baja/abajaws/build/a021vehicle/share/a021vehicle/hook/pythonpath_develop.dsv'
[9.667s] INFO:colcon.colcon_core.shell:Creating environment hook '/home/a-baja/abajaws/build/a021vehicle/share/a021vehicle/hook/pythonpath_develop.sh'
[9.669s] Level 1:colcon.colcon_core.environment:checking '/home/a-baja/abajaws/install/a021vehicle' for CMake module files
[9.671s] Level 1:colcon.colcon_core.environment:checking '/home/a-baja/abajaws/install/a021vehicle' for CMake config files
[9.673s] Level 1:colcon.colcon_core.environment:checking '/home/a-baja/abajaws/install/a021vehicle/lib'
[9.673s] Level 1:colcon.colcon_core.environment:checking '/home/a-baja/abajaws/install/a021vehicle/bin'
[9.673s] Level 1:colcon.colcon_core.environment:checking '/home/a-baja/abajaws/install/a021vehicle/lib/pkgconfig/a021vehicle.pc'
[9.674s] Level 1:colcon.colcon_core.environment:checking '/home/a-baja/abajaws/install/a021vehicle/lib/python3.10/site-packages'
[9.674s] Level 1:colcon.colcon_core.shell:create_environment_hook('a021vehicle', 'pythonpath')
[9.675s] INFO:colcon.colcon_core.shell:Creating environment hook '/home/a-baja/abajaws/install/a021vehicle/share/a021vehicle/hook/pythonpath.ps1'
[9.677s] INFO:colcon.colcon_core.shell:Creating environment descriptor '/home/a-baja/abajaws/install/a021vehicle/share/a021vehicle/hook/pythonpath.dsv'
[9.678s] INFO:colcon.colcon_core.shell:Creating environment hook '/home/a-baja/abajaws/install/a021vehicle/share/a021vehicle/hook/pythonpath.sh'
[9.680s] Level 1:colcon.colcon_core.environment:checking '/home/a-baja/abajaws/install/a021vehicle/bin'
[9.680s] Level 1:colcon.colcon_core.environment:create_environment_scripts_only(a021vehicle)
[9.682s] INFO:colcon.colcon_core.shell:Creating package script '/home/a-baja/abajaws/install/a021vehicle/share/a021vehicle/package.ps1'
[9.684s] INFO:colcon.colcon_core.shell:Creating package descriptor '/home/a-baja/abajaws/install/a021vehicle/share/a021vehicle/package.dsv'
[9.686s] INFO:colcon.colcon_core.shell:Creating package script '/home/a-baja/abajaws/install/a021vehicle/share/a021vehicle/package.sh'
[9.687s] INFO:colcon.colcon_core.shell:Creating package script '/home/a-baja/abajaws/install/a021vehicle/share/a021vehicle/package.bash'
[9.689s] INFO:colcon.colcon_core.shell:Creating package script '/home/a-baja/abajaws/install/a021vehicle/share/a021vehicle/package.zsh'
[9.690s] Level 1:colcon.colcon_core.environment:create_file_with_runtime_dependencies(/home/a-baja/abajaws/install/a021vehicle/share/colcon-core/packages/a021vehicle)
[9.691s] DEBUG:colcon.colcon_parallel_executor.executor.parallel:closing loop
[9.692s] DEBUG:colcon.colcon_parallel_executor.executor.parallel:loop closed
[9.692s] DEBUG:colcon.colcon_parallel_executor.executor.parallel:run_until_complete finished with '0'
[9.693s] DEBUG:colcon.colcon_core.event_reactor:joining thread
[9.694s] DEBUG:colcon.colcon_core.event_reactor:joined thread
[9.695s] INFO:colcon.colcon_core.shell:Creating prefix script '/home/a-baja/abajaws/install/local_setup.ps1'
[9.698s] INFO:colcon.colcon_core.shell:Creating prefix util module '/home/a-baja/abajaws/install/_local_setup_util_ps1.py'
[9.700s] INFO:colcon.colcon_core.shell:Creating prefix chain script '/home/a-baja/abajaws/install/setup.ps1'
[9.703s] INFO:colcon.colcon_core.shell:Creating prefix script '/home/a-baja/abajaws/install/local_setup.sh'
[9.705s] INFO:colcon.colcon_core.shell:Creating prefix util module '/home/a-baja/abajaws/install/_local_setup_util_sh.py'
[9.706s] INFO:colcon.colcon_core.shell:Creating prefix chain script '/home/a-baja/abajaws/install/setup.sh'
[9.708s] INFO:colcon.colcon_core.shell:Creating prefix script '/home/a-baja/abajaws/install/local_setup.bash'
[9.710s] INFO:colcon.colcon_core.shell:Creating prefix chain script '/home/a-baja/abajaws/install/setup.bash'
[9.711s] INFO:colcon.colcon_core.shell:Creating prefix script '/home/a-baja/abajaws/install/local_setup.zsh'
[9.713s] INFO:colcon.colcon_core.shell:Creating prefix chain script '/home/a-baja/abajaws/install/setup.zsh'
