[0.179s] DEBUG:colcon:Command line arguments: ['/usr/bin/colcon', 'build']
[0.179s] DEBUG:colcon:Parsed command line arguments: Namespace(log_base=None, log_level=None, verb_name='build', build_base='build', install_base='install', merge_install=False, symlink_install=False, test_result_base=None, continue_on_error=False, executor='parallel', parallel_workers=6, event_handlers=None, ignore_user_meta=False, metas=['./colcon.meta'], base_paths=['.'], packages_ignore=None, packages_ignore_regex=None, paths=None, packages_up_to=None, packages_up_to_regex=None, packages_above=None, packages_above_and_dependencies=None, packages_above_depth=None, packages_select_by_dep=None, packages_skip_by_dep=None, packages_skip_up_to=None, packages_select_build_failed=False, packages_skip_build_finished=False, packages_select_test_failures=False, packages_skip_test_passed=False, packages_select=None, packages_skip=None, packages_select_regex=None, packages_skip_regex=None, packages_start=None, packages_end=None, allow_overriding=[], cmake_args=None, cmake_target=None, cmake_target_skip_unavailable=False, cmake_clean_cache=False, cmake_clean_first=False, cmake_force_configure=False, ament_cmake_args=None, catkin_cmake_args=None, catkin_skip_building_tests=False, verb_parser=<colcon_defaults.argument_parser.defaults.DefaultArgumentsDecorator object at 0xffffbb050b80>, verb_extension=<colcon_core.verb.build.BuildVerb object at 0xffffbb050670>, main=<bound method BuildVerb.main of <colcon_core.verb.build.BuildVerb object at 0xffffbb050670>>)
[0.493s] Level 1:colcon.colcon_core.package_discovery:discover_packages(colcon_meta) check parameters
[0.494s] Level 1:colcon.colcon_core.package_discovery:discover_packages(recursive) check parameters
[0.494s] Level 1:colcon.colcon_core.package_discovery:discover_packages(ignore) check parameters
[0.494s] Level 1:colcon.colcon_core.package_discovery:discover_packages(path) check parameters
[0.494s] Level 1:colcon.colcon_core.package_discovery:discover_packages(colcon_meta) discover
[0.494s] Level 1:colcon.colcon_core.package_discovery:discover_packages(recursive) discover
[0.494s] INFO:colcon.colcon_core.package_discovery:Crawling recursively for packages in '/home/a-baja/abajaws'
[0.494s] Level 1:colcon.colcon_core.package_identification:_identify(.) by extensions ['ignore', 'ignore_ament_install']
[0.494s] Level 1:colcon.colcon_core.package_identification:_identify(.) by extension 'ignore'
[0.495s] Level 1:colcon.colcon_core.package_identification:_identify(.) by extension 'ignore_ament_install'
[0.495s] Level 1:colcon.colcon_core.package_identification:_identify(.) by extensions ['colcon_pkg']
[0.495s] Level 1:colcon.colcon_core.package_identification:_identify(.) by extension 'colcon_pkg'
[0.495s] Level 1:colcon.colcon_core.package_identification:_identify(.) by extensions ['colcon_meta']
[0.495s] Level 1:colcon.colcon_core.package_identification:_identify(.) by extension 'colcon_meta'
[0.495s] Level 1:colcon.colcon_core.package_identification:_identify(.) by extensions ['ros']
[0.495s] Level 1:colcon.colcon_core.package_identification:_identify(.) by extension 'ros'
[0.522s] Level 1:colcon.colcon_core.package_identification:_identify(.) by extensions ['cmake', 'python']
[0.522s] Level 1:colcon.colcon_core.package_identification:_identify(.) by extension 'cmake'
[0.522s] Level 1:colcon.colcon_core.package_identification:_identify(.) by extension 'python'
[0.522s] Level 1:colcon.colcon_core.package_identification:_identify(.) by extensions ['python_setup_py']
[0.522s] Level 1:colcon.colcon_core.package_identification:_identify(.) by extension 'python_setup_py'
[0.523s] Level 1:colcon.colcon_core.package_identification:_identify(build) by extensions ['ignore', 'ignore_ament_install']
[0.523s] Level 1:colcon.colcon_core.package_identification:_identify(build) by extension 'ignore'
[0.523s] Level 1:colcon.colcon_core.package_identification:_identify(build) ignored
[0.523s] Level 1:colcon.colcon_core.package_identification:_identify(install) by extensions ['ignore', 'ignore_ament_install']
[0.523s] Level 1:colcon.colcon_core.package_identification:_identify(install) by extension 'ignore'
[0.523s] Level 1:colcon.colcon_core.package_identification:_identify(install) ignored
[0.524s] Level 1:colcon.colcon_core.package_identification:_identify(log) by extensions ['ignore', 'ignore_ament_install']
[0.524s] Level 1:colcon.colcon_core.package_identification:_identify(log) by extension 'ignore'
[0.524s] Level 1:colcon.colcon_core.package_identification:_identify(log) ignored
[0.524s] Level 1:colcon.colcon_core.package_identification:_identify(src) by extensions ['ignore', 'ignore_ament_install']
[0.524s] Level 1:colcon.colcon_core.package_identification:_identify(src) by extension 'ignore'
[0.524s] Level 1:colcon.colcon_core.package_identification:_identify(src) by extension 'ignore_ament_install'
[0.524s] Level 1:colcon.colcon_core.package_identification:_identify(src) by extensions ['colcon_pkg']
[0.524s] Level 1:colcon.colcon_core.package_identification:_identify(src) by extension 'colcon_pkg'
[0.524s] Level 1:colcon.colcon_core.package_identification:_identify(src) by extensions ['colcon_meta']
[0.524s] Level 1:colcon.colcon_core.package_identification:_identify(src) by extension 'colcon_meta'
[0.525s] Level 1:colcon.colcon_core.package_identification:_identify(src) by extensions ['ros']
[0.525s] Level 1:colcon.colcon_core.package_identification:_identify(src) by extension 'ros'
[0.525s] Level 1:colcon.colcon_core.package_identification:_identify(src) by extensions ['cmake', 'python']
[0.525s] Level 1:colcon.colcon_core.package_identification:_identify(src) by extension 'cmake'
[0.525s] Level 1:colcon.colcon_core.package_identification:_identify(src) by extension 'python'
[0.525s] Level 1:colcon.colcon_core.package_identification:_identify(src) by extensions ['python_setup_py']
[0.525s] Level 1:colcon.colcon_core.package_identification:_identify(src) by extension 'python_setup_py'
[0.525s] Level 1:colcon.colcon_core.package_identification:_identify(src/a021vehicle) by extensions ['ignore', 'ignore_ament_install']
[0.525s] Level 1:colcon.colcon_core.package_identification:_identify(src/a021vehicle) by extension 'ignore'
[0.525s] Level 1:colcon.colcon_core.package_identification:_identify(src/a021vehicle) by extension 'ignore_ament_install'
[0.525s] Level 1:colcon.colcon_core.package_identification:_identify(src/a021vehicle) by extensions ['colcon_pkg']
[0.526s] Level 1:colcon.colcon_core.package_identification:_identify(src/a021vehicle) by extension 'colcon_pkg'
[0.526s] Level 1:colcon.colcon_core.package_identification:_identify(src/a021vehicle) by extensions ['colcon_meta']
[0.526s] Level 1:colcon.colcon_core.package_identification:_identify(src/a021vehicle) by extension 'colcon_meta'
[0.526s] Level 1:colcon.colcon_core.package_identification:_identify(src/a021vehicle) by extensions ['ros']
[0.526s] Level 1:colcon.colcon_core.package_identification:_identify(src/a021vehicle) by extension 'ros'
[0.547s] DEBUG:colcon.colcon_core.package_identification:Package 'src/a021vehicle' with type 'ros.ament_python' and name 'a021vehicle'
[0.548s] Level 1:colcon.colcon_core.package_identification:_identify(src/build) by extensions ['ignore', 'ignore_ament_install']
[0.548s] Level 1:colcon.colcon_core.package_identification:_identify(src/build) by extension 'ignore'
[0.548s] Level 1:colcon.colcon_core.package_identification:_identify(src/build) ignored
[0.548s] Level 1:colcon.colcon_core.package_identification:_identify(src/install) by extensions ['ignore', 'ignore_ament_install']
[0.548s] Level 1:colcon.colcon_core.package_identification:_identify(src/install) by extension 'ignore'
[0.549s] Level 1:colcon.colcon_core.package_identification:_identify(src/install) ignored
[0.549s] Level 1:colcon.colcon_core.package_identification:_identify(src/log) by extensions ['ignore', 'ignore_ament_install']
[0.552s] Level 1:colcon.colcon_core.package_identification:_identify(src/log) by extension 'ignore'
[0.552s] Level 1:colcon.colcon_core.package_identification:_identify(src/log) ignored
[0.552s] Level 1:colcon.colcon_core.package_identification:_identify(src/radar_interfaces) by extensions ['ignore', 'ignore_ament_install']
[0.553s] Level 1:colcon.colcon_core.package_identification:_identify(src/radar_interfaces) by extension 'ignore'
[0.553s] Level 1:colcon.colcon_core.package_identification:_identify(src/radar_interfaces) by extension 'ignore_ament_install'
[0.553s] Level 1:colcon.colcon_core.package_identification:_identify(src/radar_interfaces) by extensions ['colcon_pkg']
[0.553s] Level 1:colcon.colcon_core.package_identification:_identify(src/radar_interfaces) by extension 'colcon_pkg'
[0.553s] Level 1:colcon.colcon_core.package_identification:_identify(src/radar_interfaces) by extensions ['colcon_meta']
[0.553s] Level 1:colcon.colcon_core.package_identification:_identify(src/radar_interfaces) by extension 'colcon_meta'
[0.553s] Level 1:colcon.colcon_core.package_identification:_identify(src/radar_interfaces) by extensions ['ros']
[0.553s] Level 1:colcon.colcon_core.package_identification:_identify(src/radar_interfaces) by extension 'ros'
[0.554s] DEBUG:colcon.colcon_core.package_identification:Package 'src/radar_interfaces' with type 'ros.ament_cmake' and name 'radar_interfaces'
[0.554s] Level 1:colcon.colcon_core.package_identification:_identify(static) by extensions ['ignore', 'ignore_ament_install']
[0.555s] Level 1:colcon.colcon_core.package_identification:_identify(static) by extension 'ignore'
[0.555s] Level 1:colcon.colcon_core.package_identification:_identify(static) by extension 'ignore_ament_install'
[0.555s] Level 1:colcon.colcon_core.package_identification:_identify(static) by extensions ['colcon_pkg']
[0.555s] Level 1:colcon.colcon_core.package_identification:_identify(static) by extension 'colcon_pkg'
[0.555s] Level 1:colcon.colcon_core.package_identification:_identify(static) by extensions ['colcon_meta']
[0.555s] Level 1:colcon.colcon_core.package_identification:_identify(static) by extension 'colcon_meta'
[0.555s] Level 1:colcon.colcon_core.package_identification:_identify(static) by extensions ['ros']
[0.555s] Level 1:colcon.colcon_core.package_identification:_identify(static) by extension 'ros'
[0.555s] Level 1:colcon.colcon_core.package_identification:_identify(static) by extensions ['cmake', 'python']
[0.555s] Level 1:colcon.colcon_core.package_identification:_identify(static) by extension 'cmake'
[0.555s] Level 1:colcon.colcon_core.package_identification:_identify(static) by extension 'python'
[0.555s] Level 1:colcon.colcon_core.package_identification:_identify(static) by extensions ['python_setup_py']
[0.555s] Level 1:colcon.colcon_core.package_identification:_identify(static) by extension 'python_setup_py'
[0.555s] Level 1:colcon.colcon_core.package_discovery:discover_packages(recursive) using defaults
[0.556s] Level 1:colcon.colcon_core.package_discovery:discover_packages(ignore) discover
[0.556s] Level 1:colcon.colcon_core.package_discovery:discover_packages(ignore) using defaults
[0.556s] Level 1:colcon.colcon_core.package_discovery:discover_packages(path) discover
[0.556s] Level 1:colcon.colcon_core.package_discovery:discover_packages(path) using defaults
[0.641s] Level 1:colcon.colcon_core.package_discovery:discover_packages(prefix_path) check parameters
[0.641s] Level 1:colcon.colcon_core.package_discovery:discover_packages(prefix_path) discover
[0.707s] DEBUG:colcon.colcon_installed_package_information.package_discovery:Found 2 installed packages in /home/a-baja/abajaws/install
[0.726s] DEBUG:colcon.colcon_installed_package_information.package_discovery:Found 273 installed packages in /opt/ros/humble
[0.734s] Level 1:colcon.colcon_core.package_discovery:discover_packages(prefix_path) using defaults
[0.813s] Level 5:colcon.colcon_core.verb:set package 'radar_interfaces' build argument 'cmake_args' from command line to 'None'
[0.813s] Level 5:colcon.colcon_core.verb:set package 'radar_interfaces' build argument 'cmake_target' from command line to 'None'
[0.813s] Level 5:colcon.colcon_core.verb:set package 'radar_interfaces' build argument 'cmake_target_skip_unavailable' from command line to 'False'
[0.813s] Level 5:colcon.colcon_core.verb:set package 'radar_interfaces' build argument 'cmake_clean_cache' from command line to 'False'
[0.814s] Level 5:colcon.colcon_core.verb:set package 'radar_interfaces' build argument 'cmake_clean_first' from command line to 'False'
[0.814s] Level 5:colcon.colcon_core.verb:set package 'radar_interfaces' build argument 'cmake_force_configure' from command line to 'False'
[0.814s] Level 5:colcon.colcon_core.verb:set package 'radar_interfaces' build argument 'ament_cmake_args' from command line to 'None'
[0.814s] Level 5:colcon.colcon_core.verb:set package 'radar_interfaces' build argument 'catkin_cmake_args' from command line to 'None'
[0.814s] Level 5:colcon.colcon_core.verb:set package 'radar_interfaces' build argument 'catkin_skip_building_tests' from command line to 'False'
[0.814s] DEBUG:colcon.colcon_core.verb:Building package 'radar_interfaces' with the following arguments: {'ament_cmake_args': None, 'build_base': '/home/a-baja/abajaws/build/radar_interfaces', 'catkin_cmake_args': None, 'catkin_skip_building_tests': False, 'cmake_args': None, 'cmake_clean_cache': False, 'cmake_clean_first': False, 'cmake_force_configure': False, 'cmake_target': None, 'cmake_target_skip_unavailable': False, 'install_base': '/home/a-baja/abajaws/install/radar_interfaces', 'merge_install': False, 'path': '/home/a-baja/abajaws/src/radar_interfaces', 'symlink_install': False, 'test_result_base': None}
[0.814s] Level 5:colcon.colcon_core.verb:set package 'a021vehicle' build argument 'cmake_args' from command line to 'None'
[0.814s] Level 5:colcon.colcon_core.verb:set package 'a021vehicle' build argument 'cmake_target' from command line to 'None'
[0.814s] Level 5:colcon.colcon_core.verb:set package 'a021vehicle' build argument 'cmake_target_skip_unavailable' from command line to 'False'
[0.814s] Level 5:colcon.colcon_core.verb:set package 'a021vehicle' build argument 'cmake_clean_cache' from command line to 'False'
[0.814s] Level 5:colcon.colcon_core.verb:set package 'a021vehicle' build argument 'cmake_clean_first' from command line to 'False'
[0.814s] Level 5:colcon.colcon_core.verb:set package 'a021vehicle' build argument 'cmake_force_configure' from command line to 'False'
[0.815s] Level 5:colcon.colcon_core.verb:set package 'a021vehicle' build argument 'ament_cmake_args' from command line to 'None'
[0.815s] Level 5:colcon.colcon_core.verb:set package 'a021vehicle' build argument 'catkin_cmake_args' from command line to 'None'
[0.815s] Level 5:colcon.colcon_core.verb:set package 'a021vehicle' build argument 'catkin_skip_building_tests' from command line to 'False'
[0.815s] DEBUG:colcon.colcon_core.verb:Building package 'a021vehicle' with the following arguments: {'ament_cmake_args': None, 'build_base': '/home/a-baja/abajaws/build/a021vehicle', 'catkin_cmake_args': None, 'catkin_skip_building_tests': False, 'cmake_args': None, 'cmake_clean_cache': False, 'cmake_clean_first': False, 'cmake_force_configure': False, 'cmake_target': None, 'cmake_target_skip_unavailable': False, 'install_base': '/home/a-baja/abajaws/install/a021vehicle', 'merge_install': False, 'path': '/home/a-baja/abajaws/src/a021vehicle', 'symlink_install': False, 'test_result_base': None}
[0.815s] INFO:colcon.colcon_core.executor:Executing jobs using 'parallel' executor
[0.837s] DEBUG:colcon.colcon_parallel_executor.executor.parallel:run_until_complete
[0.838s] INFO:colcon.colcon_ros.task.ament_cmake.build:Building ROS package in '/home/a-baja/abajaws/src/radar_interfaces' with build type 'ament_cmake'
[0.838s] INFO:colcon.colcon_cmake.task.cmake.build:Building CMake package in '/home/a-baja/abajaws/src/radar_interfaces'
[0.841s] INFO:colcon.colcon_core.plugin_system:Skipping extension 'colcon_core.shell.bat': Not used on non-Windows systems
[0.842s] INFO:colcon.colcon_core.shell:Skip shell extension 'powershell' for command environment: Not usable outside of PowerShell
[0.842s] DEBUG:colcon.colcon_core.shell:Skip shell extension 'dsv' for command environment
[0.866s] DEBUG:colcon.colcon_core.event_handler.log_command:Invoking command in '/home/a-baja/abajaws/build/radar_interfaces': CMAKE_PREFIX_PATH=${CMAKE_PREFIX_PATH}:/home/a-baja/abajaws/install/a021vehicle:/opt/ros/humble NX_CONNECTION=192.168.55.100 51844 192.168.55.1 4000 /usr/bin/cmake --build /home/a-baja/abajaws/build/radar_interfaces -- -j6 -l6
[3.392s] DEBUG:colcon.colcon_core.event_handler.log_command:Invoked command in '/home/a-baja/abajaws/build/radar_interfaces' returned '0': CMAKE_PREFIX_PATH=${CMAKE_PREFIX_PATH}:/home/a-baja/abajaws/install/a021vehicle:/opt/ros/humble NX_CONNECTION=192.168.55.100 51844 192.168.55.1 4000 /usr/bin/cmake --build /home/a-baja/abajaws/build/radar_interfaces -- -j6 -l6
[3.411s] DEBUG:colcon.colcon_core.event_handler.log_command:Invoking command in '/home/a-baja/abajaws/build/radar_interfaces': CMAKE_PREFIX_PATH=${CMAKE_PREFIX_PATH}:/home/a-baja/abajaws/install/a021vehicle:/opt/ros/humble NX_CONNECTION=192.168.55.100 51844 192.168.55.1 4000 /usr/bin/cmake --install /home/a-baja/abajaws/build/radar_interfaces
[3.673s] Level 1:colcon.colcon_core.environment:create_environment_scripts_only(radar_interfaces)
[3.678s] Level 1:colcon.colcon_core.environment:checking '/home/a-baja/abajaws/install/radar_interfaces' for CMake module files
[3.679s] Level 1:colcon.colcon_core.environment:checking '/home/a-baja/abajaws/install/radar_interfaces' for CMake config files
[3.680s] Level 1:colcon.colcon_core.shell:create_environment_hook('radar_interfaces', 'cmake_prefix_path')
[3.681s] INFO:colcon.colcon_core.shell:Creating environment hook '/home/a-baja/abajaws/install/radar_interfaces/share/radar_interfaces/hook/cmake_prefix_path.ps1'
[3.682s] INFO:colcon.colcon_core.shell:Creating environment descriptor '/home/a-baja/abajaws/install/radar_interfaces/share/radar_interfaces/hook/cmake_prefix_path.dsv'
[3.683s] DEBUG:colcon.colcon_core.event_handler.log_command:Invoked command in '/home/a-baja/abajaws/build/radar_interfaces' returned '0': CMAKE_PREFIX_PATH=${CMAKE_PREFIX_PATH}:/home/a-baja/abajaws/install/a021vehicle:/opt/ros/humble NX_CONNECTION=192.168.55.100 51844 192.168.55.1 4000 /usr/bin/cmake --install /home/a-baja/abajaws/build/radar_interfaces
[3.684s] INFO:colcon.colcon_core.shell:Creating environment hook '/home/a-baja/abajaws/install/radar_interfaces/share/radar_interfaces/hook/cmake_prefix_path.sh'
[3.686s] Level 1:colcon.colcon_core.environment:checking '/home/a-baja/abajaws/install/radar_interfaces/lib'
[3.686s] Level 1:colcon.colcon_core.shell:create_environment_hook('radar_interfaces', 'ld_library_path_lib')
[3.688s] INFO:colcon.colcon_core.shell:Creating environment hook '/home/a-baja/abajaws/install/radar_interfaces/share/radar_interfaces/hook/ld_library_path_lib.ps1'
[3.692s] INFO:colcon.colcon_core.shell:Creating environment descriptor '/home/a-baja/abajaws/install/radar_interfaces/share/radar_interfaces/hook/ld_library_path_lib.dsv'
[3.693s] INFO:colcon.colcon_core.shell:Creating environment hook '/home/a-baja/abajaws/install/radar_interfaces/share/radar_interfaces/hook/ld_library_path_lib.sh'
[3.693s] Level 1:colcon.colcon_core.environment:checking '/home/a-baja/abajaws/install/radar_interfaces/bin'
[3.693s] Level 1:colcon.colcon_core.environment:checking '/home/a-baja/abajaws/install/radar_interfaces/lib/pkgconfig/radar_interfaces.pc'
[3.694s] Level 1:colcon.colcon_core.environment:checking '/home/a-baja/abajaws/install/radar_interfaces/lib/python3.10/site-packages'
[3.694s] Level 1:colcon.colcon_core.environment:checking '/home/a-baja/abajaws/install/radar_interfaces/bin'
[3.695s] INFO:colcon.colcon_core.shell:Creating package script '/home/a-baja/abajaws/install/radar_interfaces/share/radar_interfaces/package.ps1'
[3.697s] INFO:colcon.colcon_core.shell:Creating package descriptor '/home/a-baja/abajaws/install/radar_interfaces/share/radar_interfaces/package.dsv'
[3.698s] INFO:colcon.colcon_core.shell:Creating package script '/home/a-baja/abajaws/install/radar_interfaces/share/radar_interfaces/package.sh'
[3.699s] INFO:colcon.colcon_core.shell:Creating package script '/home/a-baja/abajaws/install/radar_interfaces/share/radar_interfaces/package.bash'
[3.701s] INFO:colcon.colcon_core.shell:Creating package script '/home/a-baja/abajaws/install/radar_interfaces/share/radar_interfaces/package.zsh'
[3.702s] Level 1:colcon.colcon_core.environment:create_file_with_runtime_dependencies(/home/a-baja/abajaws/install/radar_interfaces/share/colcon-core/packages/radar_interfaces)
[3.703s] Level 1:colcon.colcon_core.environment:create_environment_scripts_only(radar_interfaces)
[3.704s] Level 1:colcon.colcon_core.environment:checking '/home/a-baja/abajaws/install/radar_interfaces' for CMake module files
[3.705s] Level 1:colcon.colcon_core.environment:checking '/home/a-baja/abajaws/install/radar_interfaces' for CMake config files
[3.708s] Level 1:colcon.colcon_core.shell:create_environment_hook('radar_interfaces', 'cmake_prefix_path')
[3.709s] INFO:colcon.colcon_core.shell:Creating environment hook '/home/a-baja/abajaws/install/radar_interfaces/share/radar_interfaces/hook/cmake_prefix_path.ps1'
[3.711s] INFO:colcon.colcon_core.shell:Creating environment descriptor '/home/a-baja/abajaws/install/radar_interfaces/share/radar_interfaces/hook/cmake_prefix_path.dsv'
[3.711s] INFO:colcon.colcon_core.shell:Creating environment hook '/home/a-baja/abajaws/install/radar_interfaces/share/radar_interfaces/hook/cmake_prefix_path.sh'
[3.737s] Level 1:colcon.colcon_core.environment:checking '/home/a-baja/abajaws/install/radar_interfaces/lib'
[3.737s] Level 1:colcon.colcon_core.shell:create_environment_hook('radar_interfaces', 'ld_library_path_lib')
[3.737s] INFO:colcon.colcon_core.shell:Creating environment hook '/home/a-baja/abajaws/install/radar_interfaces/share/radar_interfaces/hook/ld_library_path_lib.ps1'
[3.738s] INFO:colcon.colcon_core.shell:Creating environment descriptor '/home/a-baja/abajaws/install/radar_interfaces/share/radar_interfaces/hook/ld_library_path_lib.dsv'
[3.739s] INFO:colcon.colcon_core.shell:Creating environment hook '/home/a-baja/abajaws/install/radar_interfaces/share/radar_interfaces/hook/ld_library_path_lib.sh'
[3.740s] Level 1:colcon.colcon_core.environment:checking '/home/a-baja/abajaws/install/radar_interfaces/bin'
[3.740s] Level 1:colcon.colcon_core.environment:checking '/home/a-baja/abajaws/install/radar_interfaces/lib/pkgconfig/radar_interfaces.pc'
[3.740s] Level 1:colcon.colcon_core.environment:checking '/home/a-baja/abajaws/install/radar_interfaces/lib/python3.10/site-packages'
[3.741s] Level 1:colcon.colcon_core.environment:checking '/home/a-baja/abajaws/install/radar_interfaces/bin'
[3.742s] INFO:colcon.colcon_core.shell:Creating package script '/home/a-baja/abajaws/install/radar_interfaces/share/radar_interfaces/package.ps1'
[3.743s] INFO:colcon.colcon_core.shell:Creating package descriptor '/home/a-baja/abajaws/install/radar_interfaces/share/radar_interfaces/package.dsv'
[3.745s] INFO:colcon.colcon_core.shell:Creating package script '/home/a-baja/abajaws/install/radar_interfaces/share/radar_interfaces/package.sh'
[3.746s] INFO:colcon.colcon_core.shell:Creating package script '/home/a-baja/abajaws/install/radar_interfaces/share/radar_interfaces/package.bash'
[3.746s] INFO:colcon.colcon_core.shell:Creating package script '/home/a-baja/abajaws/install/radar_interfaces/share/radar_interfaces/package.zsh'
[3.747s] Level 1:colcon.colcon_core.environment:create_file_with_runtime_dependencies(/home/a-baja/abajaws/install/radar_interfaces/share/colcon-core/packages/radar_interfaces)
[3.766s] INFO:colcon.colcon_ros.task.ament_python.build:Building ROS package in '/home/a-baja/abajaws/src/a021vehicle' with build type 'ament_python'
[3.770s] Level 1:colcon.colcon_core.shell:create_environment_hook('a021vehicle', 'ament_prefix_path')
[3.789s] INFO:colcon.colcon_core.shell:Creating environment hook '/home/a-baja/abajaws/install/a021vehicle/share/a021vehicle/hook/ament_prefix_path.ps1'
[3.790s] INFO:colcon.colcon_core.shell:Creating environment descriptor '/home/a-baja/abajaws/install/a021vehicle/share/a021vehicle/hook/ament_prefix_path.dsv'
[3.791s] INFO:colcon.colcon_core.shell:Creating environment hook '/home/a-baja/abajaws/install/a021vehicle/share/a021vehicle/hook/ament_prefix_path.sh'
[3.794s] INFO:colcon.colcon_core.shell:Skip shell extension 'powershell' for command environment: Not usable outside of PowerShell
[3.795s] DEBUG:colcon.colcon_core.shell:Skip shell extension 'dsv' for command environment
[4.881s] INFO:colcon.colcon_core.task.python.build:Building Python package in '/home/a-baja/abajaws/src/a021vehicle'
[4.882s] INFO:colcon.colcon_core.shell:Skip shell extension 'powershell' for command environment: Not usable outside of PowerShell
[4.882s] DEBUG:colcon.colcon_core.shell:Skip shell extension 'dsv' for command environment
[6.144s] DEBUG:colcon.colcon_core.event_handler.log_command:Invoking command in '/home/a-baja/abajaws/src/a021vehicle': LD_LIBRARY_PATH=/home/a-baja/abajaws/install/radar_interfaces/lib:/opt/ros/humble/opt/rviz_ogre_vendor/lib:/opt/ros/humble/lib/aarch64-linux-gnu:/opt/ros/humble/lib:/usr/local/cuda-12.6/lib64 NX_CONNECTION=192.168.55.100 51844 192.168.55.1 4000 PYTHONPATH=/home/a-baja/abajaws/build/a021vehicle/prefix_override:/usr/lib/python3/dist-packages/colcon_core/task/python/colcon_distutils_commands:/home/a-baja/abajaws/install/a021vehicle/lib/python3.10/site-packages:${PYTHONPATH} /usr/bin/python3 -W ignore:setup.py install is deprecated -W ignore:easy_install command is deprecated setup.py egg_info --egg-base ../../build/a021vehicle build --build-base /home/a-baja/abajaws/build/a021vehicle/build install --record /home/a-baja/abajaws/build/a021vehicle/install.log --single-version-externally-managed install_data
[6.737s] Level 1:colcon.colcon_core.environment:checking '/home/a-baja/abajaws/install/a021vehicle' for CMake module files
[6.738s] Level 1:colcon.colcon_core.environment:checking '/home/a-baja/abajaws/install/a021vehicle' for CMake config files
[6.739s] Level 1:colcon.colcon_core.environment:checking '/home/a-baja/abajaws/install/a021vehicle/lib'
[6.740s] Level 1:colcon.colcon_core.environment:checking '/home/a-baja/abajaws/install/a021vehicle/bin'
[6.740s] Level 1:colcon.colcon_core.environment:checking '/home/a-baja/abajaws/install/a021vehicle/lib/pkgconfig/a021vehicle.pc'
[6.740s] Level 1:colcon.colcon_core.environment:checking '/home/a-baja/abajaws/install/a021vehicle/lib/python3.10/site-packages'
[6.740s] Level 1:colcon.colcon_core.shell:create_environment_hook('a021vehicle', 'pythonpath')
[6.741s] INFO:colcon.colcon_core.shell:Creating environment hook '/home/a-baja/abajaws/install/a021vehicle/share/a021vehicle/hook/pythonpath.ps1'
[6.742s] INFO:colcon.colcon_core.shell:Creating environment descriptor '/home/a-baja/abajaws/install/a021vehicle/share/a021vehicle/hook/pythonpath.dsv'
[6.742s] DEBUG:colcon.colcon_core.event_handler.log_command:Invoked command in '/home/a-baja/abajaws/src/a021vehicle' returned '0': LD_LIBRARY_PATH=/home/a-baja/abajaws/install/radar_interfaces/lib:/opt/ros/humble/opt/rviz_ogre_vendor/lib:/opt/ros/humble/lib/aarch64-linux-gnu:/opt/ros/humble/lib:/usr/local/cuda-12.6/lib64 NX_CONNECTION=192.168.55.100 51844 192.168.55.1 4000 PYTHONPATH=/home/a-baja/abajaws/build/a021vehicle/prefix_override:/usr/lib/python3/dist-packages/colcon_core/task/python/colcon_distutils_commands:/home/a-baja/abajaws/install/a021vehicle/lib/python3.10/site-packages:${PYTHONPATH} /usr/bin/python3 -W ignore:setup.py install is deprecated -W ignore:easy_install command is deprecated setup.py egg_info --egg-base ../../build/a021vehicle build --build-base /home/a-baja/abajaws/build/a021vehicle/build install --record /home/a-baja/abajaws/build/a021vehicle/install.log --single-version-externally-managed install_data
[6.743s] INFO:colcon.colcon_core.shell:Creating environment hook '/home/a-baja/abajaws/install/a021vehicle/share/a021vehicle/hook/pythonpath.sh'
[6.744s] Level 1:colcon.colcon_core.environment:checking '/home/a-baja/abajaws/install/a021vehicle/bin'
[6.744s] Level 1:colcon.colcon_core.environment:create_environment_scripts_only(a021vehicle)
[6.745s] INFO:colcon.colcon_core.shell:Creating package script '/home/a-baja/abajaws/install/a021vehicle/share/a021vehicle/package.ps1'
[6.746s] INFO:colcon.colcon_core.shell:Creating package descriptor '/home/a-baja/abajaws/install/a021vehicle/share/a021vehicle/package.dsv'
[6.748s] INFO:colcon.colcon_core.shell:Creating package script '/home/a-baja/abajaws/install/a021vehicle/share/a021vehicle/package.sh'
[6.749s] INFO:colcon.colcon_core.shell:Creating package script '/home/a-baja/abajaws/install/a021vehicle/share/a021vehicle/package.bash'
[6.756s] INFO:colcon.colcon_core.shell:Creating package script '/home/a-baja/abajaws/install/a021vehicle/share/a021vehicle/package.zsh'
[6.757s] Level 1:colcon.colcon_core.environment:create_file_with_runtime_dependencies(/home/a-baja/abajaws/install/a021vehicle/share/colcon-core/packages/a021vehicle)
[6.776s] DEBUG:colcon.colcon_parallel_executor.executor.parallel:closing loop
[6.778s] DEBUG:colcon.colcon_parallel_executor.executor.parallel:loop closed
[6.778s] DEBUG:colcon.colcon_parallel_executor.executor.parallel:run_until_complete finished with '0'
[6.778s] DEBUG:colcon.colcon_core.event_reactor:joining thread
[6.791s] INFO:colcon.colcon_core.plugin_system:Skipping extension 'colcon_notification.desktop_notification.terminal_notifier': Not used on non-Darwin systems
[6.792s] INFO:colcon.colcon_core.plugin_system:Skipping extension 'colcon_notification.desktop_notification.win32': Not used on non-Windows systems
[6.793s] INFO:colcon.colcon_notification.desktop_notification:Sending desktop notification using 'notify2'
[6.822s] DEBUG:colcon.colcon_core.event_reactor:joined thread
[6.823s] INFO:colcon.colcon_core.shell:Creating prefix script '/home/a-baja/abajaws/install/local_setup.ps1'
[6.825s] INFO:colcon.colcon_core.shell:Creating prefix util module '/home/a-baja/abajaws/install/_local_setup_util_ps1.py'
[6.827s] INFO:colcon.colcon_core.shell:Creating prefix chain script '/home/a-baja/abajaws/install/setup.ps1'
[6.829s] INFO:colcon.colcon_core.shell:Creating prefix script '/home/a-baja/abajaws/install/local_setup.sh'
[6.829s] INFO:colcon.colcon_core.shell:Creating prefix util module '/home/a-baja/abajaws/install/_local_setup_util_sh.py'
[6.830s] INFO:colcon.colcon_core.shell:Creating prefix chain script '/home/a-baja/abajaws/install/setup.sh'
[6.832s] INFO:colcon.colcon_core.shell:Creating prefix script '/home/a-baja/abajaws/install/local_setup.bash'
[6.834s] INFO:colcon.colcon_core.shell:Creating prefix chain script '/home/a-baja/abajaws/install/setup.bash'
[6.836s] INFO:colcon.colcon_core.shell:Creating prefix script '/home/a-baja/abajaws/install/local_setup.zsh'
[6.837s] INFO:colcon.colcon_core.shell:Creating prefix chain script '/home/a-baja/abajaws/install/setup.zsh'
