[0.297s] DEBUG:colcon:Command line arguments: ['/usr/bin/colcon', 'build', '--symlink-install']
[0.297s] DEBUG:colcon:Parsed command line arguments: Namespace(log_base=None, log_level=None, verb_name='build', build_base='build', install_base='install', merge_install=False, symlink_install=True, test_result_base=None, continue_on_error=False, executor='parallel', parallel_workers=6, event_handlers=None, ignore_user_meta=False, metas=['./colcon.meta'], base_paths=['.'], packages_ignore=None, packages_ignore_regex=None, paths=None, packages_up_to=None, packages_up_to_regex=None, packages_above=None, packages_above_and_dependencies=None, packages_above_depth=None, packages_select_by_dep=None, packages_skip_by_dep=None, packages_skip_up_to=None, packages_select_build_failed=False, packages_skip_build_finished=False, packages_select_test_failures=False, packages_skip_test_passed=False, packages_select=None, packages_skip=None, packages_select_regex=None, packages_skip_regex=None, packages_start=None, packages_end=None, allow_overriding=[], cmake_args=None, cmake_target=None, cmake_target_skip_unavailable=False, cmake_clean_cache=False, cmake_clean_first=False, cmake_force_configure=False, ament_cmake_args=None, catkin_cmake_args=None, catkin_skip_building_tests=False, verb_parser=<colcon_defaults.argument_parser.defaults.DefaultArgumentsDecorator object at 0xffffa3bf4400>, verb_extension=<colcon_core.verb.build.BuildVerb object at 0xffffa3bbff70>, main=<bound method BuildVerb.main of <colcon_core.verb.build.BuildVerb object at 0xffffa3bbff70>>)
[0.625s] Level 1:colcon.colcon_core.package_discovery:discover_packages(colcon_meta) check parameters
[0.625s] Level 1:colcon.colcon_core.package_discovery:discover_packages(recursive) check parameters
[0.625s] Level 1:colcon.colcon_core.package_discovery:discover_packages(ignore) check parameters
[0.625s] Level 1:colcon.colcon_core.package_discovery:discover_packages(path) check parameters
[0.625s] Level 1:colcon.colcon_core.package_discovery:discover_packages(colcon_meta) discover
[0.625s] Level 1:colcon.colcon_core.package_discovery:discover_packages(recursive) discover
[0.626s] INFO:colcon.colcon_core.package_discovery:Crawling recursively for packages in '/home/a-baja/abajaws'
[0.626s] Level 1:colcon.colcon_core.package_identification:_identify(.) by extensions ['ignore', 'ignore_ament_install']
[0.626s] Level 1:colcon.colcon_core.package_identification:_identify(.) by extension 'ignore'
[0.626s] Level 1:colcon.colcon_core.package_identification:_identify(.) by extension 'ignore_ament_install'
[0.626s] Level 1:colcon.colcon_core.package_identification:_identify(.) by extensions ['colcon_pkg']
[0.626s] Level 1:colcon.colcon_core.package_identification:_identify(.) by extension 'colcon_pkg'
[0.626s] Level 1:colcon.colcon_core.package_identification:_identify(.) by extensions ['colcon_meta']
[0.626s] Level 1:colcon.colcon_core.package_identification:_identify(.) by extension 'colcon_meta'
[0.626s] Level 1:colcon.colcon_core.package_identification:_identify(.) by extensions ['ros']
[0.626s] Level 1:colcon.colcon_core.package_identification:_identify(.) by extension 'ros'
[0.647s] Level 1:colcon.colcon_core.package_identification:_identify(.) by extensions ['cmake', 'python']
[0.647s] Level 1:colcon.colcon_core.package_identification:_identify(.) by extension 'cmake'
[0.647s] Level 1:colcon.colcon_core.package_identification:_identify(.) by extension 'python'
[0.647s] Level 1:colcon.colcon_core.package_identification:_identify(.) by extensions ['python_setup_py']
[0.647s] Level 1:colcon.colcon_core.package_identification:_identify(.) by extension 'python_setup_py'
[0.648s] Level 1:colcon.colcon_core.package_identification:_identify(build) by extensions ['ignore', 'ignore_ament_install']
[0.648s] Level 1:colcon.colcon_core.package_identification:_identify(build) by extension 'ignore'
[0.648s] Level 1:colcon.colcon_core.package_identification:_identify(build) ignored
[0.648s] Level 1:colcon.colcon_core.package_identification:_identify(install) by extensions ['ignore', 'ignore_ament_install']
[0.648s] Level 1:colcon.colcon_core.package_identification:_identify(install) by extension 'ignore'
[0.648s] Level 1:colcon.colcon_core.package_identification:_identify(install) ignored
[0.648s] Level 1:colcon.colcon_core.package_identification:_identify(log) by extensions ['ignore', 'ignore_ament_install']
[0.649s] Level 1:colcon.colcon_core.package_identification:_identify(log) by extension 'ignore'
[0.649s] Level 1:colcon.colcon_core.package_identification:_identify(log) ignored
[0.649s] Level 1:colcon.colcon_core.package_identification:_identify(src) by extensions ['ignore', 'ignore_ament_install']
[0.649s] Level 1:colcon.colcon_core.package_identification:_identify(src) by extension 'ignore'
[0.649s] Level 1:colcon.colcon_core.package_identification:_identify(src) by extension 'ignore_ament_install'
[0.649s] Level 1:colcon.colcon_core.package_identification:_identify(src) by extensions ['colcon_pkg']
[0.649s] Level 1:colcon.colcon_core.package_identification:_identify(src) by extension 'colcon_pkg'
[0.649s] Level 1:colcon.colcon_core.package_identification:_identify(src) by extensions ['colcon_meta']
[0.649s] Level 1:colcon.colcon_core.package_identification:_identify(src) by extension 'colcon_meta'
[0.649s] Level 1:colcon.colcon_core.package_identification:_identify(src) by extensions ['ros']
[0.650s] Level 1:colcon.colcon_core.package_identification:_identify(src) by extension 'ros'
[0.650s] Level 1:colcon.colcon_core.package_identification:_identify(src) by extensions ['cmake', 'python']
[0.650s] Level 1:colcon.colcon_core.package_identification:_identify(src) by extension 'cmake'
[0.650s] Level 1:colcon.colcon_core.package_identification:_identify(src) by extension 'python'
[0.650s] Level 1:colcon.colcon_core.package_identification:_identify(src) by extensions ['python_setup_py']
[0.650s] Level 1:colcon.colcon_core.package_identification:_identify(src) by extension 'python_setup_py'
[0.650s] Level 1:colcon.colcon_core.package_identification:_identify(src/a021vehicle) by extensions ['ignore', 'ignore_ament_install']
[0.650s] Level 1:colcon.colcon_core.package_identification:_identify(src/a021vehicle) by extension 'ignore'
[0.650s] Level 1:colcon.colcon_core.package_identification:_identify(src/a021vehicle) by extension 'ignore_ament_install'
[0.650s] Level 1:colcon.colcon_core.package_identification:_identify(src/a021vehicle) by extensions ['colcon_pkg']
[0.650s] Level 1:colcon.colcon_core.package_identification:_identify(src/a021vehicle) by extension 'colcon_pkg'
[0.651s] Level 1:colcon.colcon_core.package_identification:_identify(src/a021vehicle) by extensions ['colcon_meta']
[0.651s] Level 1:colcon.colcon_core.package_identification:_identify(src/a021vehicle) by extension 'colcon_meta'
[0.651s] Level 1:colcon.colcon_core.package_identification:_identify(src/a021vehicle) by extensions ['ros']
[0.651s] Level 1:colcon.colcon_core.package_identification:_identify(src/a021vehicle) by extension 'ros'
[0.655s] DEBUG:colcon.colcon_core.package_identification:Package 'src/a021vehicle' with type 'ros.ament_python' and name 'a021vehicle'
[0.655s] Level 1:colcon.colcon_core.package_identification:_identify(src/radar_interfaces) by extensions ['ignore', 'ignore_ament_install']
[0.655s] Level 1:colcon.colcon_core.package_identification:_identify(src/radar_interfaces) by extension 'ignore'
[0.656s] Level 1:colcon.colcon_core.package_identification:_identify(src/radar_interfaces) by extension 'ignore_ament_install'
[0.656s] Level 1:colcon.colcon_core.package_identification:_identify(src/radar_interfaces) by extensions ['colcon_pkg']
[0.656s] Level 1:colcon.colcon_core.package_identification:_identify(src/radar_interfaces) by extension 'colcon_pkg'
[0.656s] Level 1:colcon.colcon_core.package_identification:_identify(src/radar_interfaces) by extensions ['colcon_meta']
[0.656s] Level 1:colcon.colcon_core.package_identification:_identify(src/radar_interfaces) by extension 'colcon_meta'
[0.656s] Level 1:colcon.colcon_core.package_identification:_identify(src/radar_interfaces) by extensions ['ros']
[0.656s] Level 1:colcon.colcon_core.package_identification:_identify(src/radar_interfaces) by extension 'ros'
[0.657s] DEBUG:colcon.colcon_core.package_identification:Package 'src/radar_interfaces' with type 'ros.ament_cmake' and name 'radar_interfaces'
[0.657s] Level 1:colcon.colcon_core.package_discovery:discover_packages(recursive) using defaults
[0.657s] Level 1:colcon.colcon_core.package_discovery:discover_packages(ignore) discover
[0.657s] Level 1:colcon.colcon_core.package_discovery:discover_packages(ignore) using defaults
[0.657s] Level 1:colcon.colcon_core.package_discovery:discover_packages(path) discover
[0.658s] Level 1:colcon.colcon_core.package_discovery:discover_packages(path) using defaults
[0.698s] Level 1:colcon.colcon_core.package_discovery:discover_packages(prefix_path) check parameters
[0.698s] Level 1:colcon.colcon_core.package_discovery:discover_packages(prefix_path) discover
[0.728s] DEBUG:colcon.colcon_installed_package_information.package_discovery:Found 2 installed packages in /home/a-baja/abajaws/install
[0.730s] DEBUG:colcon.colcon_installed_package_information.package_discovery:Found 273 installed packages in /opt/ros/humble
[0.732s] Level 1:colcon.colcon_core.package_discovery:discover_packages(prefix_path) using defaults
[0.791s] Level 5:colcon.colcon_core.verb:set package 'radar_interfaces' build argument 'cmake_args' from command line to 'None'
[0.791s] Level 5:colcon.colcon_core.verb:set package 'radar_interfaces' build argument 'cmake_target' from command line to 'None'
[0.791s] Level 5:colcon.colcon_core.verb:set package 'radar_interfaces' build argument 'cmake_target_skip_unavailable' from command line to 'False'
[0.791s] Level 5:colcon.colcon_core.verb:set package 'radar_interfaces' build argument 'cmake_clean_cache' from command line to 'False'
[0.791s] Level 5:colcon.colcon_core.verb:set package 'radar_interfaces' build argument 'cmake_clean_first' from command line to 'False'
[0.791s] Level 5:colcon.colcon_core.verb:set package 'radar_interfaces' build argument 'cmake_force_configure' from command line to 'False'
[0.791s] Level 5:colcon.colcon_core.verb:set package 'radar_interfaces' build argument 'ament_cmake_args' from command line to 'None'
[0.791s] Level 5:colcon.colcon_core.verb:set package 'radar_interfaces' build argument 'catkin_cmake_args' from command line to 'None'
[0.791s] Level 5:colcon.colcon_core.verb:set package 'radar_interfaces' build argument 'catkin_skip_building_tests' from command line to 'False'
[0.791s] DEBUG:colcon.colcon_core.verb:Building package 'radar_interfaces' with the following arguments: {'ament_cmake_args': None, 'build_base': '/home/a-baja/abajaws/build/radar_interfaces', 'catkin_cmake_args': None, 'catkin_skip_building_tests': False, 'cmake_args': None, 'cmake_clean_cache': False, 'cmake_clean_first': False, 'cmake_force_configure': False, 'cmake_target': None, 'cmake_target_skip_unavailable': False, 'install_base': '/home/a-baja/abajaws/install/radar_interfaces', 'merge_install': False, 'path': '/home/a-baja/abajaws/src/radar_interfaces', 'symlink_install': True, 'test_result_base': None}
[0.792s] Level 5:colcon.colcon_core.verb:set package 'a021vehicle' build argument 'cmake_args' from command line to 'None'
[0.792s] Level 5:colcon.colcon_core.verb:set package 'a021vehicle' build argument 'cmake_target' from command line to 'None'
[0.792s] Level 5:colcon.colcon_core.verb:set package 'a021vehicle' build argument 'cmake_target_skip_unavailable' from command line to 'False'
[0.792s] Level 5:colcon.colcon_core.verb:set package 'a021vehicle' build argument 'cmake_clean_cache' from command line to 'False'
[0.792s] Level 5:colcon.colcon_core.verb:set package 'a021vehicle' build argument 'cmake_clean_first' from command line to 'False'
[0.792s] Level 5:colcon.colcon_core.verb:set package 'a021vehicle' build argument 'cmake_force_configure' from command line to 'False'
[0.792s] Level 5:colcon.colcon_core.verb:set package 'a021vehicle' build argument 'ament_cmake_args' from command line to 'None'
[0.792s] Level 5:colcon.colcon_core.verb:set package 'a021vehicle' build argument 'catkin_cmake_args' from command line to 'None'
[0.792s] Level 5:colcon.colcon_core.verb:set package 'a021vehicle' build argument 'catkin_skip_building_tests' from command line to 'False'
[0.792s] DEBUG:colcon.colcon_core.verb:Building package 'a021vehicle' with the following arguments: {'ament_cmake_args': None, 'build_base': '/home/a-baja/abajaws/build/a021vehicle', 'catkin_cmake_args': None, 'catkin_skip_building_tests': False, 'cmake_args': None, 'cmake_clean_cache': False, 'cmake_clean_first': False, 'cmake_force_configure': False, 'cmake_target': None, 'cmake_target_skip_unavailable': False, 'install_base': '/home/a-baja/abajaws/install/a021vehicle', 'merge_install': False, 'path': '/home/a-baja/abajaws/src/a021vehicle', 'symlink_install': True, 'test_result_base': None}
[0.792s] INFO:colcon.colcon_core.executor:Executing jobs using 'parallel' executor
[0.794s] DEBUG:colcon.colcon_parallel_executor.executor.parallel:run_until_complete
[0.795s] INFO:colcon.colcon_ros.task.ament_cmake.build:Building ROS package in '/home/a-baja/abajaws/src/radar_interfaces' with build type 'ament_cmake'
[0.795s] INFO:colcon.colcon_cmake.task.cmake.build:Building CMake package in '/home/a-baja/abajaws/src/radar_interfaces'
[0.801s] INFO:colcon.colcon_core.plugin_system:Skipping extension 'colcon_core.shell.bat': Not used on non-Windows systems
[0.801s] INFO:colcon.colcon_core.shell:Skip shell extension 'powershell' for command environment: Not usable outside of PowerShell
[0.801s] DEBUG:colcon.colcon_core.shell:Skip shell extension 'dsv' for command environment
[0.815s] DEBUG:colcon.colcon_core.event_handler.log_command:Invoking command in '/home/a-baja/abajaws/build/radar_interfaces': CMAKE_PREFIX_PATH=${CMAKE_PREFIX_PATH}:/home/a-baja/abajaws/install/a021vehicle:/opt/ros/humble /usr/bin/cmake --build /home/a-baja/abajaws/build/radar_interfaces -- -j6 -l6
[1.480s] DEBUG:colcon.colcon_core.event_handler.log_command:Invoked command in '/home/a-baja/abajaws/build/radar_interfaces' returned '0': CMAKE_PREFIX_PATH=${CMAKE_PREFIX_PATH}:/home/a-baja/abajaws/install/a021vehicle:/opt/ros/humble /usr/bin/cmake --build /home/a-baja/abajaws/build/radar_interfaces -- -j6 -l6
[1.501s] DEBUG:colcon.colcon_core.event_handler.log_command:Invoking command in '/home/a-baja/abajaws/build/radar_interfaces': CMAKE_PREFIX_PATH=${CMAKE_PREFIX_PATH}:/home/a-baja/abajaws/install/a021vehicle:/opt/ros/humble /usr/bin/cmake --install /home/a-baja/abajaws/build/radar_interfaces
[1.633s] Level 1:colcon.colcon_core.environment:create_environment_scripts_only(radar_interfaces)
[1.634s] DEBUG:colcon.colcon_core.event_handler.log_command:Invoked command in '/home/a-baja/abajaws/build/radar_interfaces' returned '0': CMAKE_PREFIX_PATH=${CMAKE_PREFIX_PATH}:/home/a-baja/abajaws/install/a021vehicle:/opt/ros/humble /usr/bin/cmake --install /home/a-baja/abajaws/build/radar_interfaces
[1.641s] Level 1:colcon.colcon_core.environment:checking '/home/a-baja/abajaws/install/radar_interfaces' for CMake module files
[1.642s] Level 1:colcon.colcon_core.environment:checking '/home/a-baja/abajaws/install/radar_interfaces' for CMake config files
[1.644s] Level 1:colcon.colcon_core.shell:create_environment_hook('radar_interfaces', 'cmake_prefix_path')
[1.644s] INFO:colcon.colcon_core.shell:Creating environment hook '/home/a-baja/abajaws/install/radar_interfaces/share/radar_interfaces/hook/cmake_prefix_path.ps1'
[1.646s] INFO:colcon.colcon_core.shell:Creating environment descriptor '/home/a-baja/abajaws/install/radar_interfaces/share/radar_interfaces/hook/cmake_prefix_path.dsv'
[1.647s] INFO:colcon.colcon_core.shell:Creating environment hook '/home/a-baja/abajaws/install/radar_interfaces/share/radar_interfaces/hook/cmake_prefix_path.sh'
[1.649s] Level 1:colcon.colcon_core.environment:checking '/home/a-baja/abajaws/install/radar_interfaces/lib'
[1.649s] Level 1:colcon.colcon_core.shell:create_environment_hook('radar_interfaces', 'ld_library_path_lib')
[1.649s] INFO:colcon.colcon_core.shell:Creating environment hook '/home/a-baja/abajaws/install/radar_interfaces/share/radar_interfaces/hook/ld_library_path_lib.ps1'
[1.650s] INFO:colcon.colcon_core.shell:Creating environment descriptor '/home/a-baja/abajaws/install/radar_interfaces/share/radar_interfaces/hook/ld_library_path_lib.dsv'
[1.651s] INFO:colcon.colcon_core.shell:Creating environment hook '/home/a-baja/abajaws/install/radar_interfaces/share/radar_interfaces/hook/ld_library_path_lib.sh'
[1.651s] Level 1:colcon.colcon_core.environment:checking '/home/a-baja/abajaws/install/radar_interfaces/bin'
[1.651s] Level 1:colcon.colcon_core.environment:checking '/home/a-baja/abajaws/install/radar_interfaces/lib/pkgconfig/radar_interfaces.pc'
[1.652s] Level 1:colcon.colcon_core.environment:checking '/home/a-baja/abajaws/install/radar_interfaces/lib/python3.10/site-packages'
[1.652s] Level 1:colcon.colcon_core.environment:checking '/home/a-baja/abajaws/install/radar_interfaces/bin'
[1.653s] INFO:colcon.colcon_core.shell:Creating package script '/home/a-baja/abajaws/install/radar_interfaces/share/radar_interfaces/package.ps1'
[1.655s] INFO:colcon.colcon_core.shell:Creating package descriptor '/home/a-baja/abajaws/install/radar_interfaces/share/radar_interfaces/package.dsv'
[1.656s] INFO:colcon.colcon_core.shell:Creating package script '/home/a-baja/abajaws/install/radar_interfaces/share/radar_interfaces/package.sh'
[1.658s] INFO:colcon.colcon_core.shell:Creating package script '/home/a-baja/abajaws/install/radar_interfaces/share/radar_interfaces/package.bash'
[1.659s] INFO:colcon.colcon_core.shell:Creating package script '/home/a-baja/abajaws/install/radar_interfaces/share/radar_interfaces/package.zsh'
[1.661s] Level 1:colcon.colcon_core.environment:create_file_with_runtime_dependencies(/home/a-baja/abajaws/install/radar_interfaces/share/colcon-core/packages/radar_interfaces)
[1.662s] Level 1:colcon.colcon_core.environment:create_environment_scripts_only(radar_interfaces)
[1.662s] Level 1:colcon.colcon_core.environment:checking '/home/a-baja/abajaws/install/radar_interfaces' for CMake module files
[1.663s] Level 1:colcon.colcon_core.environment:checking '/home/a-baja/abajaws/install/radar_interfaces' for CMake config files
[1.665s] Level 1:colcon.colcon_core.shell:create_environment_hook('radar_interfaces', 'cmake_prefix_path')
[1.666s] INFO:colcon.colcon_core.shell:Creating environment hook '/home/a-baja/abajaws/install/radar_interfaces/share/radar_interfaces/hook/cmake_prefix_path.ps1'
[1.666s] INFO:colcon.colcon_core.shell:Creating environment descriptor '/home/a-baja/abajaws/install/radar_interfaces/share/radar_interfaces/hook/cmake_prefix_path.dsv'
[1.667s] INFO:colcon.colcon_core.shell:Creating environment hook '/home/a-baja/abajaws/install/radar_interfaces/share/radar_interfaces/hook/cmake_prefix_path.sh'
[1.668s] Level 1:colcon.colcon_core.environment:checking '/home/a-baja/abajaws/install/radar_interfaces/lib'
[1.668s] Level 1:colcon.colcon_core.shell:create_environment_hook('radar_interfaces', 'ld_library_path_lib')
[1.668s] INFO:colcon.colcon_core.shell:Creating environment hook '/home/a-baja/abajaws/install/radar_interfaces/share/radar_interfaces/hook/ld_library_path_lib.ps1'
[1.669s] INFO:colcon.colcon_core.shell:Creating environment descriptor '/home/a-baja/abajaws/install/radar_interfaces/share/radar_interfaces/hook/ld_library_path_lib.dsv'
[1.670s] INFO:colcon.colcon_core.shell:Creating environment hook '/home/a-baja/abajaws/install/radar_interfaces/share/radar_interfaces/hook/ld_library_path_lib.sh'
[1.670s] Level 1:colcon.colcon_core.environment:checking '/home/a-baja/abajaws/install/radar_interfaces/bin'
[1.670s] Level 1:colcon.colcon_core.environment:checking '/home/a-baja/abajaws/install/radar_interfaces/lib/pkgconfig/radar_interfaces.pc'
[1.671s] Level 1:colcon.colcon_core.environment:checking '/home/a-baja/abajaws/install/radar_interfaces/lib/python3.10/site-packages'
[1.671s] Level 1:colcon.colcon_core.environment:checking '/home/a-baja/abajaws/install/radar_interfaces/bin'
[1.672s] INFO:colcon.colcon_core.shell:Creating package script '/home/a-baja/abajaws/install/radar_interfaces/share/radar_interfaces/package.ps1'
[1.673s] INFO:colcon.colcon_core.shell:Creating package descriptor '/home/a-baja/abajaws/install/radar_interfaces/share/radar_interfaces/package.dsv'
[1.674s] INFO:colcon.colcon_core.shell:Creating package script '/home/a-baja/abajaws/install/radar_interfaces/share/radar_interfaces/package.sh'
[1.675s] INFO:colcon.colcon_core.shell:Creating package script '/home/a-baja/abajaws/install/radar_interfaces/share/radar_interfaces/package.bash'
[1.676s] INFO:colcon.colcon_core.shell:Creating package script '/home/a-baja/abajaws/install/radar_interfaces/share/radar_interfaces/package.zsh'
[1.676s] Level 1:colcon.colcon_core.environment:create_file_with_runtime_dependencies(/home/a-baja/abajaws/install/radar_interfaces/share/colcon-core/packages/radar_interfaces)
[1.677s] INFO:colcon.colcon_ros.task.ament_python.build:Building ROS package in '/home/a-baja/abajaws/src/a021vehicle' with build type 'ament_python'
[1.677s] Level 1:colcon.colcon_core.shell:create_environment_hook('a021vehicle', 'ament_prefix_path')
[1.678s] INFO:colcon.colcon_core.shell:Creating environment hook '/home/a-baja/abajaws/install/a021vehicle/share/a021vehicle/hook/ament_prefix_path.ps1'
[1.679s] INFO:colcon.colcon_core.shell:Creating environment descriptor '/home/a-baja/abajaws/install/a021vehicle/share/a021vehicle/hook/ament_prefix_path.dsv'
[1.680s] INFO:colcon.colcon_core.shell:Creating environment hook '/home/a-baja/abajaws/install/a021vehicle/share/a021vehicle/hook/ament_prefix_path.sh'
[1.681s] INFO:colcon.colcon_core.shell:Skip shell extension 'powershell' for command environment: Not usable outside of PowerShell
[1.681s] DEBUG:colcon.colcon_core.shell:Skip shell extension 'dsv' for command environment
[2.117s] INFO:colcon.colcon_core.task.python.build:Building Python package in '/home/a-baja/abajaws/src/a021vehicle'
[2.118s] INFO:colcon.colcon_core.shell:Skip shell extension 'powershell' for command environment: Not usable outside of PowerShell
[2.118s] DEBUG:colcon.colcon_core.shell:Skip shell extension 'dsv' for command environment
[2.820s] DEBUG:colcon.colcon_core.event_handler.log_command:Invoking command in '/home/a-baja/abajaws/build/a021vehicle': LD_LIBRARY_PATH=/home/a-baja/abajaws/install/radar_interfaces/lib:/opt/ros/humble/opt/rviz_ogre_vendor/lib:/opt/ros/humble/lib/aarch64-linux-gnu:/opt/ros/humble/lib:/usr/local/cuda-12.6/lib64 PYTHONPATH=/home/a-baja/abajaws/build/a021vehicle/prefix_override:/usr/lib/python3/dist-packages/colcon_core/task/python/colcon_distutils_commands:/home/a-baja/abajaws/install/a021vehicle/lib/python3.10/site-packages:${PYTHONPATH} /usr/bin/python3 -W ignore:setup.py install is deprecated -W ignore:easy_install command is deprecated setup.py develop --editable --build-directory /home/a-baja/abajaws/build/a021vehicle/build --no-deps symlink_data
[3.722s] Level 1:colcon.colcon_core.shell:create_environment_hook('a021vehicle', 'pythonpath_develop')
[3.723s] INFO:colcon.colcon_core.shell:Creating environment hook '/home/a-baja/abajaws/build/a021vehicle/share/a021vehicle/hook/pythonpath_develop.ps1'
[3.723s] DEBUG:colcon.colcon_core.event_handler.log_command:Invoked command in '/home/a-baja/abajaws/build/a021vehicle' returned '0': LD_LIBRARY_PATH=/home/a-baja/abajaws/install/radar_interfaces/lib:/opt/ros/humble/opt/rviz_ogre_vendor/lib:/opt/ros/humble/lib/aarch64-linux-gnu:/opt/ros/humble/lib:/usr/local/cuda-12.6/lib64 PYTHONPATH=/home/a-baja/abajaws/build/a021vehicle/prefix_override:/usr/lib/python3/dist-packages/colcon_core/task/python/colcon_distutils_commands:/home/a-baja/abajaws/install/a021vehicle/lib/python3.10/site-packages:${PYTHONPATH} /usr/bin/python3 -W ignore:setup.py install is deprecated -W ignore:easy_install command is deprecated setup.py develop --editable --build-directory /home/a-baja/abajaws/build/a021vehicle/build --no-deps symlink_data
[3.724s] INFO:colcon.colcon_core.shell:Creating environment descriptor '/home/a-baja/abajaws/build/a021vehicle/share/a021vehicle/hook/pythonpath_develop.dsv'
[3.725s] INFO:colcon.colcon_core.shell:Creating environment hook '/home/a-baja/abajaws/build/a021vehicle/share/a021vehicle/hook/pythonpath_develop.sh'
[3.726s] Level 1:colcon.colcon_core.environment:checking '/home/a-baja/abajaws/install/a021vehicle' for CMake module files
[3.727s] Level 1:colcon.colcon_core.environment:checking '/home/a-baja/abajaws/install/a021vehicle' for CMake config files
[3.728s] Level 1:colcon.colcon_core.environment:checking '/home/a-baja/abajaws/install/a021vehicle/lib'
[3.728s] Level 1:colcon.colcon_core.environment:checking '/home/a-baja/abajaws/install/a021vehicle/bin'
[3.728s] Level 1:colcon.colcon_core.environment:checking '/home/a-baja/abajaws/install/a021vehicle/lib/pkgconfig/a021vehicle.pc'
[3.728s] Level 1:colcon.colcon_core.environment:checking '/home/a-baja/abajaws/install/a021vehicle/lib/python3.10/site-packages'
[3.728s] Level 1:colcon.colcon_core.shell:create_environment_hook('a021vehicle', 'pythonpath')
[3.729s] INFO:colcon.colcon_core.shell:Creating environment hook '/home/a-baja/abajaws/install/a021vehicle/share/a021vehicle/hook/pythonpath.ps1'
[3.730s] INFO:colcon.colcon_core.shell:Creating environment descriptor '/home/a-baja/abajaws/install/a021vehicle/share/a021vehicle/hook/pythonpath.dsv'
[3.730s] INFO:colcon.colcon_core.shell:Creating environment hook '/home/a-baja/abajaws/install/a021vehicle/share/a021vehicle/hook/pythonpath.sh'
[3.731s] Level 1:colcon.colcon_core.environment:checking '/home/a-baja/abajaws/install/a021vehicle/bin'
[3.731s] Level 1:colcon.colcon_core.environment:create_environment_scripts_only(a021vehicle)
[3.732s] INFO:colcon.colcon_core.shell:Creating package script '/home/a-baja/abajaws/install/a021vehicle/share/a021vehicle/package.ps1'
[3.733s] INFO:colcon.colcon_core.shell:Creating package descriptor '/home/a-baja/abajaws/install/a021vehicle/share/a021vehicle/package.dsv'
[3.734s] INFO:colcon.colcon_core.shell:Creating package script '/home/a-baja/abajaws/install/a021vehicle/share/a021vehicle/package.sh'
[3.735s] INFO:colcon.colcon_core.shell:Creating package script '/home/a-baja/abajaws/install/a021vehicle/share/a021vehicle/package.bash'
[3.736s] INFO:colcon.colcon_core.shell:Creating package script '/home/a-baja/abajaws/install/a021vehicle/share/a021vehicle/package.zsh'
[3.736s] Level 1:colcon.colcon_core.environment:create_file_with_runtime_dependencies(/home/a-baja/abajaws/install/a021vehicle/share/colcon-core/packages/a021vehicle)
[3.737s] DEBUG:colcon.colcon_parallel_executor.executor.parallel:closing loop
[3.738s] DEBUG:colcon.colcon_parallel_executor.executor.parallel:loop closed
[3.738s] DEBUG:colcon.colcon_parallel_executor.executor.parallel:run_until_complete finished with '0'
[3.738s] DEBUG:colcon.colcon_core.event_reactor:joining thread
[3.739s] DEBUG:colcon.colcon_core.event_reactor:joined thread
[3.739s] INFO:colcon.colcon_core.shell:Creating prefix script '/home/a-baja/abajaws/install/local_setup.ps1'
[3.741s] INFO:colcon.colcon_core.shell:Creating prefix util module '/home/a-baja/abajaws/install/_local_setup_util_ps1.py'
[3.743s] INFO:colcon.colcon_core.shell:Creating prefix chain script '/home/a-baja/abajaws/install/setup.ps1'
[3.745s] INFO:colcon.colcon_core.shell:Creating prefix script '/home/a-baja/abajaws/install/local_setup.sh'
[3.747s] INFO:colcon.colcon_core.shell:Creating prefix util module '/home/a-baja/abajaws/install/_local_setup_util_sh.py'
[3.748s] INFO:colcon.colcon_core.shell:Creating prefix chain script '/home/a-baja/abajaws/install/setup.sh'
[3.749s] INFO:colcon.colcon_core.shell:Creating prefix script '/home/a-baja/abajaws/install/local_setup.bash'
[3.750s] INFO:colcon.colcon_core.shell:Creating prefix chain script '/home/a-baja/abajaws/install/setup.bash'
[3.752s] INFO:colcon.colcon_core.shell:Creating prefix script '/home/a-baja/abajaws/install/local_setup.zsh'
[3.753s] INFO:colcon.colcon_core.shell:Creating prefix chain script '/home/a-baja/abajaws/install/setup.zsh'
[0.178s] DEBUG:colcon:Command line arguments: ['/usr/bin/colcon', 'build', '--symlink-install']
[0.179s] DEBUG:colcon:Parsed command line arguments: Namespace(log_base=None, log_level=None, verb_name='build', build_base='build', install_base='install', merge_install=False, symlink_install=True, test_result_base=None, continue_on_error=False, executor='parallel', parallel_workers=6, event_handlers=None, ignore_user_meta=False, metas=['./colcon.meta'], base_paths=['.'], packages_ignore=None, packages_ignore_regex=None, paths=None, packages_up_to=None, packages_up_to_regex=None, packages_above=None, packages_above_and_dependencies=None, packages_above_depth=None, packages_select_by_dep=None, packages_skip_by_dep=None, packages_skip_up_to=None, packages_select_build_failed=False, packages_skip_build_finished=False, packages_select_test_failures=False, packages_skip_test_passed=False, packages_select=None, packages_skip=None, packages_select_regex=None, packages_skip_regex=None, packages_start=None, packages_end=None, allow_overriding=[], cmake_args=None, cmake_target=None, cmake_target_skip_unavailable=False, cmake_clean_cache=False, cmake_clean_first=False, cmake_force_configure=False, ament_cmake_args=None, catkin_cmake_args=None, catkin_skip_building_tests=False, verb_parser=<colcon_defaults.argument_parser.defaults.DefaultArgumentsDecorator object at 0xffff89ce75e0>, verb_extension=<colcon_core.verb.build.BuildVerb object at 0xffff89ce7190>, main=<bound method BuildVerb.main of <colcon_core.verb.build.BuildVerb object at 0xffff89ce7190>>)
[0.441s] Level 1:colcon.colcon_core.package_discovery:discover_packages(colcon_meta) check parameters
[0.441s] Level 1:colcon.colcon_core.package_discovery:discover_packages(recursive) check parameters
[0.441s] Level 1:colcon.colcon_core.package_discovery:discover_packages(ignore) check parameters
[0.441s] Level 1:colcon.colcon_core.package_discovery:discover_packages(path) check parameters
[0.441s] Level 1:colcon.colcon_core.package_discovery:discover_packages(colcon_meta) discover
[0.442s] Level 1:colcon.colcon_core.package_discovery:discover_packages(recursive) discover
[0.442s] INFO:colcon.colcon_core.package_discovery:Crawling recursively for packages in '/home/a-baja/abajaws'
[0.442s] Level 1:colcon.colcon_core.package_identification:_identify(.) by extensions ['ignore', 'ignore_ament_install']
[0.442s] Level 1:colcon.colcon_core.package_identification:_identify(.) by extension 'ignore'
[0.442s] Level 1:colcon.colcon_core.package_identification:_identify(.) by extension 'ignore_ament_install'
[0.442s] Level 1:colcon.colcon_core.package_identification:_identify(.) by extensions ['colcon_pkg']
[0.442s] Level 1:colcon.colcon_core.package_identification:_identify(.) by extension 'colcon_pkg'
[0.442s] Level 1:colcon.colcon_core.package_identification:_identify(.) by extensions ['colcon_meta']
[0.442s] Level 1:colcon.colcon_core.package_identification:_identify(.) by extension 'colcon_meta'
[0.442s] Level 1:colcon.colcon_core.package_identification:_identify(.) by extensions ['ros']
[0.443s] Level 1:colcon.colcon_core.package_identification:_identify(.) by extension 'ros'
[0.461s] Level 1:colcon.colcon_core.package_identification:_identify(.) by extensions ['cmake', 'python']
[0.462s] Level 1:colcon.colcon_core.package_identification:_identify(.) by extension 'cmake'
[0.462s] Level 1:colcon.colcon_core.package_identification:_identify(.) by extension 'python'
[0.462s] Level 1:colcon.colcon_core.package_identification:_identify(.) by extensions ['python_setup_py']
[0.462s] Level 1:colcon.colcon_core.package_identification:_identify(.) by extension 'python_setup_py'
[0.462s] Level 1:colcon.colcon_core.package_identification:_identify(build) by extensions ['ignore', 'ignore_ament_install']
[0.462s] Level 1:colcon.colcon_core.package_identification:_identify(build) by extension 'ignore'
[0.462s] Level 1:colcon.colcon_core.package_identification:_identify(build) ignored
[0.463s] Level 1:colcon.colcon_core.package_identification:_identify(install) by extensions ['ignore', 'ignore_ament_install']
[0.463s] Level 1:colcon.colcon_core.package_identification:_identify(install) by extension 'ignore'
[0.463s] Level 1:colcon.colcon_core.package_identification:_identify(install) ignored
[0.463s] Level 1:colcon.colcon_core.package_identification:_identify(log) by extensions ['ignore', 'ignore_ament_install']
[0.463s] Level 1:colcon.colcon_core.package_identification:_identify(log) by extension 'ignore'
[0.463s] Level 1:colcon.colcon_core.package_identification:_identify(log) ignored
[0.463s] Level 1:colcon.colcon_core.package_identification:_identify(src) by extensions ['ignore', 'ignore_ament_install']
[0.464s] Level 1:colcon.colcon_core.package_identification:_identify(src) by extension 'ignore'
[0.464s] Level 1:colcon.colcon_core.package_identification:_identify(src) by extension 'ignore_ament_install'
[0.464s] Level 1:colcon.colcon_core.package_identification:_identify(src) by extensions ['colcon_pkg']
[0.464s] Level 1:colcon.colcon_core.package_identification:_identify(src) by extension 'colcon_pkg'
[0.464s] Level 1:colcon.colcon_core.package_identification:_identify(src) by extensions ['colcon_meta']
[0.464s] Level 1:colcon.colcon_core.package_identification:_identify(src) by extension 'colcon_meta'
[0.464s] Level 1:colcon.colcon_core.package_identification:_identify(src) by extensions ['ros']
[0.464s] Level 1:colcon.colcon_core.package_identification:_identify(src) by extension 'ros'
[0.464s] Level 1:colcon.colcon_core.package_identification:_identify(src) by extensions ['cmake', 'python']
[0.464s] Level 1:colcon.colcon_core.package_identification:_identify(src) by extension 'cmake'
[0.464s] Level 1:colcon.colcon_core.package_identification:_identify(src) by extension 'python'
[0.464s] Level 1:colcon.colcon_core.package_identification:_identify(src) by extensions ['python_setup_py']
[0.464s] Level 1:colcon.colcon_core.package_identification:_identify(src) by extension 'python_setup_py'
[0.465s] Level 1:colcon.colcon_core.package_identification:_identify(src/a021vehicle) by extensions ['ignore', 'ignore_ament_install']
[0.465s] Level 1:colcon.colcon_core.package_identification:_identify(src/a021vehicle) by extension 'ignore'
[0.465s] Level 1:colcon.colcon_core.package_identification:_identify(src/a021vehicle) by extension 'ignore_ament_install'
[0.465s] Level 1:colcon.colcon_core.package_identification:_identify(src/a021vehicle) by extensions ['colcon_pkg']
[0.465s] Level 1:colcon.colcon_core.package_identification:_identify(src/a021vehicle) by extension 'colcon_pkg'
[0.465s] Level 1:colcon.colcon_core.package_identification:_identify(src/a021vehicle) by extensions ['colcon_meta']
[0.465s] Level 1:colcon.colcon_core.package_identification:_identify(src/a021vehicle) by extension 'colcon_meta'
[0.465s] Level 1:colcon.colcon_core.package_identification:_identify(src/a021vehicle) by extensions ['ros']
[0.465s] Level 1:colcon.colcon_core.package_identification:_identify(src/a021vehicle) by extension 'ros'
[0.469s] DEBUG:colcon.colcon_core.package_identification:Package 'src/a021vehicle' with type 'ros.ament_python' and name 'a021vehicle'
[0.469s] Level 1:colcon.colcon_core.package_identification:_identify(src/radar_interfaces) by extensions ['ignore', 'ignore_ament_install']
[0.469s] Level 1:colcon.colcon_core.package_identification:_identify(src/radar_interfaces) by extension 'ignore'
[0.469s] Level 1:colcon.colcon_core.package_identification:_identify(src/radar_interfaces) by extension 'ignore_ament_install'
[0.470s] Level 1:colcon.colcon_core.package_identification:_identify(src/radar_interfaces) by extensions ['colcon_pkg']
[0.470s] Level 1:colcon.colcon_core.package_identification:_identify(src/radar_interfaces) by extension 'colcon_pkg'
[0.470s] Level 1:colcon.colcon_core.package_identification:_identify(src/radar_interfaces) by extensions ['colcon_meta']
[0.470s] Level 1:colcon.colcon_core.package_identification:_identify(src/radar_interfaces) by extension 'colcon_meta'
[0.470s] Level 1:colcon.colcon_core.package_identification:_identify(src/radar_interfaces) by extensions ['ros']
[0.470s] Level 1:colcon.colcon_core.package_identification:_identify(src/radar_interfaces) by extension 'ros'
[0.471s] DEBUG:colcon.colcon_core.package_identification:Package 'src/radar_interfaces' with type 'ros.ament_cmake' and name 'radar_interfaces'
[0.471s] Level 1:colcon.colcon_core.package_discovery:discover_packages(recursive) using defaults
[0.471s] Level 1:colcon.colcon_core.package_discovery:discover_packages(ignore) discover
[0.471s] Level 1:colcon.colcon_core.package_discovery:discover_packages(ignore) using defaults
[0.471s] Level 1:colcon.colcon_core.package_discovery:discover_packages(path) discover
[0.471s] Level 1:colcon.colcon_core.package_discovery:discover_packages(path) using defaults
[0.505s] Level 1:colcon.colcon_core.package_discovery:discover_packages(prefix_path) check parameters
[0.505s] Level 1:colcon.colcon_core.package_discovery:discover_packages(prefix_path) discover
[0.536s] DEBUG:colcon.colcon_installed_package_information.package_discovery:Found 273 installed packages in /opt/ros/humble
[0.538s] Level 1:colcon.colcon_core.package_discovery:discover_packages(prefix_path) using defaults
[0.597s] Level 5:colcon.colcon_core.verb:set package 'radar_interfaces' build argument 'cmake_args' from command line to 'None'
[0.597s] Level 5:colcon.colcon_core.verb:set package 'radar_interfaces' build argument 'cmake_target' from command line to 'None'
[0.597s] Level 5:colcon.colcon_core.verb:set package 'radar_interfaces' build argument 'cmake_target_skip_unavailable' from command line to 'False'
[0.597s] Level 5:colcon.colcon_core.verb:set package 'radar_interfaces' build argument 'cmake_clean_cache' from command line to 'False'
[0.597s] Level 5:colcon.colcon_core.verb:set package 'radar_interfaces' build argument 'cmake_clean_first' from command line to 'False'
[0.597s] Level 5:colcon.colcon_core.verb:set package 'radar_interfaces' build argument 'cmake_force_configure' from command line to 'False'
[0.597s] Level 5:colcon.colcon_core.verb:set package 'radar_interfaces' build argument 'ament_cmake_args' from command line to 'None'
[0.597s] Level 5:colcon.colcon_core.verb:set package 'radar_interfaces' build argument 'catkin_cmake_args' from command line to 'None'
[0.597s] Level 5:colcon.colcon_core.verb:set package 'radar_interfaces' build argument 'catkin_skip_building_tests' from command line to 'False'
[0.597s] DEBUG:colcon.colcon_core.verb:Building package 'radar_interfaces' with the following arguments: {'ament_cmake_args': None, 'build_base': '/home/a-baja/abajaws/build/radar_interfaces', 'catkin_cmake_args': None, 'catkin_skip_building_tests': False, 'cmake_args': None, 'cmake_clean_cache': False, 'cmake_clean_first': False, 'cmake_force_configure': False, 'cmake_target': None, 'cmake_target_skip_unavailable': False, 'install_base': '/home/a-baja/abajaws/install/radar_interfaces', 'merge_install': False, 'path': '/home/a-baja/abajaws/src/radar_interfaces', 'symlink_install': True, 'test_result_base': None}
[0.598s] Level 5:colcon.colcon_core.verb:set package 'a021vehicle' build argument 'cmake_args' from command line to 'None'
[0.598s] Level 5:colcon.colcon_core.verb:set package 'a021vehicle' build argument 'cmake_target' from command line to 'None'
[0.598s] Level 5:colcon.colcon_core.verb:set package 'a021vehicle' build argument 'cmake_target_skip_unavailable' from command line to 'False'
[0.598s] Level 5:colcon.colcon_core.verb:set package 'a021vehicle' build argument 'cmake_clean_cache' from command line to 'False'
[0.598s] Level 5:colcon.colcon_core.verb:set package 'a021vehicle' build argument 'cmake_clean_first' from command line to 'False'
[0.598s] Level 5:colcon.colcon_core.verb:set package 'a021vehicle' build argument 'cmake_force_configure' from command line to 'False'
[0.598s] Level 5:colcon.colcon_core.verb:set package 'a021vehicle' build argument 'ament_cmake_args' from command line to 'None'
[0.598s] Level 5:colcon.colcon_core.verb:set package 'a021vehicle' build argument 'catkin_cmake_args' from command line to 'None'
[0.598s] Level 5:colcon.colcon_core.verb:set package 'a021vehicle' build argument 'catkin_skip_building_tests' from command line to 'False'
[0.598s] DEBUG:colcon.colcon_core.verb:Building package 'a021vehicle' with the following arguments: {'ament_cmake_args': None, 'build_base': '/home/a-baja/abajaws/build/a021vehicle', 'catkin_cmake_args': None, 'catkin_skip_building_tests': False, 'cmake_args': None, 'cmake_clean_cache': False, 'cmake_clean_first': False, 'cmake_force_configure': False, 'cmake_target': None, 'cmake_target_skip_unavailable': False, 'install_base': '/home/a-baja/abajaws/install/a021vehicle', 'merge_install': False, 'path': '/home/a-baja/abajaws/src/a021vehicle', 'symlink_install': True, 'test_result_base': None}
[0.598s] INFO:colcon.colcon_core.executor:Executing jobs using 'parallel' executor
[0.600s] DEBUG:colcon.colcon_parallel_executor.executor.parallel:run_until_complete
[0.601s] INFO:colcon.colcon_ros.task.ament_cmake.build:Building ROS package in '/home/a-baja/abajaws/src/radar_interfaces' with build type 'ament_cmake'
[0.601s] INFO:colcon.colcon_cmake.task.cmake.build:Building CMake package in '/home/a-baja/abajaws/src/radar_interfaces'
[0.604s] INFO:colcon.colcon_core.plugin_system:Skipping extension 'colcon_core.shell.bat': Not used on non-Windows systems
[0.605s] INFO:colcon.colcon_core.shell:Skip shell extension 'powershell' for command environment: Not usable outside of PowerShell
[0.605s] DEBUG:colcon.colcon_core.shell:Skip shell extension 'dsv' for command environment
[0.616s] DEBUG:colcon.colcon_core.event_handler.log_command:Invoking command in '/home/a-baja/abajaws/build/radar_interfaces': CMAKE_PREFIX_PATH=/opt/ros/humble /usr/bin/cmake --build /home/a-baja/abajaws/build/radar_interfaces -- -j6 -l6
[1.215s] DEBUG:colcon.colcon_core.event_handler.log_command:Invoked command in '/home/a-baja/abajaws/build/radar_interfaces' returned '0': CMAKE_PREFIX_PATH=/opt/ros/humble /usr/bin/cmake --build /home/a-baja/abajaws/build/radar_interfaces -- -j6 -l6
[1.232s] DEBUG:colcon.colcon_core.event_handler.log_command:Invoking command in '/home/a-baja/abajaws/build/radar_interfaces': CMAKE_PREFIX_PATH=/opt/ros/humble /usr/bin/cmake --install /home/a-baja/abajaws/build/radar_interfaces
[1.358s] Level 1:colcon.colcon_core.environment:create_environment_scripts_only(radar_interfaces)
[1.359s] DEBUG:colcon.colcon_core.event_handler.log_command:Invoked command in '/home/a-baja/abajaws/build/radar_interfaces' returned '0': CMAKE_PREFIX_PATH=/opt/ros/humble /usr/bin/cmake --install /home/a-baja/abajaws/build/radar_interfaces
[1.363s] Level 1:colcon.colcon_core.environment:checking '/home/a-baja/abajaws/install/radar_interfaces' for CMake module files
[1.365s] Level 1:colcon.colcon_core.environment:checking '/home/a-baja/abajaws/install/radar_interfaces' for CMake config files
[1.369s] Level 1:colcon.colcon_core.shell:create_environment_hook('radar_interfaces', 'cmake_prefix_path')
[1.370s] INFO:colcon.colcon_core.shell:Creating environment hook '/home/a-baja/abajaws/install/radar_interfaces/share/radar_interfaces/hook/cmake_prefix_path.ps1'
[1.372s] INFO:colcon.colcon_core.shell:Creating environment descriptor '/home/a-baja/abajaws/install/radar_interfaces/share/radar_interfaces/hook/cmake_prefix_path.dsv'
[1.373s] INFO:colcon.colcon_core.shell:Creating environment hook '/home/a-baja/abajaws/install/radar_interfaces/share/radar_interfaces/hook/cmake_prefix_path.sh'
[1.374s] Level 1:colcon.colcon_core.environment:checking '/home/a-baja/abajaws/install/radar_interfaces/lib'
[1.375s] Level 1:colcon.colcon_core.shell:create_environment_hook('radar_interfaces', 'ld_library_path_lib')
[1.375s] INFO:colcon.colcon_core.shell:Creating environment hook '/home/a-baja/abajaws/install/radar_interfaces/share/radar_interfaces/hook/ld_library_path_lib.ps1'
[1.376s] INFO:colcon.colcon_core.shell:Creating environment descriptor '/home/a-baja/abajaws/install/radar_interfaces/share/radar_interfaces/hook/ld_library_path_lib.dsv'
[1.377s] INFO:colcon.colcon_core.shell:Creating environment hook '/home/a-baja/abajaws/install/radar_interfaces/share/radar_interfaces/hook/ld_library_path_lib.sh'
[1.378s] Level 1:colcon.colcon_core.environment:checking '/home/a-baja/abajaws/install/radar_interfaces/bin'
[1.378s] Level 1:colcon.colcon_core.environment:checking '/home/a-baja/abajaws/install/radar_interfaces/lib/pkgconfig/radar_interfaces.pc'
[1.379s] Level 1:colcon.colcon_core.environment:checking '/home/a-baja/abajaws/install/radar_interfaces/lib/python3.10/site-packages'
[1.379s] Level 1:colcon.colcon_core.environment:checking '/home/a-baja/abajaws/install/radar_interfaces/bin'
[1.380s] INFO:colcon.colcon_core.shell:Creating package script '/home/a-baja/abajaws/install/radar_interfaces/share/radar_interfaces/package.ps1'
[1.382s] INFO:colcon.colcon_core.shell:Creating package descriptor '/home/a-baja/abajaws/install/radar_interfaces/share/radar_interfaces/package.dsv'
[1.384s] INFO:colcon.colcon_core.shell:Creating package script '/home/a-baja/abajaws/install/radar_interfaces/share/radar_interfaces/package.sh'
[1.386s] INFO:colcon.colcon_core.shell:Creating package script '/home/a-baja/abajaws/install/radar_interfaces/share/radar_interfaces/package.bash'
[1.388s] INFO:colcon.colcon_core.shell:Creating package script '/home/a-baja/abajaws/install/radar_interfaces/share/radar_interfaces/package.zsh'
[1.389s] Level 1:colcon.colcon_core.environment:create_file_with_runtime_dependencies(/home/a-baja/abajaws/install/radar_interfaces/share/colcon-core/packages/radar_interfaces)
[1.390s] Level 1:colcon.colcon_core.environment:create_environment_scripts_only(radar_interfaces)
[1.391s] Level 1:colcon.colcon_core.environment:checking '/home/a-baja/abajaws/install/radar_interfaces' for CMake module files
[1.393s] Level 1:colcon.colcon_core.environment:checking '/home/a-baja/abajaws/install/radar_interfaces' for CMake config files
[1.396s] Level 1:colcon.colcon_core.shell:create_environment_hook('radar_interfaces', 'cmake_prefix_path')
[1.396s] INFO:colcon.colcon_core.shell:Creating environment hook '/home/a-baja/abajaws/install/radar_interfaces/share/radar_interfaces/hook/cmake_prefix_path.ps1'
[1.397s] INFO:colcon.colcon_core.shell:Creating environment descriptor '/home/a-baja/abajaws/install/radar_interfaces/share/radar_interfaces/hook/cmake_prefix_path.dsv'
[1.398s] INFO:colcon.colcon_core.shell:Creating environment hook '/home/a-baja/abajaws/install/radar_interfaces/share/radar_interfaces/hook/cmake_prefix_path.sh'
[1.399s] Level 1:colcon.colcon_core.environment:checking '/home/a-baja/abajaws/install/radar_interfaces/lib'
[1.399s] Level 1:colcon.colcon_core.shell:create_environment_hook('radar_interfaces', 'ld_library_path_lib')
[1.400s] INFO:colcon.colcon_core.shell:Creating environment hook '/home/a-baja/abajaws/install/radar_interfaces/share/radar_interfaces/hook/ld_library_path_lib.ps1'
[1.400s] INFO:colcon.colcon_core.shell:Creating environment descriptor '/home/a-baja/abajaws/install/radar_interfaces/share/radar_interfaces/hook/ld_library_path_lib.dsv'
[1.401s] INFO:colcon.colcon_core.shell:Creating environment hook '/home/a-baja/abajaws/install/radar_interfaces/share/radar_interfaces/hook/ld_library_path_lib.sh'
[1.402s] Level 1:colcon.colcon_core.environment:checking '/home/a-baja/abajaws/install/radar_interfaces/bin'
[1.402s] Level 1:colcon.colcon_core.environment:checking '/home/a-baja/abajaws/install/radar_interfaces/lib/pkgconfig/radar_interfaces.pc'
[1.403s] Level 1:colcon.colcon_core.environment:checking '/home/a-baja/abajaws/install/radar_interfaces/lib/python3.10/site-packages'
[1.404s] Level 1:colcon.colcon_core.environment:checking '/home/a-baja/abajaws/install/radar_interfaces/bin'
[1.404s] INFO:colcon.colcon_core.shell:Creating package script '/home/a-baja/abajaws/install/radar_interfaces/share/radar_interfaces/package.ps1'
[1.406s] INFO:colcon.colcon_core.shell:Creating package descriptor '/home/a-baja/abajaws/install/radar_interfaces/share/radar_interfaces/package.dsv'
[1.407s] INFO:colcon.colcon_core.shell:Creating package script '/home/a-baja/abajaws/install/radar_interfaces/share/radar_interfaces/package.sh'
[1.408s] INFO:colcon.colcon_core.shell:Creating package script '/home/a-baja/abajaws/install/radar_interfaces/share/radar_interfaces/package.bash'
[1.408s] INFO:colcon.colcon_core.shell:Creating package script '/home/a-baja/abajaws/install/radar_interfaces/share/radar_interfaces/package.zsh'
[1.409s] Level 1:colcon.colcon_core.environment:create_file_with_runtime_dependencies(/home/a-baja/abajaws/install/radar_interfaces/share/colcon-core/packages/radar_interfaces)
[1.410s] INFO:colcon.colcon_ros.task.ament_python.build:Building ROS package in '/home/a-baja/abajaws/src/a021vehicle' with build type 'ament_python'
[1.411s] Level 1:colcon.colcon_core.shell:create_environment_hook('a021vehicle', 'ament_prefix_path')
[1.411s] INFO:colcon.colcon_core.shell:Creating environment hook '/home/a-baja/abajaws/install/a021vehicle/share/a021vehicle/hook/ament_prefix_path.ps1'
[1.413s] INFO:colcon.colcon_core.shell:Creating environment descriptor '/home/a-baja/abajaws/install/a021vehicle/share/a021vehicle/hook/ament_prefix_path.dsv'
[1.413s] INFO:colcon.colcon_core.shell:Creating environment hook '/home/a-baja/abajaws/install/a021vehicle/share/a021vehicle/hook/ament_prefix_path.sh'
[1.414s] INFO:colcon.colcon_core.shell:Skip shell extension 'powershell' for command environment: Not usable outside of PowerShell
[1.414s] DEBUG:colcon.colcon_core.shell:Skip shell extension 'dsv' for command environment
[1.857s] INFO:colcon.colcon_core.task.python.build:Building Python package in '/home/a-baja/abajaws/src/a021vehicle'
[1.858s] INFO:colcon.colcon_core.shell:Skip shell extension 'powershell' for command environment: Not usable outside of PowerShell
[1.858s] DEBUG:colcon.colcon_core.shell:Skip shell extension 'dsv' for command environment
[2.527s] DEBUG:colcon.colcon_core.event_handler.log_command:Invoking command in '/home/a-baja/abajaws/build/a021vehicle': AMENT_PREFIX_PATH=/home/a-baja/abajaws/install/radar_interfaces:${AMENT_PREFIX_PATH} CMAKE_PREFIX_PATH=/home/a-baja/abajaws/install/radar_interfaces LD_LIBRARY_PATH=/home/a-baja/abajaws/install/radar_interfaces/lib:/opt/ros/humble/opt/rviz_ogre_vendor/lib:/opt/ros/humble/lib/aarch64-linux-gnu:/opt/ros/humble/lib:/usr/local/cuda-12.6/lib64 PYTHONPATH=/home/a-baja/abajaws/build/a021vehicle/prefix_override:/usr/lib/python3/dist-packages/colcon_core/task/python/colcon_distutils_commands:/home/a-baja/abajaws/install/a021vehicle/lib/python3.10/site-packages:/home/a-baja/abajaws/install/radar_interfaces/local/lib/python3.10/dist-packages:${PYTHONPATH} /usr/bin/python3 -W ignore:setup.py install is deprecated -W ignore:easy_install command is deprecated setup.py develop --editable --build-directory /home/a-baja/abajaws/build/a021vehicle/build --no-deps symlink_data
[3.400s] Level 1:colcon.colcon_core.shell:create_environment_hook('a021vehicle', 'pythonpath_develop')
[3.401s] INFO:colcon.colcon_core.shell:Creating environment hook '/home/a-baja/abajaws/build/a021vehicle/share/a021vehicle/hook/pythonpath_develop.ps1'
[3.402s] DEBUG:colcon.colcon_core.event_handler.log_command:Invoked command in '/home/a-baja/abajaws/build/a021vehicle' returned '0': AMENT_PREFIX_PATH=/home/a-baja/abajaws/install/radar_interfaces:${AMENT_PREFIX_PATH} CMAKE_PREFIX_PATH=/home/a-baja/abajaws/install/radar_interfaces LD_LIBRARY_PATH=/home/a-baja/abajaws/install/radar_interfaces/lib:/opt/ros/humble/opt/rviz_ogre_vendor/lib:/opt/ros/humble/lib/aarch64-linux-gnu:/opt/ros/humble/lib:/usr/local/cuda-12.6/lib64 PYTHONPATH=/home/a-baja/abajaws/build/a021vehicle/prefix_override:/usr/lib/python3/dist-packages/colcon_core/task/python/colcon_distutils_commands:/home/a-baja/abajaws/install/a021vehicle/lib/python3.10/site-packages:/home/a-baja/abajaws/install/radar_interfaces/local/lib/python3.10/dist-packages:${PYTHONPATH} /usr/bin/python3 -W ignore:setup.py install is deprecated -W ignore:easy_install command is deprecated setup.py develop --editable --build-directory /home/a-baja/abajaws/build/a021vehicle/build --no-deps symlink_data
[3.404s] INFO:colcon.colcon_core.shell:Creating environment descriptor '/home/a-baja/abajaws/build/a021vehicle/share/a021vehicle/hook/pythonpath_develop.dsv'
[3.405s] INFO:colcon.colcon_core.shell:Creating environment hook '/home/a-baja/abajaws/build/a021vehicle/share/a021vehicle/hook/pythonpath_develop.sh'
[3.406s] Level 1:colcon.colcon_core.environment:checking '/home/a-baja/abajaws/install/a021vehicle' for CMake module files
[3.406s] Level 1:colcon.colcon_core.environment:checking '/home/a-baja/abajaws/install/a021vehicle' for CMake config files
[3.407s] Level 1:colcon.colcon_core.environment:checking '/home/a-baja/abajaws/install/a021vehicle/lib'
[3.407s] Level 1:colcon.colcon_core.environment:checking '/home/a-baja/abajaws/install/a021vehicle/bin'
[3.407s] Level 1:colcon.colcon_core.environment:checking '/home/a-baja/abajaws/install/a021vehicle/lib/pkgconfig/a021vehicle.pc'
[3.408s] Level 1:colcon.colcon_core.environment:checking '/home/a-baja/abajaws/install/a021vehicle/lib/python3.10/site-packages'
[3.408s] Level 1:colcon.colcon_core.shell:create_environment_hook('a021vehicle', 'pythonpath')
[3.409s] INFO:colcon.colcon_core.shell:Creating environment hook '/home/a-baja/abajaws/install/a021vehicle/share/a021vehicle/hook/pythonpath.ps1'
[3.410s] INFO:colcon.colcon_core.shell:Creating environment descriptor '/home/a-baja/abajaws/install/a021vehicle/share/a021vehicle/hook/pythonpath.dsv'
[3.411s] INFO:colcon.colcon_core.shell:Creating environment hook '/home/a-baja/abajaws/install/a021vehicle/share/a021vehicle/hook/pythonpath.sh'
[3.412s] Level 1:colcon.colcon_core.environment:checking '/home/a-baja/abajaws/install/a021vehicle/bin'
[3.412s] Level 1:colcon.colcon_core.environment:create_environment_scripts_only(a021vehicle)
[3.413s] INFO:colcon.colcon_core.shell:Creating package script '/home/a-baja/abajaws/install/a021vehicle/share/a021vehicle/package.ps1'
[3.414s] INFO:colcon.colcon_core.shell:Creating package descriptor '/home/a-baja/abajaws/install/a021vehicle/share/a021vehicle/package.dsv'
[3.415s] INFO:colcon.colcon_core.shell:Creating package script '/home/a-baja/abajaws/install/a021vehicle/share/a021vehicle/package.sh'
[3.418s] INFO:colcon.colcon_core.shell:Creating package script '/home/a-baja/abajaws/install/a021vehicle/share/a021vehicle/package.bash'
[3.418s] INFO:colcon.colcon_core.shell:Creating package script '/home/a-baja/abajaws/install/a021vehicle/share/a021vehicle/package.zsh'
[3.419s] Level 1:colcon.colcon_core.environment:create_file_with_runtime_dependencies(/home/a-baja/abajaws/install/a021vehicle/share/colcon-core/packages/a021vehicle)
[3.419s] DEBUG:colcon.colcon_parallel_executor.executor.parallel:closing loop
[3.420s] DEBUG:colcon.colcon_parallel_executor.executor.parallel:loop closed
[3.420s] DEBUG:colcon.colcon_parallel_executor.executor.parallel:run_until_complete finished with '0'
[3.420s] DEBUG:colcon.colcon_core.event_reactor:joining thread
[3.421s] DEBUG:colcon.colcon_core.event_reactor:joined thread
[3.422s] INFO:colcon.colcon_core.shell:Creating prefix script '/home/a-baja/abajaws/install/local_setup.ps1'
[3.426s] INFO:colcon.colcon_core.shell:Creating prefix util module '/home/a-baja/abajaws/install/_local_setup_util_ps1.py'
[3.428s] INFO:colcon.colcon_core.shell:Creating prefix chain script '/home/a-baja/abajaws/install/setup.ps1'
[3.431s] INFO:colcon.colcon_core.shell:Creating prefix script '/home/a-baja/abajaws/install/local_setup.sh'
[3.432s] INFO:colcon.colcon_core.shell:Creating prefix util module '/home/a-baja/abajaws/install/_local_setup_util_sh.py'
[3.433s] INFO:colcon.colcon_core.shell:Creating prefix chain script '/home/a-baja/abajaws/install/setup.sh'
[3.435s] INFO:colcon.colcon_core.shell:Creating prefix script '/home/a-baja/abajaws/install/local_setup.bash'
[3.436s] INFO:colcon.colcon_core.shell:Creating prefix chain script '/home/a-baja/abajaws/install/setup.bash'
[3.439s] INFO:colcon.colcon_core.shell:Creating prefix script '/home/a-baja/abajaws/install/local_setup.zsh'
[3.440s] INFO:colcon.colcon_core.shell:Creating prefix chain script '/home/a-baja/abajaws/install/setup.zsh'
