[0.169s] DEBUG:colcon:Command line arguments: ['/usr/bin/colcon', 'build']
[0.169s] DEBUG:colcon:Parsed command line arguments: Namespace(log_base=None, log_level=None, verb_name='build', build_base='build', install_base='install', merge_install=False, symlink_install=False, test_result_base=None, continue_on_error=False, executor='parallel', parallel_workers=6, event_handlers=None, ignore_user_meta=False, metas=['./colcon.meta'], base_paths=['.'], packages_ignore=None, packages_ignore_regex=None, paths=None, packages_up_to=None, packages_up_to_regex=None, packages_above=None, packages_above_and_dependencies=None, packages_above_depth=None, packages_select_by_dep=None, packages_skip_by_dep=None, packages_skip_up_to=None, packages_select_build_failed=False, packages_skip_build_finished=False, packages_select_test_failures=False, packages_skip_test_passed=False, packages_select=None, packages_skip=None, packages_select_regex=None, packages_skip_regex=None, packages_start=None, packages_end=None, allow_overriding=[], cmake_args=None, cmake_target=None, cmake_target_skip_unavailable=False, cmake_clean_cache=False, cmake_clean_first=False, cmake_force_configure=False, ament_cmake_args=None, catkin_cmake_args=None, catkin_skip_building_tests=False, verb_parser=<colcon_defaults.argument_parser.defaults.DefaultArgumentsDecorator object at 0xffff89c2cb20>, verb_extension=<colcon_core.verb.build.BuildVerb object at 0xffff89c2c610>, main=<bound method BuildVerb.main of <colcon_core.verb.build.BuildVerb object at 0xffff89c2c610>>)
[0.440s] Level 1:colcon.colcon_core.package_discovery:discover_packages(colcon_meta) check parameters
[0.440s] Level 1:colcon.colcon_core.package_discovery:discover_packages(recursive) check parameters
[0.440s] Level 1:colcon.colcon_core.package_discovery:discover_packages(ignore) check parameters
[0.440s] Level 1:colcon.colcon_core.package_discovery:discover_packages(path) check parameters
[0.440s] Level 1:colcon.colcon_core.package_discovery:discover_packages(colcon_meta) discover
[0.440s] Level 1:colcon.colcon_core.package_discovery:discover_packages(recursive) discover
[0.440s] INFO:colcon.colcon_core.package_discovery:Crawling recursively for packages in '/home/a-baja/abajaws/src'
[0.441s] Level 1:colcon.colcon_core.package_identification:_identify(.) by extensions ['ignore', 'ignore_ament_install']
[0.441s] Level 1:colcon.colcon_core.package_identification:_identify(.) by extension 'ignore'
[0.441s] Level 1:colcon.colcon_core.package_identification:_identify(.) by extension 'ignore_ament_install'
[0.441s] Level 1:colcon.colcon_core.package_identification:_identify(.) by extensions ['colcon_pkg']
[0.441s] Level 1:colcon.colcon_core.package_identification:_identify(.) by extension 'colcon_pkg'
[0.441s] Level 1:colcon.colcon_core.package_identification:_identify(.) by extensions ['colcon_meta']
[0.441s] Level 1:colcon.colcon_core.package_identification:_identify(.) by extension 'colcon_meta'
[0.441s] Level 1:colcon.colcon_core.package_identification:_identify(.) by extensions ['ros']
[0.441s] Level 1:colcon.colcon_core.package_identification:_identify(.) by extension 'ros'
[0.459s] Level 1:colcon.colcon_core.package_identification:_identify(.) by extensions ['cmake', 'python']
[0.459s] Level 1:colcon.colcon_core.package_identification:_identify(.) by extension 'cmake'
[0.460s] Level 1:colcon.colcon_core.package_identification:_identify(.) by extension 'python'
[0.460s] Level 1:colcon.colcon_core.package_identification:_identify(.) by extensions ['python_setup_py']
[0.460s] Level 1:colcon.colcon_core.package_identification:_identify(.) by extension 'python_setup_py'
[0.460s] Level 1:colcon.colcon_core.package_identification:_identify(a021vehicle) by extensions ['ignore', 'ignore_ament_install']
[0.460s] Level 1:colcon.colcon_core.package_identification:_identify(a021vehicle) by extension 'ignore'
[0.460s] Level 1:colcon.colcon_core.package_identification:_identify(a021vehicle) by extension 'ignore_ament_install'
[0.460s] Level 1:colcon.colcon_core.package_identification:_identify(a021vehicle) by extensions ['colcon_pkg']
[0.460s] Level 1:colcon.colcon_core.package_identification:_identify(a021vehicle) by extension 'colcon_pkg'
[0.460s] Level 1:colcon.colcon_core.package_identification:_identify(a021vehicle) by extensions ['colcon_meta']
[0.460s] Level 1:colcon.colcon_core.package_identification:_identify(a021vehicle) by extension 'colcon_meta'
[0.461s] Level 1:colcon.colcon_core.package_identification:_identify(a021vehicle) by extensions ['ros']
[0.461s] Level 1:colcon.colcon_core.package_identification:_identify(a021vehicle) by extension 'ros'
[0.464s] DEBUG:colcon.colcon_core.package_identification:Package 'a021vehicle' with type 'ros.ament_python' and name 'a021vehicle'
[0.465s] Level 1:colcon.colcon_core.package_identification:_identify(build) by extensions ['ignore', 'ignore_ament_install']
[0.465s] Level 1:colcon.colcon_core.package_identification:_identify(build) by extension 'ignore'
[0.465s] Level 1:colcon.colcon_core.package_identification:_identify(build) ignored
[0.465s] Level 1:colcon.colcon_core.package_identification:_identify(install) by extensions ['ignore', 'ignore_ament_install']
[0.465s] Level 1:colcon.colcon_core.package_identification:_identify(install) by extension 'ignore'
[0.465s] Level 1:colcon.colcon_core.package_identification:_identify(install) ignored
[0.465s] Level 1:colcon.colcon_core.package_identification:_identify(log) by extensions ['ignore', 'ignore_ament_install']
[0.466s] Level 1:colcon.colcon_core.package_identification:_identify(log) by extension 'ignore'
[0.466s] Level 1:colcon.colcon_core.package_identification:_identify(log) ignored
[0.466s] Level 1:colcon.colcon_core.package_identification:_identify(radar_interfaces) by extensions ['ignore', 'ignore_ament_install']
[0.466s] Level 1:colcon.colcon_core.package_identification:_identify(radar_interfaces) by extension 'ignore'
[0.466s] Level 1:colcon.colcon_core.package_identification:_identify(radar_interfaces) by extension 'ignore_ament_install'
[0.466s] Level 1:colcon.colcon_core.package_identification:_identify(radar_interfaces) by extensions ['colcon_pkg']
[0.466s] Level 1:colcon.colcon_core.package_identification:_identify(radar_interfaces) by extension 'colcon_pkg'
[0.466s] Level 1:colcon.colcon_core.package_identification:_identify(radar_interfaces) by extensions ['colcon_meta']
[0.466s] Level 1:colcon.colcon_core.package_identification:_identify(radar_interfaces) by extension 'colcon_meta'
[0.466s] Level 1:colcon.colcon_core.package_identification:_identify(radar_interfaces) by extensions ['ros']
[0.466s] Level 1:colcon.colcon_core.package_identification:_identify(radar_interfaces) by extension 'ros'
[0.467s] DEBUG:colcon.colcon_core.package_identification:Package 'radar_interfaces' with type 'ros.ament_cmake' and name 'radar_interfaces'
[0.467s] Level 1:colcon.colcon_core.package_discovery:discover_packages(recursive) using defaults
[0.467s] Level 1:colcon.colcon_core.package_discovery:discover_packages(ignore) discover
[0.467s] Level 1:colcon.colcon_core.package_discovery:discover_packages(ignore) using defaults
[0.468s] Level 1:colcon.colcon_core.package_discovery:discover_packages(path) discover
[0.468s] Level 1:colcon.colcon_core.package_discovery:discover_packages(path) using defaults
[0.501s] Level 1:colcon.colcon_core.package_discovery:discover_packages(prefix_path) check parameters
[0.501s] Level 1:colcon.colcon_core.package_discovery:discover_packages(prefix_path) discover
[0.532s] DEBUG:colcon.colcon_installed_package_information.package_discovery:Found 2 installed packages in /home/a-baja/abajaws/install
[0.534s] DEBUG:colcon.colcon_installed_package_information.package_discovery:Found 273 installed packages in /opt/ros/humble
[0.536s] Level 1:colcon.colcon_core.package_discovery:discover_packages(prefix_path) using defaults
[0.594s] Level 5:colcon.colcon_core.verb:set package 'radar_interfaces' build argument 'cmake_args' from command line to 'None'
[0.594s] Level 5:colcon.colcon_core.verb:set package 'radar_interfaces' build argument 'cmake_target' from command line to 'None'
[0.594s] Level 5:colcon.colcon_core.verb:set package 'radar_interfaces' build argument 'cmake_target_skip_unavailable' from command line to 'False'
[0.594s] Level 5:colcon.colcon_core.verb:set package 'radar_interfaces' build argument 'cmake_clean_cache' from command line to 'False'
[0.594s] Level 5:colcon.colcon_core.verb:set package 'radar_interfaces' build argument 'cmake_clean_first' from command line to 'False'
[0.595s] Level 5:colcon.colcon_core.verb:set package 'radar_interfaces' build argument 'cmake_force_configure' from command line to 'False'
[0.595s] Level 5:colcon.colcon_core.verb:set package 'radar_interfaces' build argument 'ament_cmake_args' from command line to 'None'
[0.595s] Level 5:colcon.colcon_core.verb:set package 'radar_interfaces' build argument 'catkin_cmake_args' from command line to 'None'
[0.595s] Level 5:colcon.colcon_core.verb:set package 'radar_interfaces' build argument 'catkin_skip_building_tests' from command line to 'False'
[0.595s] DEBUG:colcon.colcon_core.verb:Building package 'radar_interfaces' with the following arguments: {'ament_cmake_args': None, 'build_base': '/home/a-baja/abajaws/src/build/radar_interfaces', 'catkin_cmake_args': None, 'catkin_skip_building_tests': False, 'cmake_args': None, 'cmake_clean_cache': False, 'cmake_clean_first': False, 'cmake_force_configure': False, 'cmake_target': None, 'cmake_target_skip_unavailable': False, 'install_base': '/home/a-baja/abajaws/src/install/radar_interfaces', 'merge_install': False, 'path': '/home/a-baja/abajaws/src/radar_interfaces', 'symlink_install': False, 'test_result_base': None}
[0.595s] Level 5:colcon.colcon_core.verb:set package 'a021vehicle' build argument 'cmake_args' from command line to 'None'
[0.595s] Level 5:colcon.colcon_core.verb:set package 'a021vehicle' build argument 'cmake_target' from command line to 'None'
[0.595s] Level 5:colcon.colcon_core.verb:set package 'a021vehicle' build argument 'cmake_target_skip_unavailable' from command line to 'False'
[0.595s] Level 5:colcon.colcon_core.verb:set package 'a021vehicle' build argument 'cmake_clean_cache' from command line to 'False'
[0.595s] Level 5:colcon.colcon_core.verb:set package 'a021vehicle' build argument 'cmake_clean_first' from command line to 'False'
[0.595s] Level 5:colcon.colcon_core.verb:set package 'a021vehicle' build argument 'cmake_force_configure' from command line to 'False'
[0.595s] Level 5:colcon.colcon_core.verb:set package 'a021vehicle' build argument 'ament_cmake_args' from command line to 'None'
[0.595s] Level 5:colcon.colcon_core.verb:set package 'a021vehicle' build argument 'catkin_cmake_args' from command line to 'None'
[0.595s] Level 5:colcon.colcon_core.verb:set package 'a021vehicle' build argument 'catkin_skip_building_tests' from command line to 'False'
[0.595s] DEBUG:colcon.colcon_core.verb:Building package 'a021vehicle' with the following arguments: {'ament_cmake_args': None, 'build_base': '/home/a-baja/abajaws/src/build/a021vehicle', 'catkin_cmake_args': None, 'catkin_skip_building_tests': False, 'cmake_args': None, 'cmake_clean_cache': False, 'cmake_clean_first': False, 'cmake_force_configure': False, 'cmake_target': None, 'cmake_target_skip_unavailable': False, 'install_base': '/home/a-baja/abajaws/src/install/a021vehicle', 'merge_install': False, 'path': '/home/a-baja/abajaws/src/a021vehicle', 'symlink_install': False, 'test_result_base': None}
[0.596s] INFO:colcon.colcon_core.executor:Executing jobs using 'parallel' executor
[0.598s] DEBUG:colcon.colcon_parallel_executor.executor.parallel:run_until_complete
[0.598s] INFO:colcon.colcon_ros.task.ament_cmake.build:Building ROS package in '/home/a-baja/abajaws/src/radar_interfaces' with build type 'ament_cmake'
[0.598s] INFO:colcon.colcon_cmake.task.cmake.build:Building CMake package in '/home/a-baja/abajaws/src/radar_interfaces'
[0.601s] INFO:colcon.colcon_core.plugin_system:Skipping extension 'colcon_core.shell.bat': Not used on non-Windows systems
[0.601s] INFO:colcon.colcon_core.shell:Skip shell extension 'powershell' for command environment: Not usable outside of PowerShell
[0.602s] DEBUG:colcon.colcon_core.shell:Skip shell extension 'dsv' for command environment
[0.612s] DEBUG:colcon.colcon_core.event_handler.log_command:Invoking command in '/home/a-baja/abajaws/src/build/radar_interfaces': CMAKE_PREFIX_PATH=${CMAKE_PREFIX_PATH}:/home/a-baja/abajaws/install/a021vehicle:/opt/ros/humble NX_CONNECTION=192.168.55.100 49365 192.168.55.1 4000 /usr/bin/cmake /home/a-baja/abajaws/src/radar_interfaces -DCMAKE_INSTALL_PREFIX=/home/a-baja/abajaws/src/install/radar_interfaces
[3.610s] DEBUG:colcon.colcon_core.event_handler.log_command:Invoked command in '/home/a-baja/abajaws/src/build/radar_interfaces' returned '0': CMAKE_PREFIX_PATH=${CMAKE_PREFIX_PATH}:/home/a-baja/abajaws/install/a021vehicle:/opt/ros/humble NX_CONNECTION=192.168.55.100 49365 192.168.55.1 4000 /usr/bin/cmake /home/a-baja/abajaws/src/radar_interfaces -DCMAKE_INSTALL_PREFIX=/home/a-baja/abajaws/src/install/radar_interfaces
[3.614s] DEBUG:colcon.colcon_core.event_handler.log_command:Invoking command in '/home/a-baja/abajaws/src/build/radar_interfaces': CMAKE_PREFIX_PATH=${CMAKE_PREFIX_PATH}:/home/a-baja/abajaws/install/a021vehicle:/opt/ros/humble NX_CONNECTION=192.168.55.100 49365 192.168.55.1 4000 /usr/bin/cmake --build /home/a-baja/abajaws/src/build/radar_interfaces -- -j6 -l6
[6.739s] DEBUG:colcon.colcon_core.event_handler.log_command:Invoked command in '/home/a-baja/abajaws/src/build/radar_interfaces' returned '0': CMAKE_PREFIX_PATH=${CMAKE_PREFIX_PATH}:/home/a-baja/abajaws/install/a021vehicle:/opt/ros/humble NX_CONNECTION=192.168.55.100 49365 192.168.55.1 4000 /usr/bin/cmake --build /home/a-baja/abajaws/src/build/radar_interfaces -- -j6 -l6
[6.764s] DEBUG:colcon.colcon_core.event_handler.log_command:Invoking command in '/home/a-baja/abajaws/src/build/radar_interfaces': CMAKE_PREFIX_PATH=${CMAKE_PREFIX_PATH}:/home/a-baja/abajaws/install/a021vehicle:/opt/ros/humble NX_CONNECTION=192.168.55.100 49365 192.168.55.1 4000 /usr/bin/cmake --install /home/a-baja/abajaws/src/build/radar_interfaces
[6.890s] Level 1:colcon.colcon_core.environment:create_environment_scripts_only(radar_interfaces)
[6.892s] DEBUG:colcon.colcon_core.event_handler.log_command:Invoked command in '/home/a-baja/abajaws/src/build/radar_interfaces' returned '0': CMAKE_PREFIX_PATH=${CMAKE_PREFIX_PATH}:/home/a-baja/abajaws/install/a021vehicle:/opt/ros/humble NX_CONNECTION=192.168.55.100 49365 192.168.55.1 4000 /usr/bin/cmake --install /home/a-baja/abajaws/src/build/radar_interfaces
[6.900s] Level 1:colcon.colcon_core.environment:checking '/home/a-baja/abajaws/src/install/radar_interfaces' for CMake module files
[6.903s] Level 1:colcon.colcon_core.environment:checking '/home/a-baja/abajaws/src/install/radar_interfaces' for CMake config files
[6.905s] Level 1:colcon.colcon_core.shell:create_environment_hook('radar_interfaces', 'cmake_prefix_path')
[6.906s] INFO:colcon.colcon_core.shell:Creating environment hook '/home/a-baja/abajaws/src/install/radar_interfaces/share/radar_interfaces/hook/cmake_prefix_path.ps1'
[6.908s] INFO:colcon.colcon_core.shell:Creating environment descriptor '/home/a-baja/abajaws/src/install/radar_interfaces/share/radar_interfaces/hook/cmake_prefix_path.dsv'
[6.910s] INFO:colcon.colcon_core.shell:Creating environment hook '/home/a-baja/abajaws/src/install/radar_interfaces/share/radar_interfaces/hook/cmake_prefix_path.sh'
[6.913s] Level 1:colcon.colcon_core.environment:checking '/home/a-baja/abajaws/src/install/radar_interfaces/lib'
[6.914s] Level 1:colcon.colcon_core.shell:create_environment_hook('radar_interfaces', 'ld_library_path_lib')
[6.915s] INFO:colcon.colcon_core.shell:Creating environment hook '/home/a-baja/abajaws/src/install/radar_interfaces/share/radar_interfaces/hook/ld_library_path_lib.ps1'
[6.916s] INFO:colcon.colcon_core.shell:Creating environment descriptor '/home/a-baja/abajaws/src/install/radar_interfaces/share/radar_interfaces/hook/ld_library_path_lib.dsv'
[6.917s] INFO:colcon.colcon_core.shell:Creating environment hook '/home/a-baja/abajaws/src/install/radar_interfaces/share/radar_interfaces/hook/ld_library_path_lib.sh'
[6.918s] Level 1:colcon.colcon_core.environment:checking '/home/a-baja/abajaws/src/install/radar_interfaces/bin'
[6.919s] Level 1:colcon.colcon_core.environment:checking '/home/a-baja/abajaws/src/install/radar_interfaces/lib/pkgconfig/radar_interfaces.pc'
[6.920s] Level 1:colcon.colcon_core.environment:checking '/home/a-baja/abajaws/src/install/radar_interfaces/lib/python3.10/site-packages'
[6.922s] Level 1:colcon.colcon_core.environment:checking '/home/a-baja/abajaws/src/install/radar_interfaces/bin'
[6.923s] INFO:colcon.colcon_core.shell:Creating package script '/home/a-baja/abajaws/src/install/radar_interfaces/share/radar_interfaces/package.ps1'
[6.927s] INFO:colcon.colcon_core.shell:Creating package descriptor '/home/a-baja/abajaws/src/install/radar_interfaces/share/radar_interfaces/package.dsv'
[6.929s] INFO:colcon.colcon_core.shell:Creating package script '/home/a-baja/abajaws/src/install/radar_interfaces/share/radar_interfaces/package.sh'
[6.932s] INFO:colcon.colcon_core.shell:Creating package script '/home/a-baja/abajaws/src/install/radar_interfaces/share/radar_interfaces/package.bash'
[6.935s] INFO:colcon.colcon_core.shell:Creating package script '/home/a-baja/abajaws/src/install/radar_interfaces/share/radar_interfaces/package.zsh'
[6.937s] Level 1:colcon.colcon_core.environment:create_file_with_runtime_dependencies(/home/a-baja/abajaws/src/install/radar_interfaces/share/colcon-core/packages/radar_interfaces)
[6.940s] Level 1:colcon.colcon_core.environment:create_environment_scripts_only(radar_interfaces)
[6.941s] Level 1:colcon.colcon_core.environment:checking '/home/a-baja/abajaws/src/install/radar_interfaces' for CMake module files
[6.943s] Level 1:colcon.colcon_core.environment:checking '/home/a-baja/abajaws/src/install/radar_interfaces' for CMake config files
[6.946s] Level 1:colcon.colcon_core.shell:create_environment_hook('radar_interfaces', 'cmake_prefix_path')
[6.946s] INFO:colcon.colcon_core.shell:Creating environment hook '/home/a-baja/abajaws/src/install/radar_interfaces/share/radar_interfaces/hook/cmake_prefix_path.ps1'
[6.948s] INFO:colcon.colcon_core.shell:Creating environment descriptor '/home/a-baja/abajaws/src/install/radar_interfaces/share/radar_interfaces/hook/cmake_prefix_path.dsv'
[6.949s] INFO:colcon.colcon_core.shell:Creating environment hook '/home/a-baja/abajaws/src/install/radar_interfaces/share/radar_interfaces/hook/cmake_prefix_path.sh'
[6.951s] Level 1:colcon.colcon_core.environment:checking '/home/a-baja/abajaws/src/install/radar_interfaces/lib'
[6.951s] Level 1:colcon.colcon_core.shell:create_environment_hook('radar_interfaces', 'ld_library_path_lib')
[6.952s] INFO:colcon.colcon_core.shell:Creating environment hook '/home/a-baja/abajaws/src/install/radar_interfaces/share/radar_interfaces/hook/ld_library_path_lib.ps1'
[6.953s] INFO:colcon.colcon_core.shell:Creating environment descriptor '/home/a-baja/abajaws/src/install/radar_interfaces/share/radar_interfaces/hook/ld_library_path_lib.dsv'
[6.954s] INFO:colcon.colcon_core.shell:Creating environment hook '/home/a-baja/abajaws/src/install/radar_interfaces/share/radar_interfaces/hook/ld_library_path_lib.sh'
[6.955s] Level 1:colcon.colcon_core.environment:checking '/home/a-baja/abajaws/src/install/radar_interfaces/bin'
[6.955s] Level 1:colcon.colcon_core.environment:checking '/home/a-baja/abajaws/src/install/radar_interfaces/lib/pkgconfig/radar_interfaces.pc'
[6.956s] Level 1:colcon.colcon_core.environment:checking '/home/a-baja/abajaws/src/install/radar_interfaces/lib/python3.10/site-packages'
[6.958s] Level 1:colcon.colcon_core.environment:checking '/home/a-baja/abajaws/src/install/radar_interfaces/bin'
[6.959s] INFO:colcon.colcon_core.shell:Creating package script '/home/a-baja/abajaws/src/install/radar_interfaces/share/radar_interfaces/package.ps1'
[6.964s] INFO:colcon.colcon_core.shell:Creating package descriptor '/home/a-baja/abajaws/src/install/radar_interfaces/share/radar_interfaces/package.dsv'
[6.966s] INFO:colcon.colcon_core.shell:Creating package script '/home/a-baja/abajaws/src/install/radar_interfaces/share/radar_interfaces/package.sh'
[6.967s] INFO:colcon.colcon_core.shell:Creating package script '/home/a-baja/abajaws/src/install/radar_interfaces/share/radar_interfaces/package.bash'
[6.968s] INFO:colcon.colcon_core.shell:Creating package script '/home/a-baja/abajaws/src/install/radar_interfaces/share/radar_interfaces/package.zsh'
[6.970s] Level 1:colcon.colcon_core.environment:create_file_with_runtime_dependencies(/home/a-baja/abajaws/src/install/radar_interfaces/share/colcon-core/packages/radar_interfaces)
[6.971s] INFO:colcon.colcon_ros.task.ament_python.build:Building ROS package in '/home/a-baja/abajaws/src/a021vehicle' with build type 'ament_python'
[6.971s] Level 1:colcon.colcon_core.shell:create_environment_hook('a021vehicle', 'ament_prefix_path')
[6.972s] INFO:colcon.colcon_core.shell:Creating environment hook '/home/a-baja/abajaws/src/install/a021vehicle/share/a021vehicle/hook/ament_prefix_path.ps1'
[6.974s] INFO:colcon.colcon_core.shell:Creating environment descriptor '/home/a-baja/abajaws/src/install/a021vehicle/share/a021vehicle/hook/ament_prefix_path.dsv'
[6.976s] INFO:colcon.colcon_core.shell:Creating environment hook '/home/a-baja/abajaws/src/install/a021vehicle/share/a021vehicle/hook/ament_prefix_path.sh'
[6.978s] INFO:colcon.colcon_core.shell:Skip shell extension 'powershell' for command environment: Not usable outside of PowerShell
[6.978s] DEBUG:colcon.colcon_core.shell:Skip shell extension 'dsv' for command environment
[7.452s] INFO:colcon.colcon_core.task.python.build:Building Python package in '/home/a-baja/abajaws/src/a021vehicle'
[7.453s] INFO:colcon.colcon_core.shell:Skip shell extension 'powershell' for command environment: Not usable outside of PowerShell
[7.453s] DEBUG:colcon.colcon_core.shell:Skip shell extension 'dsv' for command environment
[8.145s] DEBUG:colcon.colcon_core.event_handler.log_command:Invoking command in '/home/a-baja/abajaws/src/a021vehicle': AMENT_PREFIX_PATH=/home/a-baja/abajaws/src/install/radar_interfaces:${AMENT_PREFIX_PATH} CMAKE_PREFIX_PATH=/home/a-baja/abajaws/src/install/radar_interfaces:${CMAKE_PREFIX_PATH} LD_LIBRARY_PATH=/home/a-baja/abajaws/src/install/radar_interfaces/lib:/home/a-baja/abajaws/install/radar_interfaces/lib:/opt/ros/humble/opt/rviz_ogre_vendor/lib:/opt/ros/humble/lib/aarch64-linux-gnu:/opt/ros/humble/lib:/usr/local/cuda-12.6/lib64 NX_CONNECTION=192.168.55.100 49365 192.168.55.1 4000 PYTHONPATH=/home/a-baja/abajaws/src/build/a021vehicle/prefix_override:/usr/lib/python3/dist-packages/colcon_core/task/python/colcon_distutils_commands:/home/a-baja/abajaws/src/install/a021vehicle/lib/python3.10/site-packages:/home/a-baja/abajaws/src/install/radar_interfaces/local/lib/python3.10/dist-packages:${PYTHONPATH} /usr/bin/python3 -W ignore:setup.py install is deprecated -W ignore:easy_install command is deprecated setup.py egg_info --egg-base ../build/a021vehicle build --build-base /home/a-baja/abajaws/src/build/a021vehicle/build install --record /home/a-baja/abajaws/src/build/a021vehicle/install.log --single-version-externally-managed install_data
[8.737s] Level 1:colcon.colcon_core.environment:checking '/home/a-baja/abajaws/src/install/a021vehicle' for CMake module files
[8.739s] DEBUG:colcon.colcon_core.event_handler.log_command:Invoked command in '/home/a-baja/abajaws/src/a021vehicle' returned '0': AMENT_PREFIX_PATH=/home/a-baja/abajaws/src/install/radar_interfaces:${AMENT_PREFIX_PATH} CMAKE_PREFIX_PATH=/home/a-baja/abajaws/src/install/radar_interfaces:${CMAKE_PREFIX_PATH} LD_LIBRARY_PATH=/home/a-baja/abajaws/src/install/radar_interfaces/lib:/home/a-baja/abajaws/install/radar_interfaces/lib:/opt/ros/humble/opt/rviz_ogre_vendor/lib:/opt/ros/humble/lib/aarch64-linux-gnu:/opt/ros/humble/lib:/usr/local/cuda-12.6/lib64 NX_CONNECTION=192.168.55.100 49365 192.168.55.1 4000 PYTHONPATH=/home/a-baja/abajaws/src/build/a021vehicle/prefix_override:/usr/lib/python3/dist-packages/colcon_core/task/python/colcon_distutils_commands:/home/a-baja/abajaws/src/install/a021vehicle/lib/python3.10/site-packages:/home/a-baja/abajaws/src/install/radar_interfaces/local/lib/python3.10/dist-packages:${PYTHONPATH} /usr/bin/python3 -W ignore:setup.py install is deprecated -W ignore:easy_install command is deprecated setup.py egg_info --egg-base ../build/a021vehicle build --build-base /home/a-baja/abajaws/src/build/a021vehicle/build install --record /home/a-baja/abajaws/src/build/a021vehicle/install.log --single-version-externally-managed install_data
[8.741s] Level 1:colcon.colcon_core.environment:checking '/home/a-baja/abajaws/src/install/a021vehicle' for CMake config files
[8.743s] Level 1:colcon.colcon_core.environment:checking '/home/a-baja/abajaws/src/install/a021vehicle/lib'
[8.743s] Level 1:colcon.colcon_core.environment:checking '/home/a-baja/abajaws/src/install/a021vehicle/bin'
[8.744s] Level 1:colcon.colcon_core.environment:checking '/home/a-baja/abajaws/src/install/a021vehicle/lib/pkgconfig/a021vehicle.pc'
[8.744s] Level 1:colcon.colcon_core.environment:checking '/home/a-baja/abajaws/src/install/a021vehicle/lib/python3.10/site-packages'
[8.745s] Level 1:colcon.colcon_core.shell:create_environment_hook('a021vehicle', 'pythonpath')
[8.746s] INFO:colcon.colcon_core.shell:Creating environment hook '/home/a-baja/abajaws/src/install/a021vehicle/share/a021vehicle/hook/pythonpath.ps1'
[8.747s] INFO:colcon.colcon_core.shell:Creating environment descriptor '/home/a-baja/abajaws/src/install/a021vehicle/share/a021vehicle/hook/pythonpath.dsv'
[8.748s] INFO:colcon.colcon_core.shell:Creating environment hook '/home/a-baja/abajaws/src/install/a021vehicle/share/a021vehicle/hook/pythonpath.sh'
[8.751s] Level 1:colcon.colcon_core.environment:checking '/home/a-baja/abajaws/src/install/a021vehicle/bin'
[8.751s] Level 1:colcon.colcon_core.environment:create_environment_scripts_only(a021vehicle)
[8.752s] INFO:colcon.colcon_core.shell:Creating package script '/home/a-baja/abajaws/src/install/a021vehicle/share/a021vehicle/package.ps1'
[8.755s] INFO:colcon.colcon_core.shell:Creating package descriptor '/home/a-baja/abajaws/src/install/a021vehicle/share/a021vehicle/package.dsv'
[8.756s] INFO:colcon.colcon_core.shell:Creating package script '/home/a-baja/abajaws/src/install/a021vehicle/share/a021vehicle/package.sh'
[8.758s] INFO:colcon.colcon_core.shell:Creating package script '/home/a-baja/abajaws/src/install/a021vehicle/share/a021vehicle/package.bash'
[8.759s] INFO:colcon.colcon_core.shell:Creating package script '/home/a-baja/abajaws/src/install/a021vehicle/share/a021vehicle/package.zsh'
[8.761s] Level 1:colcon.colcon_core.environment:create_file_with_runtime_dependencies(/home/a-baja/abajaws/src/install/a021vehicle/share/colcon-core/packages/a021vehicle)
[8.762s] DEBUG:colcon.colcon_parallel_executor.executor.parallel:closing loop
[8.768s] DEBUG:colcon.colcon_parallel_executor.executor.parallel:loop closed
[8.769s] DEBUG:colcon.colcon_parallel_executor.executor.parallel:run_until_complete finished with '0'
[8.770s] DEBUG:colcon.colcon_core.event_reactor:joining thread
[8.789s] INFO:colcon.colcon_core.plugin_system:Skipping extension 'colcon_notification.desktop_notification.terminal_notifier': Not used on non-Darwin systems
[8.790s] INFO:colcon.colcon_core.plugin_system:Skipping extension 'colcon_notification.desktop_notification.win32': Not used on non-Windows systems
[8.790s] INFO:colcon.colcon_notification.desktop_notification:Sending desktop notification using 'notify2'
[8.856s] DEBUG:colcon.colcon_core.event_reactor:joined thread
[8.857s] INFO:colcon.colcon_core.shell:Creating prefix script '/home/a-baja/abajaws/src/install/local_setup.ps1'
[8.861s] INFO:colcon.colcon_core.shell:Creating prefix util module '/home/a-baja/abajaws/src/install/_local_setup_util_ps1.py'
[8.866s] INFO:colcon.colcon_core.shell:Creating prefix chain script '/home/a-baja/abajaws/src/install/setup.ps1'
[8.870s] INFO:colcon.colcon_core.shell:Creating prefix script '/home/a-baja/abajaws/src/install/local_setup.sh'
[8.872s] INFO:colcon.colcon_core.shell:Creating prefix util module '/home/a-baja/abajaws/src/install/_local_setup_util_sh.py'
[8.874s] INFO:colcon.colcon_core.shell:Creating prefix chain script '/home/a-baja/abajaws/src/install/setup.sh'
[8.878s] INFO:colcon.colcon_core.shell:Creating prefix script '/home/a-baja/abajaws/src/install/local_setup.bash'
[8.880s] INFO:colcon.colcon_core.shell:Creating prefix chain script '/home/a-baja/abajaws/src/install/setup.bash'
[8.883s] INFO:colcon.colcon_core.shell:Creating prefix script '/home/a-baja/abajaws/src/install/local_setup.zsh'
[8.885s] INFO:colcon.colcon_core.shell:Creating prefix chain script '/home/a-baja/abajaws/src/install/setup.zsh'
