[0.178s] DEBUG:colcon:Command line arguments: ['/usr/bin/colcon', 'build', '--packages-select', 'a021vehicle']
[0.178s] DEBUG:colcon:Parsed command line arguments: Namespace(log_base=None, log_level=None, verb_name='build', build_base='build', install_base='install', merge_install=False, symlink_install=False, test_result_base=None, continue_on_error=False, executor='parallel', parallel_workers=6, event_handlers=None, ignore_user_meta=False, metas=['./colcon.meta'], base_paths=['.'], packages_ignore=None, packages_ignore_regex=None, paths=None, packages_up_to=None, packages_up_to_regex=None, packages_above=None, packages_above_and_dependencies=None, packages_above_depth=None, packages_select_by_dep=None, packages_skip_by_dep=None, packages_skip_up_to=None, packages_select_build_failed=False, packages_skip_build_finished=False, packages_select_test_failures=False, packages_skip_test_passed=False, packages_select=['a021vehicle'], packages_skip=None, packages_select_regex=None, packages_skip_regex=None, packages_start=None, packages_end=None, allow_overriding=[], cmake_args=None, cmake_target=None, cmake_target_skip_unavailable=False, cmake_clean_cache=False, cmake_clean_first=False, cmake_force_configure=False, ament_cmake_args=None, catkin_cmake_args=None, catkin_skip_building_tests=False, verb_parser=<colcon_defaults.argument_parser.defaults.DefaultArgumentsDecorator object at 0xffffa60103d0>, verb_extension=<colcon_core.verb.build.BuildVerb object at 0xffffa5fdfe80>, main=<bound method BuildVerb.main of <colcon_core.verb.build.BuildVerb object at 0xffffa5fdfe80>>)
[0.453s] Level 1:colcon.colcon_core.package_discovery:discover_packages(colcon_meta) check parameters
[0.453s] Level 1:colcon.colcon_core.package_discovery:discover_packages(recursive) check parameters
[0.453s] Level 1:colcon.colcon_core.package_discovery:discover_packages(ignore) check parameters
[0.453s] Level 1:colcon.colcon_core.package_discovery:discover_packages(path) check parameters
[0.453s] Level 1:colcon.colcon_core.package_discovery:discover_packages(colcon_meta) discover
[0.454s] Level 1:colcon.colcon_core.package_discovery:discover_packages(recursive) discover
[0.454s] INFO:colcon.colcon_core.package_discovery:Crawling recursively for packages in '/home/a-baja/abajaws'
[0.454s] Level 1:colcon.colcon_core.package_identification:_identify(.) by extensions ['ignore', 'ignore_ament_install']
[0.454s] Level 1:colcon.colcon_core.package_identification:_identify(.) by extension 'ignore'
[0.454s] Level 1:colcon.colcon_core.package_identification:_identify(.) by extension 'ignore_ament_install'
[0.454s] Level 1:colcon.colcon_core.package_identification:_identify(.) by extensions ['colcon_pkg']
[0.454s] Level 1:colcon.colcon_core.package_identification:_identify(.) by extension 'colcon_pkg'
[0.454s] Level 1:colcon.colcon_core.package_identification:_identify(.) by extensions ['colcon_meta']
[0.454s] Level 1:colcon.colcon_core.package_identification:_identify(.) by extension 'colcon_meta'
[0.454s] Level 1:colcon.colcon_core.package_identification:_identify(.) by extensions ['ros']
[0.455s] Level 1:colcon.colcon_core.package_identification:_identify(.) by extension 'ros'
[0.473s] Level 1:colcon.colcon_core.package_identification:_identify(.) by extensions ['cmake', 'python']
[0.473s] Level 1:colcon.colcon_core.package_identification:_identify(.) by extension 'cmake'
[0.473s] Level 1:colcon.colcon_core.package_identification:_identify(.) by extension 'python'
[0.473s] Level 1:colcon.colcon_core.package_identification:_identify(.) by extensions ['python_setup_py']
[0.473s] Level 1:colcon.colcon_core.package_identification:_identify(.) by extension 'python_setup_py'
[0.474s] Level 1:colcon.colcon_core.package_identification:_identify(build) by extensions ['ignore', 'ignore_ament_install']
[0.474s] Level 1:colcon.colcon_core.package_identification:_identify(build) by extension 'ignore'
[0.474s] Level 1:colcon.colcon_core.package_identification:_identify(build) ignored
[0.474s] Level 1:colcon.colcon_core.package_identification:_identify(install) by extensions ['ignore', 'ignore_ament_install']
[0.474s] Level 1:colcon.colcon_core.package_identification:_identify(install) by extension 'ignore'
[0.474s] Level 1:colcon.colcon_core.package_identification:_identify(install) ignored
[0.475s] Level 1:colcon.colcon_core.package_identification:_identify(log) by extensions ['ignore', 'ignore_ament_install']
[0.475s] Level 1:colcon.colcon_core.package_identification:_identify(log) by extension 'ignore'
[0.475s] Level 1:colcon.colcon_core.package_identification:_identify(log) ignored
[0.475s] Level 1:colcon.colcon_core.package_identification:_identify(src) by extensions ['ignore', 'ignore_ament_install']
[0.475s] Level 1:colcon.colcon_core.package_identification:_identify(src) by extension 'ignore'
[0.475s] Level 1:colcon.colcon_core.package_identification:_identify(src) by extension 'ignore_ament_install'
[0.475s] Level 1:colcon.colcon_core.package_identification:_identify(src) by extensions ['colcon_pkg']
[0.475s] Level 1:colcon.colcon_core.package_identification:_identify(src) by extension 'colcon_pkg'
[0.475s] Level 1:colcon.colcon_core.package_identification:_identify(src) by extensions ['colcon_meta']
[0.475s] Level 1:colcon.colcon_core.package_identification:_identify(src) by extension 'colcon_meta'
[0.475s] Level 1:colcon.colcon_core.package_identification:_identify(src) by extensions ['ros']
[0.475s] Level 1:colcon.colcon_core.package_identification:_identify(src) by extension 'ros'
[0.476s] Level 1:colcon.colcon_core.package_identification:_identify(src) by extensions ['cmake', 'python']
[0.476s] Level 1:colcon.colcon_core.package_identification:_identify(src) by extension 'cmake'
[0.476s] Level 1:colcon.colcon_core.package_identification:_identify(src) by extension 'python'
[0.476s] Level 1:colcon.colcon_core.package_identification:_identify(src) by extensions ['python_setup_py']
[0.476s] Level 1:colcon.colcon_core.package_identification:_identify(src) by extension 'python_setup_py'
[0.476s] Level 1:colcon.colcon_core.package_identification:_identify(src/a021vehicle) by extensions ['ignore', 'ignore_ament_install']
[0.476s] Level 1:colcon.colcon_core.package_identification:_identify(src/a021vehicle) by extension 'ignore'
[0.476s] Level 1:colcon.colcon_core.package_identification:_identify(src/a021vehicle) by extension 'ignore_ament_install'
[0.476s] Level 1:colcon.colcon_core.package_identification:_identify(src/a021vehicle) by extensions ['colcon_pkg']
[0.476s] Level 1:colcon.colcon_core.package_identification:_identify(src/a021vehicle) by extension 'colcon_pkg'
[0.476s] Level 1:colcon.colcon_core.package_identification:_identify(src/a021vehicle) by extensions ['colcon_meta']
[0.477s] Level 1:colcon.colcon_core.package_identification:_identify(src/a021vehicle) by extension 'colcon_meta'
[0.477s] Level 1:colcon.colcon_core.package_identification:_identify(src/a021vehicle) by extensions ['ros']
[0.477s] Level 1:colcon.colcon_core.package_identification:_identify(src/a021vehicle) by extension 'ros'
[0.480s] DEBUG:colcon.colcon_core.package_identification:Package 'src/a021vehicle' with type 'ros.ament_python' and name 'a021vehicle'
[0.480s] Level 1:colcon.colcon_core.package_identification:_identify(src/radar_interfaces) by extensions ['ignore', 'ignore_ament_install']
[0.481s] Level 1:colcon.colcon_core.package_identification:_identify(src/radar_interfaces) by extension 'ignore'
[0.481s] Level 1:colcon.colcon_core.package_identification:_identify(src/radar_interfaces) by extension 'ignore_ament_install'
[0.481s] Level 1:colcon.colcon_core.package_identification:_identify(src/radar_interfaces) by extensions ['colcon_pkg']
[0.481s] Level 1:colcon.colcon_core.package_identification:_identify(src/radar_interfaces) by extension 'colcon_pkg'
[0.481s] Level 1:colcon.colcon_core.package_identification:_identify(src/radar_interfaces) by extensions ['colcon_meta']
[0.481s] Level 1:colcon.colcon_core.package_identification:_identify(src/radar_interfaces) by extension 'colcon_meta'
[0.481s] Level 1:colcon.colcon_core.package_identification:_identify(src/radar_interfaces) by extensions ['ros']
[0.481s] Level 1:colcon.colcon_core.package_identification:_identify(src/radar_interfaces) by extension 'ros'
[0.482s] DEBUG:colcon.colcon_core.package_identification:Package 'src/radar_interfaces' with type 'ros.ament_cmake' and name 'radar_interfaces'
[0.482s] Level 1:colcon.colcon_core.package_identification:_identify(static) by extensions ['ignore', 'ignore_ament_install']
[0.482s] Level 1:colcon.colcon_core.package_identification:_identify(static) by extension 'ignore'
[0.482s] Level 1:colcon.colcon_core.package_identification:_identify(static) by extension 'ignore_ament_install'
[0.482s] Level 1:colcon.colcon_core.package_identification:_identify(static) by extensions ['colcon_pkg']
[0.483s] Level 1:colcon.colcon_core.package_identification:_identify(static) by extension 'colcon_pkg'
[0.483s] Level 1:colcon.colcon_core.package_identification:_identify(static) by extensions ['colcon_meta']
[0.483s] Level 1:colcon.colcon_core.package_identification:_identify(static) by extension 'colcon_meta'
[0.483s] Level 1:colcon.colcon_core.package_identification:_identify(static) by extensions ['ros']
[0.483s] Level 1:colcon.colcon_core.package_identification:_identify(static) by extension 'ros'
[0.483s] Level 1:colcon.colcon_core.package_identification:_identify(static) by extensions ['cmake', 'python']
[0.483s] Level 1:colcon.colcon_core.package_identification:_identify(static) by extension 'cmake'
[0.483s] Level 1:colcon.colcon_core.package_identification:_identify(static) by extension 'python'
[0.483s] Level 1:colcon.colcon_core.package_identification:_identify(static) by extensions ['python_setup_py']
[0.483s] Level 1:colcon.colcon_core.package_identification:_identify(static) by extension 'python_setup_py'
[0.483s] Level 1:colcon.colcon_core.package_discovery:discover_packages(recursive) using defaults
[0.483s] Level 1:colcon.colcon_core.package_discovery:discover_packages(ignore) discover
[0.483s] Level 1:colcon.colcon_core.package_discovery:discover_packages(ignore) using defaults
[0.483s] Level 1:colcon.colcon_core.package_discovery:discover_packages(path) discover
[0.483s] Level 1:colcon.colcon_core.package_discovery:discover_packages(path) using defaults
[0.516s] INFO:colcon.colcon_core.package_selection:Skipping not selected package 'radar_interfaces' in 'src/radar_interfaces'
[0.517s] Level 1:colcon.colcon_core.package_discovery:discover_packages(prefix_path) check parameters
[0.517s] Level 1:colcon.colcon_core.package_discovery:discover_packages(prefix_path) discover
[0.546s] DEBUG:colcon.colcon_installed_package_information.package_discovery:Found 2 installed packages in /home/a-baja/abajaws/install
[0.548s] DEBUG:colcon.colcon_installed_package_information.package_discovery:Found 273 installed packages in /opt/ros/humble
[0.550s] Level 1:colcon.colcon_core.package_discovery:discover_packages(prefix_path) using defaults
[0.608s] Level 5:colcon.colcon_core.verb:set package 'a021vehicle' build argument 'cmake_args' from command line to 'None'
[0.608s] Level 5:colcon.colcon_core.verb:set package 'a021vehicle' build argument 'cmake_target' from command line to 'None'
[0.608s] Level 5:colcon.colcon_core.verb:set package 'a021vehicle' build argument 'cmake_target_skip_unavailable' from command line to 'False'
[0.608s] Level 5:colcon.colcon_core.verb:set package 'a021vehicle' build argument 'cmake_clean_cache' from command line to 'False'
[0.608s] Level 5:colcon.colcon_core.verb:set package 'a021vehicle' build argument 'cmake_clean_first' from command line to 'False'
[0.608s] Level 5:colcon.colcon_core.verb:set package 'a021vehicle' build argument 'cmake_force_configure' from command line to 'False'
[0.608s] Level 5:colcon.colcon_core.verb:set package 'a021vehicle' build argument 'ament_cmake_args' from command line to 'None'
[0.608s] Level 5:colcon.colcon_core.verb:set package 'a021vehicle' build argument 'catkin_cmake_args' from command line to 'None'
[0.608s] Level 5:colcon.colcon_core.verb:set package 'a021vehicle' build argument 'catkin_skip_building_tests' from command line to 'False'
[0.608s] DEBUG:colcon.colcon_core.verb:Building package 'a021vehicle' with the following arguments: {'ament_cmake_args': None, 'build_base': '/home/a-baja/abajaws/build/a021vehicle', 'catkin_cmake_args': None, 'catkin_skip_building_tests': False, 'cmake_args': None, 'cmake_clean_cache': False, 'cmake_clean_first': False, 'cmake_force_configure': False, 'cmake_target': None, 'cmake_target_skip_unavailable': False, 'install_base': '/home/a-baja/abajaws/install/a021vehicle', 'merge_install': False, 'path': '/home/a-baja/abajaws/src/a021vehicle', 'symlink_install': False, 'test_result_base': None}
[0.609s] INFO:colcon.colcon_core.executor:Executing jobs using 'parallel' executor
[0.611s] DEBUG:colcon.colcon_parallel_executor.executor.parallel:run_until_complete
[0.611s] INFO:colcon.colcon_ros.task.ament_python.build:Building ROS package in '/home/a-baja/abajaws/src/a021vehicle' with build type 'ament_python'
[0.612s] Level 1:colcon.colcon_core.shell:create_environment_hook('a021vehicle', 'ament_prefix_path')
[0.615s] INFO:colcon.colcon_core.plugin_system:Skipping extension 'colcon_core.shell.bat': Not used on non-Windows systems
[0.615s] INFO:colcon.colcon_core.shell:Creating environment hook '/home/a-baja/abajaws/install/a021vehicle/share/a021vehicle/hook/ament_prefix_path.ps1'
[0.617s] INFO:colcon.colcon_core.shell:Creating environment descriptor '/home/a-baja/abajaws/install/a021vehicle/share/a021vehicle/hook/ament_prefix_path.dsv'
[0.618s] INFO:colcon.colcon_core.shell:Creating environment hook '/home/a-baja/abajaws/install/a021vehicle/share/a021vehicle/hook/ament_prefix_path.sh'
[0.619s] INFO:colcon.colcon_core.shell:Skip shell extension 'powershell' for command environment: Not usable outside of PowerShell
[0.619s] DEBUG:colcon.colcon_core.shell:Skip shell extension 'dsv' for command environment
[1.053s] INFO:colcon.colcon_core.task.python.build:Building Python package in '/home/a-baja/abajaws/src/a021vehicle'
[1.054s] INFO:colcon.colcon_core.shell:Skip shell extension 'powershell' for command environment: Not usable outside of PowerShell
[1.054s] DEBUG:colcon.colcon_core.shell:Skip shell extension 'dsv' for command environment
[1.692s] DEBUG:colcon.colcon_core.event_handler.log_command:Invoking command in '/home/a-baja/abajaws/build/a021vehicle': LD_LIBRARY_PATH=/home/a-baja/abajaws/install/radar_interfaces/lib:/opt/ros/humble/opt/rviz_ogre_vendor/lib:/opt/ros/humble/lib/aarch64-linux-gnu:/opt/ros/humble/lib:/usr/local/cuda-12.6/lib64 PYTHONPATH=/home/a-baja/abajaws/build/a021vehicle/prefix_override:/usr/lib/python3/dist-packages/colcon_core/task/python/colcon_distutils_commands:/home/a-baja/abajaws/install/a021vehicle/lib/python3.10/site-packages:${PYTHONPATH} /usr/bin/python3 -W ignore:setup.py install is deprecated -W ignore:easy_install command is deprecated setup.py develop --uninstall --editable --build-directory /home/a-baja/abajaws/build/a021vehicle/build
[2.426s] DEBUG:colcon.colcon_core.event_handler.log_command:Invoked command in '/home/a-baja/abajaws/build/a021vehicle' returned '0': LD_LIBRARY_PATH=/home/a-baja/abajaws/install/radar_interfaces/lib:/opt/ros/humble/opt/rviz_ogre_vendor/lib:/opt/ros/humble/lib/aarch64-linux-gnu:/opt/ros/humble/lib:/usr/local/cuda-12.6/lib64 PYTHONPATH=/home/a-baja/abajaws/build/a021vehicle/prefix_override:/usr/lib/python3/dist-packages/colcon_core/task/python/colcon_distutils_commands:/home/a-baja/abajaws/install/a021vehicle/lib/python3.10/site-packages:${PYTHONPATH} /usr/bin/python3 -W ignore:setup.py install is deprecated -W ignore:easy_install command is deprecated setup.py develop --uninstall --editable --build-directory /home/a-baja/abajaws/build/a021vehicle/build
[2.429s] DEBUG:colcon.colcon_core.event_handler.log_command:Invoking command in '/home/a-baja/abajaws/src/a021vehicle': LD_LIBRARY_PATH=/home/a-baja/abajaws/install/radar_interfaces/lib:/opt/ros/humble/opt/rviz_ogre_vendor/lib:/opt/ros/humble/lib/aarch64-linux-gnu:/opt/ros/humble/lib:/usr/local/cuda-12.6/lib64 PYTHONPATH=/home/a-baja/abajaws/build/a021vehicle/prefix_override:/usr/lib/python3/dist-packages/colcon_core/task/python/colcon_distutils_commands:/home/a-baja/abajaws/install/a021vehicle/lib/python3.10/site-packages:${PYTHONPATH} /usr/bin/python3 -W ignore:setup.py install is deprecated -W ignore:easy_install command is deprecated setup.py egg_info --egg-base ../../build/a021vehicle build --build-base /home/a-baja/abajaws/build/a021vehicle/build install --record /home/a-baja/abajaws/build/a021vehicle/install.log --single-version-externally-managed install_data --force
[3.002s] DEBUG:colcon.colcon_core.event_handler.log_command:Invoked command in '/home/a-baja/abajaws/src/a021vehicle' returned '0': LD_LIBRARY_PATH=/home/a-baja/abajaws/install/radar_interfaces/lib:/opt/ros/humble/opt/rviz_ogre_vendor/lib:/opt/ros/humble/lib/aarch64-linux-gnu:/opt/ros/humble/lib:/usr/local/cuda-12.6/lib64 PYTHONPATH=/home/a-baja/abajaws/build/a021vehicle/prefix_override:/usr/lib/python3/dist-packages/colcon_core/task/python/colcon_distutils_commands:/home/a-baja/abajaws/install/a021vehicle/lib/python3.10/site-packages:${PYTHONPATH} /usr/bin/python3 -W ignore:setup.py install is deprecated -W ignore:easy_install command is deprecated setup.py egg_info --egg-base ../../build/a021vehicle build --build-base /home/a-baja/abajaws/build/a021vehicle/build install --record /home/a-baja/abajaws/build/a021vehicle/install.log --single-version-externally-managed install_data --force
[3.010s] Level 1:colcon.colcon_core.environment:checking '/home/a-baja/abajaws/install/a021vehicle' for CMake module files
[3.012s] Level 1:colcon.colcon_core.environment:checking '/home/a-baja/abajaws/install/a021vehicle' for CMake config files
[3.015s] Level 1:colcon.colcon_core.environment:checking '/home/a-baja/abajaws/install/a021vehicle/lib'
[3.015s] Level 1:colcon.colcon_core.environment:checking '/home/a-baja/abajaws/install/a021vehicle/bin'
[3.016s] Level 1:colcon.colcon_core.environment:checking '/home/a-baja/abajaws/install/a021vehicle/lib/pkgconfig/a021vehicle.pc'
[3.017s] Level 1:colcon.colcon_core.environment:checking '/home/a-baja/abajaws/install/a021vehicle/lib/python3.10/site-packages'
[3.017s] Level 1:colcon.colcon_core.shell:create_environment_hook('a021vehicle', 'pythonpath')
[3.018s] INFO:colcon.colcon_core.shell:Creating environment hook '/home/a-baja/abajaws/install/a021vehicle/share/a021vehicle/hook/pythonpath.ps1'
[3.020s] INFO:colcon.colcon_core.shell:Creating environment descriptor '/home/a-baja/abajaws/install/a021vehicle/share/a021vehicle/hook/pythonpath.dsv'
[3.021s] INFO:colcon.colcon_core.shell:Creating environment hook '/home/a-baja/abajaws/install/a021vehicle/share/a021vehicle/hook/pythonpath.sh'
[3.024s] Level 1:colcon.colcon_core.environment:checking '/home/a-baja/abajaws/install/a021vehicle/bin'
[3.024s] Level 1:colcon.colcon_core.environment:create_environment_scripts_only(a021vehicle)
[3.025s] INFO:colcon.colcon_core.shell:Creating package script '/home/a-baja/abajaws/install/a021vehicle/share/a021vehicle/package.ps1'
[3.030s] INFO:colcon.colcon_core.shell:Creating package descriptor '/home/a-baja/abajaws/install/a021vehicle/share/a021vehicle/package.dsv'
[3.032s] INFO:colcon.colcon_core.shell:Creating package script '/home/a-baja/abajaws/install/a021vehicle/share/a021vehicle/package.sh'
[3.034s] INFO:colcon.colcon_core.shell:Creating package script '/home/a-baja/abajaws/install/a021vehicle/share/a021vehicle/package.bash'
[3.037s] INFO:colcon.colcon_core.shell:Creating package script '/home/a-baja/abajaws/install/a021vehicle/share/a021vehicle/package.zsh'
[3.040s] Level 1:colcon.colcon_core.environment:create_file_with_runtime_dependencies(/home/a-baja/abajaws/install/a021vehicle/share/colcon-core/packages/a021vehicle)
[3.041s] DEBUG:colcon.colcon_parallel_executor.executor.parallel:closing loop
[3.042s] DEBUG:colcon.colcon_parallel_executor.executor.parallel:loop closed
[3.042s] DEBUG:colcon.colcon_parallel_executor.executor.parallel:run_until_complete finished with '0'
[3.042s] DEBUG:colcon.colcon_core.event_reactor:joining thread
[3.043s] DEBUG:colcon.colcon_core.event_reactor:joined thread
[3.044s] INFO:colcon.colcon_core.shell:Creating prefix script '/home/a-baja/abajaws/install/local_setup.ps1'
[3.047s] INFO:colcon.colcon_core.shell:Creating prefix util module '/home/a-baja/abajaws/install/_local_setup_util_ps1.py'
[3.052s] INFO:colcon.colcon_core.shell:Creating prefix chain script '/home/a-baja/abajaws/install/setup.ps1'
[3.057s] INFO:colcon.colcon_core.shell:Creating prefix script '/home/a-baja/abajaws/install/local_setup.sh'
[3.059s] INFO:colcon.colcon_core.shell:Creating prefix util module '/home/a-baja/abajaws/install/_local_setup_util_sh.py'
[3.061s] INFO:colcon.colcon_core.shell:Creating prefix chain script '/home/a-baja/abajaws/install/setup.sh'
[3.065s] INFO:colcon.colcon_core.shell:Creating prefix script '/home/a-baja/abajaws/install/local_setup.bash'
[3.066s] INFO:colcon.colcon_core.shell:Creating prefix chain script '/home/a-baja/abajaws/install/setup.bash'
[3.069s] INFO:colcon.colcon_core.shell:Creating prefix script '/home/a-baja/abajaws/install/local_setup.zsh'
[3.071s] INFO:colcon.colcon_core.shell:Creating prefix chain script '/home/a-baja/abajaws/install/setup.zsh'
