[1.346s] Invoking command in '/home/a-baja/abajaws/src/a021vehicle': NX_CONNECTION=192.168.55.100 49365 192.168.55.1 4000 PYTHONPATH=/home/a-baja/abajaws/src/a021vehicle/build/a021vehicle/prefix_override:/usr/lib/python3/dist-packages/colcon_core/task/python/colcon_distutils_commands:/home/a-baja/abajaws/src/a021vehicle/install/a021vehicle/lib/python3.10/site-packages:${PYTHONPATH} /usr/bin/python3 -W ignore:setup.py install is deprecated -W ignore:easy_install command is deprecated setup.py egg_info --egg-base build/a021vehicle build --build-base /home/a-baja/abajaws/src/a021vehicle/build/a021vehicle/build install --record /home/a-baja/abajaws/src/a021vehicle/build/a021vehicle/install.log --single-version-externally-managed install_data
[1.798s] running egg_info
[1.799s] creating build/a021vehicle/a021vehicle.egg-info
[1.799s] writing build/a021vehicle/a021vehicle.egg-info/PKG-INFO
[1.800s] writing dependency_links to build/a021vehicle/a021vehicle.egg-info/dependency_links.txt
[1.800s] writing entry points to build/a021vehicle/a021vehicle.egg-info/entry_points.txt
[1.800s] writing requirements to build/a021vehicle/a021vehicle.egg-info/requires.txt
[1.800s] writing top-level names to build/a021vehicle/a021vehicle.egg-info/top_level.txt
[1.801s] writing manifest file 'build/a021vehicle/a021vehicle.egg-info/SOURCES.txt'
[1.805s] reading manifest file 'build/a021vehicle/a021vehicle.egg-info/SOURCES.txt'
[1.806s] writing manifest file 'build/a021vehicle/a021vehicle.egg-info/SOURCES.txt'
[1.807s] running build
[1.807s] running build_py
[1.807s] creating /home/a-baja/abajaws/src/a021vehicle/build/a021vehicle/build
[1.808s] creating /home/a-baja/abajaws/src/a021vehicle/build/a021vehicle/build/lib
[1.808s] creating /home/a-baja/abajaws/src/a021vehicle/build/a021vehicle/build/lib/a021vehicle
[1.808s] copying a021vehicle/__init__.py -> /home/a-baja/abajaws/src/a021vehicle/build/a021vehicle/build/lib/a021vehicle
[1.808s] copying a021vehicle/usbcan.py -> /home/a-baja/abajaws/src/a021vehicle/build/a021vehicle/build/lib/a021vehicle
[1.809s] copying a021vehicle/vehiclecontrol.py -> /home/a-baja/abajaws/src/a021vehicle/build/a021vehicle/build/lib/a021vehicle
[1.809s] copying a021vehicle/radar_data_1 copy.py -> /home/a-baja/abajaws/src/a021vehicle/build/a021vehicle/build/lib/a021vehicle
[1.809s] copying a021vehicle/radar_receiver.py -> /home/a-baja/abajaws/src/a021vehicle/build/a021vehicle/build/lib/a021vehicle
[1.809s] copying a021vehicle/rawradar.py -> /home/a-baja/abajaws/src/a021vehicle/build/a021vehicle/build/lib/a021vehicle
[1.809s] copying a021vehicle/ros_esp_bridge.py -> /home/a-baja/abajaws/src/a021vehicle/build/a021vehicle/build/lib/a021vehicle
[1.810s] copying a021vehicle/radar_data copy.py -> /home/a-baja/abajaws/src/a021vehicle/build/a021vehicle/build/lib/a021vehicle
[1.810s] copying a021vehicle/radar_data.py -> /home/a-baja/abajaws/src/a021vehicle/build/a021vehicle/build/lib/a021vehicle
[1.810s] creating /home/a-baja/abajaws/src/a021vehicle/build/a021vehicle/build/lib/a021vehicle/archives-code
[1.810s] copying a021vehicle/archives-code/vehiclecontrol_0 copy.py -> /home/a-baja/abajaws/src/a021vehicle/build/a021vehicle/build/lib/a021vehicle/archives-code
[1.810s] copying a021vehicle/archives-code/__init__.py -> /home/a-baja/abajaws/src/a021vehicle/build/a021vehicle/build/lib/a021vehicle/archives-code
[1.811s] copying a021vehicle/archives-code/usbcan.py -> /home/a-baja/abajaws/src/a021vehicle/build/a021vehicle/build/lib/a021vehicle/archives-code
[1.811s] copying a021vehicle/archives-code/rawradar_0.py -> /home/a-baja/abajaws/src/a021vehicle/build/a021vehicle/build/lib/a021vehicle/archives-code
[1.811s] copying a021vehicle/archives-code/vehiclecontrol.py -> /home/a-baja/abajaws/src/a021vehicle/build/a021vehicle/build/lib/a021vehicle/archives-code
[1.811s] copying a021vehicle/archives-code/radar.py -> /home/a-baja/abajaws/src/a021vehicle/build/a021vehicle/build/lib/a021vehicle/archives-code
[1.812s] copying a021vehicle/archives-code/vehiclecontrol_2.py -> /home/a-baja/abajaws/src/a021vehicle/build/a021vehicle/build/lib/a021vehicle/archives-code
[1.812s] copying a021vehicle/archives-code/radar_spi_bridge_0.py -> /home/a-baja/abajaws/src/a021vehicle/build/a021vehicle/build/lib/a021vehicle/archives-code
[1.812s] copying a021vehicle/archives-code/radar_data_1 copy.py -> /home/a-baja/abajaws/src/a021vehicle/build/a021vehicle/build/lib/a021vehicle/archives-code
[1.812s] copying a021vehicle/archives-code/radar_data_6.py -> /home/a-baja/abajaws/src/a021vehicle/build/a021vehicle/build/lib/a021vehicle/archives-code
[1.813s] copying a021vehicle/archives-code/radar_receiver.py -> /home/a-baja/abajaws/src/a021vehicle/build/a021vehicle/build/lib/a021vehicle/archives-code
[1.813s] copying a021vehicle/archives-code/radar_data_0.py -> /home/a-baja/abajaws/src/a021vehicle/build/a021vehicle/build/lib/a021vehicle/archives-code
[1.813s] copying a021vehicle/archives-code/radar_data_3.py -> /home/a-baja/abajaws/src/a021vehicle/build/a021vehicle/build/lib/a021vehicle/archives-code
[1.813s] copying a021vehicle/archives-code/radar_spi_bridge.py -> /home/a-baja/abajaws/src/a021vehicle/build/a021vehicle/build/lib/a021vehicle/archives-code
[1.813s] copying a021vehicle/archives-code/vehiclecontrol_2 copy.py -> /home/a-baja/abajaws/src/a021vehicle/build/a021vehicle/build/lib/a021vehicle/archives-code
[1.814s] copying a021vehicle/archives-code/radar_data_1.py -> /home/a-baja/abajaws/src/a021vehicle/build/a021vehicle/build/lib/a021vehicle/archives-code
[1.814s] copying a021vehicle/archives-code/vehiclecontrol_1.py -> /home/a-baja/abajaws/src/a021vehicle/build/a021vehicle/build/lib/a021vehicle/archives-code
[1.814s] copying a021vehicle/archives-code/rawradar.py -> /home/a-baja/abajaws/src/a021vehicle/build/a021vehicle/build/lib/a021vehicle/archives-code
[1.814s] copying a021vehicle/archives-code/ros_esp_bridge.py -> /home/a-baja/abajaws/src/a021vehicle/build/a021vehicle/build/lib/a021vehicle/archives-code
[1.814s] copying a021vehicle/archives-code/radar_data copy.py -> /home/a-baja/abajaws/src/a021vehicle/build/a021vehicle/build/lib/a021vehicle/archives-code
[1.814s] copying a021vehicle/archives-code/vehiclecontrol_0.py -> /home/a-baja/abajaws/src/a021vehicle/build/a021vehicle/build/lib/a021vehicle/archives-code
[1.815s] copying a021vehicle/archives-code/radar_data_4.py -> /home/a-baja/abajaws/src/a021vehicle/build/a021vehicle/build/lib/a021vehicle/archives-code
[1.815s] copying a021vehicle/archives-code/radar_data.py -> /home/a-baja/abajaws/src/a021vehicle/build/a021vehicle/build/lib/a021vehicle/archives-code
[1.815s] copying a021vehicle/archives-code/vehiclecontrol_4.py -> /home/a-baja/abajaws/src/a021vehicle/build/a021vehicle/build/lib/a021vehicle/archives-code
[1.815s] copying a021vehicle/archives-code/radar_data_5.py -> /home/a-baja/abajaws/src/a021vehicle/build/a021vehicle/build/lib/a021vehicle/archives-code
[1.816s] copying a021vehicle/archives-code/radar_data_2.py -> /home/a-baja/abajaws/src/a021vehicle/build/a021vehicle/build/lib/a021vehicle/archives-code
[1.820s] running install
[1.820s] running install_lib
[1.822s] creating /home/a-baja/abajaws/src/a021vehicle/install/a021vehicle/lib/python3.10/site-packages/a021vehicle
[1.822s] copying /home/a-baja/abajaws/src/a021vehicle/build/a021vehicle/build/lib/a021vehicle/__init__.py -> /home/a-baja/abajaws/src/a021vehicle/install/a021vehicle/lib/python3.10/site-packages/a021vehicle
[1.822s] copying /home/a-baja/abajaws/src/a021vehicle/build/a021vehicle/build/lib/a021vehicle/usbcan.py -> /home/a-baja/abajaws/src/a021vehicle/install/a021vehicle/lib/python3.10/site-packages/a021vehicle
[1.824s] copying /home/a-baja/abajaws/src/a021vehicle/build/a021vehicle/build/lib/a021vehicle/vehiclecontrol.py -> /home/a-baja/abajaws/src/a021vehicle/install/a021vehicle/lib/python3.10/site-packages/a021vehicle
[1.825s] copying /home/a-baja/abajaws/src/a021vehicle/build/a021vehicle/build/lib/a021vehicle/radar_data_1 copy.py -> /home/a-baja/abajaws/src/a021vehicle/install/a021vehicle/lib/python3.10/site-packages/a021vehicle
[1.825s] copying /home/a-baja/abajaws/src/a021vehicle/build/a021vehicle/build/lib/a021vehicle/radar_receiver.py -> /home/a-baja/abajaws/src/a021vehicle/install/a021vehicle/lib/python3.10/site-packages/a021vehicle
[1.825s] creating /home/a-baja/abajaws/src/a021vehicle/install/a021vehicle/lib/python3.10/site-packages/a021vehicle/archives-code
[1.826s] copying /home/a-baja/abajaws/src/a021vehicle/build/a021vehicle/build/lib/a021vehicle/archives-code/vehiclecontrol_0 copy.py -> /home/a-baja/abajaws/src/a021vehicle/install/a021vehicle/lib/python3.10/site-packages/a021vehicle/archives-code
[1.826s] copying /home/a-baja/abajaws/src/a021vehicle/build/a021vehicle/build/lib/a021vehicle/archives-code/__init__.py -> /home/a-baja/abajaws/src/a021vehicle/install/a021vehicle/lib/python3.10/site-packages/a021vehicle/archives-code
[1.826s] copying /home/a-baja/abajaws/src/a021vehicle/build/a021vehicle/build/lib/a021vehicle/archives-code/usbcan.py -> /home/a-baja/abajaws/src/a021vehicle/install/a021vehicle/lib/python3.10/site-packages/a021vehicle/archives-code
[1.827s] copying /home/a-baja/abajaws/src/a021vehicle/build/a021vehicle/build/lib/a021vehicle/archives-code/rawradar_0.py -> /home/a-baja/abajaws/src/a021vehicle/install/a021vehicle/lib/python3.10/site-packages/a021vehicle/archives-code
[1.827s] copying /home/a-baja/abajaws/src/a021vehicle/build/a021vehicle/build/lib/a021vehicle/archives-code/vehiclecontrol.py -> /home/a-baja/abajaws/src/a021vehicle/install/a021vehicle/lib/python3.10/site-packages/a021vehicle/archives-code
[1.827s] copying /home/a-baja/abajaws/src/a021vehicle/build/a021vehicle/build/lib/a021vehicle/archives-code/radar.py -> /home/a-baja/abajaws/src/a021vehicle/install/a021vehicle/lib/python3.10/site-packages/a021vehicle/archives-code
[1.827s] copying /home/a-baja/abajaws/src/a021vehicle/build/a021vehicle/build/lib/a021vehicle/archives-code/vehiclecontrol_2.py -> /home/a-baja/abajaws/src/a021vehicle/install/a021vehicle/lib/python3.10/site-packages/a021vehicle/archives-code
[1.827s] copying /home/a-baja/abajaws/src/a021vehicle/build/a021vehicle/build/lib/a021vehicle/archives-code/radar_spi_bridge_0.py -> /home/a-baja/abajaws/src/a021vehicle/install/a021vehicle/lib/python3.10/site-packages/a021vehicle/archives-code
[1.827s] copying /home/a-baja/abajaws/src/a021vehicle/build/a021vehicle/build/lib/a021vehicle/archives-code/radar_data_1 copy.py -> /home/a-baja/abajaws/src/a021vehicle/install/a021vehicle/lib/python3.10/site-packages/a021vehicle/archives-code
[1.828s] copying /home/a-baja/abajaws/src/a021vehicle/build/a021vehicle/build/lib/a021vehicle/archives-code/radar_data_6.py -> /home/a-baja/abajaws/src/a021vehicle/install/a021vehicle/lib/python3.10/site-packages/a021vehicle/archives-code
[1.828s] copying /home/a-baja/abajaws/src/a021vehicle/build/a021vehicle/build/lib/a021vehicle/archives-code/radar_receiver.py -> /home/a-baja/abajaws/src/a021vehicle/install/a021vehicle/lib/python3.10/site-packages/a021vehicle/archives-code
[1.828s] copying /home/a-baja/abajaws/src/a021vehicle/build/a021vehicle/build/lib/a021vehicle/archives-code/radar_data_0.py -> /home/a-baja/abajaws/src/a021vehicle/install/a021vehicle/lib/python3.10/site-packages/a021vehicle/archives-code
[1.828s] copying /home/a-baja/abajaws/src/a021vehicle/build/a021vehicle/build/lib/a021vehicle/archives-code/radar_data_3.py -> /home/a-baja/abajaws/src/a021vehicle/install/a021vehicle/lib/python3.10/site-packages/a021vehicle/archives-code
[1.828s] copying /home/a-baja/abajaws/src/a021vehicle/build/a021vehicle/build/lib/a021vehicle/archives-code/radar_spi_bridge.py -> /home/a-baja/abajaws/src/a021vehicle/install/a021vehicle/lib/python3.10/site-packages/a021vehicle/archives-code
[1.828s] copying /home/a-baja/abajaws/src/a021vehicle/build/a021vehicle/build/lib/a021vehicle/archives-code/vehiclecontrol_2 copy.py -> /home/a-baja/abajaws/src/a021vehicle/install/a021vehicle/lib/python3.10/site-packages/a021vehicle/archives-code
[1.828s] copying /home/a-baja/abajaws/src/a021vehicle/build/a021vehicle/build/lib/a021vehicle/archives-code/radar_data_1.py -> /home/a-baja/abajaws/src/a021vehicle/install/a021vehicle/lib/python3.10/site-packages/a021vehicle/archives-code
[1.829s] copying /home/a-baja/abajaws/src/a021vehicle/build/a021vehicle/build/lib/a021vehicle/archives-code/vehiclecontrol_1.py -> /home/a-baja/abajaws/src/a021vehicle/install/a021vehicle/lib/python3.10/site-packages/a021vehicle/archives-code
[1.829s] copying /home/a-baja/abajaws/src/a021vehicle/build/a021vehicle/build/lib/a021vehicle/archives-code/rawradar.py -> /home/a-baja/abajaws/src/a021vehicle/install/a021vehicle/lib/python3.10/site-packages/a021vehicle/archives-code
[1.829s] copying /home/a-baja/abajaws/src/a021vehicle/build/a021vehicle/build/lib/a021vehicle/archives-code/ros_esp_bridge.py -> /home/a-baja/abajaws/src/a021vehicle/install/a021vehicle/lib/python3.10/site-packages/a021vehicle/archives-code
[1.829s] copying /home/a-baja/abajaws/src/a021vehicle/build/a021vehicle/build/lib/a021vehicle/archives-code/radar_data copy.py -> /home/a-baja/abajaws/src/a021vehicle/install/a021vehicle/lib/python3.10/site-packages/a021vehicle/archives-code
[1.829s] copying /home/a-baja/abajaws/src/a021vehicle/build/a021vehicle/build/lib/a021vehicle/archives-code/vehiclecontrol_0.py -> /home/a-baja/abajaws/src/a021vehicle/install/a021vehicle/lib/python3.10/site-packages/a021vehicle/archives-code
[1.829s] copying /home/a-baja/abajaws/src/a021vehicle/build/a021vehicle/build/lib/a021vehicle/archives-code/radar_data_4.py -> /home/a-baja/abajaws/src/a021vehicle/install/a021vehicle/lib/python3.10/site-packages/a021vehicle/archives-code
[1.830s] copying /home/a-baja/abajaws/src/a021vehicle/build/a021vehicle/build/lib/a021vehicle/archives-code/radar_data.py -> /home/a-baja/abajaws/src/a021vehicle/install/a021vehicle/lib/python3.10/site-packages/a021vehicle/archives-code
[1.830s] copying /home/a-baja/abajaws/src/a021vehicle/build/a021vehicle/build/lib/a021vehicle/archives-code/vehiclecontrol_4.py -> /home/a-baja/abajaws/src/a021vehicle/install/a021vehicle/lib/python3.10/site-packages/a021vehicle/archives-code
[1.830s] copying /home/a-baja/abajaws/src/a021vehicle/build/a021vehicle/build/lib/a021vehicle/archives-code/radar_data_5.py -> /home/a-baja/abajaws/src/a021vehicle/install/a021vehicle/lib/python3.10/site-packages/a021vehicle/archives-code
[1.830s] copying /home/a-baja/abajaws/src/a021vehicle/build/a021vehicle/build/lib/a021vehicle/archives-code/radar_data_2.py -> /home/a-baja/abajaws/src/a021vehicle/install/a021vehicle/lib/python3.10/site-packages/a021vehicle/archives-code
[1.830s] copying /home/a-baja/abajaws/src/a021vehicle/build/a021vehicle/build/lib/a021vehicle/rawradar.py -> /home/a-baja/abajaws/src/a021vehicle/install/a021vehicle/lib/python3.10/site-packages/a021vehicle
[1.830s] copying /home/a-baja/abajaws/src/a021vehicle/build/a021vehicle/build/lib/a021vehicle/ros_esp_bridge.py -> /home/a-baja/abajaws/src/a021vehicle/install/a021vehicle/lib/python3.10/site-packages/a021vehicle
[1.830s] copying /home/a-baja/abajaws/src/a021vehicle/build/a021vehicle/build/lib/a021vehicle/radar_data copy.py -> /home/a-baja/abajaws/src/a021vehicle/install/a021vehicle/lib/python3.10/site-packages/a021vehicle
[1.830s] copying /home/a-baja/abajaws/src/a021vehicle/build/a021vehicle/build/lib/a021vehicle/radar_data.py -> /home/a-baja/abajaws/src/a021vehicle/install/a021vehicle/lib/python3.10/site-packages/a021vehicle
[1.830s] byte-compiling /home/a-baja/abajaws/src/a021vehicle/install/a021vehicle/lib/python3.10/site-packages/a021vehicle/__init__.py to __init__.cpython-310.pyc
[1.831s] byte-compiling /home/a-baja/abajaws/src/a021vehicle/install/a021vehicle/lib/python3.10/site-packages/a021vehicle/usbcan.py to usbcan.cpython-310.pyc
[1.833s] byte-compiling /home/a-baja/abajaws/src/a021vehicle/install/a021vehicle/lib/python3.10/site-packages/a021vehicle/vehiclecontrol.py to vehiclecontrol.cpython-310.pyc
[1.834s] byte-compiling /home/a-baja/abajaws/src/a021vehicle/install/a021vehicle/lib/python3.10/site-packages/a021vehicle/radar_data_1 copy.py to radar_data_1 copy.cpython-310.pyc
[1.836s] byte-compiling /home/a-baja/abajaws/src/a021vehicle/install/a021vehicle/lib/python3.10/site-packages/a021vehicle/radar_receiver.py to radar_receiver.cpython-310.pyc
[1.837s] byte-compiling /home/a-baja/abajaws/src/a021vehicle/install/a021vehicle/lib/python3.10/site-packages/a021vehicle/archives-code/vehiclecontrol_0 copy.py to vehiclecontrol_0 copy.cpython-310.pyc
[1.837s] byte-compiling /home/a-baja/abajaws/src/a021vehicle/install/a021vehicle/lib/python3.10/site-packages/a021vehicle/archives-code/__init__.py to __init__.cpython-310.pyc
[1.838s] byte-compiling /home/a-baja/abajaws/src/a021vehicle/install/a021vehicle/lib/python3.10/site-packages/a021vehicle/archives-code/usbcan.py to usbcan.cpython-310.pyc
[1.840s] byte-compiling /home/a-baja/abajaws/src/a021vehicle/install/a021vehicle/lib/python3.10/site-packages/a021vehicle/archives-code/rawradar_0.py to rawradar_0.cpython-310.pyc
[1.842s] byte-compiling /home/a-baja/abajaws/src/a021vehicle/install/a021vehicle/lib/python3.10/site-packages/a021vehicle/archives-code/vehiclecontrol.py to vehiclecontrol.cpython-310.pyc
[1.842s] byte-compiling /home/a-baja/abajaws/src/a021vehicle/install/a021vehicle/lib/python3.10/site-packages/a021vehicle/archives-code/radar.py to radar.cpython-310.pyc
[1.845s] byte-compiling /home/a-baja/abajaws/src/a021vehicle/install/a021vehicle/lib/python3.10/site-packages/a021vehicle/archives-code/vehiclecontrol_2.py to vehiclecontrol_2.cpython-310.pyc
[1.846s] byte-compiling /home/a-baja/abajaws/src/a021vehicle/install/a021vehicle/lib/python3.10/site-packages/a021vehicle/archives-code/radar_spi_bridge_0.py to radar_spi_bridge_0.cpython-310.pyc
[1.847s] byte-compiling /home/a-baja/abajaws/src/a021vehicle/install/a021vehicle/lib/python3.10/site-packages/a021vehicle/archives-code/radar_data_1 copy.py to radar_data_1 copy.cpython-310.pyc
[1.849s] byte-compiling /home/a-baja/abajaws/src/a021vehicle/install/a021vehicle/lib/python3.10/site-packages/a021vehicle/archives-code/radar_data_6.py to radar_data_6.cpython-310.pyc
[1.851s] byte-compiling /home/a-baja/abajaws/src/a021vehicle/install/a021vehicle/lib/python3.10/site-packages/a021vehicle/archives-code/radar_receiver.py to radar_receiver.cpython-310.pyc
[1.851s] byte-compiling /home/a-baja/abajaws/src/a021vehicle/install/a021vehicle/lib/python3.10/site-packages/a021vehicle/archives-code/radar_data_0.py to radar_data_0.cpython-310.pyc
[1.853s] byte-compiling /home/a-baja/abajaws/src/a021vehicle/install/a021vehicle/lib/python3.10/site-packages/a021vehicle/archives-code/radar_data_3.py to radar_data_3.cpython-310.pyc
[1.854s] byte-compiling /home/a-baja/abajaws/src/a021vehicle/install/a021vehicle/lib/python3.10/site-packages/a021vehicle/archives-code/radar_spi_bridge.py to radar_spi_bridge.cpython-310.pyc
[1.870s] byte-compiling /home/a-baja/abajaws/src/a021vehicle/install/a021vehicle/lib/python3.10/site-packages/a021vehicle/archives-code/vehiclecontrol_2 copy.py to vehiclecontrol_2 copy.cpython-310.pyc
[1.871s] byte-compiling /home/a-baja/abajaws/src/a021vehicle/install/a021vehicle/lib/python3.10/site-packages/a021vehicle/archives-code/radar_data_1.py to radar_data_1.cpython-310.pyc
[1.871s] byte-compiling /home/a-baja/abajaws/src/a021vehicle/install/a021vehicle/lib/python3.10/site-packages/a021vehicle/archives-code/vehiclecontrol_1.py to vehiclecontrol_1.cpython-310.pyc
[1.871s] byte-compiling /home/a-baja/abajaws/src/a021vehicle/install/a021vehicle/lib/python3.10/site-packages/a021vehicle/archives-code/rawradar.py to rawradar.cpython-310.pyc
[1.879s] byte-compiling /home/a-baja/abajaws/src/a021vehicle/install/a021vehicle/lib/python3.10/site-packages/a021vehicle/archives-code/ros_esp_bridge.py to ros_esp_bridge.cpython-310.pyc
[1.879s] byte-compiling /home/a-baja/abajaws/src/a021vehicle/install/a021vehicle/lib/python3.10/site-packages/a021vehicle/archives-code/radar_data copy.py to radar_data copy.cpython-310.pyc
[1.879s] byte-compiling /home/a-baja/abajaws/src/a021vehicle/install/a021vehicle/lib/python3.10/site-packages/a021vehicle/archives-code/vehiclecontrol_0.py to vehiclecontrol_0.cpython-310.pyc
[1.879s] byte-compiling /home/a-baja/abajaws/src/a021vehicle/install/a021vehicle/lib/python3.10/site-packages/a021vehicle/archives-code/radar_data_4.py to radar_data_4.cpython-310.pyc
[1.879s] byte-compiling /home/a-baja/abajaws/src/a021vehicle/install/a021vehicle/lib/python3.10/site-packages/a021vehicle/archives-code/radar_data.py to radar_data.cpython-310.pyc
[1.880s] byte-compiling /home/a-baja/abajaws/src/a021vehicle/install/a021vehicle/lib/python3.10/site-packages/a021vehicle/archives-code/vehiclecontrol_4.py to vehiclecontrol_4.cpython-310.pyc
[1.880s] byte-compiling /home/a-baja/abajaws/src/a021vehicle/install/a021vehicle/lib/python3.10/site-packages/a021vehicle/archives-code/radar_data_5.py to radar_data_5.cpython-310.pyc
[1.880s] byte-compiling /home/a-baja/abajaws/src/a021vehicle/install/a021vehicle/lib/python3.10/site-packages/a021vehicle/archives-code/radar_data_2.py to radar_data_2.cpython-310.pyc
[1.880s] byte-compiling /home/a-baja/abajaws/src/a021vehicle/install/a021vehicle/lib/python3.10/site-packages/a021vehicle/rawradar.py to rawradar.cpython-310.pyc
[1.880s] byte-compiling /home/a-baja/abajaws/src/a021vehicle/install/a021vehicle/lib/python3.10/site-packages/a021vehicle/ros_esp_bridge.py to ros_esp_bridge.cpython-310.pyc
[1.880s] byte-compiling /home/a-baja/abajaws/src/a021vehicle/install/a021vehicle/lib/python3.10/site-packages/a021vehicle/radar_data copy.py to radar_data copy.cpython-310.pyc
[1.884s] byte-compiling /home/a-baja/abajaws/src/a021vehicle/install/a021vehicle/lib/python3.10/site-packages/a021vehicle/radar_data.py to radar_data.cpython-310.pyc
[1.884s] running install_data
[1.884s] creating /home/a-baja/abajaws/src/a021vehicle/install/a021vehicle/share/ament_index
[1.885s] creating /home/a-baja/abajaws/src/a021vehicle/install/a021vehicle/share/ament_index/resource_index
[1.888s] creating /home/a-baja/abajaws/src/a021vehicle/install/a021vehicle/share/ament_index/resource_index/packages
[1.888s] copying resource/a021vehicle -> /home/a-baja/abajaws/src/a021vehicle/install/a021vehicle/share/ament_index/resource_index/packages
[1.889s] copying package.xml -> /home/a-baja/abajaws/src/a021vehicle/install/a021vehicle/share/a021vehicle
[1.889s] creating /home/a-baja/abajaws/src/a021vehicle/install/a021vehicle/share/a021vehicle/launch
[1.889s] copying launch/vehicle_launch.py -> /home/a-baja/abajaws/src/a021vehicle/install/a021vehicle/share/a021vehicle/launch
[1.889s] running install_egg_info
[1.891s] Copying build/a021vehicle/a021vehicle.egg-info to /home/a-baja/abajaws/src/a021vehicle/install/a021vehicle/lib/python3.10/site-packages/a021vehicle-0.0.0-py3.10.egg-info
[1.893s] running install_scripts
[1.932s] Installing esp_bridge script to /home/a-baja/abajaws/src/a021vehicle/install/a021vehicle/lib/a021vehicle
[1.932s] Installing radar_data script to /home/a-baja/abajaws/src/a021vehicle/install/a021vehicle/lib/a021vehicle
[1.932s] Installing radar_node script to /home/a-baja/abajaws/src/a021vehicle/install/a021vehicle/lib/a021vehicle
[1.933s] Installing receiver_node script to /home/a-baja/abajaws/src/a021vehicle/install/a021vehicle/lib/a021vehicle
[1.933s] Installing vehiclecontrol script to /home/a-baja/abajaws/src/a021vehicle/install/a021vehicle/lib/a021vehicle
[1.934s] writing list of installed files to '/home/a-baja/abajaws/src/a021vehicle/build/a021vehicle/install.log'
[2.025s] Invoked command in '/home/a-baja/abajaws/src/a021vehicle' returned '0': NX_CONNECTION=192.168.55.100 49365 192.168.55.1 4000 PYTHONPATH=/home/a-baja/abajaws/src/a021vehicle/build/a021vehicle/prefix_override:/usr/lib/python3/dist-packages/colcon_core/task/python/colcon_distutils_commands:/home/a-baja/abajaws/src/a021vehicle/install/a021vehicle/lib/python3.10/site-packages:${PYTHONPATH} /usr/bin/python3 -W ignore:setup.py install is deprecated -W ignore:easy_install command is deprecated setup.py egg_info --egg-base build/a021vehicle build --build-base /home/a-baja/abajaws/src/a021vehicle/build/a021vehicle/build install --record /home/a-baja/abajaws/src/a021vehicle/build/a021vehicle/install.log --single-version-externally-managed install_data
