[1.231s] Invoking command in '/home/a-baja/abajaws/src/a021vehicle': LD_LIBRARY_PATH=/home/a-baja/abajaws/install/radar_interfaces/lib:/opt/ros/humble/opt/rviz_ogre_vendor/lib:/opt/ros/humble/lib/aarch64-linux-gnu:/opt/ros/humble/lib:/usr/local/cuda-12.6/lib64 PYTHONPATH=/home/a-baja/abajaws/build/a021vehicle/prefix_override:/usr/lib/python3/dist-packages/colcon_core/task/python/colcon_distutils_commands:/home/a-baja/abajaws/install/a021vehicle/lib/python3.10/site-packages:${PYTHONPATH} /usr/bin/python3 -W ignore:setup.py install is deprecated -W ignore:easy_install command is deprecated setup.py egg_info --egg-base ../../build/a021vehicle build --build-base /home/a-baja/abajaws/build/a021vehicle/build install --record /home/a-baja/abajaws/build/a021vehicle/install.log --single-version-externally-managed install_data
[1.666s] running egg_info
[1.667s] writing ../../build/a021vehicle/a021vehicle.egg-info/PKG-INFO
[1.668s] writing dependency_links to ../../build/a021vehicle/a021vehicle.egg-info/dependency_links.txt
[1.668s] writing entry points to ../../build/a021vehicle/a021vehicle.egg-info/entry_points.txt
[1.668s] writing requirements to ../../build/a021vehicle/a021vehicle.egg-info/requires.txt
[1.668s] writing top-level names to ../../build/a021vehicle/a021vehicle.egg-info/top_level.txt
[1.673s] reading manifest file '../../build/a021vehicle/a021vehicle.egg-info/SOURCES.txt'
[1.674s] writing manifest file '../../build/a021vehicle/a021vehicle.egg-info/SOURCES.txt'
[1.675s] running build
[1.675s] running build_py
[1.680s] running install
[1.680s] running install_lib
[1.684s] byte-compiling /home/a-baja/abajaws/install/a021vehicle/lib/python3.10/site-packages/a021vehicle/vehiclecontrol.py to vehiclecontrol.cpython-310.pyc
[1.686s] byte-compiling /home/a-baja/abajaws/install/a021vehicle/lib/python3.10/site-packages/a021vehicle/ros_esp_bridge.py to ros_esp_bridge.cpython-310.pyc
[1.688s] byte-compiling /home/a-baja/abajaws/install/a021vehicle/lib/python3.10/site-packages/a021vehicle/radar_data.py to radar_data.cpython-310.pyc
[1.690s] running install_data
[1.690s] creating /home/a-baja/abajaws/install/a021vehicle/share/a021vehicle/launch
[1.690s] copying launch/vehicle_launch.py -> /home/a-baja/abajaws/install/a021vehicle/share/a021vehicle/launch
[1.691s] running install_egg_info
[1.695s] removing '/home/a-baja/abajaws/install/a021vehicle/lib/python3.10/site-packages/a021vehicle-0.0.0-py3.10.egg-info' (and everything under it)
[1.695s] Copying ../../build/a021vehicle/a021vehicle.egg-info to /home/a-baja/abajaws/install/a021vehicle/lib/python3.10/site-packages/a021vehicle-0.0.0-py3.10.egg-info
[1.697s] running install_scripts
[1.733s] Installing esp_bridge script to /home/a-baja/abajaws/install/a021vehicle/lib/a021vehicle
[1.733s] Installing radar_data script to /home/a-baja/abajaws/install/a021vehicle/lib/a021vehicle
[1.733s] Installing radar_node script to /home/a-baja/abajaws/install/a021vehicle/lib/a021vehicle
[1.733s] Installing receiver_node script to /home/a-baja/abajaws/install/a021vehicle/lib/a021vehicle
[1.734s] Installing vehiclecontrol script to /home/a-baja/abajaws/install/a021vehicle/lib/a021vehicle
[1.735s] writing list of installed files to '/home/a-baja/abajaws/build/a021vehicle/install.log'
[1.817s] Invoked command in '/home/a-baja/abajaws/src/a021vehicle' returned '0': LD_LIBRARY_PATH=/home/a-baja/abajaws/install/radar_interfaces/lib:/opt/ros/humble/opt/rviz_ogre_vendor/lib:/opt/ros/humble/lib/aarch64-linux-gnu:/opt/ros/humble/lib:/usr/local/cuda-12.6/lib64 PYTHONPATH=/home/a-baja/abajaws/build/a021vehicle/prefix_override:/usr/lib/python3/dist-packages/colcon_core/task/python/colcon_distutils_commands:/home/a-baja/abajaws/install/a021vehicle/lib/python3.10/site-packages:${PYTHONPATH} /usr/bin/python3 -W ignore:setup.py install is deprecated -W ignore:easy_install command is deprecated setup.py egg_info --egg-base ../../build/a021vehicle build --build-base /home/a-baja/abajaws/build/a021vehicle/build install --record /home/a-baja/abajaws/build/a021vehicle/install.log --single-version-externally-managed install_data
