[0.021s] Invoking command in '/home/a-baja/abajaws/build/radar_interfaces': CMAKE_PREFIX_PATH=${CMAKE_PREFIX_PATH}:/home/a-baja/abajaws/install/a021vehicle:/opt/ros/humble NX_CONNECTION=192.168.55.100 49365 192.168.55.1 4000 /usr/bin/cmake --build /home/a-baja/abajaws/build/radar_interfaces -- -j6 -l6
[0.142s] [  3%] Built target radar_interfaces__cpp
[0.145s] [  6%] Built target radar_interfaces__rs
[0.155s] [ 15%] Built target radar_interfaces__rosidl_generator_c
[0.161s] [ 15%] Built target ament_cmake_python_symlink_radar_interfaces
[0.188s] [ 40%] Built target radar_interfaces__rosidl_typesupport_cpp
[0.189s] [ 40%] Built target radar_interfaces__rosidl_typesupport_introspection_cpp
[0.189s] [ 43%] Built target radar_interfaces__rosidl_typesupport_fastrtps_cpp
[0.192s] [ 53%] Built target radar_interfaces__rosidl_typesupport_introspection_c
[0.194s] [ 62%] Built target radar_interfaces__rosidl_typesupport_fastrtps_c
[0.206s] [ 71%] Built target radar_interfaces__rosidl_typesupport_c
[0.245s] [ 71%] Built target radar_interfaces
[0.281s] [ 75%] Built target radar_interfaces__py
[0.323s] [ 81%] Built target radar_interfaces__rosidl_generator_py
[0.365s] [ 93%] Built target radar_interfaces__rosidl_typesupport_introspection_c__pyext
[0.366s] [ 93%] Built target radar_interfaces__rosidl_typesupport_c__pyext
[0.367s] [100%] Built target radar_interfaces__rosidl_typesupport_fastrtps_c__pyext
[0.596s] running egg_info
[0.597s] writing radar_interfaces.egg-info/PKG-INFO
[0.597s] writing dependency_links to radar_interfaces.egg-info/dependency_links.txt
[0.598s] writing top-level names to radar_interfaces.egg-info/top_level.txt
[0.602s] reading manifest file 'radar_interfaces.egg-info/SOURCES.txt'
[0.603s] writing manifest file 'radar_interfaces.egg-info/SOURCES.txt'
[0.670s] [100%] Built target ament_cmake_python_build_radar_interfaces_egg
[0.700s] Invoked command in '/home/a-baja/abajaws/build/radar_interfaces' returned '0': CMAKE_PREFIX_PATH=${CMAKE_PREFIX_PATH}:/home/a-baja/abajaws/install/a021vehicle:/opt/ros/humble NX_CONNECTION=192.168.55.100 49365 192.168.55.1 4000 /usr/bin/cmake --build /home/a-baja/abajaws/build/radar_interfaces -- -j6 -l6
[0.721s] Invoking command in '/home/a-baja/abajaws/build/radar_interfaces': CMAKE_PREFIX_PATH=${CMAKE_PREFIX_PATH}:/home/a-baja/abajaws/install/a021vehicle:/opt/ros/humble NX_CONNECTION=192.168.55.100 49365 192.168.55.1 4000 /usr/bin/cmake --install /home/a-baja/abajaws/build/radar_interfaces
[0.738s] -- Install configuration: ""
[0.739s] -- Execute custom install script
[0.741s] -- Up-to-date symlink: /home/a-baja/abajaws/install/radar_interfaces/share/ament_index/resource_index/rosidl_interfaces/radar_interfaces
[0.746s] -- Up-to-date symlink: /home/a-baja/abajaws/install/radar_interfaces/include/radar_interfaces/radar_interfaces/msg/detail/radar_message__functions.h
[0.746s] -- Up-to-date symlink: /home/a-baja/abajaws/install/radar_interfaces/include/radar_interfaces/radar_interfaces/msg/detail/radar_message__struct.h
[0.746s] -- Up-to-date symlink: /home/a-baja/abajaws/install/radar_interfaces/include/radar_interfaces/radar_interfaces/msg/detail/radar_message__type_support.h
[0.747s] -- Up-to-date symlink: /home/a-baja/abajaws/install/radar_interfaces/include/radar_interfaces/radar_interfaces/msg/radar_message.h
[0.747s] -- Up-to-date symlink: /home/a-baja/abajaws/install/radar_interfaces/include/radar_interfaces/radar_interfaces/msg/rosidl_generator_c__visibility_control.h
[0.747s] -- Up-to-date symlink: /home/a-baja/abajaws/install/radar_interfaces/share/radar_interfaces/environment/library_path.sh
[0.748s] -- Up-to-date symlink: /home/a-baja/abajaws/install/radar_interfaces/share/radar_interfaces/environment/library_path.dsv
[0.748s] -- Up-to-date symlink: /home/a-baja/abajaws/install/radar_interfaces/include/radar_interfaces/radar_interfaces/msg/detail/radar_message__rosidl_typesupport_fastrtps_c.h
[0.748s] -- Up-to-date symlink: /home/a-baja/abajaws/install/radar_interfaces/include/radar_interfaces/radar_interfaces/msg/rosidl_typesupport_fastrtps_c__visibility_control.h
[0.749s] -- Up-to-date symlink: /home/a-baja/abajaws/install/radar_interfaces/include/radar_interfaces/radar_interfaces/msg/detail/radar_message__rosidl_typesupport_introspection_c.h
[0.749s] -- Up-to-date symlink: /home/a-baja/abajaws/install/radar_interfaces/include/radar_interfaces/radar_interfaces/msg/rosidl_typesupport_introspection_c__visibility_control.h
[0.749s] -- Up-to-date symlink: /home/a-baja/abajaws/install/radar_interfaces/include/radar_interfaces/radar_interfaces/msg/detail/radar_message__builder.hpp
[0.750s] -- Up-to-date symlink: /home/a-baja/abajaws/install/radar_interfaces/include/radar_interfaces/radar_interfaces/msg/detail/radar_message__struct.hpp
[0.750s] -- Up-to-date symlink: /home/a-baja/abajaws/install/radar_interfaces/include/radar_interfaces/radar_interfaces/msg/detail/radar_message__traits.hpp
[0.750s] -- Up-to-date symlink: /home/a-baja/abajaws/install/radar_interfaces/include/radar_interfaces/radar_interfaces/msg/detail/radar_message__type_support.hpp
[0.750s] -- Up-to-date symlink: /home/a-baja/abajaws/install/radar_interfaces/include/radar_interfaces/radar_interfaces/msg/radar_message.hpp
[0.751s] -- Up-to-date symlink: /home/a-baja/abajaws/install/radar_interfaces/include/radar_interfaces/radar_interfaces/msg/rosidl_generator_cpp__visibility_control.hpp
[0.751s] -- Up-to-date symlink: /home/a-baja/abajaws/install/radar_interfaces/include/radar_interfaces/radar_interfaces/msg/detail/radar_message__rosidl_typesupport_fastrtps_cpp.hpp
[0.751s] -- Up-to-date symlink: /home/a-baja/abajaws/install/radar_interfaces/include/radar_interfaces/radar_interfaces/msg/rosidl_typesupport_fastrtps_cpp__visibility_control.h
[0.751s] -- Up-to-date symlink: /home/a-baja/abajaws/install/radar_interfaces/include/radar_interfaces/radar_interfaces/msg/detail/radar_message__rosidl_typesupport_introspection_cpp.hpp
[0.752s] -- Up-to-date symlink: /home/a-baja/abajaws/install/radar_interfaces/share/radar_interfaces/environment/pythonpath.sh
[0.752s] -- Up-to-date symlink: /home/a-baja/abajaws/install/radar_interfaces/share/radar_interfaces/environment/pythonpath.dsv
[0.752s] -- Up-to-date symlink: /home/a-baja/abajaws/install/radar_interfaces/local/lib/python3.10/dist-packages/radar_interfaces-0.0.0-py3.10.egg-info/PKG-INFO
[0.753s] -- Up-to-date symlink: /home/a-baja/abajaws/install/radar_interfaces/local/lib/python3.10/dist-packages/radar_interfaces-0.0.0-py3.10.egg-info/SOURCES.txt
[0.753s] -- Up-to-date symlink: /home/a-baja/abajaws/install/radar_interfaces/local/lib/python3.10/dist-packages/radar_interfaces-0.0.0-py3.10.egg-info/dependency_links.txt
[0.753s] -- Up-to-date symlink: /home/a-baja/abajaws/install/radar_interfaces/local/lib/python3.10/dist-packages/radar_interfaces-0.0.0-py3.10.egg-info/top_level.txt
[0.754s] -- Up-to-date symlink: /home/a-baja/abajaws/install/radar_interfaces/local/lib/python3.10/dist-packages/radar_interfaces/__init__.py
[0.754s] -- Up-to-date symlink: /home/a-baja/abajaws/install/radar_interfaces/local/lib/python3.10/dist-packages/radar_interfaces/_radar_interfaces_s.ep.rosidl_typesupport_c.c
[0.754s] -- Up-to-date symlink: /home/a-baja/abajaws/install/radar_interfaces/local/lib/python3.10/dist-packages/radar_interfaces/_radar_interfaces_s.ep.rosidl_typesupport_fastrtps_c.c
[0.755s] -- Up-to-date symlink: /home/a-baja/abajaws/install/radar_interfaces/local/lib/python3.10/dist-packages/radar_interfaces/_radar_interfaces_s.ep.rosidl_typesupport_introspection_c.c
[0.755s] -- Up-to-date symlink: /home/a-baja/abajaws/install/radar_interfaces/local/lib/python3.10/dist-packages/radar_interfaces/libradar_interfaces__rosidl_generator_py.so
[0.755s] -- Up-to-date symlink: /home/a-baja/abajaws/install/radar_interfaces/local/lib/python3.10/dist-packages/radar_interfaces/msg/__init__.py
[0.756s] -- Up-to-date symlink: /home/a-baja/abajaws/install/radar_interfaces/local/lib/python3.10/dist-packages/radar_interfaces/msg/_radar_message.py
[0.756s] -- Up-to-date symlink: /home/a-baja/abajaws/install/radar_interfaces/local/lib/python3.10/dist-packages/radar_interfaces/msg/_radar_message_s.c
[0.756s] -- Up-to-date symlink: /home/a-baja/abajaws/install/radar_interfaces/local/lib/python3.10/dist-packages/radar_interfaces/radar_interfaces_s__rosidl_typesupport_c.cpython-310-aarch64-linux-gnu.so
[0.756s] -- Up-to-date symlink: /home/a-baja/abajaws/install/radar_interfaces/local/lib/python3.10/dist-packages/radar_interfaces/radar_interfaces_s__rosidl_typesupport_fastrtps_c.cpython-310-aarch64-linux-gnu.so
[0.757s] -- Up-to-date symlink: /home/a-baja/abajaws/install/radar_interfaces/local/lib/python3.10/dist-packages/radar_interfaces/radar_interfaces_s__rosidl_typesupport_introspection_c.cpython-310-aarch64-linux-gnu.so
[0.757s] -- Up-to-date symlink: /home/a-baja/abajaws/install/radar_interfaces/local/lib/python3.10/dist-packages/radar_interfaces/radar_interfaces_s__rosidl_typesupport_fastrtps_c.cpython-310-aarch64-linux-gnu.so
[0.757s] -- Up-to-date symlink: /home/a-baja/abajaws/install/radar_interfaces/local/lib/python3.10/dist-packages/radar_interfaces/radar_interfaces_s__rosidl_typesupport_introspection_c.cpython-310-aarch64-linux-gnu.so
[0.758s] -- Up-to-date symlink: /home/a-baja/abajaws/install/radar_interfaces/local/lib/python3.10/dist-packages/radar_interfaces/radar_interfaces_s__rosidl_typesupport_c.cpython-310-aarch64-linux-gnu.so
[0.758s] -- Up-to-date symlink: /home/a-baja/abajaws/install/radar_interfaces/share/ament_index/resource_index/rust_packages/radar_interfaces
[0.759s] -- Up-to-date symlink: /home/a-baja/abajaws/install/radar_interfaces/share/radar_interfaces/rust/Cargo.toml
[0.759s] -- Up-to-date symlink: /home/a-baja/abajaws/install/radar_interfaces/share/radar_interfaces/rust/build.rs
[0.759s] -- Up-to-date symlink: /home/a-baja/abajaws/install/radar_interfaces/share/radar_interfaces/rust/src/lib.rs
[0.760s] -- Up-to-date symlink: /home/a-baja/abajaws/install/radar_interfaces/share/radar_interfaces/rust/src/msg.rs
[0.760s] -- Up-to-date symlink: /home/a-baja/abajaws/install/radar_interfaces/share/radar_interfaces/rust/src/msg/rmw.rs
[0.760s] -- Up-to-date symlink: /home/a-baja/abajaws/install/radar_interfaces/share/radar_interfaces/msg/RadarMessage.idl
[0.760s] -- Up-to-date symlink: /home/a-baja/abajaws/install/radar_interfaces/share/radar_interfaces/msg/RadarMessage.msg
[0.761s] -- Up-to-date symlink: /home/a-baja/abajaws/install/radar_interfaces/share/ament_index/resource_index/package_run_dependencies/radar_interfaces
[0.761s] -- Up-to-date symlink: /home/a-baja/abajaws/install/radar_interfaces/share/ament_index/resource_index/parent_prefix_path/radar_interfaces
[0.761s] -- Up-to-date symlink: /home/a-baja/abajaws/install/radar_interfaces/share/radar_interfaces/environment/ament_prefix_path.sh
[0.762s] -- Up-to-date symlink: /home/a-baja/abajaws/install/radar_interfaces/share/radar_interfaces/environment/ament_prefix_path.dsv
[0.762s] -- Up-to-date symlink: /home/a-baja/abajaws/install/radar_interfaces/share/radar_interfaces/environment/path.sh
[0.762s] -- Up-to-date symlink: /home/a-baja/abajaws/install/radar_interfaces/share/radar_interfaces/environment/path.dsv
[0.762s] -- Up-to-date symlink: /home/a-baja/abajaws/install/radar_interfaces/share/radar_interfaces/local_setup.bash
[0.763s] -- Up-to-date symlink: /home/a-baja/abajaws/install/radar_interfaces/share/radar_interfaces/local_setup.sh
[0.763s] -- Up-to-date symlink: /home/a-baja/abajaws/install/radar_interfaces/share/radar_interfaces/local_setup.zsh
[0.763s] -- Up-to-date symlink: /home/a-baja/abajaws/install/radar_interfaces/share/radar_interfaces/local_setup.dsv
[0.763s] -- Symlinking: /home/a-baja/abajaws/install/radar_interfaces/share/radar_interfaces/package.dsv
[0.779s] -- Up-to-date symlink: /home/a-baja/abajaws/install/radar_interfaces/share/ament_index/resource_index/packages/radar_interfaces
[0.779s] -- Up-to-date symlink: /home/a-baja/abajaws/install/radar_interfaces/share/radar_interfaces/cmake/rosidl_cmake-extras.cmake
[0.780s] -- Up-to-date symlink: /home/a-baja/abajaws/install/radar_interfaces/share/radar_interfaces/cmake/ament_cmake_export_include_directories-extras.cmake
[0.780s] -- Up-to-date symlink: /home/a-baja/abajaws/install/radar_interfaces/share/radar_interfaces/cmake/ament_cmake_export_libraries-extras.cmake
[0.780s] -- Up-to-date symlink: /home/a-baja/abajaws/install/radar_interfaces/share/radar_interfaces/cmake/ament_cmake_export_targets-extras.cmake
[0.780s] -- Up-to-date symlink: /home/a-baja/abajaws/install/radar_interfaces/share/radar_interfaces/cmake/rosidl_cmake_export_typesupport_targets-extras.cmake
[0.781s] -- Up-to-date symlink: /home/a-baja/abajaws/install/radar_interfaces/share/radar_interfaces/cmake/ament_cmake_export_dependencies-extras.cmake
[0.781s] -- Up-to-date symlink: /home/a-baja/abajaws/install/radar_interfaces/share/radar_interfaces/cmake/rosidl_cmake_export_typesupport_libraries-extras.cmake
[0.781s] -- Up-to-date symlink: /home/a-baja/abajaws/install/radar_interfaces/share/radar_interfaces/cmake/radar_interfacesConfig.cmake
[0.782s] -- Up-to-date symlink: /home/a-baja/abajaws/install/radar_interfaces/share/radar_interfaces/cmake/radar_interfacesConfig-version.cmake
[0.782s] -- Up-to-date symlink: /home/a-baja/abajaws/install/radar_interfaces/share/radar_interfaces/package.xml
[0.782s] -- Up-to-date: /home/a-baja/abajaws/install/radar_interfaces/lib/libradar_interfaces__rosidl_generator_c.so
[0.783s] -- Up-to-date: /home/a-baja/abajaws/install/radar_interfaces/lib/libradar_interfaces__rosidl_typesupport_fastrtps_c.so
[0.783s] -- Up-to-date: /home/a-baja/abajaws/install/radar_interfaces/lib/libradar_interfaces__rosidl_typesupport_introspection_c.so
[0.784s] -- Up-to-date: /home/a-baja/abajaws/install/radar_interfaces/lib/libradar_interfaces__rosidl_typesupport_c.so
[0.784s] -- Up-to-date: /home/a-baja/abajaws/install/radar_interfaces/lib/libradar_interfaces__rosidl_typesupport_fastrtps_cpp.so
[0.785s] -- Up-to-date: /home/a-baja/abajaws/install/radar_interfaces/lib/libradar_interfaces__rosidl_typesupport_introspection_cpp.so
[0.785s] -- Up-to-date: /home/a-baja/abajaws/install/radar_interfaces/lib/libradar_interfaces__rosidl_typesupport_cpp.so
[0.845s] Listing '/home/a-baja/abajaws/install/radar_interfaces/local/lib/python3.10/dist-packages/radar_interfaces'...
[0.845s] Listing '/home/a-baja/abajaws/install/radar_interfaces/local/lib/python3.10/dist-packages/radar_interfaces/msg'...
[0.856s] -- Up-to-date: /home/a-baja/abajaws/install/radar_interfaces/lib/libradar_interfaces__rosidl_generator_py.so
[0.856s] -- Up-to-date: /home/a-baja/abajaws/install/radar_interfaces/share/radar_interfaces/cmake/export_radar_interfaces__rosidl_generator_cExport.cmake
[0.857s] -- Up-to-date: /home/a-baja/abajaws/install/radar_interfaces/share/radar_interfaces/cmake/export_radar_interfaces__rosidl_generator_cExport-noconfig.cmake
[0.857s] -- Up-to-date: /home/a-baja/abajaws/install/radar_interfaces/share/radar_interfaces/cmake/export_radar_interfaces__rosidl_typesupport_fastrtps_cExport.cmake
[0.858s] -- Up-to-date: /home/a-baja/abajaws/install/radar_interfaces/share/radar_interfaces/cmake/export_radar_interfaces__rosidl_typesupport_fastrtps_cExport-noconfig.cmake
[0.858s] -- Up-to-date: /home/a-baja/abajaws/install/radar_interfaces/share/radar_interfaces/cmake/radar_interfaces__rosidl_typesupport_introspection_cExport.cmake
[0.859s] -- Up-to-date: /home/a-baja/abajaws/install/radar_interfaces/share/radar_interfaces/cmake/radar_interfaces__rosidl_typesupport_introspection_cExport-noconfig.cmake
[0.859s] -- Up-to-date: /home/a-baja/abajaws/install/radar_interfaces/share/radar_interfaces/cmake/radar_interfaces__rosidl_typesupport_cExport.cmake
[0.859s] -- Up-to-date: /home/a-baja/abajaws/install/radar_interfaces/share/radar_interfaces/cmake/radar_interfaces__rosidl_typesupport_cExport-noconfig.cmake
[0.860s] -- Up-to-date: /home/a-baja/abajaws/install/radar_interfaces/share/radar_interfaces/cmake/export_radar_interfaces__rosidl_generator_cppExport.cmake
[0.860s] -- Up-to-date: /home/a-baja/abajaws/install/radar_interfaces/share/radar_interfaces/cmake/export_radar_interfaces__rosidl_typesupport_fastrtps_cppExport.cmake
[0.860s] -- Up-to-date: /home/a-baja/abajaws/install/radar_interfaces/share/radar_interfaces/cmake/export_radar_interfaces__rosidl_typesupport_fastrtps_cppExport-noconfig.cmake
[0.860s] -- Up-to-date: /home/a-baja/abajaws/install/radar_interfaces/share/radar_interfaces/cmake/radar_interfaces__rosidl_typesupport_introspection_cppExport.cmake
[0.861s] -- Up-to-date: /home/a-baja/abajaws/install/radar_interfaces/share/radar_interfaces/cmake/radar_interfaces__rosidl_typesupport_introspection_cppExport-noconfig.cmake
[0.861s] -- Up-to-date: /home/a-baja/abajaws/install/radar_interfaces/share/radar_interfaces/cmake/radar_interfaces__rosidl_typesupport_cppExport.cmake
[0.861s] -- Up-to-date: /home/a-baja/abajaws/install/radar_interfaces/share/radar_interfaces/cmake/radar_interfaces__rosidl_typesupport_cppExport-noconfig.cmake
[0.861s] -- Up-to-date: /home/a-baja/abajaws/install/radar_interfaces/share/radar_interfaces/cmake/export_radar_interfaces__rosidl_generator_pyExport.cmake
[0.862s] -- Up-to-date: /home/a-baja/abajaws/install/radar_interfaces/share/radar_interfaces/cmake/export_radar_interfaces__rosidl_generator_pyExport-noconfig.cmake
[0.868s] Invoked command in '/home/a-baja/abajaws/build/radar_interfaces' returned '0': CMAKE_PREFIX_PATH=${CMAKE_PREFIX_PATH}:/home/a-baja/abajaws/install/a021vehicle:/opt/ros/humble NX_CONNECTION=192.168.55.100 49365 192.168.55.1 4000 /usr/bin/cmake --install /home/a-baja/abajaws/build/radar_interfaces
