[1.132s] Invoking command in '/home/a-baja/abajaws/src/a021vehicle': AMENT_PREFIX_PATH=/home/a-baja/abajaws/install/radar_interfaces:${AMENT_PREFIX_PATH} CMAKE_PREFIX_PATH=/home/a-baja/abajaws/install/radar_interfaces LD_LIBRARY_PATH=/home/a-baja/abajaws/install/radar_interfaces/lib:/opt/ros/humble/opt/rviz_ogre_vendor/lib:/opt/ros/humble/lib/aarch64-linux-gnu:/opt/ros/humble/lib:/usr/local/cuda-12.6/lib64 PYTHONPATH=/home/a-baja/abajaws/build/a021vehicle/prefix_override:/usr/lib/python3/dist-packages/colcon_core/task/python/colcon_distutils_commands:/home/a-baja/abajaws/install/a021vehicle/lib/python3.10/site-packages:/home/a-baja/abajaws/install/radar_interfaces/local/lib/python3.10/dist-packages:${PYTHONPATH} /usr/bin/python3 -W ignore:setup.py install is deprecated -W ignore:easy_install command is deprecated setup.py egg_info --egg-base ../../build/a021vehicle build --build-base /home/a-baja/abajaws/build/a021vehicle/build install --record /home/a-baja/abajaws/build/a021vehicle/install.log --single-version-externally-managed install_data
[1.504s] running egg_info
[1.505s] creating ../../build/a021vehicle/a021vehicle.egg-info
[1.505s] writing ../../build/a021vehicle/a021vehicle.egg-info/PKG-INFO
[1.506s] writing dependency_links to ../../build/a021vehicle/a021vehicle.egg-info/dependency_links.txt
[1.506s] writing entry points to ../../build/a021vehicle/a021vehicle.egg-info/entry_points.txt
[1.506s] writing requirements to ../../build/a021vehicle/a021vehicle.egg-info/requires.txt
[1.507s] writing top-level names to ../../build/a021vehicle/a021vehicle.egg-info/top_level.txt
[1.507s] writing manifest file '../../build/a021vehicle/a021vehicle.egg-info/SOURCES.txt'
[1.510s] reading manifest file '../../build/a021vehicle/a021vehicle.egg-info/SOURCES.txt'
[1.513s] writing manifest file '../../build/a021vehicle/a021vehicle.egg-info/SOURCES.txt'
[1.513s] running build
[1.514s] running build_py
[1.514s] creating /home/a-baja/abajaws/build/a021vehicle/build
[1.514s] creating /home/a-baja/abajaws/build/a021vehicle/build/lib
[1.515s] creating /home/a-baja/abajaws/build/a021vehicle/build/lib/a021vehicle
[1.515s] copying a021vehicle/vehiclecontrol_0 copy.py -> /home/a-baja/abajaws/build/a021vehicle/build/lib/a021vehicle
[1.515s] copying a021vehicle/__init__.py -> /home/a-baja/abajaws/build/a021vehicle/build/lib/a021vehicle
[1.515s] copying a021vehicle/usbcan.py -> /home/a-baja/abajaws/build/a021vehicle/build/lib/a021vehicle
[1.516s] copying a021vehicle/rawradar_0.py -> /home/a-baja/abajaws/build/a021vehicle/build/lib/a021vehicle
[1.516s] copying a021vehicle/vehiclecontrol.py -> /home/a-baja/abajaws/build/a021vehicle/build/lib/a021vehicle
[1.516s] copying a021vehicle/radar.py -> /home/a-baja/abajaws/build/a021vehicle/build/lib/a021vehicle
[1.516s] copying a021vehicle/vehiclecontrol_2.py -> /home/a-baja/abajaws/build/a021vehicle/build/lib/a021vehicle
[1.517s] copying a021vehicle/radar_spi_bridge_0.py -> /home/a-baja/abajaws/build/a021vehicle/build/lib/a021vehicle
[1.517s] copying a021vehicle/radar_data_1 copy.py -> /home/a-baja/abajaws/build/a021vehicle/build/lib/a021vehicle
[1.517s] copying a021vehicle/radar_data_6.py -> /home/a-baja/abajaws/build/a021vehicle/build/lib/a021vehicle
[1.518s] copying a021vehicle/radar_receiver.py -> /home/a-baja/abajaws/build/a021vehicle/build/lib/a021vehicle
[1.518s] copying a021vehicle/radar_data_0.py -> /home/a-baja/abajaws/build/a021vehicle/build/lib/a021vehicle
[1.518s] copying a021vehicle/radar_data_3.py -> /home/a-baja/abajaws/build/a021vehicle/build/lib/a021vehicle
[1.519s] copying a021vehicle/radar_spi_bridge.py -> /home/a-baja/abajaws/build/a021vehicle/build/lib/a021vehicle
[1.519s] copying a021vehicle/vehiclecontrol_2 copy.py -> /home/a-baja/abajaws/build/a021vehicle/build/lib/a021vehicle
[1.519s] copying a021vehicle/radar_data_1.py -> /home/a-baja/abajaws/build/a021vehicle/build/lib/a021vehicle
[1.520s] copying a021vehicle/vehiclecontrol_1.py -> /home/a-baja/abajaws/build/a021vehicle/build/lib/a021vehicle
[1.520s] copying a021vehicle/rawradar.py -> /home/a-baja/abajaws/build/a021vehicle/build/lib/a021vehicle
[1.520s] copying a021vehicle/ros_esp_bridge.py -> /home/a-baja/abajaws/build/a021vehicle/build/lib/a021vehicle
[1.521s] copying a021vehicle/radar_data copy.py -> /home/a-baja/abajaws/build/a021vehicle/build/lib/a021vehicle
[1.521s] copying a021vehicle/vehiclecontrol_0.py -> /home/a-baja/abajaws/build/a021vehicle/build/lib/a021vehicle
[1.521s] copying a021vehicle/radar_data_4.py -> /home/a-baja/abajaws/build/a021vehicle/build/lib/a021vehicle
[1.522s] copying a021vehicle/radar_data.py -> /home/a-baja/abajaws/build/a021vehicle/build/lib/a021vehicle
[1.522s] copying a021vehicle/vehiclecontrol_4.py -> /home/a-baja/abajaws/build/a021vehicle/build/lib/a021vehicle
[1.522s] copying a021vehicle/radar_data_5.py -> /home/a-baja/abajaws/build/a021vehicle/build/lib/a021vehicle
[1.523s] copying a021vehicle/radar_data_2.py -> /home/a-baja/abajaws/build/a021vehicle/build/lib/a021vehicle
[1.523s] copying a021vehicle/libusbcan.so -> /home/a-baja/abajaws/build/a021vehicle/build/lib/a021vehicle
[1.527s] copying a021vehicle/libusb-1.0.so -> /home/a-baja/abajaws/build/a021vehicle/build/lib/a021vehicle
[1.528s] copying a021vehicle/libzuds.so -> /home/a-baja/abajaws/build/a021vehicle/build/lib/a021vehicle
[1.529s] copying a021vehicle/zuds.h -> /home/a-baja/abajaws/build/a021vehicle/build/lib/a021vehicle
[1.529s] copying a021vehicle/controlcan.h -> /home/a-baja/abajaws/build/a021vehicle/build/lib/a021vehicle
[1.530s] running install
[1.531s] running install_lib
[1.532s] creating /home/a-baja/abajaws/install/a021vehicle/lib/python3.10/site-packages/a021vehicle
[1.532s] copying /home/a-baja/abajaws/build/a021vehicle/build/lib/a021vehicle/vehiclecontrol_0 copy.py -> /home/a-baja/abajaws/install/a021vehicle/lib/python3.10/site-packages/a021vehicle
[1.533s] copying /home/a-baja/abajaws/build/a021vehicle/build/lib/a021vehicle/__init__.py -> /home/a-baja/abajaws/install/a021vehicle/lib/python3.10/site-packages/a021vehicle
[1.533s] copying /home/a-baja/abajaws/build/a021vehicle/build/lib/a021vehicle/usbcan.py -> /home/a-baja/abajaws/install/a021vehicle/lib/python3.10/site-packages/a021vehicle
[1.533s] copying /home/a-baja/abajaws/build/a021vehicle/build/lib/a021vehicle/rawradar_0.py -> /home/a-baja/abajaws/install/a021vehicle/lib/python3.10/site-packages/a021vehicle
[1.534s] copying /home/a-baja/abajaws/build/a021vehicle/build/lib/a021vehicle/vehiclecontrol.py -> /home/a-baja/abajaws/install/a021vehicle/lib/python3.10/site-packages/a021vehicle
[1.534s] copying /home/a-baja/abajaws/build/a021vehicle/build/lib/a021vehicle/radar.py -> /home/a-baja/abajaws/install/a021vehicle/lib/python3.10/site-packages/a021vehicle
[1.534s] copying /home/a-baja/abajaws/build/a021vehicle/build/lib/a021vehicle/libusbcan.so -> /home/a-baja/abajaws/install/a021vehicle/lib/python3.10/site-packages/a021vehicle
[1.536s] copying /home/a-baja/abajaws/build/a021vehicle/build/lib/a021vehicle/zuds.h -> /home/a-baja/abajaws/install/a021vehicle/lib/python3.10/site-packages/a021vehicle
[1.536s] copying /home/a-baja/abajaws/build/a021vehicle/build/lib/a021vehicle/libusb-1.0.so -> /home/a-baja/abajaws/install/a021vehicle/lib/python3.10/site-packages/a021vehicle
[1.537s] copying /home/a-baja/abajaws/build/a021vehicle/build/lib/a021vehicle/vehiclecontrol_2.py -> /home/a-baja/abajaws/install/a021vehicle/lib/python3.10/site-packages/a021vehicle
[1.537s] copying /home/a-baja/abajaws/build/a021vehicle/build/lib/a021vehicle/libzuds.so -> /home/a-baja/abajaws/install/a021vehicle/lib/python3.10/site-packages/a021vehicle
[1.537s] copying /home/a-baja/abajaws/build/a021vehicle/build/lib/a021vehicle/radar_spi_bridge_0.py -> /home/a-baja/abajaws/install/a021vehicle/lib/python3.10/site-packages/a021vehicle
[1.538s] copying /home/a-baja/abajaws/build/a021vehicle/build/lib/a021vehicle/radar_data_1 copy.py -> /home/a-baja/abajaws/install/a021vehicle/lib/python3.10/site-packages/a021vehicle
[1.538s] copying /home/a-baja/abajaws/build/a021vehicle/build/lib/a021vehicle/radar_data_6.py -> /home/a-baja/abajaws/install/a021vehicle/lib/python3.10/site-packages/a021vehicle
[1.538s] copying /home/a-baja/abajaws/build/a021vehicle/build/lib/a021vehicle/radar_receiver.py -> /home/a-baja/abajaws/install/a021vehicle/lib/python3.10/site-packages/a021vehicle
[1.538s] copying /home/a-baja/abajaws/build/a021vehicle/build/lib/a021vehicle/radar_data_0.py -> /home/a-baja/abajaws/install/a021vehicle/lib/python3.10/site-packages/a021vehicle
[1.539s] copying /home/a-baja/abajaws/build/a021vehicle/build/lib/a021vehicle/radar_data_3.py -> /home/a-baja/abajaws/install/a021vehicle/lib/python3.10/site-packages/a021vehicle
[1.539s] copying /home/a-baja/abajaws/build/a021vehicle/build/lib/a021vehicle/radar_spi_bridge.py -> /home/a-baja/abajaws/install/a021vehicle/lib/python3.10/site-packages/a021vehicle
[1.539s] copying /home/a-baja/abajaws/build/a021vehicle/build/lib/a021vehicle/vehiclecontrol_2 copy.py -> /home/a-baja/abajaws/install/a021vehicle/lib/python3.10/site-packages/a021vehicle
[1.540s] copying /home/a-baja/abajaws/build/a021vehicle/build/lib/a021vehicle/radar_data_1.py -> /home/a-baja/abajaws/install/a021vehicle/lib/python3.10/site-packages/a021vehicle
[1.540s] copying /home/a-baja/abajaws/build/a021vehicle/build/lib/a021vehicle/vehiclecontrol_1.py -> /home/a-baja/abajaws/install/a021vehicle/lib/python3.10/site-packages/a021vehicle
[1.540s] copying /home/a-baja/abajaws/build/a021vehicle/build/lib/a021vehicle/rawradar.py -> /home/a-baja/abajaws/install/a021vehicle/lib/python3.10/site-packages/a021vehicle
[1.540s] copying /home/a-baja/abajaws/build/a021vehicle/build/lib/a021vehicle/ros_esp_bridge.py -> /home/a-baja/abajaws/install/a021vehicle/lib/python3.10/site-packages/a021vehicle
[1.541s] copying /home/a-baja/abajaws/build/a021vehicle/build/lib/a021vehicle/radar_data copy.py -> /home/a-baja/abajaws/install/a021vehicle/lib/python3.10/site-packages/a021vehicle
[1.541s] copying /home/a-baja/abajaws/build/a021vehicle/build/lib/a021vehicle/vehiclecontrol_0.py -> /home/a-baja/abajaws/install/a021vehicle/lib/python3.10/site-packages/a021vehicle
[1.541s] copying /home/a-baja/abajaws/build/a021vehicle/build/lib/a021vehicle/radar_data_4.py -> /home/a-baja/abajaws/install/a021vehicle/lib/python3.10/site-packages/a021vehicle
[1.542s] copying /home/a-baja/abajaws/build/a021vehicle/build/lib/a021vehicle/radar_data.py -> /home/a-baja/abajaws/install/a021vehicle/lib/python3.10/site-packages/a021vehicle
[1.542s] copying /home/a-baja/abajaws/build/a021vehicle/build/lib/a021vehicle/vehiclecontrol_4.py -> /home/a-baja/abajaws/install/a021vehicle/lib/python3.10/site-packages/a021vehicle
[1.542s] copying /home/a-baja/abajaws/build/a021vehicle/build/lib/a021vehicle/controlcan.h -> /home/a-baja/abajaws/install/a021vehicle/lib/python3.10/site-packages/a021vehicle
[1.542s] copying /home/a-baja/abajaws/build/a021vehicle/build/lib/a021vehicle/radar_data_5.py -> /home/a-baja/abajaws/install/a021vehicle/lib/python3.10/site-packages/a021vehicle
[1.542s] copying /home/a-baja/abajaws/build/a021vehicle/build/lib/a021vehicle/radar_data_2.py -> /home/a-baja/abajaws/install/a021vehicle/lib/python3.10/site-packages/a021vehicle
[1.543s] byte-compiling /home/a-baja/abajaws/install/a021vehicle/lib/python3.10/site-packages/a021vehicle/vehiclecontrol_0 copy.py to vehiclecontrol_0 copy.cpython-310.pyc
[1.543s] byte-compiling /home/a-baja/abajaws/install/a021vehicle/lib/python3.10/site-packages/a021vehicle/__init__.py to __init__.cpython-310.pyc
[1.543s] byte-compiling /home/a-baja/abajaws/install/a021vehicle/lib/python3.10/site-packages/a021vehicle/usbcan.py to usbcan.cpython-310.pyc
[1.544s] byte-compiling /home/a-baja/abajaws/install/a021vehicle/lib/python3.10/site-packages/a021vehicle/rawradar_0.py to rawradar_0.cpython-310.pyc
[1.546s] byte-compiling /home/a-baja/abajaws/install/a021vehicle/lib/python3.10/site-packages/a021vehicle/vehiclecontrol.py to vehiclecontrol.cpython-310.pyc
[1.547s] byte-compiling /home/a-baja/abajaws/install/a021vehicle/lib/python3.10/site-packages/a021vehicle/radar.py to radar.cpython-310.pyc
[1.549s] byte-compiling /home/a-baja/abajaws/install/a021vehicle/lib/python3.10/site-packages/a021vehicle/vehiclecontrol_2.py to vehiclecontrol_2.cpython-310.pyc
[1.550s] byte-compiling /home/a-baja/abajaws/install/a021vehicle/lib/python3.10/site-packages/a021vehicle/radar_spi_bridge_0.py to radar_spi_bridge_0.cpython-310.pyc
[1.551s] byte-compiling /home/a-baja/abajaws/install/a021vehicle/lib/python3.10/site-packages/a021vehicle/radar_data_1 copy.py to radar_data_1 copy.cpython-310.pyc
[1.552s] byte-compiling /home/a-baja/abajaws/install/a021vehicle/lib/python3.10/site-packages/a021vehicle/radar_data_6.py to radar_data_6.cpython-310.pyc
[1.554s] byte-compiling /home/a-baja/abajaws/install/a021vehicle/lib/python3.10/site-packages/a021vehicle/radar_receiver.py to radar_receiver.cpython-310.pyc
[1.554s] byte-compiling /home/a-baja/abajaws/install/a021vehicle/lib/python3.10/site-packages/a021vehicle/radar_data_0.py to radar_data_0.cpython-310.pyc
[1.555s] byte-compiling /home/a-baja/abajaws/install/a021vehicle/lib/python3.10/site-packages/a021vehicle/radar_data_3.py to radar_data_3.cpython-310.pyc
[1.556s] byte-compiling /home/a-baja/abajaws/install/a021vehicle/lib/python3.10/site-packages/a021vehicle/radar_spi_bridge.py to radar_spi_bridge.cpython-310.pyc
[1.558s] byte-compiling /home/a-baja/abajaws/install/a021vehicle/lib/python3.10/site-packages/a021vehicle/vehiclecontrol_2 copy.py to vehiclecontrol_2 copy.cpython-310.pyc
[1.559s] byte-compiling /home/a-baja/abajaws/install/a021vehicle/lib/python3.10/site-packages/a021vehicle/radar_data_1.py to radar_data_1.cpython-310.pyc
[1.560s] byte-compiling /home/a-baja/abajaws/install/a021vehicle/lib/python3.10/site-packages/a021vehicle/vehiclecontrol_1.py to vehiclecontrol_1.cpython-310.pyc
[1.561s] byte-compiling /home/a-baja/abajaws/install/a021vehicle/lib/python3.10/site-packages/a021vehicle/rawradar.py to rawradar.cpython-310.pyc
[1.562s] byte-compiling /home/a-baja/abajaws/install/a021vehicle/lib/python3.10/site-packages/a021vehicle/ros_esp_bridge.py to ros_esp_bridge.cpython-310.pyc
[1.564s] byte-compiling /home/a-baja/abajaws/install/a021vehicle/lib/python3.10/site-packages/a021vehicle/radar_data copy.py to radar_data copy.cpython-310.pyc
[1.565s] byte-compiling /home/a-baja/abajaws/install/a021vehicle/lib/python3.10/site-packages/a021vehicle/vehiclecontrol_0.py to vehiclecontrol_0.cpython-310.pyc
[1.566s] byte-compiling /home/a-baja/abajaws/install/a021vehicle/lib/python3.10/site-packages/a021vehicle/radar_data_4.py to radar_data_4.cpython-310.pyc
[1.567s] byte-compiling /home/a-baja/abajaws/install/a021vehicle/lib/python3.10/site-packages/a021vehicle/radar_data.py to radar_data.cpython-310.pyc
[1.568s] byte-compiling /home/a-baja/abajaws/install/a021vehicle/lib/python3.10/site-packages/a021vehicle/vehiclecontrol_4.py to vehiclecontrol_4.cpython-310.pyc
[1.569s] byte-compiling /home/a-baja/abajaws/install/a021vehicle/lib/python3.10/site-packages/a021vehicle/radar_data_5.py to radar_data_5.cpython-310.pyc
[1.571s] byte-compiling /home/a-baja/abajaws/install/a021vehicle/lib/python3.10/site-packages/a021vehicle/radar_data_2.py to radar_data_2.cpython-310.pyc
[1.572s] running install_data
[1.573s] creating /home/a-baja/abajaws/install/a021vehicle/share/ament_index
[1.573s] creating /home/a-baja/abajaws/install/a021vehicle/share/ament_index/resource_index
[1.573s] creating /home/a-baja/abajaws/install/a021vehicle/share/ament_index/resource_index/packages
[1.573s] copying resource/a021vehicle -> /home/a-baja/abajaws/install/a021vehicle/share/ament_index/resource_index/packages
[1.574s] copying package.xml -> /home/a-baja/abajaws/install/a021vehicle/share/a021vehicle
[1.574s] running install_egg_info
[1.576s] Copying ../../build/a021vehicle/a021vehicle.egg-info to /home/a-baja/abajaws/install/a021vehicle/lib/python3.10/site-packages/a021vehicle-0.0.0-py3.10.egg-info
[1.578s] running install_scripts
[1.609s] Installing esp_bridge script to /home/a-baja/abajaws/install/a021vehicle/lib/a021vehicle
[1.610s] Installing radar_data script to /home/a-baja/abajaws/install/a021vehicle/lib/a021vehicle
[1.610s] Installing radar_node script to /home/a-baja/abajaws/install/a021vehicle/lib/a021vehicle
[1.610s] Installing receiver_node script to /home/a-baja/abajaws/install/a021vehicle/lib/a021vehicle
[1.611s] Installing vehiclecontrol script to /home/a-baja/abajaws/install/a021vehicle/lib/a021vehicle
[1.611s] writing list of installed files to '/home/a-baja/abajaws/build/a021vehicle/install.log'
[1.671s] Invoked command in '/home/a-baja/abajaws/src/a021vehicle' returned '0': AMENT_PREFIX_PATH=/home/a-baja/abajaws/install/radar_interfaces:${AMENT_PREFIX_PATH} CMAKE_PREFIX_PATH=/home/a-baja/abajaws/install/radar_interfaces LD_LIBRARY_PATH=/home/a-baja/abajaws/install/radar_interfaces/lib:/opt/ros/humble/opt/rviz_ogre_vendor/lib:/opt/ros/humble/lib/aarch64-linux-gnu:/opt/ros/humble/lib:/usr/local/cuda-12.6/lib64 PYTHONPATH=/home/a-baja/abajaws/build/a021vehicle/prefix_override:/usr/lib/python3/dist-packages/colcon_core/task/python/colcon_distutils_commands:/home/a-baja/abajaws/install/a021vehicle/lib/python3.10/site-packages:/home/a-baja/abajaws/install/radar_interfaces/local/lib/python3.10/dist-packages:${PYTHONPATH} /usr/bin/python3 -W ignore:setup.py install is deprecated -W ignore:easy_install command is deprecated setup.py egg_info --egg-base ../../build/a021vehicle build --build-base /home/a-baja/abajaws/build/a021vehicle/build install --record /home/a-baja/abajaws/build/a021vehicle/install.log --single-version-externally-managed install_data
