running develop
Removing /home/a-baja/abajaws/install/a021vehicle/lib/python3.10/site-packages/a021vehicle.egg-link (link to .)
running egg_info
writing ../../build/a021vehicle/a021vehicle.egg-info/PKG-INFO
writing dependency_links to ../../build/a021vehicle/a021vehicle.egg-info/dependency_links.txt
writing entry points to ../../build/a021vehicle/a021vehicle.egg-info/entry_points.txt
writing requirements to ../../build/a021vehicle/a021vehicle.egg-info/requires.txt
writing top-level names to ../../build/a021vehicle/a021vehicle.egg-info/top_level.txt
reading manifest file '../../build/a021vehicle/a021vehicle.egg-info/SOURCES.txt'
writing manifest file '../../build/a021vehicle/a021vehicle.egg-info/SOURCES.txt'
running build
running build_py
copying a021vehicle/vehiclecontrol.py -> /home/a-baja/abajaws/build/a021vehicle/build/lib/a021vehicle
running install
running install_lib
copying /home/a-baja/abajaws/build/a021vehicle/build/lib/a021vehicle/__init__.py -> /home/a-baja/abajaws/install/a021vehicle/lib/python3.10/site-packages/a021vehicle
copying /home/a-baja/abajaws/build/a021vehicle/build/lib/a021vehicle/usbcan.py -> /home/a-baja/abajaws/install/a021vehicle/lib/python3.10/site-packages/a021vehicle
copying /home/a-baja/abajaws/build/a021vehicle/build/lib/a021vehicle/vehiclecontrol.py -> /home/a-baja/abajaws/install/a021vehicle/lib/python3.10/site-packages/a021vehicle
copying /home/a-baja/abajaws/build/a021vehicle/build/lib/a021vehicle/radar_data_1 copy.py -> /home/a-baja/abajaws/install/a021vehicle/lib/python3.10/site-packages/a021vehicle
copying /home/a-baja/abajaws/build/a021vehicle/build/lib/a021vehicle/radar_receiver.py -> /home/a-baja/abajaws/install/a021vehicle/lib/python3.10/site-packages/a021vehicle
creating /home/a-baja/abajaws/install/a021vehicle/lib/python3.10/site-packages/a021vehicle/archives-code
copying /home/a-baja/abajaws/build/a021vehicle/build/lib/a021vehicle/archives-code/vehiclecontrol_0 copy.py -> /home/a-baja/abajaws/install/a021vehicle/lib/python3.10/site-packages/a021vehicle/archives-code
copying /home/a-baja/abajaws/build/a021vehicle/build/lib/a021vehicle/archives-code/__init__.py -> /home/a-baja/abajaws/install/a021vehicle/lib/python3.10/site-packages/a021vehicle/archives-code
copying /home/a-baja/abajaws/build/a021vehicle/build/lib/a021vehicle/archives-code/usbcan.py -> /home/a-baja/abajaws/install/a021vehicle/lib/python3.10/site-packages/a021vehicle/archives-code
copying /home/a-baja/abajaws/build/a021vehicle/build/lib/a021vehicle/archives-code/rawradar_0.py -> /home/a-baja/abajaws/install/a021vehicle/lib/python3.10/site-packages/a021vehicle/archives-code
copying /home/a-baja/abajaws/build/a021vehicle/build/lib/a021vehicle/archives-code/vehiclecontrol.py -> /home/a-baja/abajaws/install/a021vehicle/lib/python3.10/site-packages/a021vehicle/archives-code
copying /home/a-baja/abajaws/build/a021vehicle/build/lib/a021vehicle/archives-code/radar.py -> /home/a-baja/abajaws/install/a021vehicle/lib/python3.10/site-packages/a021vehicle/archives-code
copying /home/a-baja/abajaws/build/a021vehicle/build/lib/a021vehicle/archives-code/vehiclecontrol_2.py -> /home/a-baja/abajaws/install/a021vehicle/lib/python3.10/site-packages/a021vehicle/archives-code
copying /home/a-baja/abajaws/build/a021vehicle/build/lib/a021vehicle/archives-code/radar_spi_bridge_0.py -> /home/a-baja/abajaws/install/a021vehicle/lib/python3.10/site-packages/a021vehicle/archives-code
copying /home/a-baja/abajaws/build/a021vehicle/build/lib/a021vehicle/archives-code/radar_data_1 copy.py -> /home/a-baja/abajaws/install/a021vehicle/lib/python3.10/site-packages/a021vehicle/archives-code
copying /home/a-baja/abajaws/build/a021vehicle/build/lib/a021vehicle/archives-code/radar_data_6.py -> /home/a-baja/abajaws/install/a021vehicle/lib/python3.10/site-packages/a021vehicle/archives-code
copying /home/a-baja/abajaws/build/a021vehicle/build/lib/a021vehicle/archives-code/radar_receiver.py -> /home/a-baja/abajaws/install/a021vehicle/lib/python3.10/site-packages/a021vehicle/archives-code
copying /home/a-baja/abajaws/build/a021vehicle/build/lib/a021vehicle/archives-code/radar_data_0.py -> /home/a-baja/abajaws/install/a021vehicle/lib/python3.10/site-packages/a021vehicle/archives-code
copying /home/a-baja/abajaws/build/a021vehicle/build/lib/a021vehicle/archives-code/radar_data_3.py -> /home/a-baja/abajaws/install/a021vehicle/lib/python3.10/site-packages/a021vehicle/archives-code
copying /home/a-baja/abajaws/build/a021vehicle/build/lib/a021vehicle/archives-code/radar_spi_bridge.py -> /home/a-baja/abajaws/install/a021vehicle/lib/python3.10/site-packages/a021vehicle/archives-code
copying /home/a-baja/abajaws/build/a021vehicle/build/lib/a021vehicle/archives-code/vehiclecontrol_2 copy.py -> /home/a-baja/abajaws/install/a021vehicle/lib/python3.10/site-packages/a021vehicle/archives-code
copying /home/a-baja/abajaws/build/a021vehicle/build/lib/a021vehicle/archives-code/radar_data_1.py -> /home/a-baja/abajaws/install/a021vehicle/lib/python3.10/site-packages/a021vehicle/archives-code
copying /home/a-baja/abajaws/build/a021vehicle/build/lib/a021vehicle/archives-code/vehiclecontrol_1.py -> /home/a-baja/abajaws/install/a021vehicle/lib/python3.10/site-packages/a021vehicle/archives-code
copying /home/a-baja/abajaws/build/a021vehicle/build/lib/a021vehicle/archives-code/rawradar.py -> /home/a-baja/abajaws/install/a021vehicle/lib/python3.10/site-packages/a021vehicle/archives-code
copying /home/a-baja/abajaws/build/a021vehicle/build/lib/a021vehicle/archives-code/ros_esp_bridge.py -> /home/a-baja/abajaws/install/a021vehicle/lib/python3.10/site-packages/a021vehicle/archives-code
copying /home/a-baja/abajaws/build/a021vehicle/build/lib/a021vehicle/archives-code/radar_data copy.py -> /home/a-baja/abajaws/install/a021vehicle/lib/python3.10/site-packages/a021vehicle/archives-code
copying /home/a-baja/abajaws/build/a021vehicle/build/lib/a021vehicle/archives-code/vehiclecontrol_0.py -> /home/a-baja/abajaws/install/a021vehicle/lib/python3.10/site-packages/a021vehicle/archives-code
copying /home/a-baja/abajaws/build/a021vehicle/build/lib/a021vehicle/archives-code/radar_data_4.py -> /home/a-baja/abajaws/install/a021vehicle/lib/python3.10/site-packages/a021vehicle/archives-code
copying /home/a-baja/abajaws/build/a021vehicle/build/lib/a021vehicle/archives-code/radar_data.py -> /home/a-baja/abajaws/install/a021vehicle/lib/python3.10/site-packages/a021vehicle/archives-code
copying /home/a-baja/abajaws/build/a021vehicle/build/lib/a021vehicle/archives-code/vehiclecontrol_4.py -> /home/a-baja/abajaws/install/a021vehicle/lib/python3.10/site-packages/a021vehicle/archives-code
copying /home/a-baja/abajaws/build/a021vehicle/build/lib/a021vehicle/archives-code/radar_data_5.py -> /home/a-baja/abajaws/install/a021vehicle/lib/python3.10/site-packages/a021vehicle/archives-code
copying /home/a-baja/abajaws/build/a021vehicle/build/lib/a021vehicle/archives-code/radar_data_2.py -> /home/a-baja/abajaws/install/a021vehicle/lib/python3.10/site-packages/a021vehicle/archives-code
copying /home/a-baja/abajaws/build/a021vehicle/build/lib/a021vehicle/rawradar.py -> /home/a-baja/abajaws/install/a021vehicle/lib/python3.10/site-packages/a021vehicle
copying /home/a-baja/abajaws/build/a021vehicle/build/lib/a021vehicle/ros_esp_bridge.py -> /home/a-baja/abajaws/install/a021vehicle/lib/python3.10/site-packages/a021vehicle
copying /home/a-baja/abajaws/build/a021vehicle/build/lib/a021vehicle/radar_data copy.py -> /home/a-baja/abajaws/install/a021vehicle/lib/python3.10/site-packages/a021vehicle
copying /home/a-baja/abajaws/build/a021vehicle/build/lib/a021vehicle/radar_data.py -> /home/a-baja/abajaws/install/a021vehicle/lib/python3.10/site-packages/a021vehicle
byte-compiling /home/a-baja/abajaws/install/a021vehicle/lib/python3.10/site-packages/a021vehicle/__init__.py to __init__.cpython-310.pyc
byte-compiling /home/a-baja/abajaws/install/a021vehicle/lib/python3.10/site-packages/a021vehicle/usbcan.py to usbcan.cpython-310.pyc
byte-compiling /home/a-baja/abajaws/install/a021vehicle/lib/python3.10/site-packages/a021vehicle/vehiclecontrol.py to vehiclecontrol.cpython-310.pyc
byte-compiling /home/a-baja/abajaws/install/a021vehicle/lib/python3.10/site-packages/a021vehicle/radar_data_1 copy.py to radar_data_1 copy.cpython-310.pyc
byte-compiling /home/a-baja/abajaws/install/a021vehicle/lib/python3.10/site-packages/a021vehicle/radar_receiver.py to radar_receiver.cpython-310.pyc
byte-compiling /home/a-baja/abajaws/install/a021vehicle/lib/python3.10/site-packages/a021vehicle/archives-code/vehiclecontrol_0 copy.py to vehiclecontrol_0 copy.cpython-310.pyc
byte-compiling /home/a-baja/abajaws/install/a021vehicle/lib/python3.10/site-packages/a021vehicle/archives-code/__init__.py to __init__.cpython-310.pyc
byte-compiling /home/a-baja/abajaws/install/a021vehicle/lib/python3.10/site-packages/a021vehicle/archives-code/usbcan.py to usbcan.cpython-310.pyc
byte-compiling /home/a-baja/abajaws/install/a021vehicle/lib/python3.10/site-packages/a021vehicle/archives-code/rawradar_0.py to rawradar_0.cpython-310.pyc
byte-compiling /home/a-baja/abajaws/install/a021vehicle/lib/python3.10/site-packages/a021vehicle/archives-code/vehiclecontrol.py to vehiclecontrol.cpython-310.pyc
byte-compiling /home/a-baja/abajaws/install/a021vehicle/lib/python3.10/site-packages/a021vehicle/archives-code/radar.py to radar.cpython-310.pyc
byte-compiling /home/a-baja/abajaws/install/a021vehicle/lib/python3.10/site-packages/a021vehicle/archives-code/vehiclecontrol_2.py to vehiclecontrol_2.cpython-310.pyc
byte-compiling /home/a-baja/abajaws/install/a021vehicle/lib/python3.10/site-packages/a021vehicle/archives-code/radar_spi_bridge_0.py to radar_spi_bridge_0.cpython-310.pyc
byte-compiling /home/a-baja/abajaws/install/a021vehicle/lib/python3.10/site-packages/a021vehicle/archives-code/radar_data_1 copy.py to radar_data_1 copy.cpython-310.pyc
byte-compiling /home/a-baja/abajaws/install/a021vehicle/lib/python3.10/site-packages/a021vehicle/archives-code/radar_data_6.py to radar_data_6.cpython-310.pyc
byte-compiling /home/a-baja/abajaws/install/a021vehicle/lib/python3.10/site-packages/a021vehicle/archives-code/radar_receiver.py to radar_receiver.cpython-310.pyc
byte-compiling /home/a-baja/abajaws/install/a021vehicle/lib/python3.10/site-packages/a021vehicle/archives-code/radar_data_0.py to radar_data_0.cpython-310.pyc
byte-compiling /home/a-baja/abajaws/install/a021vehicle/lib/python3.10/site-packages/a021vehicle/archives-code/radar_data_3.py to radar_data_3.cpython-310.pyc
byte-compiling /home/a-baja/abajaws/install/a021vehicle/lib/python3.10/site-packages/a021vehicle/archives-code/radar_spi_bridge.py to radar_spi_bridge.cpython-310.pyc
byte-compiling /home/a-baja/abajaws/install/a021vehicle/lib/python3.10/site-packages/a021vehicle/archives-code/vehiclecontrol_2 copy.py to vehiclecontrol_2 copy.cpython-310.pyc
byte-compiling /home/a-baja/abajaws/install/a021vehicle/lib/python3.10/site-packages/a021vehicle/archives-code/radar_data_1.py to radar_data_1.cpython-310.pyc
byte-compiling /home/a-baja/abajaws/install/a021vehicle/lib/python3.10/site-packages/a021vehicle/archives-code/vehiclecontrol_1.py to vehiclecontrol_1.cpython-310.pyc
byte-compiling /home/a-baja/abajaws/install/a021vehicle/lib/python3.10/site-packages/a021vehicle/archives-code/rawradar.py to rawradar.cpython-310.pyc
byte-compiling /home/a-baja/abajaws/install/a021vehicle/lib/python3.10/site-packages/a021vehicle/archives-code/ros_esp_bridge.py to ros_esp_bridge.cpython-310.pyc
byte-compiling /home/a-baja/abajaws/install/a021vehicle/lib/python3.10/site-packages/a021vehicle/archives-code/radar_data copy.py to radar_data copy.cpython-310.pyc
byte-compiling /home/a-baja/abajaws/install/a021vehicle/lib/python3.10/site-packages/a021vehicle/archives-code/vehiclecontrol_0.py to vehiclecontrol_0.cpython-310.pyc
byte-compiling /home/a-baja/abajaws/install/a021vehicle/lib/python3.10/site-packages/a021vehicle/archives-code/radar_data_4.py to radar_data_4.cpython-310.pyc
byte-compiling /home/a-baja/abajaws/install/a021vehicle/lib/python3.10/site-packages/a021vehicle/archives-code/radar_data.py to radar_data.cpython-310.pyc
byte-compiling /home/a-baja/abajaws/install/a021vehicle/lib/python3.10/site-packages/a021vehicle/archives-code/vehiclecontrol_4.py to vehiclecontrol_4.cpython-310.pyc
byte-compiling /home/a-baja/abajaws/install/a021vehicle/lib/python3.10/site-packages/a021vehicle/archives-code/radar_data_5.py to radar_data_5.cpython-310.pyc
byte-compiling /home/a-baja/abajaws/install/a021vehicle/lib/python3.10/site-packages/a021vehicle/archives-code/radar_data_2.py to radar_data_2.cpython-310.pyc
byte-compiling /home/a-baja/abajaws/install/a021vehicle/lib/python3.10/site-packages/a021vehicle/rawradar.py to rawradar.cpython-310.pyc
byte-compiling /home/a-baja/abajaws/install/a021vehicle/lib/python3.10/site-packages/a021vehicle/ros_esp_bridge.py to ros_esp_bridge.cpython-310.pyc
byte-compiling /home/a-baja/abajaws/install/a021vehicle/lib/python3.10/site-packages/a021vehicle/radar_data copy.py to radar_data copy.cpython-310.pyc
byte-compiling /home/a-baja/abajaws/install/a021vehicle/lib/python3.10/site-packages/a021vehicle/radar_data.py to radar_data.cpython-310.pyc
running install_data
copying resource/a021vehicle -> /home/a-baja/abajaws/install/a021vehicle/share/ament_index/resource_index/packages
copying package.xml -> /home/a-baja/abajaws/install/a021vehicle/share/a021vehicle
copying launch/vehicle_launch.py -> /home/a-baja/abajaws/install/a021vehicle/share/a021vehicle/launch
running install_egg_info
Copying ../../build/a021vehicle/a021vehicle.egg-info to /home/a-baja/abajaws/install/a021vehicle/lib/python3.10/site-packages/a021vehicle-0.0.0-py3.10.egg-info
running install_scripts
Installing esp_bridge script to /home/a-baja/abajaws/install/a021vehicle/lib/a021vehicle
Installing radar_data script to /home/a-baja/abajaws/install/a021vehicle/lib/a021vehicle
Installing radar_node script to /home/a-baja/abajaws/install/a021vehicle/lib/a021vehicle
Installing receiver_node script to /home/a-baja/abajaws/install/a021vehicle/lib/a021vehicle
Installing vehiclecontrol script to /home/a-baja/abajaws/install/a021vehicle/lib/a021vehicle
writing list of installed files to '/home/a-baja/abajaws/build/a021vehicle/install.log'
