[1.135s] Invoking command in '/home/a-baja/abajaws/build/a021vehicle': LD_LIBRARY_PATH=/home/a-baja/abajaws/install/radar_interfaces/lib:/opt/ros/humble/opt/rviz_ogre_vendor/lib:/opt/ros/humble/lib/aarch64-linux-gnu:/opt/ros/humble/lib:/usr/local/cuda-12.6/lib64 NX_CONNECTION=192.168.55.100 49365 192.168.55.1 4000 PYTHONPATH=/home/a-baja/abajaws/build/a021vehicle/prefix_override:/usr/lib/python3/dist-packages/colcon_core/task/python/colcon_distutils_commands:/home/a-baja/abajaws/install/a021vehicle/lib/python3.10/site-packages:${PYTHONPATH} /usr/bin/python3 -W ignore:setup.py install is deprecated -W ignore:easy_install command is deprecated setup.py develop --uninstall --editable --build-directory /home/a-baja/abajaws/build/a021vehicle/build
[1.566s] running develop
[1.832s] Removing /home/a-baja/abajaws/install/a021vehicle/lib/python3.10/site-packages/a021vehicle.egg-link (link to .)
[1.910s] Invoked command in '/home/a-baja/abajaws/build/a021vehicle' returned '0': LD_LIBRARY_PATH=/home/a-baja/abajaws/install/radar_interfaces/lib:/opt/ros/humble/opt/rviz_ogre_vendor/lib:/opt/ros/humble/lib/aarch64-linux-gnu:/opt/ros/humble/lib:/usr/local/cuda-12.6/lib64 NX_CONNECTION=192.168.55.100 49365 192.168.55.1 4000 PYTHONPATH=/home/a-baja/abajaws/build/a021vehicle/prefix_override:/usr/lib/python3/dist-packages/colcon_core/task/python/colcon_distutils_commands:/home/a-baja/abajaws/install/a021vehicle/lib/python3.10/site-packages:${PYTHONPATH} /usr/bin/python3 -W ignore:setup.py install is deprecated -W ignore:easy_install command is deprecated setup.py develop --uninstall --editable --build-directory /home/a-baja/abajaws/build/a021vehicle/build
[1.915s] Invoking command in '/home/a-baja/abajaws/src/a021vehicle': LD_LIBRARY_PATH=/home/a-baja/abajaws/install/radar_interfaces/lib:/opt/ros/humble/opt/rviz_ogre_vendor/lib:/opt/ros/humble/lib/aarch64-linux-gnu:/opt/ros/humble/lib:/usr/local/cuda-12.6/lib64 NX_CONNECTION=192.168.55.100 49365 192.168.55.1 4000 PYTHONPATH=/home/a-baja/abajaws/build/a021vehicle/prefix_override:/usr/lib/python3/dist-packages/colcon_core/task/python/colcon_distutils_commands:/home/a-baja/abajaws/install/a021vehicle/lib/python3.10/site-packages:${PYTHONPATH} /usr/bin/python3 -W ignore:setup.py install is deprecated -W ignore:easy_install command is deprecated setup.py egg_info --egg-base ../../build/a021vehicle build --build-base /home/a-baja/abajaws/build/a021vehicle/build install --record /home/a-baja/abajaws/build/a021vehicle/install.log --single-version-externally-managed install_data --force
[2.309s] running egg_info
[2.311s] writing ../../build/a021vehicle/a021vehicle.egg-info/PKG-INFO
[2.311s] writing dependency_links to ../../build/a021vehicle/a021vehicle.egg-info/dependency_links.txt
[2.311s] writing entry points to ../../build/a021vehicle/a021vehicle.egg-info/entry_points.txt
[2.312s] writing requirements to ../../build/a021vehicle/a021vehicle.egg-info/requires.txt
[2.312s] writing top-level names to ../../build/a021vehicle/a021vehicle.egg-info/top_level.txt
[2.315s] reading manifest file '../../build/a021vehicle/a021vehicle.egg-info/SOURCES.txt'
[2.317s] writing manifest file '../../build/a021vehicle/a021vehicle.egg-info/SOURCES.txt'
[2.317s] running build
[2.317s] running build_py
[2.318s] copying a021vehicle/vehiclecontrol.py -> /home/a-baja/abajaws/build/a021vehicle/build/lib/a021vehicle
[2.322s] running install
[2.323s] running install_lib
[2.324s] copying /home/a-baja/abajaws/build/a021vehicle/build/lib/a021vehicle/__init__.py -> /home/a-baja/abajaws/install/a021vehicle/lib/python3.10/site-packages/a021vehicle
[2.324s] copying /home/a-baja/abajaws/build/a021vehicle/build/lib/a021vehicle/usbcan.py -> /home/a-baja/abajaws/install/a021vehicle/lib/python3.10/site-packages/a021vehicle
[2.325s] copying /home/a-baja/abajaws/build/a021vehicle/build/lib/a021vehicle/vehiclecontrol.py -> /home/a-baja/abajaws/install/a021vehicle/lib/python3.10/site-packages/a021vehicle
[2.325s] copying /home/a-baja/abajaws/build/a021vehicle/build/lib/a021vehicle/radar_data_1 copy.py -> /home/a-baja/abajaws/install/a021vehicle/lib/python3.10/site-packages/a021vehicle
[2.325s] copying /home/a-baja/abajaws/build/a021vehicle/build/lib/a021vehicle/radar_receiver.py -> /home/a-baja/abajaws/install/a021vehicle/lib/python3.10/site-packages/a021vehicle
[2.326s] creating /home/a-baja/abajaws/install/a021vehicle/lib/python3.10/site-packages/a021vehicle/archives-code
[2.326s] copying /home/a-baja/abajaws/build/a021vehicle/build/lib/a021vehicle/archives-code/vehiclecontrol_0 copy.py -> /home/a-baja/abajaws/install/a021vehicle/lib/python3.10/site-packages/a021vehicle/archives-code
[2.326s] copying /home/a-baja/abajaws/build/a021vehicle/build/lib/a021vehicle/archives-code/__init__.py -> /home/a-baja/abajaws/install/a021vehicle/lib/python3.10/site-packages/a021vehicle/archives-code
[2.327s] copying /home/a-baja/abajaws/build/a021vehicle/build/lib/a021vehicle/archives-code/usbcan.py -> /home/a-baja/abajaws/install/a021vehicle/lib/python3.10/site-packages/a021vehicle/archives-code
[2.327s] copying /home/a-baja/abajaws/build/a021vehicle/build/lib/a021vehicle/archives-code/rawradar_0.py -> /home/a-baja/abajaws/install/a021vehicle/lib/python3.10/site-packages/a021vehicle/archives-code
[2.327s] copying /home/a-baja/abajaws/build/a021vehicle/build/lib/a021vehicle/archives-code/vehiclecontrol.py -> /home/a-baja/abajaws/install/a021vehicle/lib/python3.10/site-packages/a021vehicle/archives-code
[2.327s] copying /home/a-baja/abajaws/build/a021vehicle/build/lib/a021vehicle/archives-code/radar.py -> /home/a-baja/abajaws/install/a021vehicle/lib/python3.10/site-packages/a021vehicle/archives-code
[2.328s] copying /home/a-baja/abajaws/build/a021vehicle/build/lib/a021vehicle/archives-code/vehiclecontrol_2.py -> /home/a-baja/abajaws/install/a021vehicle/lib/python3.10/site-packages/a021vehicle/archives-code
[2.328s] copying /home/a-baja/abajaws/build/a021vehicle/build/lib/a021vehicle/archives-code/radar_spi_bridge_0.py -> /home/a-baja/abajaws/install/a021vehicle/lib/python3.10/site-packages/a021vehicle/archives-code
[2.328s] copying /home/a-baja/abajaws/build/a021vehicle/build/lib/a021vehicle/archives-code/radar_data_1 copy.py -> /home/a-baja/abajaws/install/a021vehicle/lib/python3.10/site-packages/a021vehicle/archives-code
[2.329s] copying /home/a-baja/abajaws/build/a021vehicle/build/lib/a021vehicle/archives-code/radar_data_6.py -> /home/a-baja/abajaws/install/a021vehicle/lib/python3.10/site-packages/a021vehicle/archives-code
[2.329s] copying /home/a-baja/abajaws/build/a021vehicle/build/lib/a021vehicle/archives-code/radar_receiver.py -> /home/a-baja/abajaws/install/a021vehicle/lib/python3.10/site-packages/a021vehicle/archives-code
[2.329s] copying /home/a-baja/abajaws/build/a021vehicle/build/lib/a021vehicle/archives-code/radar_data_0.py -> /home/a-baja/abajaws/install/a021vehicle/lib/python3.10/site-packages/a021vehicle/archives-code
[2.329s] copying /home/a-baja/abajaws/build/a021vehicle/build/lib/a021vehicle/archives-code/radar_data_3.py -> /home/a-baja/abajaws/install/a021vehicle/lib/python3.10/site-packages/a021vehicle/archives-code
[2.330s] copying /home/a-baja/abajaws/build/a021vehicle/build/lib/a021vehicle/archives-code/radar_spi_bridge.py -> /home/a-baja/abajaws/install/a021vehicle/lib/python3.10/site-packages/a021vehicle/archives-code
[2.330s] copying /home/a-baja/abajaws/build/a021vehicle/build/lib/a021vehicle/archives-code/vehiclecontrol_2 copy.py -> /home/a-baja/abajaws/install/a021vehicle/lib/python3.10/site-packages/a021vehicle/archives-code
[2.330s] copying /home/a-baja/abajaws/build/a021vehicle/build/lib/a021vehicle/archives-code/radar_data_1.py -> /home/a-baja/abajaws/install/a021vehicle/lib/python3.10/site-packages/a021vehicle/archives-code
[2.331s] copying /home/a-baja/abajaws/build/a021vehicle/build/lib/a021vehicle/archives-code/vehiclecontrol_1.py -> /home/a-baja/abajaws/install/a021vehicle/lib/python3.10/site-packages/a021vehicle/archives-code
[2.331s] copying /home/a-baja/abajaws/build/a021vehicle/build/lib/a021vehicle/archives-code/rawradar.py -> /home/a-baja/abajaws/install/a021vehicle/lib/python3.10/site-packages/a021vehicle/archives-code
[2.331s] copying /home/a-baja/abajaws/build/a021vehicle/build/lib/a021vehicle/archives-code/ros_esp_bridge.py -> /home/a-baja/abajaws/install/a021vehicle/lib/python3.10/site-packages/a021vehicle/archives-code
[2.331s] copying /home/a-baja/abajaws/build/a021vehicle/build/lib/a021vehicle/archives-code/radar_data copy.py -> /home/a-baja/abajaws/install/a021vehicle/lib/python3.10/site-packages/a021vehicle/archives-code
[2.332s] copying /home/a-baja/abajaws/build/a021vehicle/build/lib/a021vehicle/archives-code/vehiclecontrol_0.py -> /home/a-baja/abajaws/install/a021vehicle/lib/python3.10/site-packages/a021vehicle/archives-code
[2.332s] copying /home/a-baja/abajaws/build/a021vehicle/build/lib/a021vehicle/archives-code/radar_data_4.py -> /home/a-baja/abajaws/install/a021vehicle/lib/python3.10/site-packages/a021vehicle/archives-code
[2.332s] copying /home/a-baja/abajaws/build/a021vehicle/build/lib/a021vehicle/archives-code/radar_data.py -> /home/a-baja/abajaws/install/a021vehicle/lib/python3.10/site-packages/a021vehicle/archives-code
[2.333s] copying /home/a-baja/abajaws/build/a021vehicle/build/lib/a021vehicle/archives-code/vehiclecontrol_4.py -> /home/a-baja/abajaws/install/a021vehicle/lib/python3.10/site-packages/a021vehicle/archives-code
[2.333s] copying /home/a-baja/abajaws/build/a021vehicle/build/lib/a021vehicle/archives-code/radar_data_5.py -> /home/a-baja/abajaws/install/a021vehicle/lib/python3.10/site-packages/a021vehicle/archives-code
[2.333s] copying /home/a-baja/abajaws/build/a021vehicle/build/lib/a021vehicle/archives-code/radar_data_2.py -> /home/a-baja/abajaws/install/a021vehicle/lib/python3.10/site-packages/a021vehicle/archives-code
[2.333s] copying /home/a-baja/abajaws/build/a021vehicle/build/lib/a021vehicle/rawradar.py -> /home/a-baja/abajaws/install/a021vehicle/lib/python3.10/site-packages/a021vehicle
[2.334s] copying /home/a-baja/abajaws/build/a021vehicle/build/lib/a021vehicle/ros_esp_bridge.py -> /home/a-baja/abajaws/install/a021vehicle/lib/python3.10/site-packages/a021vehicle
[2.334s] copying /home/a-baja/abajaws/build/a021vehicle/build/lib/a021vehicle/radar_data copy.py -> /home/a-baja/abajaws/install/a021vehicle/lib/python3.10/site-packages/a021vehicle
[2.334s] copying /home/a-baja/abajaws/build/a021vehicle/build/lib/a021vehicle/radar_data.py -> /home/a-baja/abajaws/install/a021vehicle/lib/python3.10/site-packages/a021vehicle
[2.335s] byte-compiling /home/a-baja/abajaws/install/a021vehicle/lib/python3.10/site-packages/a021vehicle/__init__.py to __init__.cpython-310.pyc
[2.336s] byte-compiling /home/a-baja/abajaws/install/a021vehicle/lib/python3.10/site-packages/a021vehicle/usbcan.py to usbcan.cpython-310.pyc
[2.338s] byte-compiling /home/a-baja/abajaws/install/a021vehicle/lib/python3.10/site-packages/a021vehicle/vehiclecontrol.py to vehiclecontrol.cpython-310.pyc
[2.339s] byte-compiling /home/a-baja/abajaws/install/a021vehicle/lib/python3.10/site-packages/a021vehicle/radar_data_1 copy.py to radar_data_1 copy.cpython-310.pyc
[2.340s] byte-compiling /home/a-baja/abajaws/install/a021vehicle/lib/python3.10/site-packages/a021vehicle/radar_receiver.py to radar_receiver.cpython-310.pyc
[2.341s] byte-compiling /home/a-baja/abajaws/install/a021vehicle/lib/python3.10/site-packages/a021vehicle/archives-code/vehiclecontrol_0 copy.py to vehiclecontrol_0 copy.cpython-310.pyc
[2.341s] byte-compiling /home/a-baja/abajaws/install/a021vehicle/lib/python3.10/site-packages/a021vehicle/archives-code/__init__.py to __init__.cpython-310.pyc
[2.342s] byte-compiling /home/a-baja/abajaws/install/a021vehicle/lib/python3.10/site-packages/a021vehicle/archives-code/usbcan.py to usbcan.cpython-310.pyc
[2.344s] byte-compiling /home/a-baja/abajaws/install/a021vehicle/lib/python3.10/site-packages/a021vehicle/archives-code/rawradar_0.py to rawradar_0.cpython-310.pyc
[2.348s] byte-compiling /home/a-baja/abajaws/install/a021vehicle/lib/python3.10/site-packages/a021vehicle/archives-code/vehiclecontrol.py to vehiclecontrol.cpython-310.pyc
[2.349s] byte-compiling /home/a-baja/abajaws/install/a021vehicle/lib/python3.10/site-packages/a021vehicle/archives-code/radar.py to radar.cpython-310.pyc
[2.349s] byte-compiling /home/a-baja/abajaws/install/a021vehicle/lib/python3.10/site-packages/a021vehicle/archives-code/vehiclecontrol_2.py to vehiclecontrol_2.cpython-310.pyc
[2.350s] byte-compiling /home/a-baja/abajaws/install/a021vehicle/lib/python3.10/site-packages/a021vehicle/archives-code/radar_spi_bridge_0.py to radar_spi_bridge_0.cpython-310.pyc
[2.350s] byte-compiling /home/a-baja/abajaws/install/a021vehicle/lib/python3.10/site-packages/a021vehicle/archives-code/radar_data_1 copy.py to radar_data_1 copy.cpython-310.pyc
[2.352s] byte-compiling /home/a-baja/abajaws/install/a021vehicle/lib/python3.10/site-packages/a021vehicle/archives-code/radar_data_6.py to radar_data_6.cpython-310.pyc
[2.354s] byte-compiling /home/a-baja/abajaws/install/a021vehicle/lib/python3.10/site-packages/a021vehicle/archives-code/radar_receiver.py to radar_receiver.cpython-310.pyc
[2.355s] byte-compiling /home/a-baja/abajaws/install/a021vehicle/lib/python3.10/site-packages/a021vehicle/archives-code/radar_data_0.py to radar_data_0.cpython-310.pyc
[2.356s] byte-compiling /home/a-baja/abajaws/install/a021vehicle/lib/python3.10/site-packages/a021vehicle/archives-code/radar_data_3.py to radar_data_3.cpython-310.pyc
[2.357s] byte-compiling /home/a-baja/abajaws/install/a021vehicle/lib/python3.10/site-packages/a021vehicle/archives-code/radar_spi_bridge.py to radar_spi_bridge.cpython-310.pyc
[2.359s] byte-compiling /home/a-baja/abajaws/install/a021vehicle/lib/python3.10/site-packages/a021vehicle/archives-code/vehiclecontrol_2 copy.py to vehiclecontrol_2 copy.cpython-310.pyc
[2.360s] byte-compiling /home/a-baja/abajaws/install/a021vehicle/lib/python3.10/site-packages/a021vehicle/archives-code/radar_data_1.py to radar_data_1.cpython-310.pyc
[2.361s] byte-compiling /home/a-baja/abajaws/install/a021vehicle/lib/python3.10/site-packages/a021vehicle/archives-code/vehiclecontrol_1.py to vehiclecontrol_1.cpython-310.pyc
[2.362s] byte-compiling /home/a-baja/abajaws/install/a021vehicle/lib/python3.10/site-packages/a021vehicle/archives-code/rawradar.py to rawradar.cpython-310.pyc
[2.364s] byte-compiling /home/a-baja/abajaws/install/a021vehicle/lib/python3.10/site-packages/a021vehicle/archives-code/ros_esp_bridge.py to ros_esp_bridge.cpython-310.pyc
[2.365s] byte-compiling /home/a-baja/abajaws/install/a021vehicle/lib/python3.10/site-packages/a021vehicle/archives-code/radar_data copy.py to radar_data copy.cpython-310.pyc
[2.367s] byte-compiling /home/a-baja/abajaws/install/a021vehicle/lib/python3.10/site-packages/a021vehicle/archives-code/vehiclecontrol_0.py to vehiclecontrol_0.cpython-310.pyc
[2.367s] byte-compiling /home/a-baja/abajaws/install/a021vehicle/lib/python3.10/site-packages/a021vehicle/archives-code/radar_data_4.py to radar_data_4.cpython-310.pyc
[2.368s] byte-compiling /home/a-baja/abajaws/install/a021vehicle/lib/python3.10/site-packages/a021vehicle/archives-code/radar_data.py to radar_data.cpython-310.pyc
[2.370s] byte-compiling /home/a-baja/abajaws/install/a021vehicle/lib/python3.10/site-packages/a021vehicle/archives-code/vehiclecontrol_4.py to vehiclecontrol_4.cpython-310.pyc
[2.371s] byte-compiling /home/a-baja/abajaws/install/a021vehicle/lib/python3.10/site-packages/a021vehicle/archives-code/radar_data_5.py to radar_data_5.cpython-310.pyc
[2.372s] byte-compiling /home/a-baja/abajaws/install/a021vehicle/lib/python3.10/site-packages/a021vehicle/archives-code/radar_data_2.py to radar_data_2.cpython-310.pyc
[2.374s] byte-compiling /home/a-baja/abajaws/install/a021vehicle/lib/python3.10/site-packages/a021vehicle/rawradar.py to rawradar.cpython-310.pyc
[2.376s] byte-compiling /home/a-baja/abajaws/install/a021vehicle/lib/python3.10/site-packages/a021vehicle/ros_esp_bridge.py to ros_esp_bridge.cpython-310.pyc
[2.377s] byte-compiling /home/a-baja/abajaws/install/a021vehicle/lib/python3.10/site-packages/a021vehicle/radar_data copy.py to radar_data copy.cpython-310.pyc
[2.378s] byte-compiling /home/a-baja/abajaws/install/a021vehicle/lib/python3.10/site-packages/a021vehicle/radar_data.py to radar_data.cpython-310.pyc
[2.380s] running install_data
[2.380s] copying resource/a021vehicle -> /home/a-baja/abajaws/install/a021vehicle/share/ament_index/resource_index/packages
[2.381s] copying package.xml -> /home/a-baja/abajaws/install/a021vehicle/share/a021vehicle
[2.381s] copying launch/vehicle_launch.py -> /home/a-baja/abajaws/install/a021vehicle/share/a021vehicle/launch
[2.381s] running install_egg_info
[2.385s] Copying ../../build/a021vehicle/a021vehicle.egg-info to /home/a-baja/abajaws/install/a021vehicle/lib/python3.10/site-packages/a021vehicle-0.0.0-py3.10.egg-info
[2.386s] running install_scripts
[2.420s] Installing esp_bridge script to /home/a-baja/abajaws/install/a021vehicle/lib/a021vehicle
[2.421s] Installing radar_data script to /home/a-baja/abajaws/install/a021vehicle/lib/a021vehicle
[2.422s] Installing radar_node script to /home/a-baja/abajaws/install/a021vehicle/lib/a021vehicle
[2.422s] Installing receiver_node script to /home/a-baja/abajaws/install/a021vehicle/lib/a021vehicle
[2.422s] Installing vehiclecontrol script to /home/a-baja/abajaws/install/a021vehicle/lib/a021vehicle
[2.423s] writing list of installed files to '/home/a-baja/abajaws/build/a021vehicle/install.log'
[2.491s] Invoked command in '/home/a-baja/abajaws/src/a021vehicle' returned '0': LD_LIBRARY_PATH=/home/a-baja/abajaws/install/radar_interfaces/lib:/opt/ros/humble/opt/rviz_ogre_vendor/lib:/opt/ros/humble/lib/aarch64-linux-gnu:/opt/ros/humble/lib:/usr/local/cuda-12.6/lib64 NX_CONNECTION=192.168.55.100 49365 192.168.55.1 4000 PYTHONPATH=/home/a-baja/abajaws/build/a021vehicle/prefix_override:/usr/lib/python3/dist-packages/colcon_core/task/python/colcon_distutils_commands:/home/a-baja/abajaws/install/a021vehicle/lib/python3.10/site-packages:${PYTHONPATH} /usr/bin/python3 -W ignore:setup.py install is deprecated -W ignore:easy_install command is deprecated setup.py egg_info --egg-base ../../build/a021vehicle build --build-base /home/a-baja/abajaws/build/a021vehicle/build install --record /home/a-baja/abajaws/build/a021vehicle/install.log --single-version-externally-managed install_data --force
