[0.013s] Invoking command in '/home/a-baja/abajaws/src/build/radar_interfaces': CMAKE_PREFIX_PATH=${CMAKE_PREFIX_PATH}:/home/a-baja/abajaws/install/a021vehicle:/opt/ros/humble NX_CONNECTION=192.168.55.100 49365 192.168.55.1 4000 /usr/bin/cmake /home/a-baja/abajaws/src/radar_interfaces -DCMAKE_INSTALL_PREFIX=/home/a-baja/abajaws/src/install/radar_interfaces
[0.143s] -- The C compiler identification is GNU 11.4.0
[0.274s] -- The CXX compiler identification is GNU 11.4.0
[0.292s] -- Detecting C compiler ABI info
[0.413s] -- Detecting C compiler ABI info - done
[0.438s] -- Check for working C compiler: /usr/bin/cc - skipped
[0.439s] -- Detecting C compile features
[0.440s] -- Detecting C compile features - done
[0.448s] -- Detecting CXX compiler ABI info
[0.585s] -- Detecting CXX compiler ABI info - done
[0.610s] -- Check for working CXX compiler: /usr/bin/c++ - skipped
[0.611s] -- Detecting CXX compile features
[0.613s] -- Detecting CXX compile features - done
[0.621s] -- Found ament_cmake: 1.3.14 (/opt/ros/humble/share/ament_cmake/cmake)
[0.915s] -- Found Python3: /usr/bin/python3 (found version "3.10.12") found components: Interpreter 
[1.089s] -- Found rosidl_default_generators: 1.2.1 (/opt/ros/humble/share/rosidl_default_generators/cmake)
[1.095s] -- Using all available rosidl_typesupport_c: rosidl_typesupport_fastrtps_c;rosidl_typesupport_introspection_c
[1.107s] -- Found rosidl_adapter: 3.1.8 (/opt/ros/humble/share/rosidl_adapter/cmake)
[1.177s] -- Using all available rosidl_typesupport_cpp: rosidl_typesupport_fastrtps_cpp;rosidl_typesupport_introspection_cpp
[1.682s] -- Found ament_cmake_ros: 0.10.0 (/opt/ros/humble/share/ament_cmake_ros/cmake)
[2.057s] -- Using all available rosidl_typesupport_c: rosidl_typesupport_fastrtps_c;rosidl_typesupport_introspection_c
[2.537s] -- Using all available rosidl_typesupport_cpp: rosidl_typesupport_fastrtps_cpp;rosidl_typesupport_introspection_cpp
[2.584s] -- Found PythonInterp: /usr/bin/python3 (found suitable version "3.10.12", minimum required is "3.6") 
[2.589s] -- Found python_cmake_module: 0.10.0 (/opt/ros/humble/share/python_cmake_module/cmake)
[2.649s] -- Found PythonLibs: /usr/lib/aarch64-linux-gnu/libpython3.10.so (found suitable version "3.10.12", minimum required is "3.5") 
[2.650s] -- Using PYTHON_EXECUTABLE: /usr/bin/python3
[2.650s] -- Using PYTHON_INCLUDE_DIRS: /usr/include/python3.10
[2.650s] -- Using PYTHON_LIBRARIES: /usr/lib/aarch64-linux-gnu/libpython3.10.so
[2.692s] -- Found PythonExtra: .so  
[2.903s] -- Configuring done
[2.974s] -- Generating done
[2.990s] -- Build files have been written to: /home/a-baja/abajaws/src/build/radar_interfaces
[3.011s] Invoked command in '/home/a-baja/abajaws/src/build/radar_interfaces' returned '0': CMAKE_PREFIX_PATH=${CMAKE_PREFIX_PATH}:/home/a-baja/abajaws/install/a021vehicle:/opt/ros/humble NX_CONNECTION=192.168.55.100 49365 192.168.55.1 4000 /usr/bin/cmake /home/a-baja/abajaws/src/radar_interfaces -DCMAKE_INSTALL_PREFIX=/home/a-baja/abajaws/src/install/radar_interfaces
[3.016s] Invoking command in '/home/a-baja/abajaws/src/build/radar_interfaces': CMAKE_PREFIX_PATH=${CMAKE_PREFIX_PATH}:/home/a-baja/abajaws/install/a021vehicle:/opt/ros/humble NX_CONNECTION=192.168.55.100 49365 192.168.55.1 4000 /usr/bin/cmake --build /home/a-baja/abajaws/src/build/radar_interfaces -- -j6 -l6
[3.087s] [  3%] [34m[1mGenerating C code for ROS interfaces[0m
[3.102s] [  6%] [34m[1mGenerating Rust code for ROS interfaces[0m
[3.106s] [  9%] [34m[1mGenerating C++ code for ROS interfaces[0m
[3.119s] [  9%] Built target ament_cmake_python_copy_radar_interfaces
[3.517s] [  9%] Built target radar_interfaces__rs
[3.561s] [  9%] Built target radar_interfaces__cpp
[3.568s] [ 12%] [32mBuilding C object CMakeFiles/radar_interfaces__rosidl_generator_c.dir/rosidl_generator_c/radar_interfaces/msg/detail/radar_message__functions.c.o[0m
[3.568s] running egg_info
[3.569s] creating radar_interfaces.egg-info
[3.570s] writing radar_interfaces.egg-info/PKG-INFO
[3.570s] writing dependency_links to radar_interfaces.egg-info/dependency_links.txt
[3.571s] writing top-level names to radar_interfaces.egg-info/top_level.txt
[3.571s] writing manifest file 'radar_interfaces.egg-info/SOURCES.txt'
[3.575s] reading manifest file 'radar_interfaces.egg-info/SOURCES.txt'
[3.576s] writing manifest file 'radar_interfaces.egg-info/SOURCES.txt'
[3.579s] [ 21%] [34m[1mGenerating C++ type support dispatch for ROS interfaces[0m
[3.580s] [ 21%] [34m[1mGenerating C++ type support for eProsima Fast-RTPS[0m
[3.580s] [ 21%] [34m[1mGenerating C++ introspection for ROS interfaces[0m
[3.657s] [ 21%] Built target ament_cmake_python_build_radar_interfaces_egg
[3.682s] [ 25%] [32m[1mLinking C shared library libradar_interfaces__rosidl_generator_c.so[0m
[3.742s] [ 25%] Built target radar_interfaces__rosidl_generator_c
[3.760s] [ 28%] [34m[1mGenerating C type support for eProsima Fast-RTPS[0m
[3.765s] [ 31%] [34m[1mGenerating C type support dispatch for ROS interfaces[0m
[3.772s] [ 34%] [34m[1mGenerating C introspection for ROS interfaces[0m
[3.995s] [ 37%] [32mBuilding CXX object CMakeFiles/radar_interfaces__rosidl_typesupport_cpp.dir/rosidl_typesupport_cpp/radar_interfaces/msg/radar_message__type_support.cpp.o[0m
[4.034s] [ 43%] [32mBuilding CXX object CMakeFiles/radar_interfaces__rosidl_typesupport_fastrtps_cpp.dir/rosidl_typesupport_fastrtps_cpp/radar_interfaces/msg/detail/dds_fastrtps/radar_message__type_support.cpp.o[0m
[4.035s] [ 43%] [32mBuilding CXX object CMakeFiles/radar_interfaces__rosidl_typesupport_introspection_cpp.dir/rosidl_typesupport_introspection_cpp/radar_interfaces/msg/detail/radar_message__type_support.cpp.o[0m
[4.174s] [ 46%] [32mBuilding CXX object CMakeFiles/radar_interfaces__rosidl_typesupport_c.dir/rosidl_typesupport_c/radar_interfaces/msg/radar_message__type_support.cpp.o[0m
[4.227s] [ 50%] [32m[1mLinking CXX shared library libradar_interfaces__rosidl_typesupport_c.so[0m
[4.247s] [ 53%] [32mBuilding CXX object CMakeFiles/radar_interfaces__rosidl_typesupport_fastrtps_c.dir/rosidl_typesupport_fastrtps_c/radar_interfaces/msg/detail/radar_message__type_support_c.cpp.o[0m
[4.291s] [ 56%] [32mBuilding C object CMakeFiles/radar_interfaces__rosidl_typesupport_introspection_c.dir/rosidl_typesupport_introspection_c/radar_interfaces/msg/detail/radar_message__type_support.c.o[0m
[4.303s] [ 56%] Built target radar_interfaces__rosidl_typesupport_c
[4.359s] [ 59%] [32m[1mLinking C shared library libradar_interfaces__rosidl_typesupport_introspection_c.so[0m
[4.411s] [ 59%] Built target radar_interfaces__rosidl_typesupport_introspection_c
[4.508s] [ 62%] [32m[1mLinking CXX shared library libradar_interfaces__rosidl_typesupport_cpp.so[0m
[4.580s] [ 62%] Built target radar_interfaces__rosidl_typesupport_cpp
[4.775s] [ 68%] [32m[1mLinking CXX shared library libradar_interfaces__rosidl_typesupport_fastrtps_cpp.so[0m
[4.775s] [ 68%] [32m[1mLinking CXX shared library libradar_interfaces__rosidl_typesupport_introspection_cpp.so[0m
[4.840s] [ 68%] Built target radar_interfaces__rosidl_typesupport_introspection_cpp
[4.857s] [ 71%] [32m[1mLinking CXX shared library libradar_interfaces__rosidl_typesupport_fastrtps_c.so[0m
[4.922s] [ 71%] Built target radar_interfaces__rosidl_typesupport_fastrtps_cpp
[4.996s] [ 71%] Built target radar_interfaces__rosidl_typesupport_fastrtps_c
[5.035s] [ 71%] Built target radar_interfaces
[5.078s] [ 75%] [34m[1mGenerating Python code for ROS interfaces[0m
[5.571s] [ 75%] Built target radar_interfaces__py
[5.607s] [ 78%] [32mBuilding C object CMakeFiles/radar_interfaces__rosidl_generator_py.dir/rosidl_generator_py/radar_interfaces/msg/_radar_message_s.c.o[0m
[5.794s] [ 81%] [32m[1mLinking C shared library rosidl_generator_py/radar_interfaces/libradar_interfaces__rosidl_generator_py.so[0m
[5.861s] [ 81%] Built target radar_interfaces__rosidl_generator_py
[5.897s] [ 90%] [32mBuilding C object CMakeFiles/radar_interfaces__rosidl_typesupport_introspection_c__pyext.dir/rosidl_generator_py/radar_interfaces/_radar_interfaces_s.ep.rosidl_typesupport_introspection_c.c.o[0m
[5.897s] [ 90%] [32mBuilding C object CMakeFiles/radar_interfaces__rosidl_typesupport_c__pyext.dir/rosidl_generator_py/radar_interfaces/_radar_interfaces_s.ep.rosidl_typesupport_c.c.o[0m
[5.897s] [ 90%] [32mBuilding C object CMakeFiles/radar_interfaces__rosidl_typesupport_fastrtps_c__pyext.dir/rosidl_generator_py/radar_interfaces/_radar_interfaces_s.ep.rosidl_typesupport_fastrtps_c.c.o[0m
[6.048s] [ 93%] [32m[1mLinking C shared library rosidl_generator_py/radar_interfaces/radar_interfaces_s__rosidl_typesupport_c.cpython-310-aarch64-linux-gnu.so[0m
[6.052s] [ 96%] [32m[1mLinking C shared library rosidl_generator_py/radar_interfaces/radar_interfaces_s__rosidl_typesupport_introspection_c.cpython-310-aarch64-linux-gnu.so[0m
[6.059s] [100%] [32m[1mLinking C shared library rosidl_generator_py/radar_interfaces/radar_interfaces_s__rosidl_typesupport_fastrtps_c.cpython-310-aarch64-linux-gnu.so[0m
[6.103s] [100%] Built target radar_interfaces__rosidl_typesupport_c__pyext
[6.114s] [100%] Built target radar_interfaces__rosidl_typesupport_introspection_c__pyext
[6.117s] [100%] Built target radar_interfaces__rosidl_typesupport_fastrtps_c__pyext
[6.140s] Invoked command in '/home/a-baja/abajaws/src/build/radar_interfaces' returned '0': CMAKE_PREFIX_PATH=${CMAKE_PREFIX_PATH}:/home/a-baja/abajaws/install/a021vehicle:/opt/ros/humble NX_CONNECTION=192.168.55.100 49365 192.168.55.1 4000 /usr/bin/cmake --build /home/a-baja/abajaws/src/build/radar_interfaces -- -j6 -l6
[6.165s] Invoking command in '/home/a-baja/abajaws/src/build/radar_interfaces': CMAKE_PREFIX_PATH=${CMAKE_PREFIX_PATH}:/home/a-baja/abajaws/install/a021vehicle:/opt/ros/humble NX_CONNECTION=192.168.55.100 49365 192.168.55.1 4000 /usr/bin/cmake --install /home/a-baja/abajaws/src/build/radar_interfaces
[6.181s] -- Install configuration: ""
[6.182s] -- Installing: /home/a-baja/abajaws/src/install/radar_interfaces/share/ament_index/resource_index/rosidl_interfaces/radar_interfaces
[6.182s] -- Installing: /home/a-baja/abajaws/src/install/radar_interfaces/include/radar_interfaces/radar_interfaces
[6.182s] -- Installing: /home/a-baja/abajaws/src/install/radar_interfaces/include/radar_interfaces/radar_interfaces/msg
[6.182s] -- Installing: /home/a-baja/abajaws/src/install/radar_interfaces/include/radar_interfaces/radar_interfaces/msg/rosidl_generator_c__visibility_control.h
[6.182s] -- Installing: /home/a-baja/abajaws/src/install/radar_interfaces/include/radar_interfaces/radar_interfaces/msg/radar_message.h
[6.183s] -- Installing: /home/a-baja/abajaws/src/install/radar_interfaces/include/radar_interfaces/radar_interfaces/msg/detail
[6.183s] -- Installing: /home/a-baja/abajaws/src/install/radar_interfaces/include/radar_interfaces/radar_interfaces/msg/detail/radar_message__type_support.h
[6.183s] -- Installing: /home/a-baja/abajaws/src/install/radar_interfaces/include/radar_interfaces/radar_interfaces/msg/detail/radar_message__functions.h
[6.184s] -- Installing: /home/a-baja/abajaws/src/install/radar_interfaces/include/radar_interfaces/radar_interfaces/msg/detail/radar_message__functions.c
[6.184s] -- Installing: /home/a-baja/abajaws/src/install/radar_interfaces/include/radar_interfaces/radar_interfaces/msg/detail/radar_message__struct.h
[6.184s] -- Installing: /home/a-baja/abajaws/src/install/radar_interfaces/share/radar_interfaces/environment/library_path.sh
[6.184s] -- Installing: /home/a-baja/abajaws/src/install/radar_interfaces/share/radar_interfaces/environment/library_path.dsv
[6.185s] -- Installing: /home/a-baja/abajaws/src/install/radar_interfaces/lib/libradar_interfaces__rosidl_generator_c.so
[6.185s] -- Set runtime path of "/home/a-baja/abajaws/src/install/radar_interfaces/lib/libradar_interfaces__rosidl_generator_c.so" to ""
[6.185s] -- Up-to-date: /home/a-baja/abajaws/src/install/radar_interfaces/include/radar_interfaces/radar_interfaces
[6.186s] -- Up-to-date: /home/a-baja/abajaws/src/install/radar_interfaces/include/radar_interfaces/radar_interfaces/msg
[6.186s] -- Installing: /home/a-baja/abajaws/src/install/radar_interfaces/include/radar_interfaces/radar_interfaces/msg/rosidl_typesupport_fastrtps_c__visibility_control.h
[6.186s] -- Up-to-date: /home/a-baja/abajaws/src/install/radar_interfaces/include/radar_interfaces/radar_interfaces/msg/detail
[6.186s] -- Installing: /home/a-baja/abajaws/src/install/radar_interfaces/include/radar_interfaces/radar_interfaces/msg/detail/radar_message__rosidl_typesupport_fastrtps_c.h
[6.186s] -- Installing: /home/a-baja/abajaws/src/install/radar_interfaces/lib/libradar_interfaces__rosidl_typesupport_fastrtps_c.so
[6.187s] -- Set runtime path of "/home/a-baja/abajaws/src/install/radar_interfaces/lib/libradar_interfaces__rosidl_typesupport_fastrtps_c.so" to ""
[6.187s] -- Up-to-date: /home/a-baja/abajaws/src/install/radar_interfaces/include/radar_interfaces/radar_interfaces
[6.187s] -- Up-to-date: /home/a-baja/abajaws/src/install/radar_interfaces/include/radar_interfaces/radar_interfaces/msg
[6.187s] -- Installing: /home/a-baja/abajaws/src/install/radar_interfaces/include/radar_interfaces/radar_interfaces/msg/rosidl_typesupport_introspection_c__visibility_control.h
[6.187s] -- Up-to-date: /home/a-baja/abajaws/src/install/radar_interfaces/include/radar_interfaces/radar_interfaces/msg/detail
[6.187s] -- Installing: /home/a-baja/abajaws/src/install/radar_interfaces/include/radar_interfaces/radar_interfaces/msg/detail/radar_message__type_support.c
[6.187s] -- Installing: /home/a-baja/abajaws/src/install/radar_interfaces/include/radar_interfaces/radar_interfaces/msg/detail/radar_message__rosidl_typesupport_introspection_c.h
[6.188s] -- Installing: /home/a-baja/abajaws/src/install/radar_interfaces/lib/libradar_interfaces__rosidl_typesupport_introspection_c.so
[6.188s] -- Set runtime path of "/home/a-baja/abajaws/src/install/radar_interfaces/lib/libradar_interfaces__rosidl_typesupport_introspection_c.so" to ""
[6.188s] -- Installing: /home/a-baja/abajaws/src/install/radar_interfaces/lib/libradar_interfaces__rosidl_typesupport_c.so
[6.189s] -- Set runtime path of "/home/a-baja/abajaws/src/install/radar_interfaces/lib/libradar_interfaces__rosidl_typesupport_c.so" to ""
[6.189s] -- Up-to-date: /home/a-baja/abajaws/src/install/radar_interfaces/include/radar_interfaces/radar_interfaces
[6.189s] -- Up-to-date: /home/a-baja/abajaws/src/install/radar_interfaces/include/radar_interfaces/radar_interfaces/msg
[6.189s] -- Installing: /home/a-baja/abajaws/src/install/radar_interfaces/include/radar_interfaces/radar_interfaces/msg/rosidl_generator_cpp__visibility_control.hpp
[6.189s] -- Installing: /home/a-baja/abajaws/src/install/radar_interfaces/include/radar_interfaces/radar_interfaces/msg/radar_message.hpp
[6.190s] -- Up-to-date: /home/a-baja/abajaws/src/install/radar_interfaces/include/radar_interfaces/radar_interfaces/msg/detail
[6.190s] -- Installing: /home/a-baja/abajaws/src/install/radar_interfaces/include/radar_interfaces/radar_interfaces/msg/detail/radar_message__builder.hpp
[6.190s] -- Installing: /home/a-baja/abajaws/src/install/radar_interfaces/include/radar_interfaces/radar_interfaces/msg/detail/radar_message__struct.hpp
[6.190s] -- Installing: /home/a-baja/abajaws/src/install/radar_interfaces/include/radar_interfaces/radar_interfaces/msg/detail/radar_message__traits.hpp
[6.190s] -- Installing: /home/a-baja/abajaws/src/install/radar_interfaces/include/radar_interfaces/radar_interfaces/msg/detail/radar_message__type_support.hpp
[6.191s] -- Up-to-date: /home/a-baja/abajaws/src/install/radar_interfaces/include/radar_interfaces/radar_interfaces
[6.191s] -- Up-to-date: /home/a-baja/abajaws/src/install/radar_interfaces/include/radar_interfaces/radar_interfaces/msg
[6.191s] -- Installing: /home/a-baja/abajaws/src/install/radar_interfaces/include/radar_interfaces/radar_interfaces/msg/rosidl_typesupport_fastrtps_cpp__visibility_control.h
[6.191s] -- Up-to-date: /home/a-baja/abajaws/src/install/radar_interfaces/include/radar_interfaces/radar_interfaces/msg/detail
[6.191s] -- Installing: /home/a-baja/abajaws/src/install/radar_interfaces/include/radar_interfaces/radar_interfaces/msg/detail/dds_fastrtps
[6.191s] -- Installing: /home/a-baja/abajaws/src/install/radar_interfaces/include/radar_interfaces/radar_interfaces/msg/detail/radar_message__rosidl_typesupport_fastrtps_cpp.hpp
[6.192s] -- Installing: /home/a-baja/abajaws/src/install/radar_interfaces/lib/libradar_interfaces__rosidl_typesupport_fastrtps_cpp.so
[6.192s] -- Set runtime path of "/home/a-baja/abajaws/src/install/radar_interfaces/lib/libradar_interfaces__rosidl_typesupport_fastrtps_cpp.so" to ""
[6.192s] -- Up-to-date: /home/a-baja/abajaws/src/install/radar_interfaces/include/radar_interfaces/radar_interfaces
[6.192s] -- Up-to-date: /home/a-baja/abajaws/src/install/radar_interfaces/include/radar_interfaces/radar_interfaces/msg
[6.192s] -- Up-to-date: /home/a-baja/abajaws/src/install/radar_interfaces/include/radar_interfaces/radar_interfaces/msg/detail
[6.193s] -- Installing: /home/a-baja/abajaws/src/install/radar_interfaces/include/radar_interfaces/radar_interfaces/msg/detail/radar_message__type_support.cpp
[6.193s] -- Installing: /home/a-baja/abajaws/src/install/radar_interfaces/include/radar_interfaces/radar_interfaces/msg/detail/radar_message__rosidl_typesupport_introspection_cpp.hpp
[6.193s] -- Installing: /home/a-baja/abajaws/src/install/radar_interfaces/lib/libradar_interfaces__rosidl_typesupport_introspection_cpp.so
[6.193s] -- Set runtime path of "/home/a-baja/abajaws/src/install/radar_interfaces/lib/libradar_interfaces__rosidl_typesupport_introspection_cpp.so" to ""
[6.193s] -- Installing: /home/a-baja/abajaws/src/install/radar_interfaces/lib/libradar_interfaces__rosidl_typesupport_cpp.so
[6.194s] -- Set runtime path of "/home/a-baja/abajaws/src/install/radar_interfaces/lib/libradar_interfaces__rosidl_typesupport_cpp.so" to ""
[6.194s] -- Installing: /home/a-baja/abajaws/src/install/radar_interfaces/share/radar_interfaces/environment/pythonpath.sh
[6.194s] -- Installing: /home/a-baja/abajaws/src/install/radar_interfaces/share/radar_interfaces/environment/pythonpath.dsv
[6.194s] -- Installing: /home/a-baja/abajaws/src/install/radar_interfaces/local/lib/python3.10/dist-packages/radar_interfaces-0.0.0-py3.10.egg-info
[6.194s] -- Installing: /home/a-baja/abajaws/src/install/radar_interfaces/local/lib/python3.10/dist-packages/radar_interfaces-0.0.0-py3.10.egg-info/PKG-INFO
[6.195s] -- Installing: /home/a-baja/abajaws/src/install/radar_interfaces/local/lib/python3.10/dist-packages/radar_interfaces-0.0.0-py3.10.egg-info/SOURCES.txt
[6.195s] -- Installing: /home/a-baja/abajaws/src/install/radar_interfaces/local/lib/python3.10/dist-packages/radar_interfaces-0.0.0-py3.10.egg-info/dependency_links.txt
[6.195s] -- Installing: /home/a-baja/abajaws/src/install/radar_interfaces/local/lib/python3.10/dist-packages/radar_interfaces-0.0.0-py3.10.egg-info/top_level.txt
[6.195s] -- Installing: /home/a-baja/abajaws/src/install/radar_interfaces/local/lib/python3.10/dist-packages/radar_interfaces
[6.195s] -- Installing: /home/a-baja/abajaws/src/install/radar_interfaces/local/lib/python3.10/dist-packages/radar_interfaces/__init__.py
[6.195s] -- Installing: /home/a-baja/abajaws/src/install/radar_interfaces/local/lib/python3.10/dist-packages/radar_interfaces/_radar_interfaces_s.ep.rosidl_typesupport_c.c
[6.196s] -- Installing: /home/a-baja/abajaws/src/install/radar_interfaces/local/lib/python3.10/dist-packages/radar_interfaces/radar_interfaces_s__rosidl_typesupport_fastrtps_c.cpython-310-aarch64-linux-gnu.so
[6.196s] -- Installing: /home/a-baja/abajaws/src/install/radar_interfaces/local/lib/python3.10/dist-packages/radar_interfaces/libradar_interfaces__rosidl_generator_py.so
[6.196s] -- Installing: /home/a-baja/abajaws/src/install/radar_interfaces/local/lib/python3.10/dist-packages/radar_interfaces/_radar_interfaces_s.ep.rosidl_typesupport_fastrtps_c.c
[6.196s] -- Installing: /home/a-baja/abajaws/src/install/radar_interfaces/local/lib/python3.10/dist-packages/radar_interfaces/radar_interfaces_s__rosidl_typesupport_introspection_c.cpython-310-aarch64-linux-gnu.so
[6.196s] -- Installing: /home/a-baja/abajaws/src/install/radar_interfaces/local/lib/python3.10/dist-packages/radar_interfaces/_radar_interfaces_s.ep.rosidl_typesupport_introspection_c.c
[6.197s] -- Installing: /home/a-baja/abajaws/src/install/radar_interfaces/local/lib/python3.10/dist-packages/radar_interfaces/msg
[6.197s] -- Installing: /home/a-baja/abajaws/src/install/radar_interfaces/local/lib/python3.10/dist-packages/radar_interfaces/msg/__init__.py
[6.197s] -- Installing: /home/a-baja/abajaws/src/install/radar_interfaces/local/lib/python3.10/dist-packages/radar_interfaces/msg/_radar_message_s.c
[6.197s] -- Installing: /home/a-baja/abajaws/src/install/radar_interfaces/local/lib/python3.10/dist-packages/radar_interfaces/msg/_radar_message.py
[6.197s] -- Installing: /home/a-baja/abajaws/src/install/radar_interfaces/local/lib/python3.10/dist-packages/radar_interfaces/radar_interfaces_s__rosidl_typesupport_c.cpython-310-aarch64-linux-gnu.so
[6.257s] Listing '/home/a-baja/abajaws/src/install/radar_interfaces/local/lib/python3.10/dist-packages/radar_interfaces'...
[6.258s] Compiling '/home/a-baja/abajaws/src/install/radar_interfaces/local/lib/python3.10/dist-packages/radar_interfaces/__init__.py'...
[6.258s] Listing '/home/a-baja/abajaws/src/install/radar_interfaces/local/lib/python3.10/dist-packages/radar_interfaces/msg'...
[6.259s] Compiling '/home/a-baja/abajaws/src/install/radar_interfaces/local/lib/python3.10/dist-packages/radar_interfaces/msg/__init__.py'...
[6.259s] Compiling '/home/a-baja/abajaws/src/install/radar_interfaces/local/lib/python3.10/dist-packages/radar_interfaces/msg/_radar_message.py'...
[6.271s] -- Installing: /home/a-baja/abajaws/src/install/radar_interfaces/local/lib/python3.10/dist-packages/radar_interfaces/radar_interfaces_s__rosidl_typesupport_fastrtps_c.cpython-310-aarch64-linux-gnu.so
[6.272s] -- Set runtime path of "/home/a-baja/abajaws/src/install/radar_interfaces/local/lib/python3.10/dist-packages/radar_interfaces/radar_interfaces_s__rosidl_typesupport_fastrtps_c.cpython-310-aarch64-linux-gnu.so" to ""
[6.272s] -- Installing: /home/a-baja/abajaws/src/install/radar_interfaces/local/lib/python3.10/dist-packages/radar_interfaces/radar_interfaces_s__rosidl_typesupport_introspection_c.cpython-310-aarch64-linux-gnu.so
[6.272s] -- Set runtime path of "/home/a-baja/abajaws/src/install/radar_interfaces/local/lib/python3.10/dist-packages/radar_interfaces/radar_interfaces_s__rosidl_typesupport_introspection_c.cpython-310-aarch64-linux-gnu.so" to ""
[6.273s] -- Installing: /home/a-baja/abajaws/src/install/radar_interfaces/local/lib/python3.10/dist-packages/radar_interfaces/radar_interfaces_s__rosidl_typesupport_c.cpython-310-aarch64-linux-gnu.so
[6.273s] -- Set runtime path of "/home/a-baja/abajaws/src/install/radar_interfaces/local/lib/python3.10/dist-packages/radar_interfaces/radar_interfaces_s__rosidl_typesupport_c.cpython-310-aarch64-linux-gnu.so" to ""
[6.273s] -- Installing: /home/a-baja/abajaws/src/install/radar_interfaces/lib/libradar_interfaces__rosidl_generator_py.so
[6.274s] -- Set runtime path of "/home/a-baja/abajaws/src/install/radar_interfaces/lib/libradar_interfaces__rosidl_generator_py.so" to ""
[6.274s] -- Installing: /home/a-baja/abajaws/src/install/radar_interfaces/share/ament_index/resource_index/rust_packages/radar_interfaces
[6.275s] -- Installing: /home/a-baja/abajaws/src/install/radar_interfaces/share/radar_interfaces/rust
[6.275s] -- Installing: /home/a-baja/abajaws/src/install/radar_interfaces/share/radar_interfaces/rust/build.rs
[6.275s] -- Installing: /home/a-baja/abajaws/src/install/radar_interfaces/share/radar_interfaces/rust/src
[6.275s] -- Installing: /home/a-baja/abajaws/src/install/radar_interfaces/share/radar_interfaces/rust/src/msg.rs
[6.276s] -- Installing: /home/a-baja/abajaws/src/install/radar_interfaces/share/radar_interfaces/rust/src/lib.rs
[6.276s] -- Installing: /home/a-baja/abajaws/src/install/radar_interfaces/share/radar_interfaces/rust/src/msg
[6.276s] -- Installing: /home/a-baja/abajaws/src/install/radar_interfaces/share/radar_interfaces/rust/src/msg/rmw.rs
[6.277s] -- Installing: /home/a-baja/abajaws/src/install/radar_interfaces/share/radar_interfaces/rust/Cargo.toml
[6.277s] -- Installing: /home/a-baja/abajaws/src/install/radar_interfaces/share/radar_interfaces/msg/RadarMessage.idl
[6.277s] -- Installing: /home/a-baja/abajaws/src/install/radar_interfaces/share/radar_interfaces/msg/RadarMessage.msg
[6.277s] -- Installing: /home/a-baja/abajaws/src/install/radar_interfaces/share/ament_index/resource_index/package_run_dependencies/radar_interfaces
[6.278s] -- Installing: /home/a-baja/abajaws/src/install/radar_interfaces/share/ament_index/resource_index/parent_prefix_path/radar_interfaces
[6.278s] -- Installing: /home/a-baja/abajaws/src/install/radar_interfaces/share/radar_interfaces/environment/ament_prefix_path.sh
[6.278s] -- Installing: /home/a-baja/abajaws/src/install/radar_interfaces/share/radar_interfaces/environment/ament_prefix_path.dsv
[6.279s] -- Installing: /home/a-baja/abajaws/src/install/radar_interfaces/share/radar_interfaces/environment/path.sh
[6.279s] -- Installing: /home/a-baja/abajaws/src/install/radar_interfaces/share/radar_interfaces/environment/path.dsv
[6.279s] -- Installing: /home/a-baja/abajaws/src/install/radar_interfaces/share/radar_interfaces/local_setup.bash
[6.280s] -- Installing: /home/a-baja/abajaws/src/install/radar_interfaces/share/radar_interfaces/local_setup.sh
[6.280s] -- Installing: /home/a-baja/abajaws/src/install/radar_interfaces/share/radar_interfaces/local_setup.zsh
[6.280s] -- Installing: /home/a-baja/abajaws/src/install/radar_interfaces/share/radar_interfaces/local_setup.dsv
[6.280s] -- Installing: /home/a-baja/abajaws/src/install/radar_interfaces/share/radar_interfaces/package.dsv
[6.281s] -- Installing: /home/a-baja/abajaws/src/install/radar_interfaces/share/ament_index/resource_index/packages/radar_interfaces
[6.281s] -- Installing: /home/a-baja/abajaws/src/install/radar_interfaces/share/radar_interfaces/cmake/export_radar_interfaces__rosidl_generator_cExport.cmake
[6.281s] -- Installing: /home/a-baja/abajaws/src/install/radar_interfaces/share/radar_interfaces/cmake/export_radar_interfaces__rosidl_generator_cExport-noconfig.cmake
[6.281s] -- Installing: /home/a-baja/abajaws/src/install/radar_interfaces/share/radar_interfaces/cmake/export_radar_interfaces__rosidl_typesupport_fastrtps_cExport.cmake
[6.282s] -- Installing: /home/a-baja/abajaws/src/install/radar_interfaces/share/radar_interfaces/cmake/export_radar_interfaces__rosidl_typesupport_fastrtps_cExport-noconfig.cmake
[6.282s] -- Installing: /home/a-baja/abajaws/src/install/radar_interfaces/share/radar_interfaces/cmake/radar_interfaces__rosidl_typesupport_introspection_cExport.cmake
[6.282s] -- Installing: /home/a-baja/abajaws/src/install/radar_interfaces/share/radar_interfaces/cmake/radar_interfaces__rosidl_typesupport_introspection_cExport-noconfig.cmake
[6.283s] -- Installing: /home/a-baja/abajaws/src/install/radar_interfaces/share/radar_interfaces/cmake/radar_interfaces__rosidl_typesupport_cExport.cmake
[6.283s] -- Installing: /home/a-baja/abajaws/src/install/radar_interfaces/share/radar_interfaces/cmake/radar_interfaces__rosidl_typesupport_cExport-noconfig.cmake
[6.283s] -- Installing: /home/a-baja/abajaws/src/install/radar_interfaces/share/radar_interfaces/cmake/export_radar_interfaces__rosidl_generator_cppExport.cmake
[6.283s] -- Installing: /home/a-baja/abajaws/src/install/radar_interfaces/share/radar_interfaces/cmake/export_radar_interfaces__rosidl_typesupport_fastrtps_cppExport.cmake
[6.284s] -- Installing: /home/a-baja/abajaws/src/install/radar_interfaces/share/radar_interfaces/cmake/export_radar_interfaces__rosidl_typesupport_fastrtps_cppExport-noconfig.cmake
[6.284s] -- Installing: /home/a-baja/abajaws/src/install/radar_interfaces/share/radar_interfaces/cmake/radar_interfaces__rosidl_typesupport_introspection_cppExport.cmake
[6.284s] -- Installing: /home/a-baja/abajaws/src/install/radar_interfaces/share/radar_interfaces/cmake/radar_interfaces__rosidl_typesupport_introspection_cppExport-noconfig.cmake
[6.285s] -- Installing: /home/a-baja/abajaws/src/install/radar_interfaces/share/radar_interfaces/cmake/radar_interfaces__rosidl_typesupport_cppExport.cmake
[6.285s] -- Installing: /home/a-baja/abajaws/src/install/radar_interfaces/share/radar_interfaces/cmake/radar_interfaces__rosidl_typesupport_cppExport-noconfig.cmake
[6.285s] -- Installing: /home/a-baja/abajaws/src/install/radar_interfaces/share/radar_interfaces/cmake/export_radar_interfaces__rosidl_generator_pyExport.cmake
[6.286s] -- Installing: /home/a-baja/abajaws/src/install/radar_interfaces/share/radar_interfaces/cmake/export_radar_interfaces__rosidl_generator_pyExport-noconfig.cmake
[6.286s] -- Installing: /home/a-baja/abajaws/src/install/radar_interfaces/share/radar_interfaces/cmake/rosidl_cmake-extras.cmake
[6.286s] -- Installing: /home/a-baja/abajaws/src/install/radar_interfaces/share/radar_interfaces/cmake/ament_cmake_export_include_directories-extras.cmake
[6.287s] -- Installing: /home/a-baja/abajaws/src/install/radar_interfaces/share/radar_interfaces/cmake/ament_cmake_export_libraries-extras.cmake
[6.287s] -- Installing: /home/a-baja/abajaws/src/install/radar_interfaces/share/radar_interfaces/cmake/ament_cmake_export_targets-extras.cmake
[6.287s] -- Installing: /home/a-baja/abajaws/src/install/radar_interfaces/share/radar_interfaces/cmake/rosidl_cmake_export_typesupport_targets-extras.cmake
[6.287s] -- Installing: /home/a-baja/abajaws/src/install/radar_interfaces/share/radar_interfaces/cmake/ament_cmake_export_dependencies-extras.cmake
[6.288s] -- Installing: /home/a-baja/abajaws/src/install/radar_interfaces/share/radar_interfaces/cmake/rosidl_cmake_export_typesupport_libraries-extras.cmake
[6.288s] -- Installing: /home/a-baja/abajaws/src/install/radar_interfaces/share/radar_interfaces/cmake/radar_interfacesConfig.cmake
[6.288s] -- Installing: /home/a-baja/abajaws/src/install/radar_interfaces/share/radar_interfaces/cmake/radar_interfacesConfig-version.cmake
[6.288s] -- Installing: /home/a-baja/abajaws/src/install/radar_interfaces/share/radar_interfaces/package.xml
[6.293s] Invoked command in '/home/a-baja/abajaws/src/build/radar_interfaces' returned '0': CMAKE_PREFIX_PATH=${CMAKE_PREFIX_PATH}:/home/a-baja/abajaws/install/a021vehicle:/opt/ros/humble NX_CONNECTION=192.168.55.100 49365 192.168.55.1 4000 /usr/bin/cmake --install /home/a-baja/abajaws/src/build/radar_interfaces
