[0.168s] DEBUG:colcon:Command line arguments: ['/usr/bin/colcon', 'build']
[0.168s] DEBUG:colcon:Parsed command line arguments: Namespace(log_base=None, log_level=None, verb_name='build', build_base='build', install_base='install', merge_install=False, symlink_install=False, test_result_base=None, continue_on_error=False, executor='parallel', parallel_workers=6, event_handlers=None, ignore_user_meta=False, metas=['./colcon.meta'], base_paths=['.'], packages_ignore=None, packages_ignore_regex=None, paths=None, packages_up_to=None, packages_up_to_regex=None, packages_above=None, packages_above_and_dependencies=None, packages_above_depth=None, packages_select_by_dep=None, packages_skip_by_dep=None, packages_skip_up_to=None, packages_select_build_failed=False, packages_skip_build_finished=False, packages_select_test_failures=False, packages_skip_test_passed=False, packages_select=None, packages_skip=None, packages_select_regex=None, packages_skip_regex=None, packages_start=None, packages_end=None, allow_overriding=[], cmake_args=None, cmake_target=None, cmake_target_skip_unavailable=False, cmake_clean_cache=False, cmake_clean_first=False, cmake_force_configure=False, ament_cmake_args=None, catkin_cmake_args=None, catkin_skip_building_tests=False, verb_parser=<colcon_defaults.argument_parser.defaults.DefaultArgumentsDecorator object at 0xffffbb3509d0>, verb_extension=<colcon_core.verb.build.BuildVerb object at 0xffffbb3504c0>, main=<bound method BuildVerb.main of <colcon_core.verb.build.BuildVerb object at 0xffffbb3504c0>>)
[0.438s] Level 1:colcon.colcon_core.package_discovery:discover_packages(colcon_meta) check parameters
[0.438s] Level 1:colcon.colcon_core.package_discovery:discover_packages(recursive) check parameters
[0.438s] Level 1:colcon.colcon_core.package_discovery:discover_packages(ignore) check parameters
[0.438s] Level 1:colcon.colcon_core.package_discovery:discover_packages(path) check parameters
[0.438s] Level 1:colcon.colcon_core.package_discovery:discover_packages(colcon_meta) discover
[0.438s] Level 1:colcon.colcon_core.package_discovery:discover_packages(recursive) discover
[0.438s] INFO:colcon.colcon_core.package_discovery:Crawling recursively for packages in '/home/a-baja/abajaws'
[0.439s] Level 1:colcon.colcon_core.package_identification:_identify(.) by extensions ['ignore', 'ignore_ament_install']
[0.439s] Level 1:colcon.colcon_core.package_identification:_identify(.) by extension 'ignore'
[0.439s] Level 1:colcon.colcon_core.package_identification:_identify(.) by extension 'ignore_ament_install'
[0.439s] Level 1:colcon.colcon_core.package_identification:_identify(.) by extensions ['colcon_pkg']
[0.439s] Level 1:colcon.colcon_core.package_identification:_identify(.) by extension 'colcon_pkg'
[0.439s] Level 1:colcon.colcon_core.package_identification:_identify(.) by extensions ['colcon_meta']
[0.439s] Level 1:colcon.colcon_core.package_identification:_identify(.) by extension 'colcon_meta'
[0.439s] Level 1:colcon.colcon_core.package_identification:_identify(.) by extensions ['ros']
[0.439s] Level 1:colcon.colcon_core.package_identification:_identify(.) by extension 'ros'
[0.458s] Level 1:colcon.colcon_core.package_identification:_identify(.) by extensions ['cmake', 'python']
[0.458s] Level 1:colcon.colcon_core.package_identification:_identify(.) by extension 'cmake'
[0.458s] Level 1:colcon.colcon_core.package_identification:_identify(.) by extension 'python'
[0.458s] Level 1:colcon.colcon_core.package_identification:_identify(.) by extensions ['python_setup_py']
[0.458s] Level 1:colcon.colcon_core.package_identification:_identify(.) by extension 'python_setup_py'
[0.458s] Level 1:colcon.colcon_core.package_identification:_identify(build) by extensions ['ignore', 'ignore_ament_install']
[0.458s] Level 1:colcon.colcon_core.package_identification:_identify(build) by extension 'ignore'
[0.458s] Level 1:colcon.colcon_core.package_identification:_identify(build) ignored
[0.459s] Level 1:colcon.colcon_core.package_identification:_identify(install) by extensions ['ignore', 'ignore_ament_install']
[0.459s] Level 1:colcon.colcon_core.package_identification:_identify(install) by extension 'ignore'
[0.459s] Level 1:colcon.colcon_core.package_identification:_identify(install) ignored
[0.459s] Level 1:colcon.colcon_core.package_identification:_identify(log) by extensions ['ignore', 'ignore_ament_install']
[0.459s] Level 1:colcon.colcon_core.package_identification:_identify(log) by extension 'ignore'
[0.459s] Level 1:colcon.colcon_core.package_identification:_identify(log) ignored
[0.460s] Level 1:colcon.colcon_core.package_identification:_identify(src) by extensions ['ignore', 'ignore_ament_install']
[0.460s] Level 1:colcon.colcon_core.package_identification:_identify(src) by extension 'ignore'
[0.460s] Level 1:colcon.colcon_core.package_identification:_identify(src) by extension 'ignore_ament_install'
[0.460s] Level 1:colcon.colcon_core.package_identification:_identify(src) by extensions ['colcon_pkg']
[0.460s] Level 1:colcon.colcon_core.package_identification:_identify(src) by extension 'colcon_pkg'
[0.460s] Level 1:colcon.colcon_core.package_identification:_identify(src) by extensions ['colcon_meta']
[0.460s] Level 1:colcon.colcon_core.package_identification:_identify(src) by extension 'colcon_meta'
[0.460s] Level 1:colcon.colcon_core.package_identification:_identify(src) by extensions ['ros']
[0.460s] Level 1:colcon.colcon_core.package_identification:_identify(src) by extension 'ros'
[0.460s] Level 1:colcon.colcon_core.package_identification:_identify(src) by extensions ['cmake', 'python']
[0.460s] Level 1:colcon.colcon_core.package_identification:_identify(src) by extension 'cmake'
[0.460s] Level 1:colcon.colcon_core.package_identification:_identify(src) by extension 'python'
[0.460s] Level 1:colcon.colcon_core.package_identification:_identify(src) by extensions ['python_setup_py']
[0.460s] Level 1:colcon.colcon_core.package_identification:_identify(src) by extension 'python_setup_py'
[0.461s] Level 1:colcon.colcon_core.package_identification:_identify(src/a021vehicle) by extensions ['ignore', 'ignore_ament_install']
[0.461s] Level 1:colcon.colcon_core.package_identification:_identify(src/a021vehicle) by extension 'ignore'
[0.461s] Level 1:colcon.colcon_core.package_identification:_identify(src/a021vehicle) by extension 'ignore_ament_install'
[0.461s] Level 1:colcon.colcon_core.package_identification:_identify(src/a021vehicle) by extensions ['colcon_pkg']
[0.461s] Level 1:colcon.colcon_core.package_identification:_identify(src/a021vehicle) by extension 'colcon_pkg'
[0.461s] Level 1:colcon.colcon_core.package_identification:_identify(src/a021vehicle) by extensions ['colcon_meta']
[0.461s] Level 1:colcon.colcon_core.package_identification:_identify(src/a021vehicle) by extension 'colcon_meta'
[0.461s] Level 1:colcon.colcon_core.package_identification:_identify(src/a021vehicle) by extensions ['ros']
[0.461s] Level 1:colcon.colcon_core.package_identification:_identify(src/a021vehicle) by extension 'ros'
[0.465s] DEBUG:colcon.colcon_core.package_identification:Package 'src/a021vehicle' with type 'ros.ament_python' and name 'a021vehicle'
[0.465s] Level 1:colcon.colcon_core.package_identification:_identify(src/build) by extensions ['ignore', 'ignore_ament_install']
[0.465s] Level 1:colcon.colcon_core.package_identification:_identify(src/build) by extension 'ignore'
[0.465s] Level 1:colcon.colcon_core.package_identification:_identify(src/build) ignored
[0.466s] Level 1:colcon.colcon_core.package_identification:_identify(src/install) by extensions ['ignore', 'ignore_ament_install']
[0.466s] Level 1:colcon.colcon_core.package_identification:_identify(src/install) by extension 'ignore'
[0.466s] Level 1:colcon.colcon_core.package_identification:_identify(src/install) ignored
[0.466s] Level 1:colcon.colcon_core.package_identification:_identify(src/log) by extensions ['ignore', 'ignore_ament_install']
[0.466s] Level 1:colcon.colcon_core.package_identification:_identify(src/log) by extension 'ignore'
[0.466s] Level 1:colcon.colcon_core.package_identification:_identify(src/log) ignored
[0.466s] Level 1:colcon.colcon_core.package_identification:_identify(src/radar_interfaces) by extensions ['ignore', 'ignore_ament_install']
[0.466s] Level 1:colcon.colcon_core.package_identification:_identify(src/radar_interfaces) by extension 'ignore'
[0.467s] Level 1:colcon.colcon_core.package_identification:_identify(src/radar_interfaces) by extension 'ignore_ament_install'
[0.467s] Level 1:colcon.colcon_core.package_identification:_identify(src/radar_interfaces) by extensions ['colcon_pkg']
[0.467s] Level 1:colcon.colcon_core.package_identification:_identify(src/radar_interfaces) by extension 'colcon_pkg'
[0.467s] Level 1:colcon.colcon_core.package_identification:_identify(src/radar_interfaces) by extensions ['colcon_meta']
[0.467s] Level 1:colcon.colcon_core.package_identification:_identify(src/radar_interfaces) by extension 'colcon_meta'
[0.467s] Level 1:colcon.colcon_core.package_identification:_identify(src/radar_interfaces) by extensions ['ros']
[0.467s] Level 1:colcon.colcon_core.package_identification:_identify(src/radar_interfaces) by extension 'ros'
[0.468s] DEBUG:colcon.colcon_core.package_identification:Package 'src/radar_interfaces' with type 'ros.ament_cmake' and name 'radar_interfaces'
[0.468s] Level 1:colcon.colcon_core.package_identification:_identify(static) by extensions ['ignore', 'ignore_ament_install']
[0.468s] Level 1:colcon.colcon_core.package_identification:_identify(static) by extension 'ignore'
[0.468s] Level 1:colcon.colcon_core.package_identification:_identify(static) by extension 'ignore_ament_install'
[0.468s] Level 1:colcon.colcon_core.package_identification:_identify(static) by extensions ['colcon_pkg']
[0.468s] Level 1:colcon.colcon_core.package_identification:_identify(static) by extension 'colcon_pkg'
[0.469s] Level 1:colcon.colcon_core.package_identification:_identify(static) by extensions ['colcon_meta']
[0.469s] Level 1:colcon.colcon_core.package_identification:_identify(static) by extension 'colcon_meta'
[0.469s] Level 1:colcon.colcon_core.package_identification:_identify(static) by extensions ['ros']
[0.469s] Level 1:colcon.colcon_core.package_identification:_identify(static) by extension 'ros'
[0.469s] Level 1:colcon.colcon_core.package_identification:_identify(static) by extensions ['cmake', 'python']
[0.469s] Level 1:colcon.colcon_core.package_identification:_identify(static) by extension 'cmake'
[0.469s] Level 1:colcon.colcon_core.package_identification:_identify(static) by extension 'python'
[0.469s] Level 1:colcon.colcon_core.package_identification:_identify(static) by extensions ['python_setup_py']
[0.469s] Level 1:colcon.colcon_core.package_identification:_identify(static) by extension 'python_setup_py'
[0.469s] Level 1:colcon.colcon_core.package_discovery:discover_packages(recursive) using defaults
[0.469s] Level 1:colcon.colcon_core.package_discovery:discover_packages(ignore) discover
[0.469s] Level 1:colcon.colcon_core.package_discovery:discover_packages(ignore) using defaults
[0.469s] Level 1:colcon.colcon_core.package_discovery:discover_packages(path) discover
[0.469s] Level 1:colcon.colcon_core.package_discovery:discover_packages(path) using defaults
[0.502s] Level 1:colcon.colcon_core.package_discovery:discover_packages(prefix_path) check parameters
[0.502s] Level 1:colcon.colcon_core.package_discovery:discover_packages(prefix_path) discover
[0.534s] DEBUG:colcon.colcon_installed_package_information.package_discovery:Found 2 installed packages in /home/a-baja/abajaws/install
[0.536s] DEBUG:colcon.colcon_installed_package_information.package_discovery:Found 273 installed packages in /opt/ros/humble
[0.538s] Level 1:colcon.colcon_core.package_discovery:discover_packages(prefix_path) using defaults
[0.597s] Level 5:colcon.colcon_core.verb:set package 'radar_interfaces' build argument 'cmake_args' from command line to 'None'
[0.597s] Level 5:colcon.colcon_core.verb:set package 'radar_interfaces' build argument 'cmake_target' from command line to 'None'
[0.597s] Level 5:colcon.colcon_core.verb:set package 'radar_interfaces' build argument 'cmake_target_skip_unavailable' from command line to 'False'
[0.597s] Level 5:colcon.colcon_core.verb:set package 'radar_interfaces' build argument 'cmake_clean_cache' from command line to 'False'
[0.597s] Level 5:colcon.colcon_core.verb:set package 'radar_interfaces' build argument 'cmake_clean_first' from command line to 'False'
[0.597s] Level 5:colcon.colcon_core.verb:set package 'radar_interfaces' build argument 'cmake_force_configure' from command line to 'False'
[0.597s] Level 5:colcon.colcon_core.verb:set package 'radar_interfaces' build argument 'ament_cmake_args' from command line to 'None'
[0.597s] Level 5:colcon.colcon_core.verb:set package 'radar_interfaces' build argument 'catkin_cmake_args' from command line to 'None'
[0.597s] Level 5:colcon.colcon_core.verb:set package 'radar_interfaces' build argument 'catkin_skip_building_tests' from command line to 'False'
[0.598s] DEBUG:colcon.colcon_core.verb:Building package 'radar_interfaces' with the following arguments: {'ament_cmake_args': None, 'build_base': '/home/a-baja/abajaws/build/radar_interfaces', 'catkin_cmake_args': None, 'catkin_skip_building_tests': False, 'cmake_args': None, 'cmake_clean_cache': False, 'cmake_clean_first': False, 'cmake_force_configure': False, 'cmake_target': None, 'cmake_target_skip_unavailable': False, 'install_base': '/home/a-baja/abajaws/install/radar_interfaces', 'merge_install': False, 'path': '/home/a-baja/abajaws/src/radar_interfaces', 'symlink_install': False, 'test_result_base': None}
[0.598s] Level 5:colcon.colcon_core.verb:set package 'a021vehicle' build argument 'cmake_args' from command line to 'None'
[0.598s] Level 5:colcon.colcon_core.verb:set package 'a021vehicle' build argument 'cmake_target' from command line to 'None'
[0.598s] Level 5:colcon.colcon_core.verb:set package 'a021vehicle' build argument 'cmake_target_skip_unavailable' from command line to 'False'
[0.598s] Level 5:colcon.colcon_core.verb:set package 'a021vehicle' build argument 'cmake_clean_cache' from command line to 'False'
[0.598s] Level 5:colcon.colcon_core.verb:set package 'a021vehicle' build argument 'cmake_clean_first' from command line to 'False'
[0.598s] Level 5:colcon.colcon_core.verb:set package 'a021vehicle' build argument 'cmake_force_configure' from command line to 'False'
[0.598s] Level 5:colcon.colcon_core.verb:set package 'a021vehicle' build argument 'ament_cmake_args' from command line to 'None'
[0.598s] Level 5:colcon.colcon_core.verb:set package 'a021vehicle' build argument 'catkin_cmake_args' from command line to 'None'
[0.598s] Level 5:colcon.colcon_core.verb:set package 'a021vehicle' build argument 'catkin_skip_building_tests' from command line to 'False'
[0.598s] DEBUG:colcon.colcon_core.verb:Building package 'a021vehicle' with the following arguments: {'ament_cmake_args': None, 'build_base': '/home/a-baja/abajaws/build/a021vehicle', 'catkin_cmake_args': None, 'catkin_skip_building_tests': False, 'cmake_args': None, 'cmake_clean_cache': False, 'cmake_clean_first': False, 'cmake_force_configure': False, 'cmake_target': None, 'cmake_target_skip_unavailable': False, 'install_base': '/home/a-baja/abajaws/install/a021vehicle', 'merge_install': False, 'path': '/home/a-baja/abajaws/src/a021vehicle', 'symlink_install': False, 'test_result_base': None}
[0.599s] INFO:colcon.colcon_core.executor:Executing jobs using 'parallel' executor
[0.600s] DEBUG:colcon.colcon_parallel_executor.executor.parallel:run_until_complete
[0.601s] INFO:colcon.colcon_ros.task.ament_cmake.build:Building ROS package in '/home/a-baja/abajaws/src/radar_interfaces' with build type 'ament_cmake'
[0.601s] INFO:colcon.colcon_cmake.task.cmake.build:Building CMake package in '/home/a-baja/abajaws/src/radar_interfaces'
[0.604s] INFO:colcon.colcon_core.plugin_system:Skipping extension 'colcon_core.shell.bat': Not used on non-Windows systems
[0.604s] INFO:colcon.colcon_core.shell:Skip shell extension 'powershell' for command environment: Not usable outside of PowerShell
[0.604s] DEBUG:colcon.colcon_core.shell:Skip shell extension 'dsv' for command environment
[0.615s] DEBUG:colcon.colcon_core.event_handler.log_command:Invoking command in '/home/a-baja/abajaws/build/radar_interfaces': CMAKE_PREFIX_PATH=${CMAKE_PREFIX_PATH}:/home/a-baja/abajaws/install/a021vehicle:/opt/ros/humble NX_CONNECTION=192.168.55.100 49365 192.168.55.1 4000 /usr/bin/cmake /home/a-baja/abajaws/src/radar_interfaces -DCMAKE_INSTALL_PREFIX=/home/a-baja/abajaws/install/radar_interfaces
[2.659s] DEBUG:colcon.colcon_core.event_handler.log_command:Invoked command in '/home/a-baja/abajaws/build/radar_interfaces' returned '0': CMAKE_PREFIX_PATH=${CMAKE_PREFIX_PATH}:/home/a-baja/abajaws/install/a021vehicle:/opt/ros/humble NX_CONNECTION=192.168.55.100 49365 192.168.55.1 4000 /usr/bin/cmake /home/a-baja/abajaws/src/radar_interfaces -DCMAKE_INSTALL_PREFIX=/home/a-baja/abajaws/install/radar_interfaces
[2.664s] DEBUG:colcon.colcon_core.event_handler.log_command:Invoking command in '/home/a-baja/abajaws/build/radar_interfaces': CMAKE_PREFIX_PATH=${CMAKE_PREFIX_PATH}:/home/a-baja/abajaws/install/a021vehicle:/opt/ros/humble NX_CONNECTION=192.168.55.100 49365 192.168.55.1 4000 /usr/bin/cmake --build /home/a-baja/abajaws/build/radar_interfaces -- -j6 -l6
[3.298s] DEBUG:colcon.colcon_core.event_handler.log_command:Invoked command in '/home/a-baja/abajaws/build/radar_interfaces' returned '0': CMAKE_PREFIX_PATH=${CMAKE_PREFIX_PATH}:/home/a-baja/abajaws/install/a021vehicle:/opt/ros/humble NX_CONNECTION=192.168.55.100 49365 192.168.55.1 4000 /usr/bin/cmake --build /home/a-baja/abajaws/build/radar_interfaces -- -j6 -l6
[3.319s] DEBUG:colcon.colcon_core.event_handler.log_command:Invoking command in '/home/a-baja/abajaws/build/radar_interfaces': CMAKE_PREFIX_PATH=${CMAKE_PREFIX_PATH}:/home/a-baja/abajaws/install/a021vehicle:/opt/ros/humble NX_CONNECTION=192.168.55.100 49365 192.168.55.1 4000 /usr/bin/cmake --install /home/a-baja/abajaws/build/radar_interfaces
[3.451s] Level 1:colcon.colcon_core.environment:create_environment_scripts_only(radar_interfaces)
[3.457s] DEBUG:colcon.colcon_core.event_handler.log_command:Invoked command in '/home/a-baja/abajaws/build/radar_interfaces' returned '0': CMAKE_PREFIX_PATH=${CMAKE_PREFIX_PATH}:/home/a-baja/abajaws/install/a021vehicle:/opt/ros/humble NX_CONNECTION=192.168.55.100 49365 192.168.55.1 4000 /usr/bin/cmake --install /home/a-baja/abajaws/build/radar_interfaces
[3.464s] Level 1:colcon.colcon_core.environment:checking '/home/a-baja/abajaws/install/radar_interfaces' for CMake module files
[3.467s] Level 1:colcon.colcon_core.environment:checking '/home/a-baja/abajaws/install/radar_interfaces' for CMake config files
[3.470s] Level 1:colcon.colcon_core.shell:create_environment_hook('radar_interfaces', 'cmake_prefix_path')
[3.471s] INFO:colcon.colcon_core.shell:Creating environment hook '/home/a-baja/abajaws/install/radar_interfaces/share/radar_interfaces/hook/cmake_prefix_path.ps1'
[3.474s] INFO:colcon.colcon_core.shell:Creating environment descriptor '/home/a-baja/abajaws/install/radar_interfaces/share/radar_interfaces/hook/cmake_prefix_path.dsv'
[3.474s] INFO:colcon.colcon_core.shell:Creating environment hook '/home/a-baja/abajaws/install/radar_interfaces/share/radar_interfaces/hook/cmake_prefix_path.sh'
[3.476s] Level 1:colcon.colcon_core.environment:checking '/home/a-baja/abajaws/install/radar_interfaces/lib'
[3.476s] Level 1:colcon.colcon_core.shell:create_environment_hook('radar_interfaces', 'ld_library_path_lib')
[3.476s] INFO:colcon.colcon_core.shell:Creating environment hook '/home/a-baja/abajaws/install/radar_interfaces/share/radar_interfaces/hook/ld_library_path_lib.ps1'
[3.477s] INFO:colcon.colcon_core.shell:Creating environment descriptor '/home/a-baja/abajaws/install/radar_interfaces/share/radar_interfaces/hook/ld_library_path_lib.dsv'
[3.478s] INFO:colcon.colcon_core.shell:Creating environment hook '/home/a-baja/abajaws/install/radar_interfaces/share/radar_interfaces/hook/ld_library_path_lib.sh'
[3.480s] Level 1:colcon.colcon_core.environment:checking '/home/a-baja/abajaws/install/radar_interfaces/bin'
[3.480s] Level 1:colcon.colcon_core.environment:checking '/home/a-baja/abajaws/install/radar_interfaces/lib/pkgconfig/radar_interfaces.pc'
[3.480s] Level 1:colcon.colcon_core.environment:checking '/home/a-baja/abajaws/install/radar_interfaces/lib/python3.10/site-packages'
[3.481s] Level 1:colcon.colcon_core.environment:checking '/home/a-baja/abajaws/install/radar_interfaces/bin'
[3.481s] INFO:colcon.colcon_core.shell:Creating package script '/home/a-baja/abajaws/install/radar_interfaces/share/radar_interfaces/package.ps1'
[3.483s] INFO:colcon.colcon_core.shell:Creating package descriptor '/home/a-baja/abajaws/install/radar_interfaces/share/radar_interfaces/package.dsv'
[3.485s] INFO:colcon.colcon_core.shell:Creating package script '/home/a-baja/abajaws/install/radar_interfaces/share/radar_interfaces/package.sh'
[3.487s] INFO:colcon.colcon_core.shell:Creating package script '/home/a-baja/abajaws/install/radar_interfaces/share/radar_interfaces/package.bash'
[3.490s] INFO:colcon.colcon_core.shell:Creating package script '/home/a-baja/abajaws/install/radar_interfaces/share/radar_interfaces/package.zsh'
[3.491s] Level 1:colcon.colcon_core.environment:create_file_with_runtime_dependencies(/home/a-baja/abajaws/install/radar_interfaces/share/colcon-core/packages/radar_interfaces)
[3.492s] Level 1:colcon.colcon_core.environment:create_environment_scripts_only(radar_interfaces)
[3.493s] Level 1:colcon.colcon_core.environment:checking '/home/a-baja/abajaws/install/radar_interfaces' for CMake module files
[3.493s] Level 1:colcon.colcon_core.environment:checking '/home/a-baja/abajaws/install/radar_interfaces' for CMake config files
[3.495s] Level 1:colcon.colcon_core.shell:create_environment_hook('radar_interfaces', 'cmake_prefix_path')
[3.495s] INFO:colcon.colcon_core.shell:Creating environment hook '/home/a-baja/abajaws/install/radar_interfaces/share/radar_interfaces/hook/cmake_prefix_path.ps1'
[3.496s] INFO:colcon.colcon_core.shell:Creating environment descriptor '/home/a-baja/abajaws/install/radar_interfaces/share/radar_interfaces/hook/cmake_prefix_path.dsv'
[3.498s] INFO:colcon.colcon_core.shell:Creating environment hook '/home/a-baja/abajaws/install/radar_interfaces/share/radar_interfaces/hook/cmake_prefix_path.sh'
[3.499s] Level 1:colcon.colcon_core.environment:checking '/home/a-baja/abajaws/install/radar_interfaces/lib'
[3.499s] Level 1:colcon.colcon_core.shell:create_environment_hook('radar_interfaces', 'ld_library_path_lib')
[3.499s] INFO:colcon.colcon_core.shell:Creating environment hook '/home/a-baja/abajaws/install/radar_interfaces/share/radar_interfaces/hook/ld_library_path_lib.ps1'
[3.500s] INFO:colcon.colcon_core.shell:Creating environment descriptor '/home/a-baja/abajaws/install/radar_interfaces/share/radar_interfaces/hook/ld_library_path_lib.dsv'
[3.501s] INFO:colcon.colcon_core.shell:Creating environment hook '/home/a-baja/abajaws/install/radar_interfaces/share/radar_interfaces/hook/ld_library_path_lib.sh'
[3.502s] Level 1:colcon.colcon_core.environment:checking '/home/a-baja/abajaws/install/radar_interfaces/bin'
[3.502s] Level 1:colcon.colcon_core.environment:checking '/home/a-baja/abajaws/install/radar_interfaces/lib/pkgconfig/radar_interfaces.pc'
[3.502s] Level 1:colcon.colcon_core.environment:checking '/home/a-baja/abajaws/install/radar_interfaces/lib/python3.10/site-packages'
[3.503s] Level 1:colcon.colcon_core.environment:checking '/home/a-baja/abajaws/install/radar_interfaces/bin'
[3.504s] INFO:colcon.colcon_core.shell:Creating package script '/home/a-baja/abajaws/install/radar_interfaces/share/radar_interfaces/package.ps1'
[3.506s] INFO:colcon.colcon_core.shell:Creating package descriptor '/home/a-baja/abajaws/install/radar_interfaces/share/radar_interfaces/package.dsv'
[3.506s] INFO:colcon.colcon_core.shell:Creating package script '/home/a-baja/abajaws/install/radar_interfaces/share/radar_interfaces/package.sh'
[3.507s] INFO:colcon.colcon_core.shell:Creating package script '/home/a-baja/abajaws/install/radar_interfaces/share/radar_interfaces/package.bash'
[3.508s] INFO:colcon.colcon_core.shell:Creating package script '/home/a-baja/abajaws/install/radar_interfaces/share/radar_interfaces/package.zsh'
[3.509s] Level 1:colcon.colcon_core.environment:create_file_with_runtime_dependencies(/home/a-baja/abajaws/install/radar_interfaces/share/colcon-core/packages/radar_interfaces)
[3.510s] INFO:colcon.colcon_ros.task.ament_python.build:Building ROS package in '/home/a-baja/abajaws/src/a021vehicle' with build type 'ament_python'
[3.510s] Level 1:colcon.colcon_core.shell:create_environment_hook('a021vehicle', 'ament_prefix_path')
[3.511s] INFO:colcon.colcon_core.shell:Creating environment hook '/home/a-baja/abajaws/install/a021vehicle/share/a021vehicle/hook/ament_prefix_path.ps1'
[3.513s] INFO:colcon.colcon_core.shell:Creating environment descriptor '/home/a-baja/abajaws/install/a021vehicle/share/a021vehicle/hook/ament_prefix_path.dsv'
[3.514s] INFO:colcon.colcon_core.shell:Creating environment hook '/home/a-baja/abajaws/install/a021vehicle/share/a021vehicle/hook/ament_prefix_path.sh'
[3.516s] INFO:colcon.colcon_core.shell:Skip shell extension 'powershell' for command environment: Not usable outside of PowerShell
[3.516s] DEBUG:colcon.colcon_core.shell:Skip shell extension 'dsv' for command environment
[3.992s] INFO:colcon.colcon_core.task.python.build:Building Python package in '/home/a-baja/abajaws/src/a021vehicle'
[3.993s] INFO:colcon.colcon_core.shell:Skip shell extension 'powershell' for command environment: Not usable outside of PowerShell
[3.993s] DEBUG:colcon.colcon_core.shell:Skip shell extension 'dsv' for command environment
[4.652s] DEBUG:colcon.colcon_core.event_handler.log_command:Invoking command in '/home/a-baja/abajaws/build/a021vehicle': LD_LIBRARY_PATH=/home/a-baja/abajaws/install/radar_interfaces/lib:/opt/ros/humble/opt/rviz_ogre_vendor/lib:/opt/ros/humble/lib/aarch64-linux-gnu:/opt/ros/humble/lib:/usr/local/cuda-12.6/lib64 NX_CONNECTION=192.168.55.100 49365 192.168.55.1 4000 PYTHONPATH=/home/a-baja/abajaws/build/a021vehicle/prefix_override:/usr/lib/python3/dist-packages/colcon_core/task/python/colcon_distutils_commands:/home/a-baja/abajaws/install/a021vehicle/lib/python3.10/site-packages:${PYTHONPATH} /usr/bin/python3 -W ignore:setup.py install is deprecated -W ignore:easy_install command is deprecated setup.py develop --uninstall --editable --build-directory /home/a-baja/abajaws/build/a021vehicle/build
[5.427s] DEBUG:colcon.colcon_core.event_handler.log_command:Invoked command in '/home/a-baja/abajaws/build/a021vehicle' returned '0': LD_LIBRARY_PATH=/home/a-baja/abajaws/install/radar_interfaces/lib:/opt/ros/humble/opt/rviz_ogre_vendor/lib:/opt/ros/humble/lib/aarch64-linux-gnu:/opt/ros/humble/lib:/usr/local/cuda-12.6/lib64 NX_CONNECTION=192.168.55.100 49365 192.168.55.1 4000 PYTHONPATH=/home/a-baja/abajaws/build/a021vehicle/prefix_override:/usr/lib/python3/dist-packages/colcon_core/task/python/colcon_distutils_commands:/home/a-baja/abajaws/install/a021vehicle/lib/python3.10/site-packages:${PYTHONPATH} /usr/bin/python3 -W ignore:setup.py install is deprecated -W ignore:easy_install command is deprecated setup.py develop --uninstall --editable --build-directory /home/a-baja/abajaws/build/a021vehicle/build
[5.432s] DEBUG:colcon.colcon_core.event_handler.log_command:Invoking command in '/home/a-baja/abajaws/src/a021vehicle': LD_LIBRARY_PATH=/home/a-baja/abajaws/install/radar_interfaces/lib:/opt/ros/humble/opt/rviz_ogre_vendor/lib:/opt/ros/humble/lib/aarch64-linux-gnu:/opt/ros/humble/lib:/usr/local/cuda-12.6/lib64 NX_CONNECTION=192.168.55.100 49365 192.168.55.1 4000 PYTHONPATH=/home/a-baja/abajaws/build/a021vehicle/prefix_override:/usr/lib/python3/dist-packages/colcon_core/task/python/colcon_distutils_commands:/home/a-baja/abajaws/install/a021vehicle/lib/python3.10/site-packages:${PYTHONPATH} /usr/bin/python3 -W ignore:setup.py install is deprecated -W ignore:easy_install command is deprecated setup.py egg_info --egg-base ../../build/a021vehicle build --build-base /home/a-baja/abajaws/build/a021vehicle/build install --record /home/a-baja/abajaws/build/a021vehicle/install.log --single-version-externally-managed install_data --force
[6.006s] Level 1:colcon.colcon_core.environment:checking '/home/a-baja/abajaws/install/a021vehicle' for CMake module files
[6.008s] DEBUG:colcon.colcon_core.event_handler.log_command:Invoked command in '/home/a-baja/abajaws/src/a021vehicle' returned '0': LD_LIBRARY_PATH=/home/a-baja/abajaws/install/radar_interfaces/lib:/opt/ros/humble/opt/rviz_ogre_vendor/lib:/opt/ros/humble/lib/aarch64-linux-gnu:/opt/ros/humble/lib:/usr/local/cuda-12.6/lib64 NX_CONNECTION=192.168.55.100 49365 192.168.55.1 4000 PYTHONPATH=/home/a-baja/abajaws/build/a021vehicle/prefix_override:/usr/lib/python3/dist-packages/colcon_core/task/python/colcon_distutils_commands:/home/a-baja/abajaws/install/a021vehicle/lib/python3.10/site-packages:${PYTHONPATH} /usr/bin/python3 -W ignore:setup.py install is deprecated -W ignore:easy_install command is deprecated setup.py egg_info --egg-base ../../build/a021vehicle build --build-base /home/a-baja/abajaws/build/a021vehicle/build install --record /home/a-baja/abajaws/build/a021vehicle/install.log --single-version-externally-managed install_data --force
[6.009s] Level 1:colcon.colcon_core.environment:checking '/home/a-baja/abajaws/install/a021vehicle' for CMake config files
[6.012s] Level 1:colcon.colcon_core.environment:checking '/home/a-baja/abajaws/install/a021vehicle/lib'
[6.012s] Level 1:colcon.colcon_core.environment:checking '/home/a-baja/abajaws/install/a021vehicle/bin'
[6.012s] Level 1:colcon.colcon_core.environment:checking '/home/a-baja/abajaws/install/a021vehicle/lib/pkgconfig/a021vehicle.pc'
[6.013s] Level 1:colcon.colcon_core.environment:checking '/home/a-baja/abajaws/install/a021vehicle/lib/python3.10/site-packages'
[6.014s] Level 1:colcon.colcon_core.shell:create_environment_hook('a021vehicle', 'pythonpath')
[6.014s] INFO:colcon.colcon_core.shell:Creating environment hook '/home/a-baja/abajaws/install/a021vehicle/share/a021vehicle/hook/pythonpath.ps1'
[6.016s] INFO:colcon.colcon_core.shell:Creating environment descriptor '/home/a-baja/abajaws/install/a021vehicle/share/a021vehicle/hook/pythonpath.dsv'
[6.017s] INFO:colcon.colcon_core.shell:Creating environment hook '/home/a-baja/abajaws/install/a021vehicle/share/a021vehicle/hook/pythonpath.sh'
[6.018s] Level 1:colcon.colcon_core.environment:checking '/home/a-baja/abajaws/install/a021vehicle/bin'
[6.018s] Level 1:colcon.colcon_core.environment:create_environment_scripts_only(a021vehicle)
[6.019s] INFO:colcon.colcon_core.shell:Creating package script '/home/a-baja/abajaws/install/a021vehicle/share/a021vehicle/package.ps1'
[6.020s] INFO:colcon.colcon_core.shell:Creating package descriptor '/home/a-baja/abajaws/install/a021vehicle/share/a021vehicle/package.dsv'
[6.022s] INFO:colcon.colcon_core.shell:Creating package script '/home/a-baja/abajaws/install/a021vehicle/share/a021vehicle/package.sh'
[6.023s] INFO:colcon.colcon_core.shell:Creating package script '/home/a-baja/abajaws/install/a021vehicle/share/a021vehicle/package.bash'
[6.023s] INFO:colcon.colcon_core.shell:Creating package script '/home/a-baja/abajaws/install/a021vehicle/share/a021vehicle/package.zsh'
[6.024s] Level 1:colcon.colcon_core.environment:create_file_with_runtime_dependencies(/home/a-baja/abajaws/install/a021vehicle/share/colcon-core/packages/a021vehicle)
[6.024s] DEBUG:colcon.colcon_parallel_executor.executor.parallel:closing loop
[6.025s] DEBUG:colcon.colcon_parallel_executor.executor.parallel:loop closed
[6.026s] DEBUG:colcon.colcon_parallel_executor.executor.parallel:run_until_complete finished with '0'
[6.026s] DEBUG:colcon.colcon_core.event_reactor:joining thread
[6.039s] INFO:colcon.colcon_core.plugin_system:Skipping extension 'colcon_notification.desktop_notification.terminal_notifier': Not used on non-Darwin systems
[6.040s] INFO:colcon.colcon_core.plugin_system:Skipping extension 'colcon_notification.desktop_notification.win32': Not used on non-Windows systems
[6.040s] INFO:colcon.colcon_notification.desktop_notification:Sending desktop notification using 'notify2'
[6.097s] DEBUG:colcon.colcon_core.event_reactor:joined thread
[6.099s] INFO:colcon.colcon_core.shell:Creating prefix script '/home/a-baja/abajaws/install/local_setup.ps1'
[6.103s] INFO:colcon.colcon_core.shell:Creating prefix util module '/home/a-baja/abajaws/install/_local_setup_util_ps1.py'
[6.106s] INFO:colcon.colcon_core.shell:Creating prefix chain script '/home/a-baja/abajaws/install/setup.ps1'
[6.110s] INFO:colcon.colcon_core.shell:Creating prefix script '/home/a-baja/abajaws/install/local_setup.sh'
[6.111s] INFO:colcon.colcon_core.shell:Creating prefix util module '/home/a-baja/abajaws/install/_local_setup_util_sh.py'
[6.112s] INFO:colcon.colcon_core.shell:Creating prefix chain script '/home/a-baja/abajaws/install/setup.sh'
[6.115s] INFO:colcon.colcon_core.shell:Creating prefix script '/home/a-baja/abajaws/install/local_setup.bash'
[6.116s] INFO:colcon.colcon_core.shell:Creating prefix chain script '/home/a-baja/abajaws/install/setup.bash'
[6.117s] INFO:colcon.colcon_core.shell:Creating prefix script '/home/a-baja/abajaws/install/local_setup.zsh'
[6.119s] INFO:colcon.colcon_core.shell:Creating prefix chain script '/home/a-baja/abajaws/install/setup.zsh'
