[1.171s] Invoking command in '/home/a-baja/abajaws/src/a021vehicle': AMENT_PREFIX_PATH=/home/a-baja/abajaws/src/install/radar_interfaces:${AMENT_PREFIX_PATH} CMAKE_PREFIX_PATH=/home/a-baja/abajaws/src/install/radar_interfaces:${CMAKE_PREFIX_PATH} LD_LIBRARY_PATH=/home/a-baja/abajaws/src/install/radar_interfaces/lib:/home/a-baja/abajaws/install/radar_interfaces/lib:/opt/ros/humble/opt/rviz_ogre_vendor/lib:/opt/ros/humble/lib/aarch64-linux-gnu:/opt/ros/humble/lib:/usr/local/cuda-12.6/lib64 NX_CONNECTION=192.168.55.100 49365 192.168.55.1 4000 PYTHONPATH=/home/a-baja/abajaws/src/build/a021vehicle/prefix_override:/usr/lib/python3/dist-packages/colcon_core/task/python/colcon_distutils_commands:/home/a-baja/abajaws/src/install/a021vehicle/lib/python3.10/site-packages:/home/a-baja/abajaws/src/install/radar_interfaces/local/lib/python3.10/dist-packages:${PYTHONPATH} /usr/bin/python3 -W ignore:setup.py install is deprecated -W ignore:easy_install command is deprecated setup.py egg_info --egg-base ../build/a021vehicle build --build-base /home/a-baja/abajaws/src/build/a021vehicle/build install --record /home/a-baja/abajaws/src/build/a021vehicle/install.log --single-version-externally-managed install_data
[1.578s] running egg_info
[1.579s] creating ../build/a021vehicle/a021vehicle.egg-info
[1.580s] writing ../build/a021vehicle/a021vehicle.egg-info/PKG-INFO
[1.580s] writing dependency_links to ../build/a021vehicle/a021vehicle.egg-info/dependency_links.txt
[1.581s] writing entry points to ../build/a021vehicle/a021vehicle.egg-info/entry_points.txt
[1.581s] writing requirements to ../build/a021vehicle/a021vehicle.egg-info/requires.txt
[1.581s] writing top-level names to ../build/a021vehicle/a021vehicle.egg-info/top_level.txt
[1.581s] writing manifest file '../build/a021vehicle/a021vehicle.egg-info/SOURCES.txt'
[1.586s] reading manifest file '../build/a021vehicle/a021vehicle.egg-info/SOURCES.txt'
[1.588s] writing manifest file '../build/a021vehicle/a021vehicle.egg-info/SOURCES.txt'
[1.588s] running build
[1.588s] running build_py
[1.589s] creating /home/a-baja/abajaws/src/build/a021vehicle/build
[1.589s] creating /home/a-baja/abajaws/src/build/a021vehicle/build/lib
[1.590s] creating /home/a-baja/abajaws/src/build/a021vehicle/build/lib/a021vehicle
[1.590s] copying a021vehicle/__init__.py -> /home/a-baja/abajaws/src/build/a021vehicle/build/lib/a021vehicle
[1.590s] copying a021vehicle/usbcan.py -> /home/a-baja/abajaws/src/build/a021vehicle/build/lib/a021vehicle
[1.590s] copying a021vehicle/vehiclecontrol.py -> /home/a-baja/abajaws/src/build/a021vehicle/build/lib/a021vehicle
[1.591s] copying a021vehicle/radar_data_1 copy.py -> /home/a-baja/abajaws/src/build/a021vehicle/build/lib/a021vehicle
[1.591s] copying a021vehicle/radar_receiver.py -> /home/a-baja/abajaws/src/build/a021vehicle/build/lib/a021vehicle
[1.592s] copying a021vehicle/rawradar.py -> /home/a-baja/abajaws/src/build/a021vehicle/build/lib/a021vehicle
[1.592s] copying a021vehicle/ros_esp_bridge.py -> /home/a-baja/abajaws/src/build/a021vehicle/build/lib/a021vehicle
[1.592s] copying a021vehicle/radar_data copy.py -> /home/a-baja/abajaws/src/build/a021vehicle/build/lib/a021vehicle
[1.592s] copying a021vehicle/radar_data.py -> /home/a-baja/abajaws/src/build/a021vehicle/build/lib/a021vehicle
[1.593s] creating /home/a-baja/abajaws/src/build/a021vehicle/build/lib/a021vehicle/archives-code
[1.593s] copying a021vehicle/archives-code/vehiclecontrol_0 copy.py -> /home/a-baja/abajaws/src/build/a021vehicle/build/lib/a021vehicle/archives-code
[1.593s] copying a021vehicle/archives-code/__init__.py -> /home/a-baja/abajaws/src/build/a021vehicle/build/lib/a021vehicle/archives-code
[1.594s] copying a021vehicle/archives-code/usbcan.py -> /home/a-baja/abajaws/src/build/a021vehicle/build/lib/a021vehicle/archives-code
[1.594s] copying a021vehicle/archives-code/rawradar_0.py -> /home/a-baja/abajaws/src/build/a021vehicle/build/lib/a021vehicle/archives-code
[1.594s] copying a021vehicle/archives-code/vehiclecontrol.py -> /home/a-baja/abajaws/src/build/a021vehicle/build/lib/a021vehicle/archives-code
[1.595s] copying a021vehicle/archives-code/radar.py -> /home/a-baja/abajaws/src/build/a021vehicle/build/lib/a021vehicle/archives-code
[1.595s] copying a021vehicle/archives-code/vehiclecontrol_2.py -> /home/a-baja/abajaws/src/build/a021vehicle/build/lib/a021vehicle/archives-code
[1.595s] copying a021vehicle/archives-code/radar_spi_bridge_0.py -> /home/a-baja/abajaws/src/build/a021vehicle/build/lib/a021vehicle/archives-code
[1.595s] copying a021vehicle/archives-code/radar_data_1 copy.py -> /home/a-baja/abajaws/src/build/a021vehicle/build/lib/a021vehicle/archives-code
[1.597s] copying a021vehicle/archives-code/radar_data_6.py -> /home/a-baja/abajaws/src/build/a021vehicle/build/lib/a021vehicle/archives-code
[1.598s] copying a021vehicle/archives-code/radar_receiver.py -> /home/a-baja/abajaws/src/build/a021vehicle/build/lib/a021vehicle/archives-code
[1.599s] copying a021vehicle/archives-code/radar_data_0.py -> /home/a-baja/abajaws/src/build/a021vehicle/build/lib/a021vehicle/archives-code
[1.599s] copying a021vehicle/archives-code/radar_data_3.py -> /home/a-baja/abajaws/src/build/a021vehicle/build/lib/a021vehicle/archives-code
[1.600s] copying a021vehicle/archives-code/radar_spi_bridge.py -> /home/a-baja/abajaws/src/build/a021vehicle/build/lib/a021vehicle/archives-code
[1.600s] copying a021vehicle/archives-code/vehiclecontrol_2 copy.py -> /home/a-baja/abajaws/src/build/a021vehicle/build/lib/a021vehicle/archives-code
[1.600s] copying a021vehicle/archives-code/radar_data_1.py -> /home/a-baja/abajaws/src/build/a021vehicle/build/lib/a021vehicle/archives-code
[1.601s] copying a021vehicle/archives-code/vehiclecontrol_1.py -> /home/a-baja/abajaws/src/build/a021vehicle/build/lib/a021vehicle/archives-code
[1.601s] copying a021vehicle/archives-code/rawradar.py -> /home/a-baja/abajaws/src/build/a021vehicle/build/lib/a021vehicle/archives-code
[1.601s] copying a021vehicle/archives-code/ros_esp_bridge.py -> /home/a-baja/abajaws/src/build/a021vehicle/build/lib/a021vehicle/archives-code
[1.601s] copying a021vehicle/archives-code/radar_data copy.py -> /home/a-baja/abajaws/src/build/a021vehicle/build/lib/a021vehicle/archives-code
[1.602s] copying a021vehicle/archives-code/vehiclecontrol_0.py -> /home/a-baja/abajaws/src/build/a021vehicle/build/lib/a021vehicle/archives-code
[1.602s] copying a021vehicle/archives-code/radar_data_4.py -> /home/a-baja/abajaws/src/build/a021vehicle/build/lib/a021vehicle/archives-code
[1.602s] copying a021vehicle/archives-code/radar_data.py -> /home/a-baja/abajaws/src/build/a021vehicle/build/lib/a021vehicle/archives-code
[1.602s] copying a021vehicle/archives-code/vehiclecontrol_4.py -> /home/a-baja/abajaws/src/build/a021vehicle/build/lib/a021vehicle/archives-code
[1.603s] copying a021vehicle/archives-code/radar_data_5.py -> /home/a-baja/abajaws/src/build/a021vehicle/build/lib/a021vehicle/archives-code
[1.603s] copying a021vehicle/archives-code/radar_data_2.py -> /home/a-baja/abajaws/src/build/a021vehicle/build/lib/a021vehicle/archives-code
[1.603s] running install
[1.603s] running install_lib
[1.606s] creating /home/a-baja/abajaws/src/install/a021vehicle/lib/python3.10/site-packages/a021vehicle
[1.607s] copying /home/a-baja/abajaws/src/build/a021vehicle/build/lib/a021vehicle/__init__.py -> /home/a-baja/abajaws/src/install/a021vehicle/lib/python3.10/site-packages/a021vehicle
[1.607s] copying /home/a-baja/abajaws/src/build/a021vehicle/build/lib/a021vehicle/usbcan.py -> /home/a-baja/abajaws/src/install/a021vehicle/lib/python3.10/site-packages/a021vehicle
[1.607s] copying /home/a-baja/abajaws/src/build/a021vehicle/build/lib/a021vehicle/vehiclecontrol.py -> /home/a-baja/abajaws/src/install/a021vehicle/lib/python3.10/site-packages/a021vehicle
[1.608s] copying /home/a-baja/abajaws/src/build/a021vehicle/build/lib/a021vehicle/radar_data_1 copy.py -> /home/a-baja/abajaws/src/install/a021vehicle/lib/python3.10/site-packages/a021vehicle
[1.608s] copying /home/a-baja/abajaws/src/build/a021vehicle/build/lib/a021vehicle/radar_receiver.py -> /home/a-baja/abajaws/src/install/a021vehicle/lib/python3.10/site-packages/a021vehicle
[1.608s] creating /home/a-baja/abajaws/src/install/a021vehicle/lib/python3.10/site-packages/a021vehicle/archives-code
[1.609s] copying /home/a-baja/abajaws/src/build/a021vehicle/build/lib/a021vehicle/archives-code/vehiclecontrol_0 copy.py -> /home/a-baja/abajaws/src/install/a021vehicle/lib/python3.10/site-packages/a021vehicle/archives-code
[1.609s] copying /home/a-baja/abajaws/src/build/a021vehicle/build/lib/a021vehicle/archives-code/__init__.py -> /home/a-baja/abajaws/src/install/a021vehicle/lib/python3.10/site-packages/a021vehicle/archives-code
[1.609s] copying /home/a-baja/abajaws/src/build/a021vehicle/build/lib/a021vehicle/archives-code/usbcan.py -> /home/a-baja/abajaws/src/install/a021vehicle/lib/python3.10/site-packages/a021vehicle/archives-code
[1.610s] copying /home/a-baja/abajaws/src/build/a021vehicle/build/lib/a021vehicle/archives-code/rawradar_0.py -> /home/a-baja/abajaws/src/install/a021vehicle/lib/python3.10/site-packages/a021vehicle/archives-code
[1.610s] copying /home/a-baja/abajaws/src/build/a021vehicle/build/lib/a021vehicle/archives-code/vehiclecontrol.py -> /home/a-baja/abajaws/src/install/a021vehicle/lib/python3.10/site-packages/a021vehicle/archives-code
[1.610s] copying /home/a-baja/abajaws/src/build/a021vehicle/build/lib/a021vehicle/archives-code/radar.py -> /home/a-baja/abajaws/src/install/a021vehicle/lib/python3.10/site-packages/a021vehicle/archives-code
[1.611s] copying /home/a-baja/abajaws/src/build/a021vehicle/build/lib/a021vehicle/archives-code/vehiclecontrol_2.py -> /home/a-baja/abajaws/src/install/a021vehicle/lib/python3.10/site-packages/a021vehicle/archives-code
[1.611s] copying /home/a-baja/abajaws/src/build/a021vehicle/build/lib/a021vehicle/archives-code/radar_spi_bridge_0.py -> /home/a-baja/abajaws/src/install/a021vehicle/lib/python3.10/site-packages/a021vehicle/archives-code
[1.612s] copying /home/a-baja/abajaws/src/build/a021vehicle/build/lib/a021vehicle/archives-code/radar_data_1 copy.py -> /home/a-baja/abajaws/src/install/a021vehicle/lib/python3.10/site-packages/a021vehicle/archives-code
[1.612s] copying /home/a-baja/abajaws/src/build/a021vehicle/build/lib/a021vehicle/archives-code/radar_data_6.py -> /home/a-baja/abajaws/src/install/a021vehicle/lib/python3.10/site-packages/a021vehicle/archives-code
[1.612s] copying /home/a-baja/abajaws/src/build/a021vehicle/build/lib/a021vehicle/archives-code/radar_receiver.py -> /home/a-baja/abajaws/src/install/a021vehicle/lib/python3.10/site-packages/a021vehicle/archives-code
[1.613s] copying /home/a-baja/abajaws/src/build/a021vehicle/build/lib/a021vehicle/archives-code/radar_data_0.py -> /home/a-baja/abajaws/src/install/a021vehicle/lib/python3.10/site-packages/a021vehicle/archives-code
[1.613s] copying /home/a-baja/abajaws/src/build/a021vehicle/build/lib/a021vehicle/archives-code/radar_data_3.py -> /home/a-baja/abajaws/src/install/a021vehicle/lib/python3.10/site-packages/a021vehicle/archives-code
[1.613s] copying /home/a-baja/abajaws/src/build/a021vehicle/build/lib/a021vehicle/archives-code/radar_spi_bridge.py -> /home/a-baja/abajaws/src/install/a021vehicle/lib/python3.10/site-packages/a021vehicle/archives-code
[1.613s] copying /home/a-baja/abajaws/src/build/a021vehicle/build/lib/a021vehicle/archives-code/vehiclecontrol_2 copy.py -> /home/a-baja/abajaws/src/install/a021vehicle/lib/python3.10/site-packages/a021vehicle/archives-code
[1.614s] copying /home/a-baja/abajaws/src/build/a021vehicle/build/lib/a021vehicle/archives-code/radar_data_1.py -> /home/a-baja/abajaws/src/install/a021vehicle/lib/python3.10/site-packages/a021vehicle/archives-code
[1.614s] copying /home/a-baja/abajaws/src/build/a021vehicle/build/lib/a021vehicle/archives-code/vehiclecontrol_1.py -> /home/a-baja/abajaws/src/install/a021vehicle/lib/python3.10/site-packages/a021vehicle/archives-code
[1.614s] copying /home/a-baja/abajaws/src/build/a021vehicle/build/lib/a021vehicle/archives-code/rawradar.py -> /home/a-baja/abajaws/src/install/a021vehicle/lib/python3.10/site-packages/a021vehicle/archives-code
[1.614s] copying /home/a-baja/abajaws/src/build/a021vehicle/build/lib/a021vehicle/archives-code/ros_esp_bridge.py -> /home/a-baja/abajaws/src/install/a021vehicle/lib/python3.10/site-packages/a021vehicle/archives-code
[1.614s] copying /home/a-baja/abajaws/src/build/a021vehicle/build/lib/a021vehicle/archives-code/radar_data copy.py -> /home/a-baja/abajaws/src/install/a021vehicle/lib/python3.10/site-packages/a021vehicle/archives-code
[1.615s] copying /home/a-baja/abajaws/src/build/a021vehicle/build/lib/a021vehicle/archives-code/vehiclecontrol_0.py -> /home/a-baja/abajaws/src/install/a021vehicle/lib/python3.10/site-packages/a021vehicle/archives-code
[1.615s] copying /home/a-baja/abajaws/src/build/a021vehicle/build/lib/a021vehicle/archives-code/radar_data_4.py -> /home/a-baja/abajaws/src/install/a021vehicle/lib/python3.10/site-packages/a021vehicle/archives-code
[1.615s] copying /home/a-baja/abajaws/src/build/a021vehicle/build/lib/a021vehicle/archives-code/radar_data.py -> /home/a-baja/abajaws/src/install/a021vehicle/lib/python3.10/site-packages/a021vehicle/archives-code
[1.615s] copying /home/a-baja/abajaws/src/build/a021vehicle/build/lib/a021vehicle/archives-code/vehiclecontrol_4.py -> /home/a-baja/abajaws/src/install/a021vehicle/lib/python3.10/site-packages/a021vehicle/archives-code
[1.616s] copying /home/a-baja/abajaws/src/build/a021vehicle/build/lib/a021vehicle/archives-code/radar_data_5.py -> /home/a-baja/abajaws/src/install/a021vehicle/lib/python3.10/site-packages/a021vehicle/archives-code
[1.616s] copying /home/a-baja/abajaws/src/build/a021vehicle/build/lib/a021vehicle/archives-code/radar_data_2.py -> /home/a-baja/abajaws/src/install/a021vehicle/lib/python3.10/site-packages/a021vehicle/archives-code
[1.616s] copying /home/a-baja/abajaws/src/build/a021vehicle/build/lib/a021vehicle/rawradar.py -> /home/a-baja/abajaws/src/install/a021vehicle/lib/python3.10/site-packages/a021vehicle
[1.616s] copying /home/a-baja/abajaws/src/build/a021vehicle/build/lib/a021vehicle/ros_esp_bridge.py -> /home/a-baja/abajaws/src/install/a021vehicle/lib/python3.10/site-packages/a021vehicle
[1.617s] copying /home/a-baja/abajaws/src/build/a021vehicle/build/lib/a021vehicle/radar_data copy.py -> /home/a-baja/abajaws/src/install/a021vehicle/lib/python3.10/site-packages/a021vehicle
[1.617s] copying /home/a-baja/abajaws/src/build/a021vehicle/build/lib/a021vehicle/radar_data.py -> /home/a-baja/abajaws/src/install/a021vehicle/lib/python3.10/site-packages/a021vehicle
[1.617s] byte-compiling /home/a-baja/abajaws/src/install/a021vehicle/lib/python3.10/site-packages/a021vehicle/__init__.py to __init__.cpython-310.pyc
[1.617s] byte-compiling /home/a-baja/abajaws/src/install/a021vehicle/lib/python3.10/site-packages/a021vehicle/usbcan.py to usbcan.cpython-310.pyc
[1.618s] byte-compiling /home/a-baja/abajaws/src/install/a021vehicle/lib/python3.10/site-packages/a021vehicle/vehiclecontrol.py to vehiclecontrol.cpython-310.pyc
[1.618s] byte-compiling /home/a-baja/abajaws/src/install/a021vehicle/lib/python3.10/site-packages/a021vehicle/radar_data_1 copy.py to radar_data_1 copy.cpython-310.pyc
[1.618s] byte-compiling /home/a-baja/abajaws/src/install/a021vehicle/lib/python3.10/site-packages/a021vehicle/radar_receiver.py to radar_receiver.cpython-310.pyc
[1.619s] byte-compiling /home/a-baja/abajaws/src/install/a021vehicle/lib/python3.10/site-packages/a021vehicle/archives-code/vehiclecontrol_0 copy.py to vehiclecontrol_0 copy.cpython-310.pyc
[1.620s] byte-compiling /home/a-baja/abajaws/src/install/a021vehicle/lib/python3.10/site-packages/a021vehicle/archives-code/__init__.py to __init__.cpython-310.pyc
[1.620s] byte-compiling /home/a-baja/abajaws/src/install/a021vehicle/lib/python3.10/site-packages/a021vehicle/archives-code/usbcan.py to usbcan.cpython-310.pyc
[1.621s] byte-compiling /home/a-baja/abajaws/src/install/a021vehicle/lib/python3.10/site-packages/a021vehicle/archives-code/rawradar_0.py to rawradar_0.cpython-310.pyc
[1.623s] byte-compiling /home/a-baja/abajaws/src/install/a021vehicle/lib/python3.10/site-packages/a021vehicle/archives-code/vehiclecontrol.py to vehiclecontrol.cpython-310.pyc
[1.624s] byte-compiling /home/a-baja/abajaws/src/install/a021vehicle/lib/python3.10/site-packages/a021vehicle/archives-code/radar.py to radar.cpython-310.pyc
[1.626s] byte-compiling /home/a-baja/abajaws/src/install/a021vehicle/lib/python3.10/site-packages/a021vehicle/archives-code/vehiclecontrol_2.py to vehiclecontrol_2.cpython-310.pyc
[1.627s] byte-compiling /home/a-baja/abajaws/src/install/a021vehicle/lib/python3.10/site-packages/a021vehicle/archives-code/radar_spi_bridge_0.py to radar_spi_bridge_0.cpython-310.pyc
[1.628s] byte-compiling /home/a-baja/abajaws/src/install/a021vehicle/lib/python3.10/site-packages/a021vehicle/archives-code/radar_data_1 copy.py to radar_data_1 copy.cpython-310.pyc
[1.629s] byte-compiling /home/a-baja/abajaws/src/install/a021vehicle/lib/python3.10/site-packages/a021vehicle/archives-code/radar_data_6.py to radar_data_6.cpython-310.pyc
[1.631s] byte-compiling /home/a-baja/abajaws/src/install/a021vehicle/lib/python3.10/site-packages/a021vehicle/archives-code/radar_receiver.py to radar_receiver.cpython-310.pyc
[1.631s] byte-compiling /home/a-baja/abajaws/src/install/a021vehicle/lib/python3.10/site-packages/a021vehicle/archives-code/radar_data_0.py to radar_data_0.cpython-310.pyc
[1.634s] byte-compiling /home/a-baja/abajaws/src/install/a021vehicle/lib/python3.10/site-packages/a021vehicle/archives-code/radar_data_3.py to radar_data_3.cpython-310.pyc
[1.635s] byte-compiling /home/a-baja/abajaws/src/install/a021vehicle/lib/python3.10/site-packages/a021vehicle/archives-code/radar_spi_bridge.py to radar_spi_bridge.cpython-310.pyc
[1.635s] byte-compiling /home/a-baja/abajaws/src/install/a021vehicle/lib/python3.10/site-packages/a021vehicle/archives-code/vehiclecontrol_2 copy.py to vehiclecontrol_2 copy.cpython-310.pyc
[1.636s] byte-compiling /home/a-baja/abajaws/src/install/a021vehicle/lib/python3.10/site-packages/a021vehicle/archives-code/radar_data_1.py to radar_data_1.cpython-310.pyc
[1.638s] byte-compiling /home/a-baja/abajaws/src/install/a021vehicle/lib/python3.10/site-packages/a021vehicle/archives-code/vehiclecontrol_1.py to vehiclecontrol_1.cpython-310.pyc
[1.640s] byte-compiling /home/a-baja/abajaws/src/install/a021vehicle/lib/python3.10/site-packages/a021vehicle/archives-code/rawradar.py to rawradar.cpython-310.pyc
[1.641s] byte-compiling /home/a-baja/abajaws/src/install/a021vehicle/lib/python3.10/site-packages/a021vehicle/archives-code/ros_esp_bridge.py to ros_esp_bridge.cpython-310.pyc
[1.643s] byte-compiling /home/a-baja/abajaws/src/install/a021vehicle/lib/python3.10/site-packages/a021vehicle/archives-code/radar_data copy.py to radar_data copy.cpython-310.pyc
[1.644s] byte-compiling /home/a-baja/abajaws/src/install/a021vehicle/lib/python3.10/site-packages/a021vehicle/archives-code/vehiclecontrol_0.py to vehiclecontrol_0.cpython-310.pyc
[1.645s] byte-compiling /home/a-baja/abajaws/src/install/a021vehicle/lib/python3.10/site-packages/a021vehicle/archives-code/radar_data_4.py to radar_data_4.cpython-310.pyc
[1.646s] byte-compiling /home/a-baja/abajaws/src/install/a021vehicle/lib/python3.10/site-packages/a021vehicle/archives-code/radar_data.py to radar_data.cpython-310.pyc
[1.647s] byte-compiling /home/a-baja/abajaws/src/install/a021vehicle/lib/python3.10/site-packages/a021vehicle/archives-code/vehiclecontrol_4.py to vehiclecontrol_4.cpython-310.pyc
[1.648s] byte-compiling /home/a-baja/abajaws/src/install/a021vehicle/lib/python3.10/site-packages/a021vehicle/archives-code/radar_data_5.py to radar_data_5.cpython-310.pyc
[1.650s] byte-compiling /home/a-baja/abajaws/src/install/a021vehicle/lib/python3.10/site-packages/a021vehicle/archives-code/radar_data_2.py to radar_data_2.cpython-310.pyc
[1.652s] byte-compiling /home/a-baja/abajaws/src/install/a021vehicle/lib/python3.10/site-packages/a021vehicle/rawradar.py to rawradar.cpython-310.pyc
[1.653s] byte-compiling /home/a-baja/abajaws/src/install/a021vehicle/lib/python3.10/site-packages/a021vehicle/ros_esp_bridge.py to ros_esp_bridge.cpython-310.pyc
[1.655s] byte-compiling /home/a-baja/abajaws/src/install/a021vehicle/lib/python3.10/site-packages/a021vehicle/radar_data copy.py to radar_data copy.cpython-310.pyc
[1.656s] byte-compiling /home/a-baja/abajaws/src/install/a021vehicle/lib/python3.10/site-packages/a021vehicle/radar_data.py to radar_data.cpython-310.pyc
[1.660s] running install_data
[1.660s] creating /home/a-baja/abajaws/src/install/a021vehicle/share/ament_index
[1.660s] creating /home/a-baja/abajaws/src/install/a021vehicle/share/ament_index/resource_index
[1.660s] creating /home/a-baja/abajaws/src/install/a021vehicle/share/ament_index/resource_index/packages
[1.660s] copying resource/a021vehicle -> /home/a-baja/abajaws/src/install/a021vehicle/share/ament_index/resource_index/packages
[1.660s] copying package.xml -> /home/a-baja/abajaws/src/install/a021vehicle/share/a021vehicle
[1.661s] creating /home/a-baja/abajaws/src/install/a021vehicle/share/a021vehicle/launch
[1.661s] copying launch/vehicle_launch.py -> /home/a-baja/abajaws/src/install/a021vehicle/share/a021vehicle/launch
[1.661s] running install_egg_info
[1.664s] Copying ../build/a021vehicle/a021vehicle.egg-info to /home/a-baja/abajaws/src/install/a021vehicle/lib/python3.10/site-packages/a021vehicle-0.0.0-py3.10.egg-info
[1.665s] running install_scripts
[1.701s] Installing esp_bridge script to /home/a-baja/abajaws/src/install/a021vehicle/lib/a021vehicle
[1.702s] Installing radar_data script to /home/a-baja/abajaws/src/install/a021vehicle/lib/a021vehicle
[1.702s] Installing radar_node script to /home/a-baja/abajaws/src/install/a021vehicle/lib/a021vehicle
[1.702s] Installing receiver_node script to /home/a-baja/abajaws/src/install/a021vehicle/lib/a021vehicle
[1.702s] Installing vehiclecontrol script to /home/a-baja/abajaws/src/install/a021vehicle/lib/a021vehicle
[1.703s] writing list of installed files to '/home/a-baja/abajaws/src/build/a021vehicle/install.log'
[1.765s] Invoked command in '/home/a-baja/abajaws/src/a021vehicle' returned '0': AMENT_PREFIX_PATH=/home/a-baja/abajaws/src/install/radar_interfaces:${AMENT_PREFIX_PATH} CMAKE_PREFIX_PATH=/home/a-baja/abajaws/src/install/radar_interfaces:${CMAKE_PREFIX_PATH} LD_LIBRARY_PATH=/home/a-baja/abajaws/src/install/radar_interfaces/lib:/home/a-baja/abajaws/install/radar_interfaces/lib:/opt/ros/humble/opt/rviz_ogre_vendor/lib:/opt/ros/humble/lib/aarch64-linux-gnu:/opt/ros/humble/lib:/usr/local/cuda-12.6/lib64 NX_CONNECTION=192.168.55.100 49365 192.168.55.1 4000 PYTHONPATH=/home/a-baja/abajaws/src/build/a021vehicle/prefix_override:/usr/lib/python3/dist-packages/colcon_core/task/python/colcon_distutils_commands:/home/a-baja/abajaws/src/install/a021vehicle/lib/python3.10/site-packages:/home/a-baja/abajaws/src/install/radar_interfaces/local/lib/python3.10/dist-packages:${PYTHONPATH} /usr/bin/python3 -W ignore:setup.py install is deprecated -W ignore:easy_install command is deprecated setup.py egg_info --egg-base ../build/a021vehicle build --build-base /home/a-baja/abajaws/src/build/a021vehicle/build install --record /home/a-baja/abajaws/src/build/a021vehicle/install.log --single-version-externally-managed install_data
