[0.018s] Invoking command in '/home/a-baja/abajaws/build/radar_interfaces': CMAKE_PREFIX_PATH=/opt/ros/humble /usr/bin/cmake /home/a-baja/abajaws/src/radar_interfaces -DAMENT_CMAKE_SYMLINK_INSTALL=1 -DCMAKE_INSTALL_PREFIX=/home/a-baja/abajaws/install/radar_interfaces
[0.160s] -- The C compiler identification is GNU 11.4.0
[0.278s] -- The CXX compiler identification is GNU 11.4.0
[0.296s] -- Detecting C compiler ABI info
[0.416s] -- Detecting C compiler ABI info - done
[0.439s] -- Check for working C compiler: /usr/bin/cc - skipped
[0.440s] -- Detecting C compile features
[0.440s] -- Detecting C compile features - done
[0.448s] -- Detecting CXX compiler ABI info
[0.582s] -- Detecting CXX compiler ABI info - done
[0.607s] -- Check for working CXX compiler: /usr/bin/c++ - skipped
[0.608s] -- Detecting CXX compile features
[0.610s] -- Detecting CXX compile features - done
[0.618s] -- Found ament_cmake: 1.3.14 (/opt/ros/humble/share/ament_cmake/cmake)
[0.886s] -- Found Python3: /usr/bin/python3 (found version "3.10.12") found components: Interpreter 
[1.003s] -- Override CMake install command with custom implementation using symlinks instead of copying resources
[1.058s] -- Found rosidl_default_generators: 1.2.1 (/opt/ros/humble/share/rosidl_default_generators/cmake)
[1.064s] -- Using all available rosidl_typesupport_c: rosidl_typesupport_fastrtps_c;rosidl_typesupport_introspection_c
[1.076s] -- Found rosidl_adapter: 3.1.8 (/opt/ros/humble/share/rosidl_adapter/cmake)
[1.141s] -- Using all available rosidl_typesupport_cpp: rosidl_typesupport_fastrtps_cpp;rosidl_typesupport_introspection_cpp
[1.620s] -- Found ament_cmake_ros: 0.10.0 (/opt/ros/humble/share/ament_cmake_ros/cmake)
[1.956s] -- Using all available rosidl_typesupport_c: rosidl_typesupport_fastrtps_c;rosidl_typesupport_introspection_c
[2.389s] -- Using all available rosidl_typesupport_cpp: rosidl_typesupport_fastrtps_cpp;rosidl_typesupport_introspection_cpp
[2.432s] -- Found PythonInterp: /usr/bin/python3 (found suitable version "3.10.12", minimum required is "3.6") 
[2.435s] -- Found python_cmake_module: 0.10.0 (/opt/ros/humble/share/python_cmake_module/cmake)
[2.492s] -- Found PythonLibs: /usr/lib/aarch64-linux-gnu/libpython3.10.so (found suitable version "3.10.12", minimum required is "3.5") 
[2.492s] -- Using PYTHON_EXECUTABLE: /usr/bin/python3
[2.492s] -- Using PYTHON_INCLUDE_DIRS: /usr/include/python3.10
[2.493s] -- Using PYTHON_LIBRARIES: /usr/lib/aarch64-linux-gnu/libpython3.10.so
[2.531s] -- Found PythonExtra: .so  
[2.732s] -- Configuring done
[2.800s] -- Generating done
[2.818s] -- Build files have been written to: /home/a-baja/abajaws/build/radar_interfaces
[2.837s] Invoked command in '/home/a-baja/abajaws/build/radar_interfaces' returned '0': CMAKE_PREFIX_PATH=/opt/ros/humble /usr/bin/cmake /home/a-baja/abajaws/src/radar_interfaces -DAMENT_CMAKE_SYMLINK_INSTALL=1 -DCMAKE_INSTALL_PREFIX=/home/a-baja/abajaws/install/radar_interfaces
[2.842s] Invoking command in '/home/a-baja/abajaws/build/radar_interfaces': CMAKE_PREFIX_PATH=/opt/ros/humble /usr/bin/cmake --build /home/a-baja/abajaws/build/radar_interfaces -- -j6 -l6
[2.909s] [  3%] [34m[1mGenerating C code for ROS interfaces[0m
[2.924s] [  6%] [34m[1mGenerating C++ code for ROS interfaces[0m
[2.928s] [  9%] [34m[1mGenerating Rust code for ROS interfaces[0m
[2.941s] [  9%] Built target ament_cmake_python_symlink_radar_interfaces
[3.330s] [  9%] Built target radar_interfaces__rs
[3.343s] running egg_info
[3.344s] creating radar_interfaces.egg-info
[3.345s] writing radar_interfaces.egg-info/PKG-INFO
[3.345s] writing dependency_links to radar_interfaces.egg-info/dependency_links.txt
[3.345s] writing top-level names to radar_interfaces.egg-info/top_level.txt
[3.346s] writing manifest file 'radar_interfaces.egg-info/SOURCES.txt'
[3.349s] [  9%] Built target radar_interfaces__cpp
[3.350s] reading manifest file 'radar_interfaces.egg-info/SOURCES.txt'
[3.351s] writing manifest file 'radar_interfaces.egg-info/SOURCES.txt'
[3.359s] [ 12%] [32mBuilding C object CMakeFiles/radar_interfaces__rosidl_generator_c.dir/rosidl_generator_c/radar_interfaces/msg/detail/radar_message__functions.c.o[0m
[3.365s] [ 18%] [34m[1mGenerating C++ type support for eProsima Fast-RTPS[0m
[3.365s] [ 18%] [34m[1mGenerating C++ type support dispatch for ROS interfaces[0m
[3.365s] [ 21%] [34m[1mGenerating C++ introspection for ROS interfaces[0m
[3.433s] [ 21%] Built target ament_cmake_python_build_radar_interfaces_egg
[3.461s] [ 25%] [32m[1mLinking C shared library libradar_interfaces__rosidl_generator_c.so[0m
[3.518s] [ 25%] Built target radar_interfaces__rosidl_generator_c
[3.535s] [ 34%] [34m[1mGenerating C introspection for ROS interfaces[0m
[3.536s] [ 34%] [34m[1mGenerating C type support dispatch for ROS interfaces[0m
[3.538s] [ 34%] [34m[1mGenerating C type support for eProsima Fast-RTPS[0m
[3.757s] [ 37%] [32mBuilding CXX object CMakeFiles/radar_interfaces__rosidl_typesupport_cpp.dir/rosidl_typesupport_cpp/radar_interfaces/msg/radar_message__type_support.cpp.o[0m
[3.764s] [ 40%] [32mBuilding CXX object CMakeFiles/radar_interfaces__rosidl_typesupport_introspection_cpp.dir/rosidl_typesupport_introspection_cpp/radar_interfaces/msg/detail/radar_message__type_support.cpp.o[0m
[3.795s] [ 43%] [32mBuilding CXX object CMakeFiles/radar_interfaces__rosidl_typesupport_fastrtps_cpp.dir/rosidl_typesupport_fastrtps_cpp/radar_interfaces/msg/detail/dds_fastrtps/radar_message__type_support.cpp.o[0m
[3.937s] [ 46%] [32mBuilding CXX object CMakeFiles/radar_interfaces__rosidl_typesupport_c.dir/rosidl_typesupport_c/radar_interfaces/msg/radar_message__type_support.cpp.o[0m
[3.938s] [ 50%] [32mBuilding C object CMakeFiles/radar_interfaces__rosidl_typesupport_introspection_c.dir/rosidl_typesupport_introspection_c/radar_interfaces/msg/detail/radar_message__type_support.c.o[0m
[3.977s] [ 53%] [32mBuilding CXX object CMakeFiles/radar_interfaces__rosidl_typesupport_fastrtps_c.dir/rosidl_typesupport_fastrtps_c/radar_interfaces/msg/detail/radar_message__type_support_c.cpp.o[0m
[3.995s] [ 59%] [32m[1mLinking C shared library libradar_interfaces__rosidl_typesupport_introspection_c.so[0m
[3.996s] [ 59%] [32m[1mLinking CXX shared library libradar_interfaces__rosidl_typesupport_c.so[0m
[4.046s] [ 59%] Built target radar_interfaces__rosidl_typesupport_introspection_c
[4.072s] [ 59%] Built target radar_interfaces__rosidl_typesupport_c
[4.255s] [ 62%] [32m[1mLinking CXX shared library libradar_interfaces__rosidl_typesupport_cpp.so[0m
[4.318s] [ 62%] Built target radar_interfaces__rosidl_typesupport_cpp
[4.458s] [ 65%] [32m[1mLinking CXX shared library libradar_interfaces__rosidl_typesupport_introspection_cpp.so[0m
[4.479s] [ 68%] [32m[1mLinking CXX shared library libradar_interfaces__rosidl_typesupport_fastrtps_cpp.so[0m
[4.528s] [ 68%] Built target radar_interfaces__rosidl_typesupport_introspection_cpp
[4.564s] [ 71%] [32m[1mLinking CXX shared library libradar_interfaces__rosidl_typesupport_fastrtps_c.so[0m
[4.608s] [ 71%] Built target radar_interfaces__rosidl_typesupport_fastrtps_cpp
[4.693s] [ 71%] Built target radar_interfaces__rosidl_typesupport_fastrtps_c
[4.729s] [ 71%] Built target radar_interfaces
[4.766s] [ 75%] [34m[1mGenerating Python code for ROS interfaces[0m
[5.243s] [ 75%] Built target radar_interfaces__py
[5.281s] [ 78%] [32mBuilding C object CMakeFiles/radar_interfaces__rosidl_generator_py.dir/rosidl_generator_py/radar_interfaces/msg/_radar_message_s.c.o[0m
[5.469s] [ 81%] [32m[1mLinking C shared library rosidl_generator_py/radar_interfaces/libradar_interfaces__rosidl_generator_py.so[0m
[5.532s] [ 81%] Built target radar_interfaces__rosidl_generator_py
[5.564s] [ 90%] [32mBuilding C object CMakeFiles/radar_interfaces__rosidl_typesupport_fastrtps_c__pyext.dir/rosidl_generator_py/radar_interfaces/_radar_interfaces_s.ep.rosidl_typesupport_fastrtps_c.c.o[0m
[5.564s] [ 90%] [32mBuilding C object CMakeFiles/radar_interfaces__rosidl_typesupport_c__pyext.dir/rosidl_generator_py/radar_interfaces/_radar_interfaces_s.ep.rosidl_typesupport_c.c.o[0m
[5.564s] [ 90%] [32mBuilding C object CMakeFiles/radar_interfaces__rosidl_typesupport_introspection_c__pyext.dir/rosidl_generator_py/radar_interfaces/_radar_interfaces_s.ep.rosidl_typesupport_introspection_c.c.o[0m
[5.706s] [ 93%] [32m[1mLinking C shared library rosidl_generator_py/radar_interfaces/radar_interfaces_s__rosidl_typesupport_c.cpython-310-aarch64-linux-gnu.so[0m
[5.709s] [ 96%] [32m[1mLinking C shared library rosidl_generator_py/radar_interfaces/radar_interfaces_s__rosidl_typesupport_fastrtps_c.cpython-310-aarch64-linux-gnu.so[0m
[5.726s] [100%] [32m[1mLinking C shared library rosidl_generator_py/radar_interfaces/radar_interfaces_s__rosidl_typesupport_introspection_c.cpython-310-aarch64-linux-gnu.so[0m
[5.765s] [100%] Built target radar_interfaces__rosidl_typesupport_fastrtps_c__pyext
[5.768s] [100%] Built target radar_interfaces__rosidl_typesupport_c__pyext
[5.779s] [100%] Built target radar_interfaces__rosidl_typesupport_introspection_c__pyext
[5.801s] Invoked command in '/home/a-baja/abajaws/build/radar_interfaces' returned '0': CMAKE_PREFIX_PATH=/opt/ros/humble /usr/bin/cmake --build /home/a-baja/abajaws/build/radar_interfaces -- -j6 -l6
[5.820s] Invoking command in '/home/a-baja/abajaws/build/radar_interfaces': CMAKE_PREFIX_PATH=/opt/ros/humble /usr/bin/cmake --install /home/a-baja/abajaws/build/radar_interfaces
[5.835s] -- Install configuration: ""
[5.836s] -- Execute custom install script
[5.837s] -- Symlinking: /home/a-baja/abajaws/install/radar_interfaces/share/ament_index/resource_index/rosidl_interfaces/radar_interfaces
[5.853s] -- Symlinking: /home/a-baja/abajaws/install/radar_interfaces/include/radar_interfaces/radar_interfaces/msg/detail/radar_message__functions.h
[5.868s] -- Symlinking: /home/a-baja/abajaws/install/radar_interfaces/include/radar_interfaces/radar_interfaces/msg/detail/radar_message__struct.h
[5.882s] -- Symlinking: /home/a-baja/abajaws/install/radar_interfaces/include/radar_interfaces/radar_interfaces/msg/detail/radar_message__type_support.h
[5.897s] -- Symlinking: /home/a-baja/abajaws/install/radar_interfaces/include/radar_interfaces/radar_interfaces/msg/radar_message.h
[5.913s] -- Symlinking: /home/a-baja/abajaws/install/radar_interfaces/include/radar_interfaces/radar_interfaces/msg/rosidl_generator_c__visibility_control.h
[5.929s] -- Symlinking: /home/a-baja/abajaws/install/radar_interfaces/share/radar_interfaces/environment/library_path.sh
[5.945s] -- Symlinking: /home/a-baja/abajaws/install/radar_interfaces/share/radar_interfaces/environment/library_path.dsv
[5.961s] -- Symlinking: /home/a-baja/abajaws/install/radar_interfaces/include/radar_interfaces/radar_interfaces/msg/detail/radar_message__rosidl_typesupport_fastrtps_c.h
[5.976s] -- Symlinking: /home/a-baja/abajaws/install/radar_interfaces/include/radar_interfaces/radar_interfaces/msg/rosidl_typesupport_fastrtps_c__visibility_control.h
[5.991s] -- Symlinking: /home/a-baja/abajaws/install/radar_interfaces/include/radar_interfaces/radar_interfaces/msg/detail/radar_message__rosidl_typesupport_introspection_c.h
[6.007s] -- Symlinking: /home/a-baja/abajaws/install/radar_interfaces/include/radar_interfaces/radar_interfaces/msg/rosidl_typesupport_introspection_c__visibility_control.h
[6.023s] -- Symlinking: /home/a-baja/abajaws/install/radar_interfaces/include/radar_interfaces/radar_interfaces/msg/detail/radar_message__builder.hpp
[6.039s] -- Symlinking: /home/a-baja/abajaws/install/radar_interfaces/include/radar_interfaces/radar_interfaces/msg/detail/radar_message__struct.hpp
[6.053s] -- Symlinking: /home/a-baja/abajaws/install/radar_interfaces/include/radar_interfaces/radar_interfaces/msg/detail/radar_message__traits.hpp
[6.068s] -- Symlinking: /home/a-baja/abajaws/install/radar_interfaces/include/radar_interfaces/radar_interfaces/msg/detail/radar_message__type_support.hpp
[6.084s] -- Symlinking: /home/a-baja/abajaws/install/radar_interfaces/include/radar_interfaces/radar_interfaces/msg/radar_message.hpp
[6.099s] -- Symlinking: /home/a-baja/abajaws/install/radar_interfaces/include/radar_interfaces/radar_interfaces/msg/rosidl_generator_cpp__visibility_control.hpp
[6.115s] -- Symlinking: /home/a-baja/abajaws/install/radar_interfaces/include/radar_interfaces/radar_interfaces/msg/detail/radar_message__rosidl_typesupport_fastrtps_cpp.hpp
[6.131s] -- Symlinking: /home/a-baja/abajaws/install/radar_interfaces/include/radar_interfaces/radar_interfaces/msg/rosidl_typesupport_fastrtps_cpp__visibility_control.h
[6.147s] -- Symlinking: /home/a-baja/abajaws/install/radar_interfaces/include/radar_interfaces/radar_interfaces/msg/detail/radar_message__rosidl_typesupport_introspection_cpp.hpp
[6.162s] -- Symlinking: /home/a-baja/abajaws/install/radar_interfaces/share/radar_interfaces/environment/pythonpath.sh
[6.177s] -- Symlinking: /home/a-baja/abajaws/install/radar_interfaces/share/radar_interfaces/environment/pythonpath.dsv
[6.194s] -- Symlinking: /home/a-baja/abajaws/install/radar_interfaces/local/lib/python3.10/dist-packages/radar_interfaces-0.0.0-py3.10.egg-info/PKG-INFO
[6.209s] -- Symlinking: /home/a-baja/abajaws/install/radar_interfaces/local/lib/python3.10/dist-packages/radar_interfaces-0.0.0-py3.10.egg-info/SOURCES.txt
[6.227s] -- Symlinking: /home/a-baja/abajaws/install/radar_interfaces/local/lib/python3.10/dist-packages/radar_interfaces-0.0.0-py3.10.egg-info/dependency_links.txt
[6.243s] -- Symlinking: /home/a-baja/abajaws/install/radar_interfaces/local/lib/python3.10/dist-packages/radar_interfaces-0.0.0-py3.10.egg-info/top_level.txt
[6.259s] -- Symlinking: /home/a-baja/abajaws/install/radar_interfaces/local/lib/python3.10/dist-packages/radar_interfaces/__init__.py
[6.274s] -- Symlinking: /home/a-baja/abajaws/install/radar_interfaces/local/lib/python3.10/dist-packages/radar_interfaces/_radar_interfaces_s.ep.rosidl_typesupport_c.c
[6.289s] -- Symlinking: /home/a-baja/abajaws/install/radar_interfaces/local/lib/python3.10/dist-packages/radar_interfaces/_radar_interfaces_s.ep.rosidl_typesupport_fastrtps_c.c
[6.304s] -- Symlinking: /home/a-baja/abajaws/install/radar_interfaces/local/lib/python3.10/dist-packages/radar_interfaces/_radar_interfaces_s.ep.rosidl_typesupport_introspection_c.c
[6.319s] -- Symlinking: /home/a-baja/abajaws/install/radar_interfaces/local/lib/python3.10/dist-packages/radar_interfaces/libradar_interfaces__rosidl_generator_py.so
[6.334s] -- Symlinking: /home/a-baja/abajaws/install/radar_interfaces/local/lib/python3.10/dist-packages/radar_interfaces/msg/__init__.py
[6.350s] -- Symlinking: /home/a-baja/abajaws/install/radar_interfaces/local/lib/python3.10/dist-packages/radar_interfaces/msg/_radar_message.py
[6.365s] -- Symlinking: /home/a-baja/abajaws/install/radar_interfaces/local/lib/python3.10/dist-packages/radar_interfaces/msg/_radar_message_s.c
[6.380s] -- Symlinking: /home/a-baja/abajaws/install/radar_interfaces/local/lib/python3.10/dist-packages/radar_interfaces/radar_interfaces_s__rosidl_typesupport_c.cpython-310-aarch64-linux-gnu.so
[6.396s] -- Symlinking: /home/a-baja/abajaws/install/radar_interfaces/local/lib/python3.10/dist-packages/radar_interfaces/radar_interfaces_s__rosidl_typesupport_fastrtps_c.cpython-310-aarch64-linux-gnu.so
[6.411s] -- Symlinking: /home/a-baja/abajaws/install/radar_interfaces/local/lib/python3.10/dist-packages/radar_interfaces/radar_interfaces_s__rosidl_typesupport_introspection_c.cpython-310-aarch64-linux-gnu.so
[6.426s] -- Up-to-date symlink: /home/a-baja/abajaws/install/radar_interfaces/local/lib/python3.10/dist-packages/radar_interfaces/radar_interfaces_s__rosidl_typesupport_fastrtps_c.cpython-310-aarch64-linux-gnu.so
[6.426s] -- Up-to-date symlink: /home/a-baja/abajaws/install/radar_interfaces/local/lib/python3.10/dist-packages/radar_interfaces/radar_interfaces_s__rosidl_typesupport_introspection_c.cpython-310-aarch64-linux-gnu.so
[6.426s] -- Up-to-date symlink: /home/a-baja/abajaws/install/radar_interfaces/local/lib/python3.10/dist-packages/radar_interfaces/radar_interfaces_s__rosidl_typesupport_c.cpython-310-aarch64-linux-gnu.so
[6.427s] -- Symlinking: /home/a-baja/abajaws/install/radar_interfaces/share/ament_index/resource_index/rust_packages/radar_interfaces
[6.443s] -- Symlinking: /home/a-baja/abajaws/install/radar_interfaces/share/radar_interfaces/rust/Cargo.toml
[6.460s] -- Symlinking: /home/a-baja/abajaws/install/radar_interfaces/share/radar_interfaces/rust/build.rs
[6.475s] -- Symlinking: /home/a-baja/abajaws/install/radar_interfaces/share/radar_interfaces/rust/src/lib.rs
[6.491s] -- Symlinking: /home/a-baja/abajaws/install/radar_interfaces/share/radar_interfaces/rust/src/msg.rs
[6.509s] -- Symlinking: /home/a-baja/abajaws/install/radar_interfaces/share/radar_interfaces/rust/src/msg/rmw.rs
[6.527s] -- Symlinking: /home/a-baja/abajaws/install/radar_interfaces/share/radar_interfaces/msg/RadarMessage.idl
[6.543s] -- Symlinking: /home/a-baja/abajaws/install/radar_interfaces/share/radar_interfaces/msg/RadarMessage.msg
[6.558s] -- Symlinking: /home/a-baja/abajaws/install/radar_interfaces/share/ament_index/resource_index/package_run_dependencies/radar_interfaces
[6.574s] -- Symlinking: /home/a-baja/abajaws/install/radar_interfaces/share/ament_index/resource_index/parent_prefix_path/radar_interfaces
[6.590s] -- Symlinking: /home/a-baja/abajaws/install/radar_interfaces/share/radar_interfaces/environment/ament_prefix_path.sh
[6.605s] -- Symlinking: /home/a-baja/abajaws/install/radar_interfaces/share/radar_interfaces/environment/ament_prefix_path.dsv
[6.621s] -- Symlinking: /home/a-baja/abajaws/install/radar_interfaces/share/radar_interfaces/environment/path.sh
[6.636s] -- Symlinking: /home/a-baja/abajaws/install/radar_interfaces/share/radar_interfaces/environment/path.dsv
[6.651s] -- Symlinking: /home/a-baja/abajaws/install/radar_interfaces/share/radar_interfaces/local_setup.bash
[6.667s] -- Symlinking: /home/a-baja/abajaws/install/radar_interfaces/share/radar_interfaces/local_setup.sh
[6.682s] -- Symlinking: /home/a-baja/abajaws/install/radar_interfaces/share/radar_interfaces/local_setup.zsh
[6.698s] -- Symlinking: /home/a-baja/abajaws/install/radar_interfaces/share/radar_interfaces/local_setup.dsv
[6.712s] -- Symlinking: /home/a-baja/abajaws/install/radar_interfaces/share/radar_interfaces/package.dsv
[6.728s] -- Symlinking: /home/a-baja/abajaws/install/radar_interfaces/share/ament_index/resource_index/packages/radar_interfaces
[6.743s] -- Symlinking: /home/a-baja/abajaws/install/radar_interfaces/share/radar_interfaces/cmake/rosidl_cmake-extras.cmake
[6.758s] -- Symlinking: /home/a-baja/abajaws/install/radar_interfaces/share/radar_interfaces/cmake/ament_cmake_export_include_directories-extras.cmake
[6.773s] -- Symlinking: /home/a-baja/abajaws/install/radar_interfaces/share/radar_interfaces/cmake/ament_cmake_export_libraries-extras.cmake
[6.788s] -- Symlinking: /home/a-baja/abajaws/install/radar_interfaces/share/radar_interfaces/cmake/ament_cmake_export_targets-extras.cmake
[6.803s] -- Symlinking: /home/a-baja/abajaws/install/radar_interfaces/share/radar_interfaces/cmake/rosidl_cmake_export_typesupport_targets-extras.cmake
[6.818s] -- Symlinking: /home/a-baja/abajaws/install/radar_interfaces/share/radar_interfaces/cmake/ament_cmake_export_dependencies-extras.cmake
[6.834s] -- Symlinking: /home/a-baja/abajaws/install/radar_interfaces/share/radar_interfaces/cmake/rosidl_cmake_export_typesupport_libraries-extras.cmake
[6.851s] -- Symlinking: /home/a-baja/abajaws/install/radar_interfaces/share/radar_interfaces/cmake/radar_interfacesConfig.cmake
[6.865s] -- Symlinking: /home/a-baja/abajaws/install/radar_interfaces/share/radar_interfaces/cmake/radar_interfacesConfig-version.cmake
[6.881s] -- Symlinking: /home/a-baja/abajaws/install/radar_interfaces/share/radar_interfaces/package.xml
[6.897s] -- Installing: /home/a-baja/abajaws/install/radar_interfaces/lib/libradar_interfaces__rosidl_generator_c.so
[6.897s] -- Set runtime path of "/home/a-baja/abajaws/install/radar_interfaces/lib/libradar_interfaces__rosidl_generator_c.so" to ""
[6.897s] -- Installing: /home/a-baja/abajaws/install/radar_interfaces/lib/libradar_interfaces__rosidl_typesupport_fastrtps_c.so
[6.898s] -- Set runtime path of "/home/a-baja/abajaws/install/radar_interfaces/lib/libradar_interfaces__rosidl_typesupport_fastrtps_c.so" to ""
[6.898s] -- Installing: /home/a-baja/abajaws/install/radar_interfaces/lib/libradar_interfaces__rosidl_typesupport_introspection_c.so
[6.898s] -- Set runtime path of "/home/a-baja/abajaws/install/radar_interfaces/lib/libradar_interfaces__rosidl_typesupport_introspection_c.so" to ""
[6.899s] -- Installing: /home/a-baja/abajaws/install/radar_interfaces/lib/libradar_interfaces__rosidl_typesupport_c.so
[6.899s] -- Set runtime path of "/home/a-baja/abajaws/install/radar_interfaces/lib/libradar_interfaces__rosidl_typesupport_c.so" to ""
[6.899s] -- Installing: /home/a-baja/abajaws/install/radar_interfaces/lib/libradar_interfaces__rosidl_typesupport_fastrtps_cpp.so
[6.900s] -- Set runtime path of "/home/a-baja/abajaws/install/radar_interfaces/lib/libradar_interfaces__rosidl_typesupport_fastrtps_cpp.so" to ""
[6.900s] -- Installing: /home/a-baja/abajaws/install/radar_interfaces/lib/libradar_interfaces__rosidl_typesupport_introspection_cpp.so
[6.901s] -- Set runtime path of "/home/a-baja/abajaws/install/radar_interfaces/lib/libradar_interfaces__rosidl_typesupport_introspection_cpp.so" to ""
[6.901s] -- Installing: /home/a-baja/abajaws/install/radar_interfaces/lib/libradar_interfaces__rosidl_typesupport_cpp.so
[6.902s] -- Set runtime path of "/home/a-baja/abajaws/install/radar_interfaces/lib/libradar_interfaces__rosidl_typesupport_cpp.so" to ""
[6.962s] Listing '/home/a-baja/abajaws/install/radar_interfaces/local/lib/python3.10/dist-packages/radar_interfaces'...
[6.963s] Compiling '/home/a-baja/abajaws/install/radar_interfaces/local/lib/python3.10/dist-packages/radar_interfaces/__init__.py'...
[6.963s] Listing '/home/a-baja/abajaws/install/radar_interfaces/local/lib/python3.10/dist-packages/radar_interfaces/msg'...
[6.963s] Compiling '/home/a-baja/abajaws/install/radar_interfaces/local/lib/python3.10/dist-packages/radar_interfaces/msg/__init__.py'...
[6.963s] Compiling '/home/a-baja/abajaws/install/radar_interfaces/local/lib/python3.10/dist-packages/radar_interfaces/msg/_radar_message.py'...
[6.973s] -- Installing: /home/a-baja/abajaws/install/radar_interfaces/lib/libradar_interfaces__rosidl_generator_py.so
[6.973s] -- Set runtime path of "/home/a-baja/abajaws/install/radar_interfaces/lib/libradar_interfaces__rosidl_generator_py.so" to ""
[6.974s] -- Installing: /home/a-baja/abajaws/install/radar_interfaces/share/radar_interfaces/cmake/export_radar_interfaces__rosidl_generator_cExport.cmake
[6.974s] -- Installing: /home/a-baja/abajaws/install/radar_interfaces/share/radar_interfaces/cmake/export_radar_interfaces__rosidl_generator_cExport-noconfig.cmake
[6.975s] -- Installing: /home/a-baja/abajaws/install/radar_interfaces/share/radar_interfaces/cmake/export_radar_interfaces__rosidl_typesupport_fastrtps_cExport.cmake
[6.975s] -- Installing: /home/a-baja/abajaws/install/radar_interfaces/share/radar_interfaces/cmake/export_radar_interfaces__rosidl_typesupport_fastrtps_cExport-noconfig.cmake
[6.976s] -- Installing: /home/a-baja/abajaws/install/radar_interfaces/share/radar_interfaces/cmake/radar_interfaces__rosidl_typesupport_introspection_cExport.cmake
[6.976s] -- Installing: /home/a-baja/abajaws/install/radar_interfaces/share/radar_interfaces/cmake/radar_interfaces__rosidl_typesupport_introspection_cExport-noconfig.cmake
[6.977s] -- Installing: /home/a-baja/abajaws/install/radar_interfaces/share/radar_interfaces/cmake/radar_interfaces__rosidl_typesupport_cExport.cmake
[6.977s] -- Installing: /home/a-baja/abajaws/install/radar_interfaces/share/radar_interfaces/cmake/radar_interfaces__rosidl_typesupport_cExport-noconfig.cmake
[6.978s] -- Installing: /home/a-baja/abajaws/install/radar_interfaces/share/radar_interfaces/cmake/export_radar_interfaces__rosidl_generator_cppExport.cmake
[6.978s] -- Installing: /home/a-baja/abajaws/install/radar_interfaces/share/radar_interfaces/cmake/export_radar_interfaces__rosidl_typesupport_fastrtps_cppExport.cmake
[6.979s] -- Installing: /home/a-baja/abajaws/install/radar_interfaces/share/radar_interfaces/cmake/export_radar_interfaces__rosidl_typesupport_fastrtps_cppExport-noconfig.cmake
[6.979s] -- Installing: /home/a-baja/abajaws/install/radar_interfaces/share/radar_interfaces/cmake/radar_interfaces__rosidl_typesupport_introspection_cppExport.cmake
[6.980s] -- Installing: /home/a-baja/abajaws/install/radar_interfaces/share/radar_interfaces/cmake/radar_interfaces__rosidl_typesupport_introspection_cppExport-noconfig.cmake
[6.981s] -- Installing: /home/a-baja/abajaws/install/radar_interfaces/share/radar_interfaces/cmake/radar_interfaces__rosidl_typesupport_cppExport.cmake
[6.981s] -- Installing: /home/a-baja/abajaws/install/radar_interfaces/share/radar_interfaces/cmake/radar_interfaces__rosidl_typesupport_cppExport-noconfig.cmake
[6.982s] -- Installing: /home/a-baja/abajaws/install/radar_interfaces/share/radar_interfaces/cmake/export_radar_interfaces__rosidl_generator_pyExport.cmake
[6.982s] -- Installing: /home/a-baja/abajaws/install/radar_interfaces/share/radar_interfaces/cmake/export_radar_interfaces__rosidl_generator_pyExport-noconfig.cmake
[6.989s] Invoked command in '/home/a-baja/abajaws/build/radar_interfaces' returned '0': CMAKE_PREFIX_PATH=/opt/ros/humble /usr/bin/cmake --install /home/a-baja/abajaws/build/radar_interfaces
